  HOSTCC  scripts/basic/fixdep
  CHK     include/config/kernel.release
  CHK     include/generated/uapi/linux/version.h
  DESCEND  objtool
  HOSTCC   /home/student/ws_student/kernel/linux-4.10.5/tools/objtool/fixdep.o
  HOSTLD   /home/student/ws_student/kernel/linux-4.10.5/tools/objtool/fixdep-in.o
  HOSTCC  scripts/basic/bin2c
  LINK     /home/student/ws_student/kernel/linux-4.10.5/tools/objtool/fixdep
  CC       /home/student/ws_student/kernel/linux-4.10.5/tools/objtool/arch/x86/decode.o
  CC       /home/student/ws_student/kernel/linux-4.10.5/tools/objtool/exec-cmd.o
  CC       /home/student/ws_student/kernel/linux-4.10.5/tools/objtool/builtin-check.o
  CC       /home/student/ws_student/kernel/linux-4.10.5/tools/objtool/help.o
  CC       /home/student/ws_student/kernel/linux-4.10.5/tools/objtool/pager.o
  CC       /home/student/ws_student/kernel/linux-4.10.5/tools/objtool/elf.o
  CC       /home/student/ws_student/kernel/linux-4.10.5/tools/objtool/special.o
  CC       /home/student/ws_student/kernel/linux-4.10.5/tools/objtool/objtool.o
  LD       /home/student/ws_student/kernel/linux-4.10.5/tools/objtool/arch/x86/objtool-in.o
  CC       /home/student/ws_student/kernel/linux-4.10.5/tools/objtool/libstring.o
  CC       /home/student/ws_student/kernel/linux-4.10.5/tools/objtool/str_error_r.o
  CC       /home/student/ws_student/kernel/linux-4.10.5/tools/objtool/parse-options.o
  CC       /home/student/ws_student/kernel/linux-4.10.5/tools/objtool/run-command.o
  CC       /home/student/ws_student/kernel/linux-4.10.5/tools/objtool/sigchain.o
  CC       /home/student/ws_student/kernel/linux-4.10.5/tools/objtool/subcmd-config.o
  LD       /home/student/ws_student/kernel/linux-4.10.5/tools/objtool/objtool-in.o
  LD       /home/student/ws_student/kernel/linux-4.10.5/tools/objtool/libsubcmd-in.o
  AR       /home/student/ws_student/kernel/linux-4.10.5/tools/objtool/libsubcmd.a
  LINK     /home/student/ws_student/kernel/linux-4.10.5/tools/objtool/objtool
  HOSTCC  arch/x86/tools/relocs_32.o
  HOSTCC  arch/x86/tools/relocs_64.o
  CHK     include/generated/utsrelease.h
  HOSTCC  arch/x86/tools/relocs_common.o
  HOSTLD  arch/x86/tools/relocs
  HOSTCC  scripts/genksyms/genksyms.o
  HOSTCC  scripts/genksyms/parse.tab.o
  CC      scripts/mod/empty.o
  HOSTCC  scripts/genksyms/lex.lex.o
  HOSTCC  scripts/mod/mk_elfconfig
  CC      scripts/mod/devicetable-offsets.s
  HOSTCC  scripts/kallsyms
  MKELF   scripts/mod/elfconfig.h
  GEN     scripts/mod/devicetable-offsets.h
  HOSTCC  scripts/mod/sumversion.o
  HOSTCC  scripts/conmakehash
  CC      kernel/bounds.s
  HOSTCC  scripts/mod/modpost.o
  HOSTCC  scripts/recordmcount
  HOSTCC  scripts/sortextable
  CHK     include/generated/timeconst.h
  CHK     include/generated/bounds.h
  CC      arch/x86/kernel/asm-offsets.s
  HOSTLD  scripts/genksyms/genksyms
  HOSTCC  scripts/extract-cert
  HOSTCC  scripts/asn1_compiler
  HOSTCC  scripts/mod/file2alias.o
  HOSTLD  scripts/mod/modpost
  CHK     include/generated/asm-offsets.h
  CALL    scripts/checksyscalls.sh
  CC      init/main.o
  CHK     include/generated/compile.h
  CC      init/do_mounts_initrd.o
  CC      init/initramfs.o
  CC      init/calibrate.o
  CC      init/init_task.o
  CC      init/do_mounts.o
  HOSTCC  usr/gen_init_cpio
  GEN     usr/initramfs_data.cpio.gz
  CC      init/version.o
  AS      usr/initramfs_data.o
  LD      usr/built-in.o
  LD      arch/x86/crypto/built-in.o
  CC [M]  arch/x86/crypto/glue_helper.o
  CC      kernel/fork.o
  CC      kernel/exec_domain.o
  CC      kernel/panic.o
  CC      kernel/cpu.o
  CC      kernel/exit.o
  AS [M]  arch/x86/crypto/aes-x86_64-asm_64.o
  CC      kernel/softirq.o
  CC [M]  arch/x86/crypto/aes_glue.o
  CC      kernel/resource.o
  AS [M]  arch/x86/crypto/des3_ede-asm_64.o
  CC [M]  arch/x86/crypto/des3_ede_glue.o
  LD      init/mounts.o
  LD      init/built-in.o
  AS [M]  arch/x86/crypto/camellia-x86_64-asm_64.o
  CC [M]  arch/x86/crypto/camellia_glue.o
  AS      arch/x86/entry/entry_64.o
  AS      arch/x86/entry/thunk_64.o
  AS [M]  arch/x86/crypto/blowfish-x86_64-asm_64.o
  CC      kernel/sysctl.o
  CC [M]  arch/x86/crypto/blowfish_glue.o
  CC      arch/x86/entry/syscall_64.o
  AS [M]  arch/x86/crypto/twofish-x86_64-asm_64.o
  CC      arch/x86/events/core.o
  CC      certs/system_keyring.o
  CC      kernel/sysctl_binary.o
  CC      arch/x86/entry/common.o
  EXTRACT_CERTS   
  AS      certs/system_certificates.o
  CC [M]  arch/x86/crypto/twofish_glue.o
  LD      certs/built-in.o
  AS [M]  arch/x86/crypto/twofish-x86_64-asm_64-3way.o
  CC      kernel/capability.o
  CC      arch/x86/entry/vdso/vma.o
  CC      kernel/ptrace.o
  CC      arch/x86/ia32/sys_ia32.o
  CC      kernel/user.o
  CC [M]  arch/x86/crypto/twofish_glue_3way.o
  CC      arch/x86/entry/vdso/vdso32-setup.o
  CC      kernel/signal.o
  CC      arch/x86/ia32/ia32_signal.o
  AS [M]  arch/x86/crypto/salsa20-x86_64-asm_64.o
  CC [M]  arch/x86/crypto/salsa20_glue.o
  LDS     arch/x86/entry/vdso/vdso.lds
  CC      kernel/sys.o
  AS      arch/x86/entry/vdso/vdso-note.o
  CC      kernel/kmod.o
  CC      arch/x86/entry/vdso/vclock_gettime.o
  CC      arch/x86/events/amd/core.o
  CC      arch/x86/entry/vdso/vgetcpu.o
  AS [M]  arch/x86/crypto/chacha20-ssse3-x86_64.o
  LD      arch/x86/ia32/built-in.o
  CC [M]  arch/x86/crypto/chacha20_glue.o
  HOSTCC  arch/x86/entry/vdso/vdso2c
  AS [M]  arch/x86/crypto/chacha20-avx2-x86_64.o
  AS [M]  arch/x86/crypto/serpent-sse2-x86_64-asm_64.o
  CC      arch/x86/kernel/process_64.o
  CC      arch/x86/events/amd/uncore.o
  LDS     arch/x86/entry/vdso/vdso32/vdso32.lds
  CC      arch/x86/entry/vdso/vdso32/vclock_gettime.o
  CC      arch/x86/kernel/signal.o
  CC [M]  arch/x86/crypto/serpent_sse2_glue.o
  AS      arch/x86/entry/vdso/vdso32/note.o
  AS      arch/x86/entry/vdso/vdso32/system_call.o
  CC      arch/x86/events/amd/ibs.o
  AS      arch/x86/entry/vdso/vdso32/sigreturn.o
  CC      kernel/workqueue.o
  AS [M]  arch/x86/crypto/aesni-intel_asm.o
  CC      arch/x86/kernel/signal_compat.o
  CC      arch/x86/kernel/traps.o
  VDSO    arch/x86/entry/vdso/vdso64.so.dbg
  CC [M]  arch/x86/crypto/aesni-intel_glue.o
  LD      arch/x86/kvm/built-in.o
  CC [M]  arch/x86/kvm/../../../virt/kvm/kvm_main.o
  CC      kernel/pid.o
  VDSO    arch/x86/entry/vdso/vdso32.so.dbg
  OBJCOPY arch/x86/entry/vdso/vdso64.so
  OBJCOPY arch/x86/entry/vdso/vdso32.so
  VDSO2C  arch/x86/entry/vdso/vdso-image-64.c
  VDSO2C  arch/x86/entry/vdso/vdso-image-32.c
  CC      arch/x86/entry/vdso/vdso-image-64.o
  CC      arch/x86/entry/vdso/vdso-image-32.o
  CC      arch/x86/events/msr.o
  LD      arch/x86/entry/vdso/built-in.o
  CC      arch/x86/entry/vsyscall/vsyscall_gtod.o
  CC      arch/x86/kernel/irq.o
  CC [M]  arch/x86/crypto/fpu.o
  CC      arch/x86/kernel/irq_64.o
  CC      arch/x86/entry/vsyscall/vsyscall_64.o
  CC      arch/x86/events/amd/iommu.o
  AS [M]  arch/x86/crypto/aesni-intel_avx-x86_64.o
  AS [M]  arch/x86/crypto/aes_ctrby8_avx-x86_64.o
  CC      mm/filemap.o
  AS      arch/x86/entry/vsyscall/vsyscall_emu_64.o
  LD      arch/x86/entry/vsyscall/built-in.o
  AS      arch/x86/entry/entry_64_compat.o
  CC      arch/x86/events/intel/core.o
  CC      arch/x86/entry/syscall_32.o
  LD      arch/x86/entry/built-in.o
  AS [M]  arch/x86/crypto/ghash-clmulni-intel_asm.o
  CC      kernel/task_work.o
  CC      arch/x86/events/intel/bts.o
  CC [M]  arch/x86/crypto/ghash-clmulni-intel_glue.o
  CC [M]  arch/x86/crypto/crc32c-intel_glue.o
  CC      kernel/extable.o
  CC      arch/x86/events/intel/cqm.o
  CC      arch/x86/mm/init.o
  CC [M]  arch/x86/kvm/../../../virt/kvm/coalesced_mmio.o
  CC      kernel/params.o
  CC [M]  arch/x86/kvm/../../../virt/kvm/eventfd.o
  AS [M]  arch/x86/crypto/crc32c-pcl-intel-asm_64.o
  CC      kernel/kthread.o
  AS [M]  arch/x86/crypto/sha1_ssse3_asm.o
  CC [M]  arch/x86/crypto/sha1_ssse3_glue.o
  CC      arch/x86/mm/init_64.o
  AS [M]  arch/x86/crypto/sha1_avx2_x86_64_asm.o
  CC      arch/x86/events/intel/ds.o
  CC      arch/x86/kernel/dumpstack_64.o
  AS [M]  arch/x86/crypto/sha1_ni_asm.o
  CC      arch/x86/kernel/time.o
  CC      kernel/sys_ni.o
  AS [M]  arch/x86/crypto/crc32-pclmul_asm.o
  CC [M]  arch/x86/crypto/crc32-pclmul_glue.o
  CC      kernel/nsproxy.o
  AS [M]  arch/x86/crypto/sha256-ssse3-asm.o
  CC      arch/x86/events/intel/knc.o
  CC [M]  arch/x86/kvm/../../../virt/kvm/irqchip.o
  CC      arch/x86/kernel/ioport.o
  AS [M]  arch/x86/crypto/sha256-avx-asm.o
  AS [M]  arch/x86/crypto/sha256-avx2-asm.o
  CC [M]  arch/x86/crypto/sha256_ssse3_glue.o
  CC      kernel/notifier.o
  CC [M]  arch/x86/kvm/../../../virt/kvm/vfio.o
  CC      kernel/ksysfs.o
  CC      arch/x86/mm/fault.o
  CC      arch/x86/kernel/dumpstack.o
  CC [M]  arch/x86/kvm/../../../virt/kvm/async_pf.o
  CC      arch/x86/events/intel/lbr.o
  CC [M]  arch/x86/kvm/x86.o
  CC      kernel/cred.o
  CC      arch/x86/kernel/nmi.o
  CC      arch/x86/mm/ioremap.o
  AS [M]  arch/x86/crypto/sha256_ni_asm.o
  CC      mm/mempool.o
  AS [M]  arch/x86/crypto/sha512-ssse3-asm.o
  AS [M]  arch/x86/crypto/sha512-avx-asm.o
  CC      arch/x86/events/intel/p4.o
  AS [M]  arch/x86/crypto/sha512-avx2-asm.o
  CC      fs/open.o
  CC [M]  arch/x86/crypto/sha512_ssse3_glue.o
  CC      kernel/reboot.o
  CC      arch/x86/kernel/ldt.o
  CC      arch/x86/mm/extable.o
  AS [M]  arch/x86/crypto/crct10dif-pcl-asm_64.o
  CC      mm/oom_kill.o
  CC [M]  arch/x86/crypto/crct10dif-pclmul_glue.o
  CC      arch/x86/events/intel/p6.o
  CC      arch/x86/kernel/setup.o
  CC      arch/x86/events/intel/pt.o
  CC      kernel/async.o
  AS [M]  arch/x86/crypto/poly1305-sse2-x86_64.o
  CC      arch/x86/mm/pageattr.o
  CC [M]  arch/x86/crypto/poly1305_glue.o
  CC      fs/read_write.o
  CC      kernel/range.o
  CC      mm/maccess.o
  AS [M]  arch/x86/crypto/poly1305-avx2-x86_64.o
  CC      kernel/smpboot.o
  AS [M]  arch/x86/crypto/camellia-aesni-avx-asm_64.o
  CC [M]  arch/x86/crypto/camellia_aesni_avx_glue.o
  CC      arch/x86/kernel/x86_init.o
  CC      arch/x86/events/intel/uncore.o
  CC      mm/page_alloc.o
  CC      kernel/ucount.o
  CC      arch/x86/mm/mmap.o
  AS [M]  arch/x86/crypto/cast5-avx-x86_64-asm_64.o
  CC      arch/x86/kernel/i8259.o
  CC      fs/file_table.o
  CC [M]  arch/x86/crypto/cast5_avx_glue.o
  CC      kernel/groups.o
  CC      arch/x86/mm/pat.o
  CC      arch/x86/events/intel/uncore_nhmex.o
  CC      arch/x86/kernel/irqinit.o
  AS [M]  arch/x86/crypto/cast6-avx-x86_64-asm_64.o
  CC [M]  arch/x86/crypto/cast6_avx_glue.o
  CC      kernel/bpf/core.o
  CC      fs/super.o
  CC      arch/x86/kernel/jump_label.o
  CC      arch/x86/mm/pgtable.o
  CC      arch/x86/events/intel/uncore_snb.o
  AS [M]  arch/x86/crypto/twofish-avx-x86_64-asm_64.o
  CC [M]  arch/x86/crypto/twofish_avx_glue.o
  CC      arch/x86/kernel/irq_work.o
  CC      arch/x86/mm/physaddr.o
  CC      arch/x86/events/intel/uncore_snbep.o
  CC      arch/x86/kernel/probe_roms.o
  CC      fs/char_dev.o
  AS [M]  arch/x86/crypto/serpent-avx-x86_64-asm_64.o
  CC [M]  arch/x86/crypto/serpent_avx_glue.o
  CC      arch/x86/mm/gup.o
  CC      arch/x86/kernel/sys_x86_64.o
  CC      kernel/bpf/syscall.o
  CC      mm/page-writeback.o
  CC      arch/x86/mm/setup_nx.o
  AS [M]  arch/x86/crypto/camellia-aesni-avx2-asm_64.o
  CC      fs/stat.o
  CC [M]  arch/x86/events/intel/rapl.o
  CC [M]  arch/x86/crypto/camellia_aesni_avx2_glue.o
  AS      arch/x86/kernel/mcount_64.o
  CC      arch/x86/mm/tlb.o
  CC      arch/x86/kernel/espfix_64.o
  CC [M]  arch/x86/events/intel/cstate.o
  AS [M]  arch/x86/crypto/serpent-avx2-asm_64.o
  CC      kernel/bpf/verifier.o
  CC [M]  arch/x86/crypto/serpent_avx2_glue.o
  CC      arch/x86/kernel/ksysfs.o
  CC      fs/exec.o
  CC      arch/x86/mm/pat_rbtree.o
  LD      arch/x86/events/intel/intel-uncore.o
  LD [M]  arch/x86/events/intel/intel-rapl-perf.o
  LD [M]  arch/x86/events/intel/intel-cstate.o
  LD      arch/x86/events/intel/built-in.o
  CC [M]  arch/x86/events/amd/power.o
  CC      arch/x86/kernel/bootflag.o
  CC      arch/x86/mm/hugetlbpage.o
  LD      arch/x86/crypto/sha1-mb/built-in.o
  CC [M]  arch/x86/crypto/sha1-mb/sha1_mb.o
  CC      mm/readahead.o
  LD      arch/x86/events/built-in.o
  CC      arch/x86/kernel/e820.o
  CC [M]  arch/x86/kvm/mmu.o
  CC      kernel/events/core.o
  CC      arch/x86/mm/kmmio.o
  AS [M]  arch/x86/crypto/sha1-mb/sha1_mb_mgr_flush_avx2.o
  CC [M]  arch/x86/crypto/sha1-mb/sha1_mb_mgr_init_avx2.o
  AS [M]  arch/x86/crypto/sha1-mb/sha1_mb_mgr_submit_avx2.o
  AS [M]  arch/x86/crypto/sha1-mb/sha1_x8_avx2.o
  CC      mm/swap.o
  LD [M]  arch/x86/crypto/sha1-mb/sha1-mb.o
  CC      arch/x86/mm/pf_in.o
  CC      fs/pipe.o
  LD      arch/x86/crypto/sha256-mb/built-in.o
  CC [M]  arch/x86/crypto/sha256-mb/sha256_mb.o
  CC      arch/x86/kernel/pci-dma.o
  CC      arch/x86/mm/mmio-mod.o
  AS [M]  arch/x86/crypto/sha256-mb/sha256_mb_mgr_flush_avx2.o
  CC [M]  arch/x86/crypto/sha256-mb/sha256_mb_mgr_init_avx2.o
  CC      arch/x86/kernel/quirks.o
  AS [M]  arch/x86/crypto/sha256-mb/sha256_mb_mgr_submit_avx2.o
  AS [M]  arch/x86/crypto/sha256-mb/sha256_x8_avx2.o
  CC      arch/x86/mm/numa.o
  LD [M]  arch/x86/crypto/sha256-mb/sha256-mb.o
  LD      arch/x86/crypto/sha512-mb/built-in.o
  CC [M]  arch/x86/crypto/sha512-mb/sha512_mb.o
  CC      fs/namei.o
  CC      mm/truncate.o
  CC      arch/x86/kernel/topology.o
  CC      arch/x86/kernel/kdebugfs.o
  AS [M]  arch/x86/crypto/sha512-mb/sha512_mb_mgr_flush_avx2.o
  CC [M]  arch/x86/crypto/sha512-mb/sha512_mb_mgr_init_avx2.o
  CC      arch/x86/mm/numa_64.o
  AS [M]  arch/x86/crypto/sha512-mb/sha512_mb_mgr_submit_avx2.o
  AS [M]  arch/x86/crypto/sha512-mb/sha512_x4_avx2.o
  LD [M]  arch/x86/crypto/sha512-mb/sha512-mb.o
  CC      mm/vmscan.o
  LD [M]  arch/x86/crypto/aes-x86_64.o
  LD [M]  arch/x86/crypto/des3_ede-x86_64.o
  LD [M]  arch/x86/crypto/camellia-x86_64.o
  CC      arch/x86/mm/amdtopology.o
  LD [M]  arch/x86/crypto/blowfish-x86_64.o
  LD [M]  arch/x86/crypto/twofish-x86_64.o
  LD [M]  arch/x86/crypto/twofish-x86_64-3way.o
  LD [M]  arch/x86/crypto/salsa20-x86_64.o
  CC      arch/x86/kernel/alternative.o
  LD [M]  arch/x86/crypto/chacha20-x86_64.o
  LD [M]  arch/x86/crypto/serpent-sse2-x86_64.o
  LD [M]  arch/x86/crypto/aesni-intel.o
  LD [M]  arch/x86/crypto/ghash-clmulni-intel.o
  LD [M]  arch/x86/crypto/crc32c-intel.o
  LD [M]  arch/x86/crypto/sha1-ssse3.o
  LD [M]  arch/x86/crypto/crc32-pclmul.o
  LD [M]  arch/x86/crypto/sha256-ssse3.o
  LD [M]  arch/x86/crypto/sha512-ssse3.o
  LD [M]  arch/x86/crypto/crct10dif-pclmul.o
  LD [M]  arch/x86/crypto/poly1305-x86_64.o
  LD [M]  arch/x86/crypto/camellia-aesni-avx-x86_64.o
  LD [M]  arch/x86/crypto/cast5-avx-x86_64.o
  LD [M]  arch/x86/crypto/cast6-avx-x86_64.o
  LD [M]  arch/x86/crypto/twofish-avx-x86_64.o
  LD [M]  arch/x86/crypto/serpent-avx-x86_64.o
  LD [M]  arch/x86/crypto/camellia-aesni-avx2.o
  LD [M]  arch/x86/crypto/serpent-avx2.o
  CC      arch/x86/mm/srat.o
  CC      kernel/bpf/inode.o
  CC [M]  arch/x86/kvm/emulate.o
  CC      kernel/bpf/helpers.o
  CC      arch/x86/mm/mpx.o
  CC      arch/x86/kernel/i8253.o
  CC      arch/x86/mm/pkeys.o
  CC      arch/x86/kernel/pci-nommu.o
  CC      kernel/bpf/hashtab.o
  CC      fs/fcntl.o
  CC      arch/x86/kernel/hw_breakpoint.o
  CC      mm/shmem.o
  LD      arch/x86/mm/mmiotrace.o
  LD      arch/x86/mm/built-in.o
  AS      arch/x86/net/bpf_jit.o
  CC      arch/x86/net/bpf_jit_comp.o
  CC      arch/x86/kernel/tsc.o
  CC      fs/ioctl.o
  CC      kernel/bpf/arraymap.o
  CC [M]  arch/x86/kvm/i8259.o
  CC      kernel/events/ring_buffer.o
  CC      kernel/events/callchain.o
  LD      arch/x86/net/built-in.o
  CC      kernel/irq/irqdesc.o
  CC [M]  arch/x86/kvm/irq.o
  CC      kernel/bpf/percpu_freelist.o
  CC      kernel/events/hw_breakpoint.o
  CC      fs/readdir.o
  CC [M]  arch/x86/kvm/lapic.o
  CC      kernel/bpf/bpf_lru_list.o
  CC      kernel/irq/handle.o
  CC      kernel/bpf/stackmap.o
  CC [M]  arch/x86/kvm/i8254.o
  CC      kernel/events/uprobes.o
  CC      fs/select.o
  CC      kernel/irq/manage.o
  LD      kernel/bpf/built-in.o
  CC [M]  arch/x86/kvm/ioapic.o
  CC [M]  arch/x86/kvm/irq_comm.o
  CC      mm/util.o
  CC      kernel/irq/spurious.o
  LD      kernel/events/built-in.o
  CC [M]  arch/x86/kvm/cpuid.o
  CC      fs/dcache.o
  CC [M]  arch/x86/kvm/pmu.o
  CC      kernel/irq/resend.o
  CC      arch/x86/kernel/tsc_msr.o
  CC [M]  arch/x86/kvm/mtrr.o
  CC      arch/x86/kernel/io_delay.o
  CC [M]  arch/x86/kvm/hyperv.o
  CC      kernel/irq/chip.o
  CC      mm/mmzone.o
  CC      arch/x86/kernel/rtc.o
  CC      mm/vmstat.o
  CC      arch/x86/platform/atom/pmc_atom.o
  CC      kernel/irq/dummychip.o
  LD      arch/x86/platform/atom/built-in.o
  LD      arch/x86/platform/ce4100/built-in.o
  CC      arch/x86/kernel/pci-iommu_table.o
  CC      arch/x86/platform/efi/quirks.o
  CC      fs/inode.o
  CC      kernel/irq/devres.o
  CC      arch/x86/kernel/resource.o
  CC      arch/x86/kernel/get_unique_id.o
  CC      mm/backing-dev.o
  CC      kernel/irq/autoprobe.o
  CC      arch/x86/platform/efi/efi.o
  CC      arch/x86/kernel/process.o
  CC      kernel/irq/irqdomain.o
  CC      arch/x86/platform/efi/efi_64.o
  CC      mm/mm_init.o
  CC      fs/attr.o
  CC      arch/x86/kernel/acpi/boot.o
  CC      mm/mmu_context.o
  CC      kernel/irq/proc.o
  AS      arch/x86/platform/efi/efi_stub_64.o
  CC      fs/bad_inode.o
  CC      arch/x86/platform/efi/efi-bgrt.o
  CC      fs/file.o
  CC      kernel/irq/migration.o
  CC      mm/percpu.o
  CC      arch/x86/platform/efi/early_printk.o
  CC      kernel/irq/pm.o
  AS      arch/x86/platform/efi/efi_thunk_64.o
  CC      arch/x86/kernel/acpi/sleep.o
  LD      arch/x86/platform/efi/built-in.o
  LD      arch/x86/platform/geode/built-in.o
  LD      arch/x86/platform/goldfish/built-in.o
  CC      arch/x86/platform/intel/iosf_mbi.o
  CC      fs/filesystems.o
  AS      arch/x86/kernel/acpi/wakeup_64.o
  CC      arch/x86/kernel/acpi/apei.o
  CC      kernel/irq/msi.o
  LD      arch/x86/platform/intel/built-in.o
  LD      arch/x86/platform/intel-mid/built-in.o
  LD      arch/x86/platform/intel-quark/built-in.o
  LD      arch/x86/platform/iris/built-in.o
  CC      mm/slab_common.o
  LD      arch/x86/platform/olpc/built-in.o
  LD      arch/x86/platform/scx200/built-in.o
  CC      arch/x86/platform/sfi/sfi.o
  CC      arch/x86/kernel/acpi/cppc_msr.o
  CC      fs/namespace.o
  LD      arch/x86/platform/sfi/built-in.o
  LD      arch/x86/platform/ts5500/built-in.o
  CC      kernel/irq/affinity.o
  LD      arch/x86/platform/uv/built-in.o
  LD      arch/x86/platform/built-in.o
  CC [M]  arch/x86/kvm/page_track.o
  CC      mm/compaction.o
  CC      arch/x86/kernel/apic/apic.o
  LD      kernel/livepatch/built-in.o
  CC [M]  arch/x86/kvm/debugfs.o
  CC      arch/x86/kernel/acpi/cstate.o
  LD      kernel/irq/built-in.o
  CC      kernel/locking/mutex.o
  CC      fs/seq_file.o
  LD      arch/x86/kernel/acpi/built-in.o
  CC      fs/xattr.o
  CC [M]  arch/x86/kvm/assigned-dev.o
  CC [M]  arch/x86/kvm/iommu.o
  CC      kernel/locking/semaphore.o
  CC [M]  arch/x86/kvm/vmx.o
  CC      arch/x86/kernel/apic/apic_noop.o
  CC [M]  arch/x86/kvm/pmu_intel.o
  CC      kernel/locking/rwsem.o
  CC      kernel/locking/percpu-rwsem.o
  CC      arch/x86/kernel/apic/ipi.o
  CC      mm/vmacache.o
  CC      fs/libfs.o
  CC      mm/interval_tree.o
  CC [M]  arch/x86/kvm/svm.o
  CC      fs/fs-writeback.o
  CC      arch/x86/kernel/apic/vector.o
  CC      kernel/power/qos.o
  CC      kernel/locking/spinlock.o
  CC      kernel/locking/osq_lock.o
  CC      fs/pnode.o
  CC      kernel/locking/qspinlock.o
  CC      arch/x86/kernel/apic/hw_nmi.o
  CC      kernel/power/main.o
  CC [M]  arch/x86/kvm/pmu_amd.o
  CC      arch/x86/kernel/apic/io_apic.o
  CC      arch/x86/kernel/apic/msi.o
  CC      kernel/power/console.o
  CC      kernel/printk/printk.o
  CC      fs/splice.o
  LD [M]  arch/x86/kvm/kvm.o
  LD [M]  arch/x86/kvm/kvm-amd.o
  CC      kernel/locking/rtmutex.o
  CC      fs/sync.o
  CC      arch/x86/kernel/apic/htirq.o
  CC      kernel/power/process.o
  CC      arch/x86/kernel/apic/x2apic_phys.o
  CC      arch/x86/kernel/apic/x2apic_cluster.o
  CC      kernel/locking/rwsem-xadd.o
  CC      fs/utimes.o
  CC      kernel/power/suspend.o
  LD [M]  arch/x86/kvm/kvm-intel.o
  CC      arch/x86/kernel/apic/apic_flat_64.o
  CC      fs/stack.o
  CC      kernel/locking/qrwlock.o
  CC      fs/fs_struct.o
  CC      kernel/rcu/update.o
  LD      kernel/locking/built-in.o
  CC      kernel/printk/nmi.o
  CC      kernel/power/hibernate.o
  CC      arch/x86/kernel/apic/probe_64.o
  CC      mm/list_lru.o
  CC      kernel/printk/braille.o
  CC      kernel/power/snapshot.o
  LD      kernel/printk/built-in.o
  CC      kernel/sched/core.o
  CC      fs/statfs.o
  CC      kernel/rcu/sync.o
  CC      mm/workingset.o
  CC      fs/fs_pin.o
  CC      fs/nsfs.o
  CC      kernel/rcu/srcu.o
  CC      kernel/power/swap.o
  CC      kernel/power/user.o
  CC      mm/debug.o
  CC      fs/buffer.o
  CC      kernel/rcu/tree.o
  CC      fs/block_dev.o
  CC      kernel/power/autosleep.o
  CC      mm/gup.o
  CC      kernel/power/wakelock.o
  CC      kernel/power/poweroff.o
  LD      kernel/power/built-in.o
  CC      fs/direct-io.o
  LD      arch/x86/kernel/apic/built-in.o
  CC      fs/mpage.o
  CC      ipc/compat.o
  CC      kernel/sched/loadavg.o
  LD      kernel/rcu/built-in.o
  CC      kernel/time/time.o
  CC      kernel/time/timer.o
  CC      ipc/util.o
  CC      kernel/sched/clock.o
  CC      mm/highmem.o
  CC      kernel/time/hrtimer.o
  CC      arch/x86/realmode/init.o
  CC      ipc/msgutil.o
  CC      fs/proc_namespace.o
  AS      arch/x86/realmode/rm/header.o
  CC      mm/memory.o
  AS      arch/x86/realmode/rm/trampoline_64.o
  CC      ipc/msg.o
  AS      arch/x86/realmode/rm/stack.o
  AS      arch/x86/realmode/rm/reboot.o
  AS      arch/x86/realmode/rm/wakeup_asm.o
  LD      fs/9p/built-in.o
  CC [M]  fs/9p/vfs_super.o
  CC      arch/x86/realmode/rm/wakemain.o
  CC      arch/x86/realmode/rm/video-mode.o
  LD      fs/affs/built-in.o
  CC [M]  fs/affs/super.o
  CC      kernel/time/timekeeping.o
  CC      ipc/sem.o
  CC [M]  fs/9p/vfs_inode.o
  CC [M]  fs/affs/namei.o
  CC [M]  fs/9p/vfs_inode_dotl.o
  CC [M]  fs/affs/inode.o
  CC      ipc/shm.o
  CC      kernel/time/ntp.o
  CC [M]  fs/affs/file.o
  CC [M]  fs/9p/vfs_addr.o
  CC      mm/mincore.o
  CC      kernel/time/clocksource.o
  CC      ipc/syscall.o
  CC      ipc/ipc_sysctl.o
  CC [M]  fs/9p/vfs_file.o
  CC [M]  fs/affs/dir.o
  CC      mm/mlock.o
  CC      ipc/mqueue.o
  CC [M]  fs/9p/vfs_dir.o
  CC      kernel/time/jiffies.o
  CC [M]  fs/affs/amigaffs.o
  CC      kernel/time/timer_list.o
  CC [M]  fs/9p/vfs_dentry.o
  CC [M]  fs/affs/bitmap.o
  CC      mm/mmap.o
  CC      ipc/compat_mq.o
  CC      kernel/time/timeconv.o
  CC [M]  fs/9p/v9fs.o
  CC      ipc/namespace.o
  CC [M]  fs/affs/symlink.o
  CC      kernel/time/timecounter.o
  CC      ipc/mq_sysctl.o
  CC [M]  fs/9p/fid.o
  CC      kernel/time/alarmtimer.o
  LD [M]  fs/affs/affs.o
  AS      arch/x86/realmode/rm/copy.o
  CC      kernel/sched/cputime.o
  CC      kernel/time/posix-timers.o
  LD      ipc/built-in.o
  CC [M]  fs/9p/xattr.o
  CC      kernel/sched/idle_task.o
  CC [M]  fs/9p/cache.o
  CC      kernel/sched/fair.o
  LD      fs/afs/built-in.o
  CC [M]  fs/afs/cache.o
  CC      arch/x86/xen/enlighten.o
  CC      kernel/time/posix-cpu-timers.o
  CC [M]  fs/afs/callback.o
  CC      kernel/time/posix-clock.o
  CC [M]  fs/afs/cell.o
  CC [M]  fs/afs/cmservice.o
  CC      kernel/time/itimer.o
  CC      arch/x86/xen/setup.o
  CC      kernel/time/clockevents.o
  CC [M]  fs/afs/dir.o
  CC      arch/x86/xen/multicalls.o
  CC      kernel/time/tick-common.o
  CC [M]  fs/afs/file.o
  CC      arch/x86/xen/mmu.o
  CC [M]  fs/afs/flock.o
  CC      kernel/time/tick-broadcast.o
  CC [M]  fs/afs/fsclient.o
  CC      kernel/time/tick-broadcast-hrtimer.o
  CC [M]  fs/afs/inode.o
  CC      kernel/time/tick-oneshot.o
  CC      kernel/time/tick-sched.o
  CC [M]  fs/afs/main.o
  CC [M]  fs/afs/misc.o
  CC      arch/x86/xen/irq.o
  CC [M]  fs/afs/mntpt.o
  CC      kernel/time/timer_stats.o
  CC      arch/x86/xen/time.o
  CC      kernel/time/timekeeping_debug.o
  CC [M]  fs/afs/proc.o
  AS      arch/x86/xen/xen-asm.o
  LD      kernel/time/built-in.o
  CC      mm/mprotect.o
  AS      arch/x86/realmode/rm/bioscall.o
  CC      mm/mremap.o
  CC      arch/x86/realmode/rm/regs.o
  CC      arch/x86/kernel/cpu/intel_cacheinfo.o
  CC      arch/x86/realmode/rm/video-vga.o
  CC [M]  fs/afs/rxrpc.o
  CC      arch/x86/realmode/rm/video-vesa.o
  CC      arch/x86/realmode/rm/video-bios.o
  PASYMS  arch/x86/realmode/rm/pasyms.h
  LDS     arch/x86/realmode/rm/realmode.lds
  LD      arch/x86/realmode/rm/realmode.elf
  RELOCS  arch/x86/realmode/rm/realmode.relocs
  OBJCOPY arch/x86/realmode/rm/realmode.bin
  AS      arch/x86/realmode/rmpiggy.o
  CC      fs/autofs4/init.o
  LD      arch/x86/realmode/built-in.o
  CC      arch/x86/kernel/cpu/scattered.o
  CC      mm/msync.o
  CC [M]  fs/9p/acl.o
  CC      mm/rmap.o
  CC      fs/autofs4/inode.o
  CC [M]  fs/afs/security.o
  CC [M]  fs/afs/server.o
  CC      arch/x86/kernel/cpu/topology.o
  LD [M]  fs/9p/9p.o
  CC      fs/autofs4/root.o
  CC      security/integrity/iint.o
  CC      mm/vmalloc.o
  CC      arch/x86/kernel/cpu/common.o
  LD      security/integrity/integrity.o
  LD      security/integrity/built-in.o
  CC [M]  fs/afs/super.o
  CC      fs/autofs4/symlink.o
  CC      mm/pagewalk.o
  CC [M]  fs/afs/netdevices.o
  AS      arch/x86/xen/xen-asm_64.o
  CC      fs/autofs4/waitq.o
  CC      arch/x86/kernel/cpu/rdrand.o
  CC      arch/x86/xen/grant-table.o
  CC      arch/x86/kernel/cpu/match.o
  CC      crypto/api.o
  CC      mm/pgtable-generic.o
  CC      arch/x86/xen/suspend.o
  CC [M]  fs/afs/vlclient.o
  CC      mm/process_vm_access.o
  CC      arch/x86/kernel/cpu/bugs.o
  CC [M]  fs/afs/vlocation.o
  CC      crypto/cipher.o
  CC      mm/init-mm.o
  CC      arch/x86/xen/platform-pci-unplug.o
  CC      arch/x86/kernel/cpu/proc.o
  CC      mm/nobootmem.o
  CC      crypto/compress.o
  CC [M]  fs/afs/vnode.o
  MKCAP   arch/x86/kernel/cpu/capflags.c
  CC      arch/x86/xen/p2m.o
  CC      mm/fadvise.o
  CC      crypto/memneq.o
  CC [M]  fs/afs/volume.o
  CC      mm/madvise.o
  CC [M]  fs/afs/write.o
  CC      crypto/crypto_wq.o
  CC      arch/x86/xen/apic.o
  CC      mm/memblock.o
  LD [M]  fs/afs/kafs.o
  CC      fs/autofs4/expire.o
  CC      arch/x86/xen/pmu.o
  CC      crypto/algapi.o
  CC      arch/x86/kernel/cpu/powerflags.o
  CC      fs/autofs4/dev-ioctl.o
  CC      mm/page_io.o
  CC      security/keys/gc.o
  CC      block/bio.o
  LD      fs/autofs4/autofs4.o
  LD      fs/autofs4/built-in.o
  CC      mm/swap_state.o
  LD      fs/befs/built-in.o
  CC [M]  fs/befs/datastream.o
  CC      security/keys/key.o
  CC      crypto/scatterwalk.o
  CC      mm/swapfile.o
  CC [M]  fs/befs/btree.o
  CC      security/keys/keyring.o
  CC [M]  fs/befs/super.o
  CC      crypto/proc.o
  CC      block/elevator.o
  CC [M]  fs/befs/inode.o
  CC      crypto/aead.o
  CC [M]  fs/befs/debug.o
  CC      security/keys/keyctl.o
  CC [M]  fs/befs/io.o
  CC      mm/frontswap.o
  CC      block/blk-core.o
  CC      security/keys/permission.o
  CC [M]  fs/befs/linuxvfs.o
  CC      crypto/ablkcipher.o
  CC      mm/zswap.o
  CC      security/keys/process_keys.o
  LD [M]  fs/befs/befs.o
  LD      fs/btrfs/built-in.o
  CC [M]  fs/btrfs/super.o
  CC      crypto/blkcipher.o
  CC      security/keys/request_key.o
  CC      mm/dmapool.o
  CC      security/keys/request_key_auth.o
  CC      crypto/skcipher.o
  CC      mm/hugetlb.o
  CC      block/blk-tag.o
  CC      security/keys/user_defined.o
  CC      block/blk-sysfs.o
  CC      security/keys/compat.o
  CC      crypto/ahash.o
  CC      block/blk-flush.o
  CC      security/keys/proc.o
  CC [M]  fs/btrfs/ctree.o
  CC      security/keys/sysctl.o
  CC      mm/mempolicy.o
  CC      security/keys/persistent.o
  CC      crypto/shash.o
  CC      block/blk-settings.o
  CC      arch/x86/kernel/cpu/intel.o
  CC      security/keys/dh.o
  CC [M]  security/keys/trusted.o
  CC      arch/x86/kernel/cpu/amd.o
  CC      crypto/akcipher.o
  CC      block/blk-ioc.o
  CC      mm/sparse.o
  CC [M]  fs/btrfs/extent-tree.o
  CC      block/blk-map.o
  CC      arch/x86/kernel/cpu/centaur.o
  CC      crypto/kpp.o
  LD      security/keys/encrypted-keys/built-in.o
  CC [M]  security/keys/encrypted-keys/encrypted.o
  CC      arch/x86/kernel/cpu/mcheck/mce.o
  CC      mm/sparse-vmemmap.o
  CC      crypto/acompress.o
  CC      block/blk-exec.o
  CC      mm/mmu_notifier.o
  CC [M]  security/keys/encrypted-keys/ecryptfs_format.o
  CC [M]  security/keys/encrypted-keys/masterkey_trusted.o
  CC      block/blk-merge.o
  CC      crypto/scompress.o
  LD [M]  security/keys/encrypted-keys/encrypted-keys.o
  LD      security/keys/built-in.o
  CC      mm/ksm.o
  CC      security/yama/yama_lsm.o
  CC      arch/x86/kernel/cpu/mcheck/mce-severity.o
  LD      security/yama/yama.o
  LD      security/yama/built-in.o
  CC      security/commoncap.o
  CC      arch/x86/kernel/cpu/mcheck/mce-genpool.o
  CC      crypto/algboss.o
  CC      block/blk-softirq.o
  CC      arch/x86/kernel/cpu/mcheck/mce_intel.o
  CC      mm/slub.o
  CC      security/min_addr.o
  CC      arch/x86/kernel/cpu/mcheck/mce_amd.o
  CC      crypto/testmgr.o
  CC      security/security.o
  CC      block/blk-timeout.o
  CC [M]  fs/btrfs/print-tree.o
  CC      crypto/crypto_null.o
  CC      block/blk-lib.o
  CC      arch/x86/kernel/cpu/mcheck/threshold.o
  CC      arch/x86/kernel/cpu/mcheck/therm_throt.o
  CC      crypto/md5.o
  CC [M]  fs/btrfs/root-tree.o
  CC      security/inode.o
  CC      block/blk-mq.o
  CC      mm/memory_hotplug.o
  CC      crypto/ecb.o
  CC      arch/x86/kernel/cpu/mcheck/mce-apei.o
  CC [M]  fs/btrfs/dir-item.o
  CC      security/device_cgroup.o
  CC      crypto/aes_generic.o
  LD      security/built-in.o
  CC      kernel/sched/rt.o
  LD      fs/cachefiles/built-in.o
  CC [M]  fs/cachefiles/bind.o
  LD      arch/x86/kernel/cpu/mcheck/built-in.o
  CC      arch/x86/kernel/cpu/microcode/core.o
  CC [M]  fs/btrfs/file-item.o
  CC      mm/migrate.o
  CC [M]  fs/cachefiles/daemon.o
  CC      arch/x86/kernel/cpu/microcode/intel.o
  CC      kernel/sched/deadline.o
  CC [M]  fs/cachefiles/interface.o
  CC      block/blk-mq-tag.o
  CC [M]  fs/btrfs/inode-item.o
  CC      arch/x86/kernel/cpu/microcode/amd.o
  CC      kernel/sched/stop_task.o
  CC [M]  fs/cachefiles/key.o
  CC [M]  fs/btrfs/inode-map.o
  LD      arch/x86/kernel/cpu/microcode/microcode.o
  LD      arch/x86/kernel/cpu/microcode/built-in.o
  CC      kernel/sched/wait.o
  CC      arch/x86/kernel/cpu/mtrr/main.o
  CC      block/blk-stat.o
  CC [M]  fs/cachefiles/main.o
  CC      mm/huge_memory.o
  CC [M]  fs/cachefiles/namei.o
  CC      block/blk-mq-sysfs.o
  CC      arch/x86/kernel/cpu/mtrr/if.o
  CC      kernel/sched/swait.o
  CC [M]  fs/btrfs/disk-io.o
  CC [M]  fs/cachefiles/rdwr.o
  CC      arch/x86/kernel/cpu/mtrr/generic.o
  CC      kernel/sched/completion.o
  CC      block/blk-mq-cpumap.o
  CC      mm/khugepaged.o
  CC      kernel/sched/idle.o
  CC [M]  fs/cachefiles/security.o
  CC      block/ioctl.o
  CC      arch/x86/kernel/cpu/mtrr/cleanup.o
  CC [M]  fs/cachefiles/xattr.o
  CC [M]  fs/btrfs/transaction.o
  CC      block/genhd.o
  LD      arch/x86/kernel/cpu/mtrr/built-in.o
  CC      arch/x86/kernel/cpu/perfctr-watchdog.o
  CC      kernel/sched/cpupri.o
  LD [M]  fs/cachefiles/cachefiles.o
  CC      crypto/crct10dif_common.o
  CC      arch/x86/xen/trace.o
  CC      crypto/crct10dif_generic.o
  CC      kernel/sched/cpudeadline.o
  CC      arch/x86/xen/smp.o
  CC      arch/x86/kernel/cpu/vmware.o
  CC      crypto/lzo.o
  CC      kernel/sched/auto_group.o
  CC      block/scsi_ioctl.o
  CC      arch/x86/kernel/cpu/hypervisor.o
  CC      crypto/rng.o
  CC      arch/x86/kernel/cpu/mshyperv.o
  CC      drivers/accessibility/braille/braille_console.o
  CC      arch/x86/xen/vga.o
  CC      kernel/sched/stats.o
  CC      crypto/asymmetric_keys/asymmetric_type.o
  CC      arch/x86/xen/pci-swiotlb-xen.o
  CC      block/partition-generic.o
  CC      arch/x86/kernel/cpu/capflags.o
  CC      kernel/sched/debug.o
  LD      drivers/accessibility/braille/built-in.o
  LD      arch/x86/kernel/cpu/built-in.o
  LD      drivers/accessibility/built-in.o
  CC      arch/x86/kernel/fpu/init.o
  CC      drivers/acpi/tables.o
  CC      crypto/asymmetric_keys/restrict.o
  CC      arch/x86/xen/efi.o
  CC      crypto/asymmetric_keys/signature.o
  CC      drivers/acpi/blacklist.o
  CC      block/ioprio.o
  LD      arch/x86/xen/built-in.o
  CC      kernel/sched/cpuacct.o
  LD      crypto/async_tx/built-in.o
  CC [M]  crypto/async_tx/async_tx.o
  CC      drivers/acpi/osi.o
  CC      kernel/sched/cpufreq.o
  CC      drivers/acpi/osl.o
  CC [M]  crypto/async_tx/async_memcpy.o
  LD      kernel/sched/built-in.o
  CC [M]  crypto/async_tx/async_xor.o
  CC      drivers/acpi/utils.o
  CC [M]  crypto/async_tx/async_pq.o
  CC      drivers/acpi/reboot.o
  CC      drivers/acpi/nvs.o
  CC [M]  crypto/async_tx/async_raid6_recov.o
  CC      drivers/acpi/wakeup.o
  CC      drivers/acpi/sleep.o
  CC [M]  crypto/async_tx/raid6test.o
  CC      block/badblocks.o
  CC      arch/x86/kernel/fpu/bugs.o
  CC      kernel/freezer.o
  CC      kernel/trace/trace_clock.o
  CC      arch/x86/kernel/fpu/core.o
  CC      kernel/trace/ftrace.o
  CC [M]  crypto/asymmetric_keys/public_key.o
  CC      block/partitions/check.o
  CC      crypto/hash_info.o
  CC      block/partitions/aix.o
  CC [M]  fs/btrfs/inode.o
  CC [M]  crypto/seqiv.o
  ASN.1   crypto/asymmetric_keys/x509-asn1.c
  ASN.1   crypto/asymmetric_keys/x509_akid-asn1.c
  CC [M]  crypto/asymmetric_keys/x509_public_key.o
  CC      arch/x86/kernel/fpu/regset.o
  CC      block/partitions/mac.o
  ASN.1   crypto/asymmetric_keys/pkcs7-asn1.c
  CC [M]  crypto/asymmetric_keys/pkcs7_trust.o
  CC      block/partitions/ldm.o
  CC      arch/x86/kernel/fpu/signal.o
  CC [M]  crypto/echainiv.o
  CC      block/partitions/msdos.o
  CC      block/bounce.o
  CC      block/partitions/efi.o
  CC [M]  crypto/dh.o
  CC      block/partitions/karma.o
  LD      block/partitions/built-in.o
  CC      block/bsg.o
  CC [M]  crypto/asymmetric_keys/pkcs7_verify.o
  CC      drivers/acpi/device_sysfs.o
  CC [M]  crypto/dh_helper.o
  CC      block/bsg-lib.o
  LD      crypto/asymmetric_keys/asymmetric_keys.o
  CC [M]  crypto/asymmetric_keys/x509-asn1.o
  CC [M]  fs/btrfs/file.o
  CC [M]  crypto/asymmetric_keys/x509_akid-asn1.o
  CC [M]  crypto/asymmetric_keys/x509_cert_parser.o
  CC      arch/x86/kernel/fpu/xstate.o
  CC      mm/page_counter.o
  CC      block/blk-cgroup.o
  CC      drivers/acpi/device_pm.o
  CC      mm/memcontrol.o
  CC [M]  crypto/asymmetric_keys/pkcs7-asn1.o
  CC      kernel/trace/ring_buffer.o
  CC [M]  crypto/ecc.o
  CC [M]  crypto/asymmetric_keys/pkcs7_parser.o
  CC      drivers/acpi/proc.o
  CC [M]  fs/btrfs/tree-defrag.o
  LD      crypto/asymmetric_keys/built-in.o
  LD [M]  crypto/asymmetric_keys/x509_key_parser.o
  LD [M]  crypto/asymmetric_keys/pkcs7_message.o
  CC [M]  fs/btrfs/extent_map.o
  CC      drivers/acpi/bus.o
  CC      block/blk-throttle.o
  CC [M]  crypto/ecdh.o
  CC      kernel/trace/trace.o
  LD      arch/x86/kernel/fpu/built-in.o
  CC      arch/x86/kernel/kprobes/core.o
  CC [M]  fs/btrfs/sysfs.o
  CC [M]  crypto/ecdh_helper.o
  CC      arch/x86/kernel/kprobes/ftrace.o
  CC      drivers/acpi/glue.o
  CC      arch/x86/kernel/ptrace.o
  CC      block/noop-iosched.o
  LD      arch/x86/kernel/kprobes/built-in.o
  CC [M]  fs/btrfs/struct-funcs.o
  ASN.1   crypto/rsapubkey-asn1.c
  ASN.1   crypto/rsaprivkey-asn1.c
  CC [M]  crypto/rsa.o
  CC      block/deadline-iosched.o
  CC [M]  crypto/rsa_helper.o
  CC      arch/x86/kernel/tls.o
  CC      kernel/profile.o
  CC      drivers/acpi/scan.o
  CC [M]  crypto/rsa-pkcs1pad.o
  CC      block/cfq-iosched.o
  CC [M]  fs/btrfs/xattr.o
  CC      arch/x86/kernel/step.o
  CC      mm/vmpressure.o
  CC [M]  crypto/crypto_user.o
  CC [M]  crypto/cmac.o
  CC [M]  fs/btrfs/ordered-data.o
  CC      mm/swap_cgroup.o
  CC      arch/x86/kernel/i8237.o
  CC      drivers/acpi/resource.o
  CC      arch/x86/kernel/stacktrace.o
  CC [M]  crypto/hmac.o
  LD      drivers/amba/built-in.o
  CC      kernel/trace/trace_output.o
  CC      mm/memory-failure.o
  CC [M]  crypto/vmac.o
  CC [M]  crypto/xcbc.o
  CC      arch/x86/kernel/reboot.o
  CC [M]  fs/btrfs/extent_io.o
  CC      block/compat_ioctl.o
  CC      block/bio-integrity.o
  CC [M]  crypto/md4.o
  CC      arch/x86/kernel/early-quirks.o
  CC      arch/x86/kernel/smp.o
  CC      mm/cleancache.o
  CC      block/blk-integrity.o
  CC      block/t10-pi.o
  CC      mm/page_isolation.o
  CC      arch/x86/kernel/smpboot.o
  CC [M]  crypto/rmd128.o
  CC      drivers/acpi/acpi_processor.o
  CC [M]  crypto/rmd160.o
  CC      block/blk-mq-pci.o
  CC [M]  fs/btrfs/volumes.o
  CC      mm/zpool.o
  CC      mm/zbud.o
  CC      drivers/acpi/processor_core.o
  LD      block/built-in.o
  CC [M]  crypto/rmd256.o
  CC [M]  fs/btrfs/async-thread.o
  LD      fs/ceph/built-in.o
  CC [M]  fs/ceph/super.o
  CC      arch/x86/kernel/tsc_sync.o
  CC      mm/zsmalloc.o
  CC [M]  crypto/rmd320.o
  CC      drivers/acpi/processor_pdc.o
  CC      arch/x86/kernel/setup_percpu.o
  CC [M]  crypto/sha1_generic.o
  CC      drivers/acpi/ec.o
  LD      drivers/ata/built-in.o
  CC [M]  drivers/ata/libata-core.o
  CC      arch/x86/kernel/mpparse.o
  CC [M]  crypto/sha256_generic.o
  CC      mm/z3fold.o
  CC      arch/x86/kernel/ftrace.o
  CC      drivers/acpi/dock.o
  CC      mm/early_ioremap.o
  CC      mm/balloon_compaction.o
  CC      arch/x86/kernel/trace_clock.o
  CC [M]  crypto/sha512_generic.o
  CC      drivers/acpi/pci_root.o
  CC      arch/x86/kernel/machine_kexec_64.o
  CC      mm/userfaultfd.o
  CC [M]  crypto/sha3_generic.o
  AS      arch/x86/kernel/relocate_kernel_64.o
  CC      arch/x86/kernel/crash.o
  CC      drivers/acpi/pci_link.o
  CC [M]  crypto/wp512.o
  CC      mm/frame_vector.o
  CC [M]  drivers/ata/libata-scsi.o
  CC      arch/x86/kernel/crash_dump_64.o
  CC      drivers/acpi/pci_irq.o
  CC [M]  crypto/tgr192.o
  CC      arch/x86/kernel/module.o
  CC      mm/usercopy.o
  CC [M]  crypto/gf128mul.o
  CC      arch/x86/kernel/doublefault.o
  CC      drivers/acpi/acpi_lpss.o
  CC [M]  mm/hwpoison-inject.o
  CC      arch/x86/kernel/early_printk.o
  CC      drivers/acpi/acpi_apd.o
  LD      mm/built-in.o
  LD      fs/cifs/built-in.o
  CC [M]  fs/cifs/cifsfs.o
  CC [M]  crypto/cbc.o
  CC      drivers/acpi/acpi_platform.o
  CC      arch/x86/kernel/hpet.o
  CC [M]  drivers/ata/libata-eh.o
  CC [M]  crypto/pcbc.o
  CC      drivers/acpi/acpi_pnp.o
  CC [M]  fs/cifs/cifssmb.o
  CC [M]  crypto/cts.o
  CC      arch/x86/kernel/amd_nb.o
  CC      drivers/acpi/power.o
  CC [M]  crypto/lrw.o
  CC      arch/x86/kernel/kvm.o
  CC      drivers/acpi/event.o
  CC [M]  drivers/ata/libata-transport.o
  CC [M]  crypto/xts.o
  CC      arch/x86/kernel/kvmclock.o
  CC      drivers/acpi/sysfs.o
  CC [M]  drivers/ata/libata-trace.o
  CC      arch/x86/kernel/paravirt.o
  CC [M]  fs/cifs/cifs_debug.o
  CC      drivers/acpi/property.o
  CC [M]  drivers/ata/libata-sff.o
  CC [M]  crypto/ctr.o
  CC [M]  fs/cifs/connect.o
  CC [M]  crypto/keywrap.o
  CC      arch/x86/kernel/paravirt_patch_64.o
  CC      drivers/acpi/acpi_cmos_rtc.o
  CC      arch/x86/kernel/pvclock.o
  CC      drivers/acpi/debugfs.o
  CC [M]  crypto/gcm.o
  CC      arch/x86/kernel/pmem.o
  CC      arch/x86/kernel/pcspeaker.o
  CC [M]  drivers/ata/libata-pmp.o
  CC      drivers/acpi/numa.o
  CC      arch/x86/kernel/check.o
  CC [M]  fs/cifs/dir.o
  CC [M]  crypto/ccm.o
  CC      arch/x86/kernel/pci-swiotlb.o
  CC      drivers/acpi/acpi_lpat.o
  CC [M]  drivers/ata/libata-acpi.o
  CC [M]  crypto/chacha20poly1305.o
  CC      arch/x86/kernel/uprobes.o
  CC [M]  fs/cifs/file.o
  CC      drivers/acpi/acpica/dsargs.o
  CC      arch/x86/kernel/sysfb.o
  CC [M]  crypto/pcrypt.o
  CC      drivers/acpi/acpica/dscontrol.o
  CC [M]  drivers/ata/libata-zpodd.o
  CC      arch/x86/kernel/sysfb_efi.o
  CC      drivers/acpi/acpica/dsdebug.o
  CC      drivers/acpi/acpica/dsfield.o
  CC [M]  crypto/cryptd.o
  CC      arch/x86/kernel/perf_regs.o
  CC [M]  drivers/ata/ahci.o
  CC      drivers/acpi/acpica/dsinit.o
  CC      arch/x86/kernel/tracepoint.o
  CC      arch/x86/kernel/itmt.o
  CC      drivers/acpi/acpica/dsmethod.o
  CC [M]  fs/cifs/inode.o
  CC [M]  drivers/ata/libahci.o
  CC      arch/x86/kernel/unwind_frame.o
  CC      drivers/acpi/acpica/dsmthdat.o
  CC [M]  crypto/mcryptd.o
  CC      drivers/acpi/acpica/dsobject.o
  CC      arch/x86/kernel/amd_gart_64.o
  CC [M]  fs/cifs/link.o
  CC      drivers/acpi/acpica/dsopcode.o
  CC [M]  crypto/des_generic.o
  CC      drivers/acpi/acpica/dsutils.o
  CC [M]  drivers/ata/acard-ahci.o
  CC      arch/x86/kernel/aperture_64.o
  CC      drivers/acpi/acpica/dswexec.o
  CC [M]  fs/cifs/misc.o
  CC [M]  drivers/ata/ahci_platform.o
  CC      drivers/acpi/acpica/dswload.o
  CC      arch/x86/kernel/pci-calgary_64.o
  CC [M]  crypto/fcrypt.o
  CC      drivers/acpi/acpica/dswload2.o
  CC [M]  crypto/blowfish_generic.o
  CC [M]  drivers/ata/libahci_platform.o
  CC [M]  fs/cifs/netmisc.o
  CC      drivers/acpi/acpica/dswscope.o
  CC      arch/x86/kernel/tce_64.o
  CC [M]  crypto/blowfish_common.o
  CC      drivers/acpi/acpica/dswstate.o
  CC      arch/x86/kernel/mmconf-fam10h_64.o
  CC [M]  fs/cifs/smbencrypt.o
  CC      drivers/acpi/acpica/evevent.o
  CC [M]  drivers/ata/sata_inic162x.o
  CC      arch/x86/kernel/vsmp_64.o
  CC [M]  crypto/twofish_generic.o
  CC      drivers/acpi/acpica/evgpe.o
  AS      arch/x86/kernel/head_64.o
  CC [M]  fs/cifs/transport.o
  CC [M]  crypto/twofish_common.o
  CC [M]  drivers/ata/sata_sil24.o
  CC      drivers/acpi/acpica/evgpeblk.o
  CC      arch/x86/kernel/head64.o
  CC      drivers/acpi/acpica/evgpeinit.o
  CC      arch/x86/kernel/ebda.o
  CC [M]  drivers/ata/sata_dwc_460ex.o
  CC [M]  fs/cifs/asn1.o
  CC [M]  crypto/serpent_generic.o
  CC      arch/x86/kernel/platform-quirks.o
  CC      drivers/acpi/acpica/evgpeutil.o
  LDS     arch/x86/kernel/vmlinux.lds
  CC [M]  arch/x86/kernel/msr.o
  CC      drivers/acpi/acpica/evglock.o
  CC [M]  drivers/ata/pdc_adma.o
  CC [M]  fs/cifs/cifs_unicode.o
  CC [M]  arch/x86/kernel/cpuid.o
  CC      drivers/acpi/acpica/evhandler.o
  CC [M]  crypto/camellia_generic.o
  CC [M]  drivers/ata/sata_qstor.o
  LD      arch/x86/kernel/built-in.o
  CC      drivers/acpi/acpica/evmisc.o
  LD      arch/x86/built-in.o
  CC [M]  crypto/cast_common.o
  CC      drivers/acpi/acpica/evregion.o
  CC      kernel/trace/trace_seq.o
  CC [M]  fs/cifs/nterr.o
  CC [M]  fs/btrfs/ioctl.o
  CC [M]  fs/cifs/cifsencrypt.o
  CC [M]  drivers/ata/sata_sx4.o
  CC [M]  crypto/cast5_generic.o
  CC      kernel/trace/trace_stat.o
  CC      drivers/acpi/acpica/evrgnini.o
  CC [M]  fs/btrfs/locking.o
  CC [M]  crypto/cast6_generic.o
  CC      kernel/trace/trace_printk.o
  CC [M]  fs/cifs/readdir.o
  CC [M]  drivers/ata/ata_piix.o
  CC      drivers/acpi/acpica/evsci.o
  CC      drivers/acpi/acpica/evxface.o
  CC [M]  fs/cifs/ioctl.o
  CC      drivers/acpi/acpica/evxfevnt.o
  CC [M]  crypto/arc4.o
  CC      kernel/trace/trace_sched_switch.o
  CC [M]  drivers/ata/sata_mv.o
  CC [M]  fs/btrfs/orphan.o
  CC      drivers/acpi/acpica/evxfgpe.o
  CC [M]  crypto/tea.o
  CC [M]  fs/cifs/sess.o
  CC      kernel/trace/trace_functions.o
  CC [M]  fs/cifs/export.o
  CC [M]  fs/btrfs/export.o
  CC [M]  crypto/khazad.o
  CC      kernel/trace/trace_sched_wakeup.o
  CC      drivers/acpi/acpica/evxfregn.o
  CC      kernel/trace/trace_nop.o
  CC [M]  crypto/anubis.o
  CC [M]  fs/cifs/smb1ops.o
  CC [M]  fs/btrfs/tree-log.o
  CC [M]  fs/cifs/winucase.o
  CC [M]  fs/btrfs/free-space-cache.o
  CC [M]  drivers/ata/sata_nv.o
  CC [M]  crypto/seed.o
  CC [M]  fs/cifs/xattr.o
  CC [M]  crypto/salsa20_generic.o
  CC [M]  drivers/ata/sata_promise.o
  CC [M]  crypto/chacha20_generic.o
  CC [M]  fs/btrfs/zlib.o
  CC [M]  fs/cifs/cifsacl.o
  CC [M]  drivers/ata/sata_sil.o
  CC      kernel/trace/trace_stack.o
  CC [M]  fs/ceph/inode.o
  CC [M]  crypto/poly1305_generic.o
  CC [M]  fs/btrfs/lzo.o
  CC [M]  fs/cifs/cifs_spnego.o
  CC [M]  fs/btrfs/compression.o
  CC [M]  fs/ceph/dir.o
  CC [M]  fs/cifs/dns_resolve.o
  CC [M]  crypto/deflate.o
  CC [M]  fs/cifs/cifs_dfs_ref.o
  CC      kernel/trace/trace_mmiotrace.o
  CC [M]  fs/ceph/file.o
  CC [M]  crypto/michael_mic.o
  CC      drivers/acpi/acpica/exconcat.o
  CC [M]  fs/cifs/fscache.o
  CC      kernel/trace/trace_functions_graph.o
  CC [M]  crypto/crc32c_generic.o
  CC      kernel/trace/blktrace.o
  CC [M]  fs/cifs/cache.o
  CC [M]  crypto/crc32_generic.o
  CC [M]  fs/cifs/smb2ops.o
  CC [M]  fs/ceph/locks.o
  CC [M]  crypto/authenc.o
  CC [M]  fs/btrfs/delayed-ref.o
  CC [M]  fs/cifs/smb2maperror.o
  CC [M]  fs/ceph/addr.o
  CC      kernel/trace/trace_events.o
  CC      kernel/trace/trace_export.o
  CC [M]  fs/cifs/smb2transport.o
  CC [M]  crypto/authencesn.o
  CC [M]  fs/cifs/smb2misc.o
  CC [M]  fs/btrfs/relocation.o
  CC [M]  fs/cifs/smb2pdu.o
  CC [M]  crypto/lz4.o
  CC      kernel/trace/trace_syscalls.o
  CC      kernel/trace/trace_event_perf.o
  CC [M]  crypto/lz4hc.o
  CC [M]  fs/cifs/smb2inode.o
  CC [M]  crypto/842.o
  CC [M]  fs/cifs/smb2file.o
  CC      kernel/trace/trace_events_filter.o
  CC [M]  crypto/ansi_cprng.o
  CC [M]  fs/btrfs/delayed-inode.o
  CC      drivers/acpi/acpica/exconfig.o
  LD [M]  fs/cifs/cifs.o
  CC [M]  crypto/drbg.o
  CC [M]  crypto/jitterentropy.o
  CC      drivers/acpi/acpica/exconvrt.o
  CC      drivers/acpi/acpica/excreate.o
  CC [M]  crypto/jitterentropy-kcapi.o
  CC [M]  crypto/tcrypt.o
  CC      kernel/trace/trace_events_trigger.o
  CC [M]  fs/btrfs/scrub.o
  CC      drivers/acpi/acpica/exdebug.o
  CC [M]  crypto/ghash-generic.o
  CC      drivers/acpi/acpica/exdump.o
  CC [M]  crypto/af_alg.o
  CC      drivers/acpi/acpica/exfield.o
  CC [M]  fs/btrfs/reada.o
  CC [M]  fs/btrfs/backref.o
  CC      kernel/trace/bpf_trace.o
  CC [M]  crypto/algif_hash.o
  CC [M]  fs/ceph/ioctl.o
  CC [M]  fs/btrfs/ulist.o
  CC [M]  crypto/algif_skcipher.o
  CC      kernel/trace/trace_kprobe.o
  CC [M]  fs/ceph/export.o
  CC      kernel/stacktrace.o
  CC [M]  crypto/algif_rng.o
  CC [M]  fs/btrfs/qgroup.o
  CC [M]  fs/ceph/caps.o
  LD      fs/coda/built-in.o
  CC      fs/configfs/inode.o
  CC [M]  crypto/algif_aead.o
  CC      kernel/trace/power-traces.o
  CC      fs/configfs/file.o
  CC [M]  crypto/xor.o
  CC [M]  fs/btrfs/send.o
  CC      fs/configfs/dir.o
  CC [M]  fs/ceph/snap.o
  CC      kernel/trace/rpm-traces.o
  CC [M]  crypto/ablk_helper.o
  CC      fs/configfs/symlink.o
  CC [M]  fs/ceph/xattr.o
  CC [M]  crypto/simd.o
  CC      kernel/trace/trace_probe.o
  CC      fs/configfs/mount.o
  CC [M]  fs/ceph/mds_client.o
  LD      crypto/crypto.o
  CC      fs/configfs/item.o
  LD      crypto/crypto_algapi.o
  LD      crypto/crypto_blkcipher.o
  LD      crypto/crypto_hash.o
  CC [M]  fs/btrfs/dev-replace.o
  LD      crypto/crypto_acompress.o
  LD      crypto/cryptomgr.o
  LD [M]  crypto/dh_generic.o
  LD [M]  crypto/ecdh_generic.o
  CC [M]  crypto/rsapubkey-asn1.o
  CC      kernel/trace/trace_uprobe.o
  CC [M]  crypto/rsaprivkey-asn1.o
  LD [M]  crypto/jitterentropy_rng.o
  LD [M]  crypto/crypto_simd.o
  LD      crypto/built-in.o
  LD [M]  crypto/rsa_generic.o
  CC [M]  fs/btrfs/raid56.o
  LD      fs/configfs/configfs.o
  LD      fs/configfs/built-in.o
  CC [M]  fs/coda/psdev.o
  CC      drivers/acpi/acpica/exfldio.o
  CC [M]  fs/coda/cache.o
  CC [M]  fs/coda/cnode.o
  CC      drivers/acpi/acpica/exmisc.o
  CC      kernel/futex.o
  CC [M]  kernel/trace/ring_buffer_benchmark.o
  CC [M]  fs/coda/inode.o
  CC      drivers/acpi/acpica/exmutex.o
  CC      kernel/futex_compat.o
  CC      drivers/acpi/acpica/exnames.o
  CC [M]  fs/btrfs/uuid-tree.o
  CC [M]  fs/ceph/mdsmap.o
  LD      kernel/trace/libftrace.o
  LD      kernel/trace/built-in.o
  CC      kernel/dma.o
  CC      drivers/acpi/acpica/exoparg1.o
  CC [M]  fs/coda/dir.o
  LD      fs/cramfs/built-in.o
  CC [M]  fs/cramfs/inode.o
  CC [M]  fs/coda/file.o
  CC      kernel/smp.o
  CC [M]  fs/btrfs/props.o
  CC [M]  fs/coda/upcall.o
  CC [M]  fs/ceph/strings.o
  CC [M]  fs/cramfs/uncompress.o
  CC [M]  fs/btrfs/hash.o
  LD [M]  fs/cramfs/cramfs.o
  CC [M]  fs/ceph/ceph_frag.o
  CC      kernel/uid16.o
  CC [M]  drivers/ata/sata_sis.o
  CC [M]  fs/coda/coda_linux.o
  CC [M]  drivers/ata/sata_svw.o
  CC [M]  fs/ceph/debugfs.o
  CC [M]  fs/btrfs/free-space-tree.o
  CC      kernel/module.o
  CC [M]  fs/coda/symlink.o
  LD      fs/crypto/built-in.o
  CC      drivers/acpi/apei/apei-base.o
  CC [M]  fs/crypto/crypto.o
  CC [M]  drivers/ata/sata_uli.o
  CC [M]  fs/ceph/cache.o
  CC [M]  fs/coda/pioctl.o
  CC [M]  drivers/ata/sata_via.o
  CC [M]  fs/ceph/acl.o
  CC [M]  fs/crypto/fname.o
  CC [M]  fs/coda/sysctl.o
  CC [M]  fs/btrfs/acl.o
  CC      drivers/acpi/apei/hest.o
  LD [M]  fs/coda/coda.o
  CC      fs/debugfs/inode.o
  CC [M]  drivers/ata/sata_vsc.o
  LD [M]  fs/ceph/ceph.o
  CC      drivers/acpi/acpica/exoparg2.o
  CC      fs/debugfs/file.o
  CC [M]  fs/crypto/policy.o
  LD [M]  fs/btrfs/btrfs.o
  CC      drivers/acpi/apei/erst.o
  CC      drivers/acpi/apei/bert.o
  CC      drivers/acpi/acpica/exoparg3.o
  CC [M]  drivers/ata/pata_ali.o
  CC      kernel/kallsyms.o
  CC      drivers/acpi/apei/ghes.o
  CC [M]  fs/crypto/keyinfo.o
  LD      sound/built-in.o
  CC [M]  sound/sound_core.o
  LD      fs/debugfs/debugfs.o
  LD      fs/debugfs/built-in.o
  CC [M]  sound/ac97_bus.o
  CC      kernel/acct.o
  CC [M]  drivers/ata/pata_amd.o
  CC      drivers/acpi/acpica/exoparg6.o
  LD      sound/arm/built-in.o
  LD [M]  fs/crypto/fscrypto.o
  CC      kernel/kexec_core.o
  LD      sound/atmel/built-in.o
  CC      fs/devpts/inode.o
  CC [M]  drivers/ata/pata_artop.o
  LD      sound/core/oss/built-in.o
  CC [M]  sound/core/oss/mixer_oss.o
  LD      sound/core/seq/built-in.o
  CC [M]  sound/core/seq/seq.o
  CC      drivers/acpi/acpica/exprep.o
  CC [M]  sound/core/seq/seq_lock.o
  LD      fs/devpts/devpts.o
  LD      fs/devpts/built-in.o
  LD      fs/dlm/built-in.o
  CC [M]  fs/dlm/ast.o
  CC      drivers/acpi/acpica/exregion.o
  CC [M]  drivers/ata/pata_atiixp.o
  CC      drivers/acpi/acpica/exresnte.o
  CC [M]  fs/dlm/config.o
  CC [M]  sound/core/seq/seq_clientmgr.o
  CC [M]  sound/core/oss/pcm_oss.o
  CC      kernel/kexec.o
  CC [M]  drivers/ata/pata_atp867x.o
  CC      drivers/acpi/acpica/exresolv.o
  CC      kernel/compat.o
  CC      drivers/acpi/acpica/exresop.o
  CC [M]  drivers/ata/pata_cmd64x.o
  CC [M]  fs/dlm/dir.o
  CC [M]  sound/core/seq/seq_memory.o
  CC      drivers/acpi/acpica/exstore.o
  CC [M]  fs/dlm/lock.o
  CC [M]  drivers/ata/pata_cypress.o
  CC      drivers/acpi/acpica/exstoren.o
  CC [M]  sound/core/oss/pcm_plugin.o
  CC      kernel/cgroup.o
  CC      drivers/acpi/acpica/exstorob.o
  CC [M]  sound/core/seq/seq_queue.o
  CC [M]  drivers/ata/pata_efar.o
  CC [M]  sound/core/oss/io.o
  CC      drivers/acpi/acpica/exsystem.o
  CC [M]  drivers/ata/pata_hpt366.o
  CC [M]  sound/core/oss/copy.o
  CC [M]  sound/core/seq/seq_fifo.o
  CC      drivers/acpi/acpica/extrace.o
  CC [M]  sound/core/seq/seq_prioq.o
  CC      drivers/acpi/acpica/exutils.o
  CC [M]  sound/core/oss/linear.o
  CC [M]  drivers/ata/pata_hpt37x.o
  CC      drivers/acpi/acpica/hwacpi.o
  CC [M]  sound/core/seq/seq_timer.o
  CC [M]  sound/core/oss/mulaw.o
  CC [M]  drivers/ata/pata_hpt3x2n.o
  CC      drivers/acpi/acpica/hwesleep.o
  CC [M]  fs/dlm/lockspace.o
  CC [M]  sound/core/seq/seq_system.o
  CC [M]  sound/core/oss/route.o
  CC      drivers/acpi/acpica/hwgpe.o
  CC [M]  drivers/ata/pata_hpt3x3.o
  CC [M]  sound/core/seq/seq_ports.o
  CC      drivers/acpi/acpica/hwpci.o
  CC      kernel/cgroup_freezer.o
  CC [M]  sound/core/oss/rate.o
  CC [M]  fs/dlm/main.o
  CC      drivers/acpi/acpica/hwregs.o
  CC [M]  drivers/ata/pata_it8213.o
  CC      kernel/cgroup_pids.o
  LD [M]  sound/core/oss/snd-mixer-oss.o
  LD [M]  sound/core/oss/snd-pcm-oss.o
  CC [M]  fs/dlm/member.o
  CC [M]  drivers/acpi/apei/einj.o
  CC [M]  sound/core/seq/seq_info.o
  CC      drivers/acpi/acpica/hwsleep.o
  CC      drivers/acpi/dptf/int340x_thermal.o
  LD      firmware/built-in.o
  CC [M]  drivers/acpi/apei/erst-dbg.o
  CC      kernel/cpuset.o
  CC [M]  drivers/ata/pata_it821x.o
  CC      drivers/acpi/acpica/hwvalid.o
  CC [M]  fs/dlm/memory.o
  CC [M]  drivers/acpi/dptf/dptf_power.o
  CC      kernel/utsname.o
  LD      drivers/acpi/apei/apei.o
  LD      drivers/acpi/apei/built-in.o
  CC [M]  sound/core/seq/seq_device.o
  LD      drivers/atm/built-in.o
  CC [M]  drivers/atm/zatm.o
  CC      drivers/acpi/acpica/hwxface.o
  CC [M]  fs/dlm/midcomms.o
  CC [M]  drivers/atm/uPD98402.o
  CC [M]  drivers/ata/pata_jmicron.o
  LD      drivers/acpi/dptf/built-in.o
  CC [M]  sound/core/sound.o
  CC [M]  fs/dlm/netlink.o
  CC [M]  sound/core/seq/seq_midi_event.o
  CC      drivers/acpi/acpica/hwxfsleep.o
  CC [M]  drivers/ata/pata_marvell.o
  CC [M]  fs/dlm/lowcomms.o
  LD      drivers/acpi/nfit/built-in.o
  CC [M]  drivers/acpi/nfit/core.o
  CC      kernel/pid_namespace.o
  CC      drivers/acpi/acpica/nsaccess.o
  CC [M]  sound/core/seq/seq_dummy.o
  CC [M]  drivers/ata/pata_netcell.o
  CC      drivers/acpi/acpica/nsalloc.o
  CC [M]  sound/core/seq/seq_virmidi.o
  GZIP    kernel/config_data.gz
  CC [M]  drivers/ata/pata_ninja32.o
  CC      kernel/stop_machine.o
  CC      drivers/acpi/acpica/nsarguments.o
  CC [M]  fs/dlm/plock.o
  CC      drivers/acpi/acpica/nsconvert.o
  CC [M]  sound/core/seq/seq_midi.o
  CC      kernel/kprobes.o
  CC [M]  drivers/ata/pata_ns87415.o
  CC [M]  drivers/acpi/nfit/mce.o
  CC [M]  fs/dlm/rcom.o
  CC      drivers/acpi/acpica/nsdump.o
  CC [M]  sound/core/seq/seq_midi_emul.o
  CC [M]  drivers/ata/pata_oldpiix.o
  CC      drivers/acpi/acpica/nseval.o
  LD [M]  drivers/acpi/nfit/nfit.o
  LD      fs/ecryptfs/built-in.o
  CC [M]  fs/ecryptfs/dentry.o
  CC      drivers/acpi/acpica/nsinit.o
  CC [M]  fs/ecryptfs/file.o
  CC      kernel/hung_task.o
  CC [M]  drivers/ata/pata_optidma.o
  CC      drivers/acpi/acpica/nsload.o
  LD      sound/core/seq/oss/built-in.o
  CC [M]  sound/core/seq/oss/seq_oss.o
  CC      drivers/acpi/acpica/nsnames.o
  CC [M]  sound/core/seq/oss/seq_oss_init.o
  CC [M]  fs/ecryptfs/inode.o
  CC [M]  drivers/ata/pata_pdc2027x.o
  CC      drivers/acpi/acpica/nsobject.o
  CC      kernel/watchdog.o
  CC [M]  sound/core/seq/oss/seq_oss_timer.o
  CC      drivers/acpi/acpica/nsparse.o
  CC [M]  fs/ecryptfs/main.o
  CC [M]  sound/core/seq/oss/seq_oss_ioctl.o
  CC [M]  drivers/ata/pata_pdc202xx_old.o
  CC      drivers/acpi/acpica/nspredef.o
  CC      kernel/watchdog_hld.o
  CC [M]  sound/core/seq/oss/seq_oss_event.o
  CC [M]  fs/ecryptfs/super.o
  CC      drivers/acpi/acpica/nsprepkg.o
  CC [M]  drivers/ata/pata_radisys.o
  CC [M]  sound/core/seq/oss/seq_oss_rw.o
  CC      drivers/acpi/acpica/nsrepair.o
  CC [M]  fs/ecryptfs/mmap.o
  CC      kernel/seccomp.o
  CC [M]  drivers/ata/pata_rdc.o
  CC [M]  sound/core/seq/oss/seq_oss_synth.o
  CC      drivers/acpi/acpica/nsrepair2.o
  CC [M]  fs/ecryptfs/read_write.o
  CC      drivers/acpi/acpica/nssearch.o
  CC [M]  drivers/ata/pata_sch.o
  CC [M]  sound/core/seq/oss/seq_oss_midi.o
  CC [M]  fs/ecryptfs/crypto.o
  CC      kernel/relay.o
  CC      drivers/acpi/acpica/nsutils.o
  CC [M]  drivers/ata/pata_serverworks.o
  CC [M]  sound/core/seq/oss/seq_oss_readq.o
  CC      drivers/acpi/acpica/nswalk.o
  CC [M]  sound/core/seq/oss/seq_oss_writeq.o
  CC [M]  fs/ecryptfs/keystore.o
  CC [M]  drivers/ata/pata_sil680.o
  CC      drivers/acpi/acpica/nsxfeval.o
  CC      kernel/utsname_sysctl.o
  LD [M]  sound/core/seq/oss/snd-seq-oss.o
  LD [M]  sound/core/seq/snd-seq.o
  LD [M]  sound/core/seq/snd-seq-device.o
  LD [M]  sound/core/seq/snd-seq-midi-event.o
  LD [M]  sound/core/seq/snd-seq-dummy.o
  LD [M]  sound/core/seq/snd-seq-virmidi.o
  LD [M]  sound/core/seq/snd-seq-midi.o
  LD [M]  sound/core/seq/snd-seq-midi-emul.o
  CC      kernel/delayacct.o
  CC [M]  sound/core/init.o
  CC      drivers/acpi/acpica/nsxfname.o
  CC [M]  drivers/ata/pata_sis.o
  CC [M]  fs/ecryptfs/kthread.o
  CC      kernel/taskstats.o
  CC      drivers/acpi/acpica/nsxfobj.o
  CC [M]  sound/core/memory.o
  CC [M]  fs/ecryptfs/debug.o
  CC [M]  drivers/ata/pata_piccolo.o
  CC      drivers/acpi/acpica/psargs.o
  CC [M]  sound/core/control.o
  CC      kernel/tsacct.o
  LD [M]  fs/ecryptfs/ecryptfs.o
  CC [M]  drivers/ata/pata_triflex.o
  CC      drivers/acpi/acpica/psloop.o
  CC      kernel/tracepoint.o
  CC [M]  drivers/atm/nicstar.o
  CC      kernel/elfcore.o
  CC      arch/x86/pci/i386.o
  CC [M]  drivers/ata/pata_via.o
  CC      drivers/acpi/acpica/psobject.o
  CC [M]  drivers/ata/pata_sl82c105.o
  CC      kernel/irq_work.o
  CC      drivers/acpi/acpica/psopcode.o
  CC      drivers/acpi/acpica/psopinfo.o
  CC      fs/efivarfs/inode.o
  CC [M]  drivers/ata/pata_cmd640.o
  CC [M]  sound/core/misc.o
  CC      arch/x86/pci/init.o
  CC      drivers/acpi/acpica/psparse.o
  CC      arch/x86/pci/mmconfig_64.o
  CC [M]  drivers/ata/pata_mpiix.o
  CC      fs/efivarfs/file.o
  CC      drivers/acpi/acpica/psscope.o
  CC [M]  sound/core/device.o
  CC      arch/x86/pci/direct.o
  CC      fs/efivarfs/super.o
  CC      drivers/acpi/acpica/pstree.o
  CC [M]  drivers/ata/pata_ns87410.o
  CC      arch/x86/pci/mmconfig-shared.o
  LD      fs/efivarfs/efivarfs.o
  LD      fs/efivarfs/built-in.o
  CC [M]  sound/core/info.o
  CC      arch/x86/pci/xen.o
  CC      drivers/acpi/acpica/psutils.o
  CC [M]  drivers/ata/pata_opti.o
  CC      drivers/acpi/acpica/pswalk.o
  CC      kernel/user-return-notifier.o
  LD      drivers/auxdisplay/built-in.o
  CC [M]  drivers/auxdisplay/ks0108.o
  CC [M]  sound/core/info_oss.o
  CC      kernel/padata.o
  CC [M]  drivers/auxdisplay/cfag12864b.o
  CC      arch/x86/pci/fixup.o
  CC [M]  sound/core/isadma.o
  CC      arch/x86/pci/acpi.o
  CC [M]  drivers/auxdisplay/cfag12864bfb.o
  CC [M]  sound/core/sound_oss.o
  CC      kernel/crash_dump.o
  CC [M]  drivers/ata/pata_pcmcia.o
  CC [M]  drivers/atm/ambassador.o
  CC      drivers/base/component.o
  CC      arch/x86/pci/legacy.o
  CC [M]  sound/core/vmaster.o
  CC      arch/x86/pci/irq.o
  CC      drivers/base/core.o
  CC [M]  drivers/atm/horizon.o
  CC [M]  sound/core/ctljack.o
  CC [M]  sound/core/jack.o
  CC      arch/x86/pci/common.o
  CC [M]  sound/core/hwdep.o
  CC [M]  drivers/atm/iphase.o
  CC      arch/x86/pci/early.o
  CC      drivers/base/bus.o
  CC [M]  sound/core/timer.o
  CC      arch/x86/pci/bus_numa.o
  CC      arch/x86/pci/amd_bus.o
  CC      drivers/base/dd.o
  CC [M]  drivers/atm/suni.o
  LD      arch/x86/pci/built-in.o
  CC [M]  drivers/ata/pata_rz1000.o
  CC [M]  fs/dlm/recover.o
  CC      kernel/jump_label.o
  CC      drivers/acpi/acpica/psxface.o
  CC [M]  drivers/ata/pata_acpi.o
  CC [M]  sound/core/hrtimer.o
  CC      drivers/acpi/acpica/rsaddr.o
  CC      drivers/base/syscore.o
  CC      drivers/acpi/acpica/rscalc.o
  CC [M]  sound/core/pcm.o
  CC [M]  drivers/ata/ata_generic.o
  CC      kernel/membarrier.o
  CC [M]  drivers/ata/pata_legacy.o
  CC      drivers/acpi/acpica/rscreate.o
  CC      kernel/memremap.o
  LD      drivers/bcma/built-in.o
  CC [M]  drivers/bcma/main.o
  CC [M]  sound/core/pcm_native.o
  CC      drivers/acpi/acpica/rsdumpinfo.o
  CHK     kernel/config_data.h
  UPD     kernel/config_data.h
  CC      kernel/configs.o
  CC      drivers/acpi/acpica/rsinfo.o
  CC [M]  drivers/bcma/scan.o
  LD      kernel/built-in.o
  CC      drivers/acpi/acpica/rsio.o
  CC [M]  fs/dlm/recoverd.o
  CC [M]  drivers/bcma/core.o
  CC      drivers/acpi/acpica/rsirq.o
  CC      drivers/base/driver.o
  CC [M]  drivers/atm/fore200e.o
  CC      drivers/acpi/acpica/rslist.o
  CC [M]  fs/dlm/requestqueue.o
  CC      drivers/base/class.o
  CC      drivers/acpi/acpica/rsmemory.o
  CC [M]  drivers/bcma/sprom.o
  CC      drivers/acpi/acpica/rsmisc.o
  CC [M]  fs/dlm/user.o
  CC      drivers/acpi/acpica/rsserial.o
  CC [M]  sound/core/pcm_lib.o
  CC      drivers/acpi/acpica/rsutils.o
  CC [M]  drivers/bcma/driver_chipcommon.o
  CC      drivers/base/platform.o
  CC [M]  fs/dlm/util.o
  CC      drivers/acpi/acpica/rsxface.o
  CC [M]  drivers/atm/eni.o
  CC [M]  drivers/atm/idt77252.o
  LD [M]  drivers/ata/libata.o
  CC      drivers/acpi/acpica/tbdata.o
  LD [M]  fs/dlm/dlm.o
  CC [M]  drivers/atm/solos-pci.o
  LD      fs/exofs/built-in.o
  CC [M]  fs/exofs/ore.o
  CC      drivers/acpi/acpica/tbfadt.o
  CC [M]  drivers/bcma/driver_chipcommon_pmu.o
  CC      drivers/acpi/acpica/tbfind.o
  CC      drivers/base/cpu.o
  CC      drivers/acpi/acpica/tbinstal.o
  CC [M]  sound/core/pcm_misc.o
  CC      drivers/acpi/acpica/tbprint.o
  CC [M]  drivers/bcma/driver_chipcommon_b.o
  CC      drivers/acpi/acpica/tbutils.o
  CC [M]  drivers/atm/atmtcp.o
  CC      drivers/acpi/pci_slot.o
  LD      sound/drivers/built-in.o
  CC [M]  sound/drivers/dummy.o
  CC      drivers/base/firmware.o
  CC [M]  sound/core/pcm_memory.o
  CC [M]  fs/exofs/ore_raid.o
  CC      drivers/acpi/acpica/tbxface.o
  CC      drivers/acpi/acpica/tbxfload.o
  CC [M]  drivers/atm/firestream.o
  CC      drivers/base/init.o
  CC [M]  sound/drivers/aloop.o
  CC      drivers/base/map.o
  CC      drivers/acpi/acpica/tbxfroot.o
  CC [M]  sound/core/memalloc.o
  CC      drivers/acpi/acpica/utaddress.o
  CC [M]  fs/exofs/inode.o
  CC      drivers/base/devres.o
  CC [M]  fs/exofs/file.o
  CC      drivers/acpi/acpica/utalloc.o
  CC [M]  sound/drivers/virmidi.o
  CC      drivers/acpi/acpica/utascii.o
  CC      drivers/base/attribute_container.o
  CC      drivers/acpi/acpica/utbuffer.o
  CC [M]  drivers/atm/lanai.o
  CC [M]  fs/exofs/namei.o
  CC [M]  sound/drivers/serial-u16550.o
  CC [M]  sound/drivers/mtpav.o
  CC      drivers/acpi/acpica/utcopy.o
  CC      drivers/acpi/acpica/utexcep.o
  CC      drivers/acpi/acpica/utdebug.o
  CC [M]  sound/drivers/mts64.o
  CC [M]  fs/exofs/dir.o
  CC      fs/exportfs/expfs.o
  CC      drivers/acpi/acpica/utdecode.o
  CC [M]  drivers/atm/he.o
  CC [M]  sound/drivers/portman2x4.o
  CC      drivers/acpi/acpica/utdelete.o
  LD      fs/exportfs/exportfs.o
  LD      fs/exportfs/built-in.o
  CC      drivers/acpi/acpica/uterror.o
  LD      sound/drivers/mpu401/built-in.o
  CC [M]  sound/drivers/mpu401/mpu401_uart.o
  CC [M]  fs/exofs/super.o
  CC      drivers/acpi/processor_driver.o
  CC      drivers/acpi/acpica/uteval.o
  CC [M]  sound/drivers/mpu401/mpu401.o
  CC      drivers/acpi/acpica/utglobal.o
  CC [M]  fs/exofs/sys.o
  LD [M]  drivers/atm/fore_200e.o
  CC      drivers/acpi/acpica/uthex.o
  CC      drivers/acpi/acpica/utids.o
  CC [M]  drivers/bcma/driver_pci.o
  CC      drivers/acpi/acpica/utinit.o
  LD [M]  sound/drivers/mpu401/snd-mpu401-uart.o
  LD [M]  sound/drivers/mpu401/snd-mpu401.o
  LD      sound/drivers/opl3/built-in.o
  CC [M]  sound/drivers/opl3/opl3_lib.o
  CC      arch/x86/power/cpu.o
  CC      arch/x86/power/hibernate_64.o
  LD [M]  fs/exofs/libore.o
  CC      drivers/acpi/acpica/utlock.o
  LD [M]  fs/exofs/exofs.o
  LD      fs/ext4/built-in.o
  CC [M]  fs/ext4/balloc.o
  CC      drivers/acpi/acpica/utmath.o
  CC      drivers/acpi/acpica/utmisc.o
  AS      arch/x86/power/hibernate_asm_64.o
  CC [M]  sound/drivers/opl3/opl3_synth.o
  LD      arch/x86/power/built-in.o
  CC      drivers/acpi/acpica/utmutex.o
  CC [M]  drivers/bcma/driver_pcie2.o
  CC      drivers/acpi/acpica/utnonansi.o
  CC [M]  drivers/bcma/driver_gmac_cmn.o
  CC      drivers/acpi/acpica/utobject.o
  CC [M]  drivers/bcma/driver_gpio.o
  CC [M]  drivers/bcma/host_pci.o
  CC [M]  fs/ext4/bitmap.o
  CC [M]  sound/drivers/opl3/opl3_seq.o
  CC      drivers/acpi/acpica/utosi.o
  LD      sound/firewire/built-in.o
  CC [M]  sound/firewire/lib.o
  CC      arch/x86/video/fbdev.o
  CC [M]  sound/drivers/opl3/opl3_midi.o
  CC [M]  fs/ext4/dir.o
  CC      drivers/acpi/acpica/utownerid.o
  LD [M]  drivers/bcma/bcma.o
  CC      drivers/acpi/acpica/utpredef.o
  LD      arch/x86/video/built-in.o
  CC [M]  sound/drivers/opl3/opl3_drums.o
  CC      drivers/acpi/acpica/utresrc.o
  CC      drivers/acpi/acpica/utstate.o
  CC [M]  sound/firewire/iso-resources.o
  CC      drivers/acpi/acpica/utstring.o
  CC [M]  fs/ext4/file.o
  CC      drivers/acpi/acpica/utstrtoul64.o
  CC      drivers/acpi/acpica/utxface.o
  CC [M]  sound/drivers/opl3/opl3_oss.o
  CC      drivers/acpi/acpica/utxfinit.o
  CC      drivers/acpi/acpica/utxferror.o
  CC [M]  sound/firewire/packets-buffer.o
  CC      drivers/acpi/acpica/utxfmutex.o
  LD [M]  sound/drivers/opl3/snd-opl3-lib.o
  LD [M]  sound/drivers/opl3/snd-opl3-synth.o
  LD      drivers/block/built-in.o
  CC [M]  drivers/block/floppy.o
  CC [M]  fs/ext4/fsync.o
  CC [M]  drivers/block/brd.o
  LD      drivers/acpi/acpica/acpi.o
  LD      drivers/acpi/acpica/built-in.o
  CC [M]  sound/firewire/fcp.o
  CC [M]  fs/ext4/ialloc.o
  CC [M]  drivers/block/loop.o
  CC [M]  sound/firewire/cmp.o
  CC [M]  fs/ext4/inode.o
  CC [M]  sound/firewire/amdtp-stream.o
  CC [M]  drivers/block/cciss.o
  CC [M]  drivers/block/DAC960.o
  CC [M]  sound/firewire/amdtp-am824.o
  CC [M]  sound/firewire/isight.o
  CC [M]  drivers/block/pktcdvd.o
  LD      sound/firewire/bebob/built-in.o
  CC [M]  sound/firewire/bebob/bebob_command.o
  CC [M]  sound/firewire/bebob/bebob_stream.o
  CC [M]  fs/ext4/page-io.o
  CC [M]  sound/firewire/bebob/bebob_proc.o
  CC [M]  fs/ext4/ioctl.o
  CC [M]  sound/firewire/bebob/bebob_midi.o
  CC [M]  drivers/block/skd_main.o
  CC [M]  sound/firewire/bebob/bebob_pcm.o
  CC [M]  sound/firewire/bebob/bebob_hwdep.o
  CC [M]  fs/ext4/namei.o
  CC [M]  drivers/block/osdblk.o
  CC [M]  sound/firewire/bebob/bebob_terratec.o
  CC [M]  sound/firewire/bebob/bebob_yamaha_terratec.o
  CC [M]  sound/firewire/bebob/bebob_focusrite.o
  CC [M]  sound/firewire/bebob/bebob_maudio.o
  LD      sound/drivers/opl4/built-in.o
  LD      sound/drivers/pcsp/built-in.o
  CC      drivers/acpi/processor_idle.o
  CC [M]  drivers/block/nbd.o
  LD      sound/drivers/vx/built-in.o
  CC [M]  sound/drivers/vx/vx_core.o
  CC [M]  sound/firewire/bebob/bebob.o
  LD      sound/hda/built-in.o
  CC [M]  sound/hda/hda_bus_type.o
  CC [M]  fs/ext4/super.o
  CC      drivers/acpi/processor_throttling.o
  CC [M]  drivers/block/cryptoloop.o
  LD [M]  sound/firewire/bebob/snd-bebob.o
  LD      sound/firewire/dice/built-in.o
  CC [M]  sound/firewire/dice/dice-transaction.o
  CC [M]  sound/hda/hdac_bus.o
  CC [M]  drivers/block/virtio_blk.o
  CC      drivers/acpi/processor_thermal.o
  CC [M]  sound/firewire/dice/dice-stream.o
  CC      drivers/acpi/processor_perflib.o
  CC [M]  sound/hda/hdac_device.o
  CC [M]  drivers/block/sx8.o
  CC [M]  sound/firewire/dice/dice-proc.o
  CC      drivers/acpi/container.o
  CC [M]  sound/firewire/dice/dice-midi.o
  CC [M]  drivers/block/xen-blkfront.o
  CC [M]  sound/hda/hdac_sysfs.o
  CC      drivers/acpi/acpi_memhotplug.o
  CC [M]  sound/firewire/dice/dice-pcm.o
  CC [M]  sound/hda/hdac_regmap.o
  CC      drivers/acpi/ioapic.o
  CC [M]  sound/firewire/dice/dice-hwdep.o
  CC [M]  sound/firewire/dice/dice.o
  CC      drivers/acpi/hed.o
  CC [M]  sound/hda/hdac_controller.o
  LD [M]  sound/firewire/dice/snd-dice.o
  LD      sound/firewire/digi00x/built-in.o
  CC [M]  sound/firewire/digi00x/amdtp-dot.o
  CC      drivers/acpi/bgrt.o
  CC [M]  drivers/block/rbd.o
  CC [M]  sound/firewire/digi00x/digi00x-stream.o
  CC [M]  sound/hda/hdac_stream.o
  CC      drivers/acpi/cppc_acpi.o
  CC [M]  sound/firewire/digi00x/digi00x-proc.o
  CC [M]  fs/ext4/symlink.o
  CC [M]  sound/firewire/digi00x/digi00x-pcm.o
  CC [M]  sound/hda/array.o
  CC [M]  fs/ext4/hash.o
  CC [M]  drivers/acpi/acpi_ipmi.o
  CC [M]  sound/firewire/digi00x/digi00x-hwdep.o
  CC [M]  fs/ext4/resize.o
  CC [M]  sound/hda/hdmi_chmap.o
  CC [M]  drivers/acpi/ac.o
  CC [M]  sound/firewire/digi00x/digi00x-transaction.o
  LD      drivers/block/drbd/built-in.o
  CC [M]  drivers/block/drbd/drbd_bitmap.o
  CC [M]  drivers/acpi/button.o
  CC [M]  sound/firewire/digi00x/digi00x-midi.o
  CC [M]  fs/ext4/extents.o
  CC [M]  sound/hda/trace.o
  CC [M]  sound/firewire/digi00x/digi00x.o
  CC [M]  drivers/acpi/fan.o
  CC [M]  sound/hda/hdac_i915.o
  LD [M]  sound/firewire/digi00x/snd-firewire-digi00x.o
  LD      sound/firewire/fireworks/built-in.o
  CC [M]  sound/firewire/fireworks/fireworks_transaction.o
  CC [M]  drivers/acpi/acpi_video.o
  CC [M]  drivers/block/drbd/drbd_proc.o
  CC [M]  sound/firewire/fireworks/fireworks_command.o
  LD      sound/hda/ext/built-in.o
  CC [M]  sound/hda/ext/hdac_ext_bus.o
  CC [M]  sound/firewire/fireworks/fireworks_stream.o
  CC [M]  drivers/block/drbd/drbd_worker.o
  CC [M]  sound/hda/ext/hdac_ext_controller.o
  CC [M]  drivers/acpi/video_detect.o
  CC [M]  fs/ext4/ext4_jbd2.o
  CC [M]  sound/firewire/fireworks/fireworks_proc.o
  CC [M]  sound/hda/ext/hdac_ext_stream.o
  CC [M]  drivers/acpi/thermal.o
  CC [M]  sound/firewire/fireworks/fireworks_midi.o
  CC [M]  fs/ext4/migrate.o
  CC [M]  sound/firewire/fireworks/fireworks_pcm.o
  LD [M]  sound/hda/ext/snd-hda-ext-core.o
  LD [M]  sound/hda/snd-hda-core.o
  CC [M]  drivers/block/drbd/drbd_receiver.o
  CC [M]  drivers/acpi/battery.o
  CC [M]  fs/ext4/mballoc.o
  CC [M]  sound/core/pcm_timer.o
  CC [M]  drivers/block/drbd/drbd_req.o
  CC [M]  sound/core/sgbuf.o
  CC [M]  drivers/acpi/sbshc.o
  CC [M]  sound/core/pcm_drm_eld.o
  CC [M]  drivers/acpi/sbs.o
  CC [M]  sound/firewire/fireworks/fireworks_hwdep.o
  CC [M]  fs/ext4/block_validity.o
  CC [M]  sound/core/pcm_iec958.o
  CC [M]  drivers/acpi/ec_sys.o
  CC [M]  sound/firewire/fireworks/fireworks.o
  CC [M]  drivers/block/drbd/drbd_actlog.o
  CC [M]  sound/core/pcm_dmaengine.o
  CC [M]  drivers/acpi/custom_method.o
  CC [M]  fs/ext4/move_extent.o
  CC [M]  sound/drivers/vx/vx_hwdep.o
  CC [M]  drivers/block/drbd/drbd_main.o
  CC [M]  drivers/acpi/acpi_pad.o
  CC [M]  sound/core/rawmidi.o
  CC [M]  fs/ext4/mmp.o
  LD [M]  sound/firewire/fireworks/snd-fireworks.o
  LD      fs/f2fs/built-in.o
  LD      sound/firewire/oxfw/built-in.o
  CC [M]  sound/firewire/oxfw/oxfw-command.o
  CC [M]  fs/f2fs/dir.o
  CC [M]  drivers/acpi/acpi_extlog.o
  CC [M]  sound/drivers/vx/vx_pcm.o
  CC [M]  sound/firewire/oxfw/oxfw-stream.o
  CC [M]  drivers/acpi/acpi_configfs.o
  CC [M]  fs/f2fs/file.o
  CC [M]  sound/drivers/vx/vx_mixer.o
  CC [M]  sound/core/compress_offload.o
  CC [M]  sound/firewire/oxfw/oxfw-pcm.o
  LD      drivers/acpi/acpi.o
  LD      drivers/acpi/processor.o
  LD [M]  drivers/acpi/video.o
  LD      drivers/acpi/built-in.o
  CC [M]  fs/ext4/indirect.o
  CC [M]  drivers/block/drbd/drbd_strings.o
  CC [M]  fs/ext4/extents_status.o
  CC [M]  sound/drivers/vx/vx_cmd.o
  CC [M]  sound/firewire/oxfw/oxfw-proc.o
  CC [M]  sound/drivers/vx/vx_uer.o
  LD      sound/core/built-in.o
  LD [M]  sound/core/snd.o
  LD [M]  sound/core/snd-hwdep.o
  LD [M]  sound/core/snd-timer.o
  LD [M]  sound/core/snd-hrtimer.o
  LD [M]  sound/core/snd-pcm.o
  LD [M]  sound/core/snd-pcm-dmaengine.o
  LD [M]  sound/core/snd-rawmidi.o
  LD [M]  sound/core/snd-compress.o
  CC [M]  sound/firewire/oxfw/oxfw-midi.o
  CC [M]  drivers/block/drbd/drbd_nl.o
  LD      drivers/block/mtip32xx/built-in.o
  CC [M]  drivers/block/mtip32xx/mtip32xx.o
  LD [M]  sound/drivers/vx/snd-vx-lib.o
  LD [M]  sound/drivers/snd-dummy.o
  CC [M]  fs/ext4/xattr.o
  LD [M]  sound/drivers/snd-aloop.o
  LD [M]  sound/drivers/snd-virmidi.o
  LD [M]  sound/drivers/snd-serial-u16550.o
  LD [M]  sound/drivers/snd-mtpav.o
  LD [M]  sound/drivers/snd-mts64.o
  LD [M]  sound/drivers/snd-portman2x4.o
  CC [M]  sound/firewire/oxfw/oxfw-hwdep.o
  CC [M]  fs/f2fs/inode.o
  CC [M]  sound/firewire/oxfw/oxfw-spkr.o
  CC [M]  fs/ext4/xattr_user.o
  CC [M]  sound/firewire/oxfw/oxfw-scs1x.o
  CC [M]  fs/f2fs/namei.o
  CC [M]  fs/ext4/xattr_trusted.o
  CC      drivers/base/transport_class.o
  CC [M]  fs/ext4/inline.o
  CC [M]  sound/firewire/oxfw/oxfw.o
  LD      drivers/block/rsxx/built-in.o
  CC [M]  drivers/block/rsxx/config.o
  LD [M]  sound/firewire/oxfw/snd-oxfw.o
  LD      sound/firewire/tascam/built-in.o
  CC [M]  sound/firewire/tascam/tascam-proc.o
  CC [M]  fs/f2fs/hash.o
  CC [M]  drivers/block/rsxx/core.o
  CC [M]  sound/firewire/tascam/amdtp-tascam.o
  CC [M]  fs/ext4/readpage.o
  CC [M]  fs/f2fs/super.o
  CC [M]  sound/firewire/tascam/tascam-stream.o
  CC [M]  drivers/block/rsxx/cregs.o
  CC [M]  fs/ext4/sysfs.o
  CC [M]  sound/firewire/tascam/tascam-pcm.o
  CC [M]  drivers/block/rsxx/dev.o
  CC [M]  fs/ext4/acl.o
  CC [M]  sound/firewire/tascam/tascam-hwdep.o
  CC [M]  drivers/block/rsxx/dma.o
  CC [M]  fs/ext4/xattr_security.o
  CC [M]  sound/firewire/tascam/tascam-transaction.o
  LD [M]  fs/ext4/ext4.o
  CC [M]  drivers/block/drbd/drbd_interval.o
  LD      drivers/block/xen-blkback/built-in.o
  CC [M]  drivers/block/xen-blkback/blkback.o
  LD [M]  drivers/block/rsxx/rsxx.o
  CC [M]  drivers/block/drbd/drbd_state.o
  CC      drivers/base/topology.o
  CC [M]  sound/firewire/tascam/tascam-midi.o
  LD      drivers/block/zram/built-in.o
  CC [M]  drivers/block/zram/zcomp.o
  CC [M]  fs/f2fs/inline.o
  CC [M]  sound/firewire/tascam/tascam.o
  CC [M]  drivers/block/zram/zram_drv.o
  LD [M]  sound/firewire/tascam/snd-firewire-tascam.o
  LD [M]  sound/firewire/snd-firewire-lib.o
  LD [M]  sound/firewire/snd-isight.o
  CC [M]  fs/f2fs/checkpoint.o
  LD [M]  drivers/block/zram/zram.o
  LD [M]  drivers/block/skd.o
  CC      drivers/base/container.o
  CC [M]  drivers/block/drbd/drbd_nla.o
  LD      sound/i2c/built-in.o
  CC [M]  drivers/block/drbd/drbd_debugfs.o
  LD      arch/x86/ras/built-in.o
  CC      drivers/base/property.o
  LD      drivers/block/aoe/built-in.o
  CC      drivers/base/cacheinfo.o
  CC [M]  drivers/block/aoe/aoeblk.o
  CC [M]  drivers/block/xen-blkback/xenbus.o
  LD      fs/fat/built-in.o
  CC [M]  fs/fat/cache.o
  CC [M]  fs/f2fs/gc.o
  CC [M]  sound/i2c/cs8427.o
  CC [M]  drivers/block/aoe/aoechr.o
  CC [M]  fs/fat/dir.o
  CC [M]  drivers/block/aoe/aoecmd.o
  LD [M]  drivers/block/drbd/drbd.o
  CC [M]  drivers/block/aoe/aoedev.o
  CC      drivers/base/devtmpfs.o
  CC [M]  drivers/block/aoe/aoemain.o
  LD [M]  drivers/block/xen-blkback/xen-blkback.o
  CC [M]  drivers/block/aoe/aoenet.o
  CC [M]  sound/i2c/i2c.o
  CC      drivers/base/power/sysfs.o
  CC [M]  fs/f2fs/data.o
  CC [M]  fs/fat/fatent.o
  CC      drivers/base/regmap/regmap.o
  CC [M]  fs/f2fs/node.o
  LD      arch/x86/oprofile/built-in.o
  CC [M]  arch/x86/oprofile/../../../drivers/oprofile/oprof.o
  LD [M]  drivers/block/aoe/aoe.o
  LD      drivers/base/test/built-in.o
  LD      sound/i2c/other/built-in.o
  CC [M]  arch/x86/oprofile/../../../drivers/oprofile/cpu_buffer.o
  CC [M]  sound/i2c/other/ak4117.o
  CC [M]  fs/fat/file.o
  CC      drivers/base/regmap/regcache.o
  CC [M]  arch/x86/oprofile/../../../drivers/oprofile/buffer_sync.o
  CC [M]  sound/i2c/other/ak4xxx-adda.o
  CC [M]  fs/fat/inode.o
  CC [M]  arch/x86/oprofile/../../../drivers/oprofile/event_buffer.o
  CC      drivers/base/regmap/regcache-rbtree.o
  LD      sound/isa/built-in.o
  LD      sound/isa/ad1816a/built-in.o
  LD      sound/isa/ad1848/built-in.o
  LD      sound/isa/cs423x/built-in.o
  LD      sound/isa/es1688/built-in.o
  LD      sound/isa/galaxy/built-in.o
  CC [M]  fs/f2fs/segment.o
  LD      sound/isa/gus/built-in.o
  LD      sound/isa/msnd/built-in.o
  LD      sound/isa/opti9xx/built-in.o
  LD      sound/isa/sb/built-in.o
  CC [M]  sound/isa/sb/sb_common.o
  CC [M]  arch/x86/oprofile/../../../drivers/oprofile/oprofile_files.o
  LD      sound/isa/wavefront/built-in.o
  CC [M]  arch/x86/oprofile/../../../drivers/oprofile/oprofilefs.o
  CC      drivers/base/regmap/regcache-lzo.o
  CC      drivers/base/power/generic_ops.o
  CC [M]  arch/x86/oprofile/../../../drivers/oprofile/oprofile_stats.o
  CC      drivers/base/power/common.o
  CC [M]  fs/fat/misc.o
  CC [M]  arch/x86/oprofile/../../../drivers/oprofile/timer_int.o
  CC      drivers/base/regmap/regcache-flat.o
  LD      drivers/bluetooth/built-in.o
  CC [M]  drivers/bluetooth/hci_vhci.o
  CC      drivers/base/power/qos.o
  CC [M]  fs/fat/nfs.o
  CC      drivers/base/regmap/regmap-debugfs.o
  CC [M]  fs/fat/namei_vfat.o
  CC [M]  drivers/bluetooth/hci_ldisc.o
  CC [M]  fs/f2fs/recovery.o
  CC      drivers/base/regmap/regmap-i2c.o
  CC      drivers/base/power/runtime.o
  CC [M]  fs/fat/namei_msdos.o
  CC      drivers/base/regmap/regmap-spi.o
  CC [M]  drivers/bluetooth/hci_h4.o
  CC [M]  fs/f2fs/shrinker.o
  LD [M]  fs/fat/fat.o
  LD [M]  fs/fat/vfat.o
  LD [M]  fs/fat/msdos.o
  CC [M]  arch/x86/oprofile/../../../drivers/oprofile/nmi_timer_int.o
  CC      drivers/base/regmap/regmap-mmio.o
  CC [M]  arch/x86/oprofile/init.o
  CC [M]  fs/f2fs/extent_cache.o
  CC [M]  sound/isa/sb/sb_mixer.o
  CC [M]  arch/x86/oprofile/backtrace.o
  CC      drivers/base/power/wakeirq.o
  CC [M]  drivers/bluetooth/hci_bcsp.o
  CC [M]  arch/x86/oprofile/nmi_int.o
  CC      drivers/base/dma-mapping.o
  CC      drivers/base/regmap/regmap-irq.o
  LD [M]  sound/isa/sb/snd-sb-common.o
  LD      sound/isa/wss/built-in.o
  CC [M]  drivers/bluetooth/hci_ll.o
  CC [M]  arch/x86/oprofile/op_model_amd.o
  CC      drivers/base/firmware_class.o
  CC [M]  arch/x86/oprofile/op_model_ppro.o
  CC [M]  sound/i2c/other/ak4114.o
  LD      drivers/base/regmap/built-in.o
  CC [M]  arch/x86/oprofile/op_model_p4.o
  CC      drivers/base/node.o
  CC [M]  fs/f2fs/debug.o
  CC [M]  sound/i2c/other/ak4113.o
  LD [M]  arch/x86/oprofile/oprofile.o
  CC [M]  sound/i2c/other/pt2258.o
  LD      fs/fscache/built-in.o
  CC [M]  fs/fscache/cache.o
  LD [M]  sound/i2c/other/snd-ak4117.o
  LD      drivers/bus/built-in.o
  CC [M]  fs/fscache/cookie.o
  CC [M]  fs/fscache/fsdef.o
  LD      drivers/cdrom/built-in.o
  CC [M]  drivers/cdrom/cdrom.o
  CC      net/socket.o
  CC [M]  fs/fscache/main.o
  CC [M]  fs/fscache/netfs.o
  CC [M]  fs/fscache/object.o
  LD      net/6lowpan/built-in.o
  CC [M]  net/6lowpan/core.o
  LD      net/802/built-in.o
  CC [M]  net/802/p8022.o
  CC [M]  fs/fscache/operation.o
  CC [M]  net/802/psnap.o
  CC [M]  net/6lowpan/iphc.o
  CC [M]  fs/fscache/page.o
  CC [M]  net/802/stp.o
  CC [M]  fs/fscache/proc.o
  CC [M]  fs/fscache/stats.o
  CC [M]  net/6lowpan/nhc.o
  CC [M]  net/802/mrp.o
  CC [M]  fs/fscache/histogram.o
  LD [M]  fs/fscache/fscache.o
  CC      drivers/char/mem.o
  CC [M]  net/6lowpan/ndisc.o
  CC      drivers/char/random.o
  LD      drivers/char/ipmi/built-in.o
  CC [M]  drivers/char/ipmi/ipmi_msghandler.o
  CC [M]  net/6lowpan/nhc_dest.o
  CC [M]  net/6lowpan/nhc_fragment.o
  CC [M]  net/6lowpan/nhc_hop.o
  CC      drivers/char/misc.o
  CC [M]  drivers/char/ipmi/ipmi_devintf.o
  CC [M]  net/6lowpan/nhc_ipv6.o
  CC      drivers/char/hpet.o
  CC [M]  drivers/char/ipmi/ipmi_si_intf.o
  CC [M]  net/6lowpan/nhc_mobility.o
  CC      drivers/char/agp/backend.o
  CC [M]  net/6lowpan/nhc_routing.o
  CC [M]  drivers/char/ipmi/ipmi_kcs_sm.o
  CC [M]  net/6lowpan/nhc_udp.o
  CC      drivers/char/agp/frontend.o
  CC [M]  drivers/char/ipmi/ipmi_smic_sm.o
  CC [M]  drivers/char/ipmi/ipmi_bt_sm.o
  CC [M]  net/6lowpan/nhc_ghc_ext_hop.o
  CC      drivers/char/agp/generic.o
  CC [M]  drivers/char/ipmi/ipmi_ssif.o
  CC [M]  net/6lowpan/nhc_ghc_udp.o
  CC [M]  net/6lowpan/nhc_ghc_icmpv6.o
  CC [M]  drivers/char/ipmi/ipmi_watchdog.o
  CC      drivers/char/agp/isoch.o
  CC      drivers/char/agp/compat_ioctl.o
  CC [M]  net/6lowpan/nhc_ghc_ext_dest.o
  CC [M]  drivers/char/ipmi/ipmi_poweroff.o
  CC [M]  drivers/char/agp/amd64-agp.o
  LD [M]  drivers/char/ipmi/ipmi_si.o
  CC      drivers/clk/clk-devres.o
  CC [M]  net/6lowpan/nhc_ghc_ext_frag.o
  CC [M]  drivers/char/agp/intel-agp.o
  CC      drivers/clk/clkdev.o
  CC [M]  net/6lowpan/nhc_ghc_ext_route.o
  CC [M]  drivers/char/agp/intel-gtt.o
  CC      drivers/clk/clk.o
  LD [M]  net/6lowpan/6lowpan.o
  CC [M]  drivers/char/agp/sis-agp.o
  CC [M]  drivers/char/agp/via-agp.o
  LD      drivers/char/agp/agpgart.o
  LD      drivers/char/agp/built-in.o
  LD      drivers/char/hw_random/built-in.o
  CC [M]  drivers/char/hw_random/core.o
  CC      drivers/clk/clk-divider.o
  CC [M]  drivers/char/hw_random/timeriomem-rng.o
  CC      drivers/clk/clk-fixed-factor.o
  CC [M]  drivers/char/hw_random/intel-rng.o
  CC      drivers/clk/clk-fixed-rate.o
  CC [M]  drivers/char/hw_random/amd-rng.o
  CC      drivers/clk/clk-gate.o
  CC [M]  drivers/char/hw_random/via-rng.o
  CC [M]  drivers/char/hw_random/virtio-rng.o
  CC      drivers/clk/clk-multiplier.o
  CC [M]  drivers/char/hw_random/tpm-rng.o
  CC      drivers/clk/clk-mux.o
  LD [M]  drivers/char/hw_random/rng-core.o
  LD      drivers/char/mwave/built-in.o
  CC [M]  drivers/char/mwave/mwavedd.o
  CC      drivers/clk/clk-composite.o
  CC [M]  drivers/char/mwave/smapi.o
  CC      drivers/clk/clk-fractional-divider.o
  CC [M]  drivers/char/mwave/tp3780i.o
  CC      drivers/clk/clk-gpio.o
  CC [M]  drivers/char/mwave/3780i.o
  LD [M]  drivers/char/mwave/mwave.o
  LD      drivers/char/pcmcia/built-in.o
  CC [M]  drivers/char/pcmcia/synclink_cs.o
  LD      drivers/clk/bcm/built-in.o
  LD      drivers/clk/mvebu/built-in.o
  LD      drivers/clk/ti/built-in.o
  CC      drivers/clk/x86/clk-lpt.o
  LD      drivers/clk/x86/clk-x86-lpss.o
  LD      drivers/clk/x86/built-in.o
  LD      drivers/clk/built-in.o
  LD      sound/mips/built-in.o
  CC      net/8021q/vlan_core.o
  LD      net/9p/built-in.o
  CC [M]  net/9p/mod.o
  LD      net/atm/built-in.o
  CC [M]  net/atm/addr.o
  CC [M]  net/9p/client.o
  CC [M]  net/atm/pvc.o
  CC [M]  net/8021q/vlan.o
  CC [M]  net/atm/signaling.o
  CC [M]  net/8021q/vlan_dev.o
  CC [M]  net/atm/svc.o
  CC [M]  net/9p/error.o
  CC [M]  net/9p/util.o
  CC [M]  net/atm/ioctl.o
  CC [M]  net/8021q/vlan_netlink.o
  CC [M]  net/9p/protocol.o
  CC [M]  net/8021q/vlan_mvrp.o
  CC [M]  net/8021q/vlanproc.o
  CC [M]  net/atm/common.o
  CC [M]  net/9p/trans_fd.o
  LD      net/8021q/built-in.o
  LD [M]  net/8021q/8021q.o
  CC      drivers/clocksource/acpi_pm.o
  CC [M]  net/9p/trans_common.o
  CC [M]  net/atm/atm_misc.o
  CC      drivers/clocksource/i8253.o
  CC [M]  net/9p/trans_virtio.o
  LD      drivers/clocksource/built-in.o
  CC      drivers/connector/cn_queue.o
  CC [M]  net/atm/raw.o
  LD [M]  net/9p/9pnet.o
  LD [M]  net/9p/9pnet_virtio.o
  CC      drivers/connector/connector.o
  CC [M]  net/atm/resources.o
  CC      drivers/connector/cn_proc.o
  LD      drivers/connector/cn.o
  LD      drivers/connector/built-in.o
  CC      drivers/cpufreq/cpufreq.o
  CC [M]  net/atm/atm_sysfs.o
  CC [M]  net/atm/proc.o
  CC      drivers/cpufreq/freq_table.o
  CC [M]  net/atm/clip.o
  CC      drivers/cpufreq/cpufreq_stats.o
  CC      drivers/cpufreq/cpufreq_performance.o
  CC [M]  net/atm/br2684.o
  CC      drivers/cpufreq/cpufreq_ondemand.o
  CC [M]  net/atm/lec.o
  CC      drivers/cpufreq/cpufreq_governor.o
  CC      drivers/cpufreq/cpufreq_governor_attr_set.o
  CC      drivers/cpufreq/intel_pstate.o
  CC [M]  net/atm/mpc.o
  CC [M]  drivers/cpufreq/cpufreq_powersave.o
  CC [M]  net/atm/mpoa_caches.o
  CC [M]  drivers/cpufreq/cpufreq_userspace.o
  CC [M]  drivers/cpufreq/cpufreq_conservative.o
  CC [M]  net/atm/mpoa_proc.o
  CC [M]  drivers/cpufreq/acpi-cpufreq.o
  CC [M]  net/atm/pppoatm.o
  CC [M]  drivers/cpufreq/powernow-k8.o
  LD [M]  net/atm/atm.o
  LD [M]  net/atm/mpoa.o
  CC [M]  drivers/cpufreq/pcc-cpufreq.o
  CC [M]  drivers/cpufreq/speedstep-lib.o
  CC [M]  drivers/cpufreq/p4-clockmod.o
  CC [M]  drivers/cpufreq/amd_freq_sensitivity.o
  LD      drivers/cpufreq/built-in.o
  CC      drivers/cpuidle/cpuidle.o
  CC      drivers/cpuidle/driver.o
  CC      drivers/cpuidle/governor.o
  CC      drivers/cpuidle/sysfs.o
  CC      drivers/cpuidle/governors/ladder.o
  CC      drivers/cpuidle/governors/menu.o
  LD      drivers/cpuidle/governors/built-in.o
  LD      drivers/cpuidle/built-in.o
  LD      drivers/crypto/ccp/built-in.o
  CC [M]  drivers/crypto/ccp/ccp-dev.o
  CC [M]  drivers/crypto/ccp/ccp-ops.o
  CC [M]  drivers/crypto/ccp/ccp-dev-v3.o
  CC [M]  drivers/crypto/ccp/ccp-dev-v5.o
  CC [M]  drivers/crypto/ccp/ccp-platform.o
  CC [M]  drivers/crypto/ccp/ccp-dmaengine.o
  CC [M]  drivers/crypto/ccp/ccp-pci.o
  CC [M]  drivers/crypto/ccp/ccp-crypto-main.o
  CC [M]  drivers/crypto/ccp/ccp-crypto-aes.o
  CC [M]  drivers/crypto/ccp/ccp-crypto-aes-cmac.o
  CC [M]  drivers/crypto/ccp/ccp-crypto-aes-xts.o
  CC [M]  drivers/crypto/ccp/ccp-crypto-sha.o
  LD [M]  drivers/crypto/ccp/ccp.o
  LD [M]  drivers/crypto/ccp/ccp-crypto.o
  LD      drivers/crypto/qat/built-in.o
  LD      drivers/crypto/qat/qat_c3xxx/built-in.o
  CC [M]  drivers/crypto/qat/qat_c3xxx/adf_drv.o
  CC [M]  drivers/crypto/qat/qat_c3xxx/adf_c3xxx_hw_data.o
  LD [M]  drivers/crypto/qat/qat_c3xxx/qat_c3xxx.o
  LD      drivers/crypto/qat/qat_c3xxxvf/built-in.o
  CC [M]  drivers/crypto/qat/qat_c3xxxvf/adf_drv.o
  CC [M]  drivers/crypto/qat/qat_c3xxxvf/adf_c3xxxvf_hw_data.o
  LD [M]  drivers/crypto/qat/qat_c3xxxvf/qat_c3xxxvf.o
  LD      drivers/crypto/qat/qat_c62x/built-in.o
  CC [M]  drivers/crypto/qat/qat_c62x/adf_drv.o
  CC [M]  drivers/crypto/qat/qat_c62x/adf_c62x_hw_data.o
  LD [M]  drivers/crypto/qat/qat_c62x/qat_c62x.o
  LD      drivers/crypto/qat/qat_c62xvf/built-in.o
  CC [M]  drivers/crypto/qat/qat_c62xvf/adf_drv.o
  CC [M]  drivers/crypto/qat/qat_c62xvf/adf_c62xvf_hw_data.o
  LD [M]  drivers/crypto/qat/qat_c62xvf/qat_c62xvf.o
  LD      drivers/crypto/qat/qat_common/built-in.o
  CC [M]  drivers/crypto/qat/qat_common/adf_cfg.o
  CC [M]  drivers/crypto/qat/qat_common/adf_isr.o
  CC [M]  drivers/crypto/qat/qat_common/adf_ctl_drv.o
  CC [M]  drivers/crypto/qat/qat_common/adf_dev_mgr.o
  CC [M]  drivers/crypto/qat/qat_common/adf_init.o
  CC [M]  drivers/crypto/qat/qat_common/adf_accel_engine.o
  CC [M]  drivers/crypto/qat/qat_common/adf_aer.o
  CC [M]  drivers/crypto/qat/qat_common/adf_transport.o
  CC [M]  drivers/crypto/qat/qat_common/adf_admin.o
  CC [M]  drivers/crypto/qat/qat_common/adf_hw_arbiter.o
  CC [M]  drivers/crypto/qat/qat_common/qat_crypto.o
  CC [M]  drivers/crypto/qat/qat_common/qat_algs.o
  CC [M]  drivers/crypto/qat/qat_common/qat_asym_algs.o
  CC [M]  drivers/crypto/qat/qat_common/qat_uclo.o
  CC [M]  drivers/crypto/qat/qat_common/qat_hal.o
  CC [M]  drivers/crypto/qat/qat_common/adf_transport_debug.o
  CC [M]  drivers/crypto/qat/qat_common/adf_sriov.o
  CC [M]  drivers/crypto/qat/qat_common/adf_pf2vf_msg.o
  CC [M]  drivers/crypto/qat/qat_common/adf_vf2pf_msg.o
  CC [M]  drivers/crypto/qat/qat_common/adf_vf_isr.o
  LD [M]  drivers/crypto/qat/qat_common/intel_qat.o
  LD      drivers/crypto/qat/qat_dh895xcc/built-in.o
  CC [M]  drivers/crypto/qat/qat_dh895xcc/adf_drv.o
  CC [M]  drivers/crypto/qat/qat_dh895xcc/adf_dh895xcc_hw_data.o
  LD [M]  drivers/crypto/qat/qat_dh895xcc/qat_dh895xcc.o
  LD      drivers/crypto/qat/qat_dh895xccvf/built-in.o
  CC [M]  drivers/crypto/qat/qat_dh895xccvf/adf_drv.o
  CC [M]  drivers/crypto/qat/qat_dh895xccvf/adf_dh895xccvf_hw_data.o
  LD [M]  drivers/crypto/qat/qat_dh895xccvf/qat_dh895xccvf.o
  LD      drivers/crypto/virtio/built-in.o
  CC [M]  drivers/crypto/virtio/virtio_crypto_algs.o
  CC [M]  drivers/crypto/virtio/virtio_crypto_mgr.o
  CC [M]  drivers/crypto/virtio/virtio_crypto_core.o
  LD [M]  drivers/crypto/virtio/virtio_crypto.o
  CC [M]  drivers/crypto/padlock-aes.o
  CC [M]  drivers/crypto/padlock-sha.o
  LD      drivers/crypto/built-in.o
  LD      drivers/dax/built-in.o
  CC [M]  drivers/dax/dax.o
  CC [M]  drivers/dax/pmem.o
  LD [M]  drivers/dax/dax_pmem.o
  LD      drivers/dca/built-in.o
  CC [M]  drivers/dca/dca-core.o
  CC [M]  drivers/dca/dca-sysfs.o
  LD [M]  drivers/dca/dca.o
  CC [M]  drivers/char/pcmcia/cm4000_cs.o
  CC [M]  drivers/char/pcmcia/cm4040_cs.o
  LD [M]  sound/i2c/other/snd-ak4xxx-adda.o
  LD [M]  sound/i2c/other/snd-ak4114.o
  CC      drivers/devfreq/devfreq.o
  LD [M]  sound/i2c/other/snd-ak4113.o
  LD [M]  sound/i2c/other/snd-pt2258.o
  LD [M]  sound/i2c/snd-cs8427.o
  LD [M]  sound/i2c/snd-i2c.o
  LD      sound/parisc/built-in.o
  LD      sound/pci/built-in.o
  CC [M]  sound/pci/ad1889.o
  CC [M]  sound/pci/als300.o
  CC [M]  drivers/devfreq/governor_simpleondemand.o
  CC [M]  drivers/devfreq/governor_performance.o
  CC [M]  sound/pci/als4000.o
  CC [M]  drivers/devfreq/governor_powersave.o
  CC [M]  drivers/devfreq/governor_userspace.o
  CC [M]  sound/pci/atiixp.o
  CC [M]  drivers/devfreq/governor_passive.o
  LD      drivers/devfreq/built-in.o
  CC      drivers/dma/dmaengine.o
  CC [M]  sound/pci/atiixp_modem.o
  CC [M]  sound/pci/azt3328.o
  CC      drivers/dma/virt-dma.o
  CC      drivers/dma/acpi-dma.o
  CC [M]  sound/pci/bt87x.o
  CC [M]  sound/pci/cmipci.o
  CC      drivers/dma/dw/core.o
  CC [M]  sound/pci/cs4281.o
  CC      drivers/dma/dw/platform.o
  CC      drivers/dma/dw/pci.o
  CC [M]  sound/pci/ens1370.o
  LD      drivers/dma/dw/dw_dmac_core.o
  LD      drivers/dma/dw/dw_dmac.o
  LD      drivers/dma/dw/dw_dmac_pci.o
  LD      drivers/dma/dw/built-in.o
  CC      drivers/dma/hsu/hsu.o
  CC [M]  sound/pci/ak4531_codec.o
  LD      drivers/dma/hsu/hsu_dma.o
  LD      drivers/dma/hsu/built-in.o
  LD      drivers/dma/ioat/built-in.o
  CC [M]  drivers/dma/ioat/init.o
  CC [M]  sound/pci/ens1371.o
  CC [M]  drivers/dma/ioat/dma.o
  CC [M]  sound/pci/es1938.o
  CC [M]  drivers/dma/ioat/prep.o
  CC [M]  sound/pci/es1968.o
  CC [M]  drivers/dma/ioat/dca.o
  CC [M]  drivers/dma/ioat/sysfs.o
  CC [M]  sound/pci/fm801.o
  LD [M]  drivers/dma/ioat/ioatdma.o
  LD      drivers/dma/qcom/built-in.o
  LD      drivers/dma/xilinx/built-in.o
  CC [M]  drivers/dma/idma64.o
  CC [M]  sound/pci/intel8x0.o
  CC [M]  drivers/dma/mic_x100_dma.o
  LD      drivers/dma/built-in.o
  CC      drivers/dma-buf/dma-buf.o
  CC [M]  sound/pci/intel8x0m.o
  CC [M]  sound/pci/maestro3.o
  CC      drivers/dma-buf/dma-fence.o
  CC [M]  sound/pci/rme32.o
  CC      drivers/dma-buf/dma-fence-array.o
  CC      drivers/dma-buf/reservation.o
  CC [M]  sound/pci/rme96.o
  CC      drivers/dma-buf/seqno-fence.o
  CC [M]  sound/pci/sonicvibes.o
  CC      drivers/dma-buf/sync_file.o
  LD      drivers/dma-buf/built-in.o
  CC      drivers/edac/edac_stub.o
  CC [M]  sound/pci/via82xx.o
  CC [M]  drivers/edac/edac_mc.o
  CC [M]  sound/pci/via82xx_modem.o
  CC [M]  drivers/edac/edac_device.o
  LD      sound/pci/ac97/built-in.o
  CC [M]  sound/pci/ac97/ac97_codec.o
  CC [M]  drivers/edac/edac_mc_sysfs.o
  CC [M]  drivers/edac/edac_module.o
  CC [M]  drivers/edac/edac_device_sysfs.o
  CC [M]  drivers/edac/wq.o
  CC [M]  sound/pci/ac97/ac97_pcm.o
  CC [M]  drivers/edac/edac_pci.o
  CC [M]  sound/pci/ac97/ac97_proc.o
  CC [M]  drivers/edac/edac_pci_sysfs.o
  LD [M]  sound/pci/ac97/snd-ac97-codec.o
  LD      sound/pci/ali5451/built-in.o
  CC [M]  sound/pci/ali5451/ali5451.o
  CC [M]  drivers/edac/mce_amd.o
  LD [M]  sound/pci/ali5451/snd-ali5451.o
  LD      sound/pci/asihpi/built-in.o
  CC [M]  sound/pci/asihpi/asihpi.o
  CC [M]  drivers/edac/i5000_edac.o
  CC [M]  drivers/edac/i5100_edac.o
  CC [M]  sound/pci/asihpi/hpioctl.o
  CC [M]  drivers/edac/i5400_edac.o
  CC [M]  sound/pci/asihpi/hpimsginit.o
  CC [M]  drivers/edac/i7300_edac.o
  CC [M]  sound/pci/asihpi/hpicmn.o
  CC [M]  drivers/edac/i7core_edac.o
  CC [M]  sound/pci/asihpi/hpifunc.o
  CC [M]  drivers/edac/sb_edac.o
  CC [M]  sound/pci/asihpi/hpidebug.o
  CC [M]  drivers/edac/skx_edac.o
  CC [M]  sound/pci/asihpi/hpidspcd.o
  CC [M]  sound/pci/asihpi/hpios.o
  CC [M]  drivers/edac/e752x_edac.o
  CC [M]  sound/pci/asihpi/hpi6000.o
  CC [M]  drivers/edac/i82975x_edac.o
  CC [M]  sound/pci/asihpi/hpi6205.o
  CC [M]  drivers/edac/i3000_edac.o
  CC [M]  drivers/edac/i3200_edac.o
  CC [M]  sound/pci/asihpi/hpimsgx.o
  CC [M]  drivers/edac/ie31200_edac.o
  LD [M]  sound/pci/asihpi/snd-asihpi.o
  LD      sound/pci/au88x0/built-in.o
  CC [M]  sound/pci/au88x0/au8810.o
  CC [M]  drivers/edac/x38_edac.o
  CC [M]  drivers/edac/amd64_edac.o
  CC [M]  sound/pci/au88x0/au8820.o
  LD      drivers/edac/built-in.o
  LD [M]  drivers/edac/edac_core.o
  LD [M]  drivers/edac/edac_mce_amd.o
  LD [M]  drivers/edac/amd64_edac_mod.o
  LD      drivers/extcon/built-in.o
  CC [M]  drivers/extcon/extcon.o
  CC [M]  drivers/extcon/devres.o
  CC [M]  sound/pci/au88x0/au8830.o
  CC [M]  drivers/extcon/extcon-gpio.o
  CC [M]  drivers/extcon/extcon-sm5502.o
  LD [M]  drivers/extcon/extcon-core.o
  LD      drivers/firewire/built-in.o
  CC [M]  drivers/firewire/core-card.o
  LD [M]  sound/pci/au88x0/snd-au8810.o
  LD [M]  sound/pci/au88x0/snd-au8820.o
  LD [M]  sound/pci/au88x0/snd-au8830.o
  LD      sound/pci/aw2/built-in.o
  CC [M]  sound/pci/aw2/aw2-alsa.o
  CC [M]  drivers/firewire/core-cdev.o
  CC [M]  sound/pci/aw2/aw2-saa7146.o
  CC [M]  drivers/firewire/core-device.o
  LD [M]  sound/pci/aw2/snd-aw2.o
  LD      sound/pci/ca0106/built-in.o
  CC [M]  sound/pci/ca0106/ca0106_main.o
  CC [M]  sound/pci/ca0106/ca0106_mixer.o
  CC [M]  drivers/firewire/core-iso.o
  CC [M]  sound/pci/ca0106/ca_midi.o
  CC [M]  drivers/firewire/core-topology.o
  CC [M]  sound/pci/ca0106/ca0106_proc.o
  LD [M]  sound/pci/ca0106/snd-ca0106.o
  LD      sound/pci/cs46xx/built-in.o
  CC [M]  sound/pci/cs46xx/cs46xx.o
  CC [M]  drivers/firewire/core-transaction.o
  CC [M]  sound/pci/cs46xx/cs46xx_lib.o
  CC [M]  drivers/firewire/ohci.o
  CC [M]  sound/pci/cs46xx/dsp_spos.o
  CC [M]  drivers/firewire/sbp2.o
  CC [M]  sound/pci/cs46xx/dsp_spos_scb_lib.o
  CC [M]  drivers/firewire/net.o
  LD [M]  sound/pci/cs46xx/snd-cs46xx.o
  LD      sound/pci/cs5535audio/built-in.o
  LD      sound/pci/ctxfi/built-in.o
  CC [M]  sound/pci/ctxfi/xfi.o
  CC [M]  sound/pci/ctxfi/ctatc.o
  CC [M]  drivers/firewire/nosy.o
  LD [M]  drivers/firewire/firewire-core.o
  LD [M]  drivers/firewire/firewire-ohci.o
  LD [M]  drivers/firewire/firewire-sbp2.o
  LD [M]  drivers/firewire/firewire-net.o
  CC      drivers/firmware/dmi_scan.o
  CC [M]  sound/pci/ctxfi/ctvmem.o
  CC [M]  sound/pci/ctxfi/ctpcm.o
  CC      drivers/firmware/dmi-id.o
  CC [M]  sound/pci/ctxfi/ctmixer.o
  CC      drivers/firmware/iscsi_ibft_find.o
  CC [M]  sound/pci/ctxfi/ctresource.o
  CC      drivers/firmware/memmap.o
  CC [M]  sound/pci/ctxfi/ctsrc.o
  LD      drivers/firmware/broadcom/built-in.o
  CC      drivers/firmware/efi/efi.o
  CC [M]  sound/pci/ctxfi/ctamixer.o
  CC [M]  sound/pci/ctxfi/ctdaio.o
  CC      drivers/firmware/efi/vars.o
  CC [M]  sound/pci/ctxfi/ctimap.o
  CC [M]  sound/pci/ctxfi/cthardware.o
  CC      drivers/firmware/efi/reboot.o
  CC [M]  sound/pci/ctxfi/cttimer.o
  CC      drivers/firmware/efi/memattr.o
  CC      drivers/firmware/efi/capsule.o
  CC [M]  sound/pci/ctxfi/cthw20k2.o
  CC      drivers/firmware/efi/memmap.o
  CC [M]  sound/pci/ctxfi/cthw20k1.o
  CC      drivers/firmware/efi/esrt.o
  CC      drivers/firmware/efi/cper.o
  LD [M]  sound/pci/ctxfi/snd-ctxfi.o
  LD      sound/pci/echoaudio/built-in.o
  CC [M]  sound/pci/echoaudio/darla20.o
  CC      drivers/firmware/efi/runtime-map.o
  CC      drivers/firmware/efi/runtime-wrappers.o
  CC [M]  sound/pci/echoaudio/gina20.o
  CC      drivers/firmware/efi/libstub/efi-stub-helper.o
  CC      drivers/firmware/efi/libstub/gop.o
  CC [M]  sound/pci/echoaudio/layla20.o
  AR      drivers/firmware/efi/libstub/lib.a
  EXPORTS drivers/firmware/efi/libstub/lib-ksyms.o
  LD      drivers/firmware/efi/libstub/built-in.o
  CC      drivers/firmware/efi/dev-path-parser.o
  CC      drivers/firmware/efi/apple-properties.o
  CC [M]  drivers/firmware/efi/capsule-loader.o
  CC [M]  sound/pci/echoaudio/darla24.o
  LD      drivers/firmware/efi/built-in.o
  LD      drivers/firmware/meson/built-in.o
  LD      drivers/firmware/tegra/built-in.o
  CC [M]  drivers/firmware/dmi-sysfs.o
  CC [M]  drivers/firmware/edd.o
  CC [M]  sound/pci/echoaudio/gina24.o
  CC [M]  drivers/firmware/dell_rbu.o
  CC [M]  drivers/firmware/dcdbas.o
  CC [M]  sound/pci/echoaudio/layla24.o
  CC [M]  drivers/firmware/iscsi_ibft.o
  CC [M]  drivers/firmware/qemu_fw_cfg.o
  CC [M]  sound/pci/echoaudio/mona.o
  LD      drivers/firmware/built-in.o
  LD      drivers/fmc/built-in.o
  CC [M]  drivers/fmc/fmc-core.o
  CC [M]  drivers/fmc/fmc-match.o
  CC [M]  drivers/fmc/fmc-sdb.o
  CC [M]  drivers/fmc/fru-parse.o
  CC [M]  drivers/fmc/fmc-dump.o
  CC [M]  drivers/fmc/fmc-fakedev.o
  CC [M]  drivers/fmc/fmc-trivial.o
  CC [M]  drivers/fmc/fmc-write-eeprom.o
  CC [M]  drivers/fmc/fmc-chardev.o
  LD [M]  drivers/fmc/fmc.o
  CC      drivers/gpio/devres.o
  CC      drivers/gpio/gpiolib.o
  CC      drivers/gpio/gpiolib-legacy.o
  CC      drivers/gpio/gpiolib-devprop.o
  CC      drivers/gpio/gpiolib-sysfs.o
  CC      drivers/gpio/gpiolib-acpi.o
  CC      drivers/gpio/gpio-crystalcove.o
  CC      drivers/gpio/gpio-lynxpoint.o
  CC [M]  drivers/gpio/gpio-amd8111.o
  CC [M]  drivers/gpio/gpio-ich.o
  CC [M]  drivers/gpio/gpio-sch.o
  CC [M]  drivers/gpio/gpio-sch311x.o
  CC [M]  drivers/gpio/gpio-viperboard.o
  LD      drivers/gpio/built-in.o
  CC      drivers/gpu/drm/drm_mipi_dsi.o
  LD      drivers/gpu/drm/amd/amdgpu/built-in.o
  CC [M]  drivers/gpu/drm/amd/amdgpu/amdgpu_drv.o
  CC [M]  drivers/gpu/drm/amd/amdgpu/amdgpu_device.o
  CC [M]  drivers/gpu/drm/amd/amdgpu/amdgpu_kms.o
  CC [M]  drivers/gpu/drm/amd/amdgpu/amdgpu_atombios.o
  CC [M]  drivers/gpu/drm/amd/amdgpu/atombios_crtc.o
  CC [M]  drivers/gpu/drm/amd/amdgpu/amdgpu_connectors.o
  CC [M]  drivers/gpu/drm/amd/amdgpu/atom.o
  CC [M]  drivers/gpu/drm/amd/amdgpu/amdgpu_fence.o
  CC [M]  drivers/gpu/drm/amd/amdgpu/amdgpu_ttm.o
  CC [M]  drivers/gpu/drm/amd/amdgpu/amdgpu_object.o
  CC [M]  drivers/gpu/drm/amd/amdgpu/amdgpu_gart.o
  CC [M]  drivers/gpu/drm/amd/amdgpu/amdgpu_encoders.o
  CC [M]  drivers/gpu/drm/amd/amdgpu/amdgpu_display.o
  CC [M]  drivers/gpu/drm/amd/amdgpu/amdgpu_i2c.o
  CC [M]  drivers/gpu/drm/amd/amdgpu/amdgpu_fb.o
  CC [M]  drivers/gpu/drm/amd/amdgpu/amdgpu_gem.o
  CC [M]  drivers/gpu/drm/amd/amdgpu/amdgpu_ring.o
  CC [M]  drivers/gpu/drm/amd/amdgpu/amdgpu_cs.o
  CC [M]  drivers/gpu/drm/amd/amdgpu/amdgpu_bios.o
  CC [M]  drivers/gpu/drm/amd/amdgpu/amdgpu_benchmark.o
  CC [M]  drivers/gpu/drm/amd/amdgpu/amdgpu_test.o
  CC [M]  drivers/gpu/drm/amd/amdgpu/amdgpu_pm.o
  CC [M]  drivers/gpu/drm/amd/amdgpu/atombios_dp.o
  CC [M]  drivers/gpu/drm/amd/amdgpu/amdgpu_afmt.o
  CC [M]  drivers/gpu/drm/amd/amdgpu/amdgpu_trace_points.o
  CC [M]  drivers/gpu/drm/amd/amdgpu/atombios_encoders.o
  CC [M]  drivers/gpu/drm/amd/amdgpu/amdgpu_sa.o
  CC [M]  drivers/gpu/drm/amd/amdgpu/atombios_i2c.o
  CC [M]  drivers/gpu/drm/amd/amdgpu/amdgpu_prime.o
  CC [M]  drivers/gpu/drm/amd/amdgpu/amdgpu_vm.o
  CC [M]  drivers/gpu/drm/amd/amdgpu/amdgpu_ib.o
  CC [M]  drivers/gpu/drm/amd/amdgpu/amdgpu_pll.o
  CC [M]  drivers/gpu/drm/amd/amdgpu/amdgpu_ucode.o
  CC [M]  drivers/gpu/drm/amd/amdgpu/amdgpu_bo_list.o
  CC [M]  drivers/gpu/drm/amd/amdgpu/amdgpu_ctx.o
  CC [M]  drivers/gpu/drm/amd/amdgpu/amdgpu_sync.o
  CC [M]  drivers/gpu/drm/amd/amdgpu/amdgpu_gtt_mgr.o
  CC [M]  drivers/gpu/drm/amd/amdgpu/amdgpu_vram_mgr.o
  CC [M]  drivers/gpu/drm/amd/amdgpu/vi.o
  CC [M]  drivers/gpu/drm/amd/amdgpu/gmc_v7_0.o
  CC [M]  drivers/gpu/drm/amd/amdgpu/gmc_v8_0.o
  CC [M]  drivers/gpu/drm/amd/amdgpu/amdgpu_irq.o
  CC [M]  drivers/gpu/drm/amd/amdgpu/amdgpu_ih.o
  CC [M]  drivers/gpu/drm/amd/amdgpu/iceland_ih.o
  CC [M]  drivers/gpu/drm/amd/amdgpu/tonga_ih.o
  CC [M]  drivers/gpu/drm/amd/amdgpu/cz_ih.o
  CC [M]  drivers/gpu/drm/amd/amdgpu/amdgpu_dpm.o
  CC [M]  drivers/gpu/drm/amd/amdgpu/amdgpu_powerplay.o
  CC [M]  drivers/gpu/drm/amd/amdgpu/cz_smc.o
  CC [M]  drivers/gpu/drm/amd/amdgpu/cz_dpm.o
  CC [M]  drivers/gpu/drm/amd/amdgpu/dce_v10_0.o
  CC [M]  drivers/gpu/drm/amd/amdgpu/dce_v11_0.o
  CC [M]  drivers/gpu/drm/amd/amdgpu/dce_virtual.o
  CC [M]  drivers/gpu/drm/amd/amdgpu/amdgpu_gfx.o
  CC [M]  drivers/gpu/drm/amd/amdgpu/gfx_v8_0.o
  CC [M]  drivers/gpu/drm/amd/amdgpu/sdma_v2_4.o
  CC [M]  drivers/gpu/drm/amd/amdgpu/sdma_v3_0.o
  CC [M]  drivers/gpu/drm/amd/amdgpu/amdgpu_uvd.o
  CC [M]  drivers/gpu/drm/amd/amdgpu/uvd_v5_0.o
  CC [M]  drivers/gpu/drm/amd/amdgpu/uvd_v6_0.o
  CC [M]  drivers/gpu/drm/amd/amdgpu/amdgpu_vce.o
  CC [M]  drivers/gpu/drm/amd/amdgpu/vce_v3_0.o
  CC [M]  drivers/gpu/drm/amd/amdgpu/amdgpu_amdkfd.o
  CC [M]  drivers/gpu/drm/amd/amdgpu/amdgpu_amdkfd_gfx_v8.o
  CC [M]  drivers/gpu/drm/amd/amdgpu/amdgpu_cgs.o
  CC [M]  drivers/gpu/drm/amd/amdgpu/../scheduler/gpu_scheduler.o
  CC [M]  drivers/gpu/drm/amd/amdgpu/../scheduler/sched_fence.o
  CC [M]  drivers/gpu/drm/amd/amdgpu/amdgpu_job.o
  CC [M]  drivers/gpu/drm/amd/amdgpu/amdgpu_acp.o
  CC [M]  drivers/gpu/drm/amd/amdgpu/../acp/acp_hw.o
  CC [M]  drivers/gpu/drm/amd/amdgpu/amdgpu_ioc32.o
  CC [M]  drivers/gpu/drm/amd/amdgpu/amdgpu_atpx_handler.o
  CC [M]  drivers/gpu/drm/amd/amdgpu/amdgpu_acpi.o
  CC [M]  drivers/gpu/drm/amd/amdgpu/amdgpu_mn.o
  CC [M]  drivers/gpu/drm/amd/amdgpu/../powerplay/smumgr/smumgr.o
  CC [M]  drivers/gpu/drm/amd/amdgpu/../powerplay/smumgr/cz_smumgr.o
  CC [M]  drivers/gpu/drm/amd/amdgpu/../powerplay/smumgr/tonga_smumgr.o
  CC [M]  drivers/gpu/drm/amd/amdgpu/../powerplay/smumgr/fiji_smumgr.o
  CC [M]  drivers/gpu/drm/amd/amdgpu/../powerplay/smumgr/fiji_smc.o
  CC [M]  drivers/gpu/drm/amd/amdgpu/../powerplay/smumgr/polaris10_smumgr.o
  CC [M]  drivers/gpu/drm/amd/amdgpu/../powerplay/smumgr/iceland_smumgr.o
  CC [M]  drivers/gpu/drm/amd/amdgpu/../powerplay/smumgr/polaris10_smc.o
  CC [M]  drivers/gpu/drm/amd/amdgpu/../powerplay/smumgr/tonga_smc.o
  CC [M]  drivers/gpu/drm/amd/amdgpu/../powerplay/smumgr/smu7_smumgr.o
  CC [M]  drivers/gpu/drm/amd/amdgpu/../powerplay/smumgr/iceland_smc.o
  CC [M]  drivers/gpu/drm/amd/amdgpu/../powerplay/hwmgr/hwmgr.o
  CC [M]  drivers/gpu/drm/amd/amdgpu/../powerplay/hwmgr/processpptables.o
  CC [M]  drivers/gpu/drm/amd/amdgpu/../powerplay/hwmgr/functiontables.o
  CC [M]  drivers/gpu/drm/amd/amdgpu/../powerplay/hwmgr/hardwaremanager.o
  CC [M]  drivers/gpu/drm/amd/amdgpu/../powerplay/hwmgr/pp_acpi.o
  CC [M]  drivers/gpu/drm/amd/amdgpu/../powerplay/hwmgr/cz_hwmgr.o
  CC [M]  drivers/gpu/drm/amd/amdgpu/../powerplay/hwmgr/cz_clockpowergating.o
  CC [M]  drivers/gpu/drm/amd/amdgpu/../powerplay/hwmgr/pppcielanes.o
  CC [M]  drivers/gpu/drm/amd/amdgpu/../powerplay/hwmgr/process_pptables_v1_0.o
  CC [M]  drivers/gpu/drm/amd/amdgpu/../powerplay/hwmgr/ppatomctrl.o
  CC [M]  drivers/gpu/drm/amd/amdgpu/../powerplay/hwmgr/smu7_hwmgr.o
  CC [M]  drivers/gpu/drm/amd/amdgpu/../powerplay/hwmgr/smu7_powertune.o
  CC [M]  drivers/gpu/drm/amd/amdgpu/../powerplay/hwmgr/smu7_thermal.o
  CC [M]  drivers/gpu/drm/amd/amdgpu/../powerplay/hwmgr/smu7_clockpowergating.o
  CC [M]  drivers/gpu/drm/amd/amdgpu/../powerplay/eventmgr/eventmgr.o
  CC [M]  drivers/gpu/drm/amd/amdgpu/../powerplay/eventmgr/eventinit.o
  CC [M]  drivers/gpu/drm/amd/amdgpu/../powerplay/eventmgr/eventmanagement.o
  CC [M]  drivers/gpu/drm/amd/amdgpu/../powerplay/eventmgr/eventactionchains.o
  CC [M]  drivers/gpu/drm/amd/amdgpu/../powerplay/eventmgr/eventsubchains.o
  CC [M]  drivers/gpu/drm/amd/amdgpu/../powerplay/eventmgr/eventtasks.o
  CC [M]  drivers/gpu/drm/amd/amdgpu/../powerplay/eventmgr/psm.o
  CC [M]  drivers/gpu/drm/amd/amdgpu/../powerplay/amd_powerplay.o
  LD [M]  drivers/gpu/drm/amd/amdgpu/amdgpu.o
  LD      drivers/gpu/drm/amd/amdkfd/built-in.o
  CC [M]  drivers/gpu/drm/amd/amdkfd/kfd_module.o
  CC [M]  drivers/gpu/drm/amd/amdkfd/kfd_device.o
  CC [M]  drivers/gpu/drm/amd/amdkfd/kfd_chardev.o
  CC [M]  drivers/gpu/drm/amd/amdkfd/kfd_topology.o
  CC [M]  drivers/gpu/drm/amd/amdkfd/kfd_pasid.o
  CC [M]  drivers/gpu/drm/amd/amdkfd/kfd_doorbell.o
  CC [M]  drivers/gpu/drm/amd/amdkfd/kfd_flat_memory.o
  CC [M]  drivers/gpu/drm/amd/amdkfd/kfd_process.o
  CC [M]  drivers/gpu/drm/amd/amdkfd/kfd_queue.o
  CC [M]  drivers/gpu/drm/amd/amdkfd/kfd_mqd_manager.o
  CC [M]  drivers/gpu/drm/amd/amdkfd/kfd_mqd_manager_cik.o
  CC [M]  drivers/gpu/drm/amd/amdkfd/kfd_mqd_manager_vi.o
  CC [M]  drivers/gpu/drm/amd/amdkfd/kfd_kernel_queue.o
  CC [M]  drivers/gpu/drm/amd/amdkfd/kfd_kernel_queue_cik.o
  CC [M]  drivers/gpu/drm/amd/amdkfd/kfd_kernel_queue_vi.o
  CC [M]  drivers/gpu/drm/amd/amdkfd/kfd_packet_manager.o
  CC [M]  drivers/gpu/drm/amd/amdkfd/kfd_process_queue_manager.o
  CC [M]  drivers/gpu/drm/amd/amdkfd/kfd_device_queue_manager.o
  CC [M]  drivers/gpu/drm/amd/amdkfd/kfd_device_queue_manager_cik.o
  CC [M]  drivers/gpu/drm/amd/amdkfd/kfd_device_queue_manager_vi.o
  CC [M]  drivers/gpu/drm/amd/amdkfd/kfd_interrupt.o
  CC [M]  drivers/gpu/drm/amd/amdkfd/kfd_events.o
  CC [M]  drivers/gpu/drm/amd/amdkfd/cik_event_interrupt.o
  CC [M]  drivers/gpu/drm/amd/amdkfd/kfd_dbgdev.o
  CC [M]  drivers/gpu/drm/amd/amdkfd/kfd_dbgmgr.o
  LD [M]  drivers/gpu/drm/amd/amdkfd/amdkfd.o
  LD      drivers/gpu/drm/ast/built-in.o
  CC [M]  drivers/gpu/drm/ast/ast_drv.o
  CC [M]  drivers/gpu/drm/ast/ast_main.o
  CC [M]  drivers/gpu/drm/ast/ast_mode.o
  CC [M]  drivers/gpu/drm/ast/ast_fb.o
  CC [M]  drivers/gpu/drm/ast/ast_ttm.o
  CC [M]  drivers/gpu/drm/ast/ast_post.o
  CC [M]  drivers/gpu/drm/ast/ast_dp501.o
  LD [M]  drivers/gpu/drm/ast/ast.o
  LD      drivers/gpu/drm/bochs/built-in.o
  CC [M]  drivers/gpu/drm/bochs/bochs_drv.o
  CC [M]  drivers/gpu/drm/bochs/bochs_mm.o
  CC [M]  drivers/gpu/drm/bochs/bochs_kms.o
  CC [M]  drivers/gpu/drm/bochs/bochs_fbdev.o
  CC [M]  drivers/gpu/drm/bochs/bochs_hw.o
  LD [M]  drivers/gpu/drm/bochs/bochs-drm.o
  LD      drivers/gpu/drm/bridge/built-in.o
  CC [M]  drivers/gpu/drm/bridge/analogix-anx78xx.o
  LD      drivers/gpu/drm/cirrus/built-in.o
  CC [M]  drivers/gpu/drm/cirrus/cirrus_main.o
  CC [M]  drivers/gpu/drm/cirrus/cirrus_mode.o
  CC [M]  drivers/gpu/drm/cirrus/cirrus_drv.o
  CC [M]  drivers/gpu/drm/cirrus/cirrus_fbdev.o
  CC [M]  drivers/gpu/drm/cirrus/cirrus_ttm.o
  LD [M]  drivers/gpu/drm/cirrus/cirrus.o
  LD      drivers/gpu/drm/gma500/built-in.o
  CC [M]  drivers/gpu/drm/gma500/accel_2d.o
  CC [M]  drivers/gpu/drm/gma500/backlight.o
  CC [M]  drivers/gpu/drm/gma500/framebuffer.o
  CC [M]  drivers/gpu/drm/gma500/gem.o
  CC [M]  drivers/gpu/drm/gma500/gtt.o
  CC [M]  drivers/gpu/drm/gma500/intel_bios.o
  CC [M]  drivers/gpu/drm/gma500/intel_i2c.o
  CC [M]  drivers/gpu/drm/gma500/intel_gmbus.o
  CC [M]  drivers/gpu/drm/gma500/mmu.o
  CC [M]  drivers/gpu/drm/gma500/blitter.o
  CC [M]  drivers/gpu/drm/gma500/power.o
  CC [M]  drivers/gpu/drm/gma500/psb_drv.o
  CC [M]  drivers/gpu/drm/gma500/gma_display.o
  CC [M]  drivers/gpu/drm/gma500/gma_device.o
  CC [M]  drivers/gpu/drm/gma500/psb_intel_display.o
  CC [M]  drivers/gpu/drm/gma500/psb_intel_lvds.o
  CC [M]  drivers/gpu/drm/gma500/psb_intel_modes.o
  CC [M]  drivers/gpu/drm/gma500/psb_intel_sdvo.o
  CC [M]  drivers/gpu/drm/gma500/psb_lid.o
  CC [M]  drivers/gpu/drm/gma500/psb_irq.o
  CC [M]  drivers/gpu/drm/gma500/psb_device.o
  CC [M]  drivers/gpu/drm/gma500/mid_bios.o
  CC [M]  drivers/gpu/drm/gma500/opregion.o
  CC [M]  drivers/gpu/drm/gma500/cdv_device.o
  CC [M]  drivers/gpu/drm/gma500/cdv_intel_crt.o
  CC [M]  drivers/gpu/drm/gma500/cdv_intel_display.o
  CC [M]  drivers/gpu/drm/gma500/cdv_intel_hdmi.o
  CC [M]  drivers/gpu/drm/gma500/cdv_intel_lvds.o
  CC [M]  drivers/gpu/drm/gma500/cdv_intel_dp.o
  CC [M]  drivers/gpu/drm/gma500/oaktrail_device.o
  CC [M]  drivers/gpu/drm/gma500/oaktrail_crtc.o
  CC [M]  drivers/gpu/drm/gma500/oaktrail_lvds.o
  CC [M]  drivers/gpu/drm/gma500/oaktrail_lvds_i2c.o
  CC [M]  drivers/gpu/drm/gma500/oaktrail_hdmi.o
  CC [M]  drivers/gpu/drm/gma500/oaktrail_hdmi_i2c.o
  LD [M]  drivers/gpu/drm/gma500/gma500_gfx.o
  LD      drivers/gpu/drm/hisilicon/built-in.o
  LD      drivers/gpu/drm/i2c/built-in.o
  CC [M]  drivers/gpu/drm/i2c/ch7006_drv.o
  CC [M]  drivers/gpu/drm/i2c/ch7006_mode.o
  CC [M]  drivers/gpu/drm/i2c/sil164_drv.o
  CC [M]  drivers/gpu/drm/i2c/tda998x_drv.o
  LD [M]  drivers/gpu/drm/i2c/ch7006.o
  LD [M]  drivers/gpu/drm/i2c/sil164.o
  LD [M]  drivers/gpu/drm/i2c/tda998x.o
  LD      drivers/gpu/drm/i915/built-in.o
  CC [M]  drivers/gpu/drm/i915/i915_drv.o
  CC [M]  drivers/gpu/drm/i915/i915_irq.o
  CC [M]  drivers/gpu/drm/i915/i915_memcpy.o
  CC [M]  drivers/gpu/drm/i915/i915_mm.o
  CC [M]  drivers/gpu/drm/i915/i915_params.o
  CC [M]  drivers/gpu/drm/i915/i915_pci.o
  CC [M]  drivers/gpu/drm/i915/i915_suspend.o
  CC [M]  drivers/gpu/drm/i915/i915_sw_fence.o
  CC [M]  drivers/gpu/drm/i915/i915_sysfs.o
  CC [M]  drivers/gpu/drm/i915/intel_csr.o
  CC [M]  drivers/gpu/drm/i915/intel_device_info.o
  CC [M]  drivers/gpu/drm/i915/intel_pm.o
  CC [M]  drivers/gpu/drm/i915/intel_runtime_pm.o
  CC [M]  drivers/gpu/drm/i915/i915_ioc32.o
  CC [M]  drivers/gpu/drm/i915/i915_debugfs.o
  CC [M]  drivers/gpu/drm/i915/i915_cmd_parser.o
  CC [M]  drivers/gpu/drm/i915/i915_gem_batch_pool.o
  CC [M]  drivers/gpu/drm/i915/i915_gem_context.o
  CC [M]  drivers/gpu/drm/i915/i915_gem_dmabuf.o
  CC [M]  drivers/gpu/drm/i915/i915_gem_evict.o
  CC [M]  drivers/gpu/drm/i915/i915_gem_execbuffer.o
  CC [M]  drivers/gpu/drm/i915/i915_gem_fence_reg.o
  CC [M]  drivers/gpu/drm/i915/i915_gem_gtt.o
  CC [M]  drivers/gpu/drm/i915/i915_gem_internal.o
  CC [M]  drivers/gpu/drm/i915/i915_gem.o
  CC [M]  drivers/gpu/drm/i915/i915_gem_render_state.o
  CC [M]  drivers/gpu/drm/i915/i915_gem_request.o
  CC [M]  drivers/gpu/drm/i915/i915_gem_shrinker.o
  CC [M]  drivers/gpu/drm/i915/i915_gem_stolen.o
  CC [M]  drivers/gpu/drm/i915/i915_gem_tiling.o
  CC [M]  drivers/gpu/drm/i915/i915_gem_timeline.o
  CC [M]  drivers/gpu/drm/i915/i915_gem_userptr.o
  CC [M]  drivers/gpu/drm/i915/i915_trace_points.o
  CC [M]  drivers/gpu/drm/i915/i915_vma.o
  CC [M]  drivers/gpu/drm/i915/intel_breadcrumbs.o
  CC [M]  drivers/gpu/drm/i915/intel_engine_cs.o
  CC [M]  drivers/gpu/drm/i915/intel_hangcheck.o
  CC [M]  drivers/gpu/drm/i915/intel_lrc.o
  CC [M]  drivers/gpu/drm/i915/intel_mocs.o
  CC [M]  drivers/gpu/drm/i915/intel_ringbuffer.o
  CC [M]  drivers/gpu/drm/i915/intel_uncore.o
  CC [M]  drivers/gpu/drm/i915/intel_guc_loader.o
  CC [M]  drivers/gpu/drm/i915/i915_guc_submission.o
  CC [M]  drivers/gpu/drm/i915/intel_renderstate_gen6.o
  CC [M]  drivers/gpu/drm/i915/intel_renderstate_gen7.o
  CC [M]  drivers/gpu/drm/i915/intel_renderstate_gen8.o
  CC [M]  drivers/gpu/drm/i915/intel_renderstate_gen9.o
  CC [M]  drivers/gpu/drm/i915/intel_audio.o
  CC [M]  drivers/gpu/drm/i915/intel_atomic.o
  CC [M]  drivers/gpu/drm/i915/intel_atomic_plane.o
  CC [M]  drivers/gpu/drm/i915/intel_bios.o
  CC [M]  drivers/gpu/drm/i915/intel_color.o
  CC [M]  drivers/gpu/drm/i915/intel_display.o
  CC [M]  drivers/gpu/drm/i915/intel_dpio_phy.o
  CC [M]  drivers/gpu/drm/i915/intel_dpll_mgr.o
  CC [M]  drivers/gpu/drm/i915/intel_fbc.o
  CC [M]  drivers/gpu/drm/i915/intel_fifo_underrun.o
  CC [M]  drivers/gpu/drm/i915/intel_frontbuffer.o
  CC [M]  drivers/gpu/drm/i915/intel_hotplug.o
  CC [M]  drivers/gpu/drm/i915/intel_modes.o
  CC [M]  drivers/gpu/drm/i915/intel_overlay.o
  CC [M]  drivers/gpu/drm/i915/intel_psr.o
  CC [M]  drivers/gpu/drm/i915/intel_sideband.o
  CC [M]  drivers/gpu/drm/i915/intel_sprite.o
  CC [M]  drivers/gpu/drm/i915/intel_acpi.o
  CC [M]  drivers/gpu/drm/i915/intel_opregion.o
  CC [M]  drivers/gpu/drm/i915/intel_fbdev.o
  CC [M]  drivers/gpu/drm/i915/dvo_ch7017.o
  CC [M]  drivers/gpu/drm/i915/dvo_ch7xxx.o
  CC [M]  drivers/gpu/drm/i915/dvo_ivch.o
  CC [M]  drivers/gpu/drm/i915/dvo_ns2501.o
  CC [M]  drivers/gpu/drm/i915/dvo_sil164.o
  CC [M]  drivers/gpu/drm/i915/dvo_tfp410.o
  CC [M]  drivers/gpu/drm/i915/intel_crt.o
  CC [M]  drivers/gpu/drm/i915/intel_ddi.o
  CC [M]  drivers/gpu/drm/i915/intel_dp_aux_backlight.o
  CC [M]  drivers/gpu/drm/i915/intel_dp_link_training.o
  CC [M]  drivers/gpu/drm/i915/intel_dp_mst.o
  CC [M]  drivers/gpu/drm/i915/intel_dp.o
  CC [M]  drivers/gpu/drm/i915/intel_dsi.o
  CC [M]  drivers/gpu/drm/i915/intel_dsi_dcs_backlight.o
  CC [M]  drivers/gpu/drm/i915/intel_dsi_panel_vbt.o
  CC [M]  drivers/gpu/drm/i915/intel_dsi_pll.o
  CC [M]  drivers/gpu/drm/i915/intel_dvo.o
  CC [M]  drivers/gpu/drm/i915/intel_hdmi.o
  CC [M]  drivers/gpu/drm/i915/intel_i2c.o
  CC [M]  drivers/gpu/drm/i915/intel_lspcon.o
  CC [M]  drivers/gpu/drm/i915/intel_lvds.o
  CC [M]  drivers/gpu/drm/i915/intel_panel.o
  CC [M]  drivers/gpu/drm/i915/intel_sdvo.o
  CC [M]  drivers/gpu/drm/i915/intel_tv.o
  CC [M]  drivers/gpu/drm/i915/i915_gpu_error.o
  CC [M]  drivers/gpu/drm/i915/i915_vgpu.o
  CC [M]  drivers/gpu/drm/i915/intel_gvt.o
  CC [M]  drivers/gpu/drm/i915/gvt/gvt.o
  CC [M]  drivers/gpu/drm/i915/gvt/aperture_gm.o
  CC [M]  drivers/gpu/drm/i915/gvt/handlers.o
  CC [M]  drivers/gpu/drm/i915/gvt/vgpu.o
  CC [M]  drivers/gpu/drm/i915/gvt/trace_points.o
  CC [M]  drivers/gpu/drm/i915/gvt/firmware.o
  CC [M]  drivers/gpu/drm/i915/gvt/interrupt.o
  CC [M]  drivers/gpu/drm/i915/gvt/gtt.o
  CC [M]  drivers/gpu/drm/i915/gvt/cfg_space.o
  CC [M]  drivers/gpu/drm/i915/gvt/opregion.o
  CC [M]  drivers/gpu/drm/i915/gvt/mmio.o
  CC [M]  drivers/gpu/drm/i915/gvt/display.o
  CC [M]  drivers/gpu/drm/i915/gvt/edid.o
  CC [M]  drivers/gpu/drm/i915/gvt/execlist.o
  CC [M]  drivers/gpu/drm/i915/gvt/scheduler.o
  CC [M]  drivers/gpu/drm/i915/gvt/sched_policy.o
  CC [M]  drivers/gpu/drm/i915/gvt/render.o
  CC [M]  drivers/gpu/drm/i915/gvt/cmd_parser.o
  LD [M]  drivers/gpu/drm/i915/i915.o
  LD      drivers/gpu/drm/mgag200/built-in.o
  CC [M]  drivers/gpu/drm/mgag200/mgag200_main.o
  CC [M]  drivers/gpu/drm/mgag200/mgag200_mode.o
  CC [M]  drivers/gpu/drm/mgag200/mgag200_cursor.o
  CC [M]  drivers/gpu/drm/mgag200/mgag200_drv.o
  CC [M]  drivers/gpu/drm/mgag200/mgag200_fb.o
  CC [M]  drivers/gpu/drm/mgag200/mgag200_i2c.o
  CC [M]  drivers/gpu/drm/mgag200/mgag200_ttm.o
  LD [M]  drivers/gpu/drm/mgag200/mgag200.o
  LD      drivers/gpu/drm/nouveau/built-in.o
  CC [M]  drivers/gpu/drm/nouveau/nvif/object.o
  CC [M]  drivers/gpu/drm/nouveau/nvif/client.o
  CC [M]  drivers/gpu/drm/nouveau/nvif/device.o
  CC [M]  drivers/gpu/drm/nouveau/nvif/notify.o
  CC [M]  drivers/gpu/drm/nouveau/nvkm/core/client.o
  CC [M]  drivers/gpu/drm/nouveau/nvkm/core/engine.o
  CC [M]  drivers/gpu/drm/nouveau/nvkm/core/enum.o
  CC [M]  drivers/gpu/drm/nouveau/nvkm/core/event.o
  CC [M]  drivers/gpu/drm/nouveau/nvkm/core/firmware.o
  CC [M]  drivers/gpu/drm/nouveau/nvkm/core/gpuobj.o
  CC [M]  drivers/gpu/drm/nouveau/nvkm/core/ioctl.o
  CC [M]  drivers/gpu/drm/nouveau/nvkm/core/memory.o
  CC [M]  drivers/gpu/drm/nouveau/nvkm/core/mm.o
  CC [M]  drivers/gpu/drm/nouveau/nvkm/core/notify.o
  CC [M]  drivers/gpu/drm/nouveau/nvkm/core/object.o
  CC [M]  drivers/gpu/drm/nouveau/nvkm/core/oproxy.o
  CC [M]  drivers/gpu/drm/nouveau/nvkm/core/option.o
  CC [M]  drivers/gpu/drm/nouveau/nvkm/core/ramht.o
  CC [M]  drivers/gpu/drm/nouveau/nvkm/core/subdev.o
  CC [M]  drivers/gpu/drm/nouveau/nvkm/subdev/bar/base.o
  CC [M]  drivers/gpu/drm/nouveau/nvkm/subdev/bar/nv50.o
  CC [M]  drivers/gpu/drm/nouveau/nvkm/subdev/bar/g84.o
  CC [M]  drivers/gpu/drm/nouveau/nvkm/subdev/bar/gf100.o
  CC [M]  drivers/gpu/drm/nouveau/nvkm/subdev/bar/gk20a.o
  CC [M]  drivers/gpu/drm/nouveau/nvkm/subdev/bios/base.o
  CC [M]  drivers/gpu/drm/nouveau/nvkm/subdev/bios/bit.o
  CC [M]  drivers/gpu/drm/nouveau/nvkm/subdev/bios/boost.o
  CC [M]  drivers/gpu/drm/nouveau/nvkm/subdev/bios/conn.o
  CC [M]  drivers/gpu/drm/nouveau/nvkm/subdev/bios/cstep.o
  CC [M]  drivers/gpu/drm/nouveau/nvkm/subdev/bios/dcb.o
  CC [M]  drivers/gpu/drm/nouveau/nvkm/subdev/bios/disp.o
  CC [M]  drivers/gpu/drm/nouveau/nvkm/subdev/bios/dp.o
  CC [M]  drivers/gpu/drm/nouveau/nvkm/subdev/bios/extdev.o
  CC [M]  drivers/gpu/drm/nouveau/nvkm/subdev/bios/fan.o
  CC [M]  drivers/gpu/drm/nouveau/nvkm/subdev/bios/gpio.o
  CC [M]  drivers/gpu/drm/nouveau/nvkm/subdev/bios/i2c.o
  CC [M]  drivers/gpu/drm/nouveau/nvkm/subdev/bios/iccsense.o
  CC [M]  drivers/gpu/drm/nouveau/nvkm/subdev/bios/image.o
  CC [M]  drivers/gpu/drm/nouveau/nvkm/subdev/bios/init.o
  CC [M]  drivers/gpu/drm/nouveau/nvkm/subdev/bios/mxm.o
  CC [M]  drivers/gpu/drm/nouveau/nvkm/subdev/bios/npde.o
  CC [M]  drivers/gpu/drm/nouveau/nvkm/subdev/bios/pcir.o
  CC [M]  drivers/gpu/drm/nouveau/nvkm/subdev/bios/perf.o
  CC [M]  drivers/gpu/drm/nouveau/nvkm/subdev/bios/pll.o
  CC [M]  drivers/gpu/drm/nouveau/nvkm/subdev/bios/pmu.o
  CC [M]  drivers/gpu/drm/nouveau/nvkm/subdev/bios/ramcfg.o
  CC [M]  drivers/gpu/drm/nouveau/nvkm/subdev/bios/rammap.o
  CC [M]  drivers/gpu/drm/nouveau/nvkm/subdev/bios/shadow.o
  CC [M]  drivers/gpu/drm/nouveau/nvkm/subdev/bios/shadowacpi.o
  CC [M]  drivers/gpu/drm/nouveau/nvkm/subdev/bios/shadowof.o
  CC [M]  drivers/gpu/drm/nouveau/nvkm/subdev/bios/shadowpci.o
  CC [M]  drivers/gpu/drm/nouveau/nvkm/subdev/bios/shadowramin.o
  CC [M]  drivers/gpu/drm/nouveau/nvkm/subdev/bios/shadowrom.o
  CC [M]  drivers/gpu/drm/nouveau/nvkm/subdev/bios/timing.o
  CC [M]  drivers/gpu/drm/nouveau/nvkm/subdev/bios/therm.o
  CC [M]  drivers/gpu/drm/nouveau/nvkm/subdev/bios/vmap.o
  CC [M]  drivers/gpu/drm/nouveau/nvkm/subdev/bios/volt.o
  CC [M]  drivers/gpu/drm/nouveau/nvkm/subdev/bios/vpstate.o
  CC [M]  drivers/gpu/drm/nouveau/nvkm/subdev/bios/xpio.o
  CC [M]  drivers/gpu/drm/nouveau/nvkm/subdev/bios/M0203.o
  CC [M]  drivers/gpu/drm/nouveau/nvkm/subdev/bios/M0205.o
  CC [M]  drivers/gpu/drm/nouveau/nvkm/subdev/bios/M0209.o
  CC [M]  drivers/gpu/drm/nouveau/nvkm/subdev/bios/P0260.o
  CC [M]  drivers/gpu/drm/nouveau/nvkm/subdev/bus/base.o
  CC [M]  drivers/gpu/drm/nouveau/nvkm/subdev/bus/hwsq.o
  CC [M]  drivers/gpu/drm/nouveau/nvkm/subdev/bus/nv04.o
  CC [M]  drivers/gpu/drm/nouveau/nvkm/subdev/bus/nv31.o
  CC [M]  drivers/gpu/drm/nouveau/nvkm/subdev/bus/nv50.o
  CC [M]  drivers/gpu/drm/nouveau/nvkm/subdev/bus/g94.o
  CC [M]  drivers/gpu/drm/nouveau/nvkm/subdev/bus/gf100.o
  CC [M]  drivers/gpu/drm/nouveau/nvkm/subdev/clk/base.o
  CC [M]  drivers/gpu/drm/nouveau/nvkm/subdev/clk/nv04.o
  CC [M]  drivers/gpu/drm/nouveau/nvkm/subdev/clk/nv40.o
  CC [M]  drivers/gpu/drm/nouveau/nvkm/subdev/clk/nv50.o
  CC [M]  drivers/gpu/drm/nouveau/nvkm/subdev/clk/g84.o
  CC [M]  drivers/gpu/drm/nouveau/nvkm/subdev/clk/gt215.o
  CC [M]  drivers/gpu/drm/nouveau/nvkm/subdev/clk/mcp77.o
  CC [M]  drivers/gpu/drm/nouveau/nvkm/subdev/clk/gf100.o
  CC [M]  drivers/gpu/drm/nouveau/nvkm/subdev/clk/gk104.o
  CC [M]  drivers/gpu/drm/nouveau/nvkm/subdev/clk/gk20a.o
  CC [M]  drivers/gpu/drm/nouveau/nvkm/subdev/clk/gm20b.o
  CC [M]  drivers/gpu/drm/nouveau/nvkm/subdev/clk/pllnv04.o
  CC [M]  drivers/gpu/drm/nouveau/nvkm/subdev/clk/pllgt215.o
  CC [M]  drivers/gpu/drm/nouveau/nvkm/subdev/devinit/base.o
  CC [M]  drivers/gpu/drm/nouveau/nvkm/subdev/devinit/nv04.o
  CC [M]  drivers/gpu/drm/nouveau/nvkm/subdev/devinit/nv05.o
  CC [M]  drivers/gpu/drm/nouveau/nvkm/subdev/devinit/nv10.o
  CC [M]  drivers/gpu/drm/nouveau/nvkm/subdev/devinit/nv1a.o
  CC [M]  drivers/gpu/drm/nouveau/nvkm/subdev/devinit/nv20.o
  CC [M]  drivers/gpu/drm/nouveau/nvkm/subdev/devinit/nv50.o
  CC [M]  drivers/gpu/drm/nouveau/nvkm/subdev/devinit/g84.o
  CC [M]  drivers/gpu/drm/nouveau/nvkm/subdev/devinit/g98.o
  CC [M]  drivers/gpu/drm/nouveau/nvkm/subdev/devinit/gt215.o
  CC [M]  drivers/gpu/drm/nouveau/nvkm/subdev/devinit/mcp89.o
  CC [M]  drivers/gpu/drm/nouveau/nvkm/subdev/devinit/gf100.o
  CC [M]  drivers/gpu/drm/nouveau/nvkm/subdev/devinit/gm107.o
  CC [M]  drivers/gpu/drm/nouveau/nvkm/subdev/devinit/gm200.o
  CC [M]  drivers/gpu/drm/nouveau/nvkm/subdev/fb/base.o
  CC [M]  drivers/gpu/drm/nouveau/nvkm/subdev/fb/nv04.o
  CC [M]  drivers/gpu/drm/nouveau/nvkm/subdev/fb/nv10.o
  CC [M]  drivers/gpu/drm/nouveau/nvkm/subdev/fb/nv1a.o
  CC [M]  drivers/gpu/drm/nouveau/nvkm/subdev/fb/nv20.o
  CC [M]  drivers/gpu/drm/nouveau/nvkm/subdev/fb/nv25.o
  CC [M]  drivers/gpu/drm/nouveau/nvkm/subdev/fb/nv30.o
  CC [M]  drivers/gpu/drm/nouveau/nvkm/subdev/fb/nv35.o
  CC [M]  drivers/gpu/drm/nouveau/nvkm/subdev/fb/nv36.o
  CC [M]  drivers/gpu/drm/nouveau/nvkm/subdev/fb/nv40.o
  CC [M]  drivers/gpu/drm/nouveau/nvkm/subdev/fb/nv41.o
  CC [M]  drivers/gpu/drm/nouveau/nvkm/subdev/fb/nv44.o
  CC [M]  drivers/gpu/drm/nouveau/nvkm/subdev/fb/nv46.o
  CC [M]  drivers/gpu/drm/nouveau/nvkm/subdev/fb/nv47.o
  CC [M]  drivers/gpu/drm/nouveau/nvkm/subdev/fb/nv49.o
  CC [M]  drivers/gpu/drm/nouveau/nvkm/subdev/fb/nv4e.o
  CC [M]  drivers/gpu/drm/nouveau/nvkm/subdev/fb/nv50.o
  CC [M]  drivers/gpu/drm/nouveau/nvkm/subdev/fb/g84.o
  CC [M]  drivers/gpu/drm/nouveau/nvkm/subdev/fb/gt215.o
  CC [M]  drivers/gpu/drm/nouveau/nvkm/subdev/fb/mcp77.o
  CC [M]  drivers/gpu/drm/nouveau/nvkm/subdev/fb/mcp89.o
  CC [M]  drivers/gpu/drm/nouveau/nvkm/subdev/fb/gf100.o
  CC [M]  drivers/gpu/drm/nouveau/nvkm/subdev/fb/gk104.o
  CC [M]  drivers/gpu/drm/nouveau/nvkm/subdev/fb/gk20a.o
  CC [M]  drivers/gpu/drm/nouveau/nvkm/subdev/fb/gm107.o
  CC [M]  drivers/gpu/drm/nouveau/nvkm/subdev/fb/gm200.o
  CC [M]  drivers/gpu/drm/nouveau/nvkm/subdev/fb/gm20b.o
  CC [M]  drivers/gpu/drm/nouveau/nvkm/subdev/fb/gp100.o
  CC [M]  drivers/gpu/drm/nouveau/nvkm/subdev/fb/gp102.o
  CC [M]  drivers/gpu/drm/nouveau/nvkm/subdev/fb/ram.o
  CC [M]  drivers/gpu/drm/nouveau/nvkm/subdev/fb/ramnv04.o
  CC [M]  drivers/gpu/drm/nouveau/nvkm/subdev/fb/ramnv10.o
  CC [M]  drivers/gpu/drm/nouveau/nvkm/subdev/fb/ramnv1a.o
  CC [M]  drivers/gpu/drm/nouveau/nvkm/subdev/fb/ramnv20.o
  CC [M]  drivers/gpu/drm/nouveau/nvkm/subdev/fb/ramnv40.o
  CC [M]  drivers/gpu/drm/nouveau/nvkm/subdev/fb/ramnv41.o
  CC [M]  drivers/gpu/drm/nouveau/nvkm/subdev/fb/ramnv44.o
  CC [M]  drivers/gpu/drm/nouveau/nvkm/subdev/fb/ramnv49.o
  CC [M]  drivers/gpu/drm/nouveau/nvkm/subdev/fb/ramnv4e.o
  CC [M]  drivers/gpu/drm/nouveau/nvkm/subdev/fb/ramnv50.o
  CC [M]  drivers/gpu/drm/nouveau/nvkm/subdev/fb/ramgt215.o
  CC [M]  drivers/gpu/drm/nouveau/nvkm/subdev/fb/rammcp77.o
  CC [M]  drivers/gpu/drm/nouveau/nvkm/subdev/fb/ramgf100.o
  CC [M]  drivers/gpu/drm/nouveau/nvkm/subdev/fb/ramgk104.o
  CC [M]  drivers/gpu/drm/nouveau/nvkm/subdev/fb/ramgm107.o
  CC [M]  drivers/gpu/drm/nouveau/nvkm/subdev/fb/ramgp100.o
  CC [M]  drivers/gpu/drm/nouveau/nvkm/subdev/fb/sddr2.o
  CC [M]  drivers/gpu/drm/nouveau/nvkm/subdev/fb/sddr3.o
  CC [M]  drivers/gpu/drm/nouveau/nvkm/subdev/fb/gddr3.o
  CC [M]  drivers/gpu/drm/nouveau/nvkm/subdev/fb/gddr5.o
  CC [M]  drivers/gpu/drm/nouveau/nvkm/subdev/fuse/base.o
  CC [M]  drivers/gpu/drm/nouveau/nvkm/subdev/fuse/nv50.o
  CC [M]  drivers/gpu/drm/nouveau/nvkm/subdev/fuse/gf100.o
  CC [M]  drivers/gpu/drm/nouveau/nvkm/subdev/fuse/gm107.o
  CC [M]  drivers/gpu/drm/nouveau/nvkm/subdev/gpio/base.o
  CC [M]  drivers/gpu/drm/nouveau/nvkm/subdev/gpio/nv10.o
  CC [M]  drivers/gpu/drm/nouveau/nvkm/subdev/gpio/nv50.o
  CC [M]  drivers/gpu/drm/nouveau/nvkm/subdev/gpio/g94.o
  CC [M]  drivers/gpu/drm/nouveau/nvkm/subdev/gpio/gf119.o
  CC [M]  drivers/gpu/drm/nouveau/nvkm/subdev/gpio/gk104.o
  CC [M]  drivers/gpu/drm/nouveau/nvkm/subdev/i2c/base.o
  CC [M]  drivers/gpu/drm/nouveau/nvkm/subdev/i2c/nv04.o
  CC [M]  drivers/gpu/drm/nouveau/nvkm/subdev/i2c/nv4e.o
  CC [M]  drivers/gpu/drm/nouveau/nvkm/subdev/i2c/nv50.o
  CC [M]  drivers/gpu/drm/nouveau/nvkm/subdev/i2c/g94.o
  CC [M]  drivers/gpu/drm/nouveau/nvkm/subdev/i2c/gf117.o
  CC [M]  drivers/gpu/drm/nouveau/nvkm/subdev/i2c/gf119.o
  CC [M]  drivers/gpu/drm/nouveau/nvkm/subdev/i2c/gk104.o
  CC [M]  drivers/gpu/drm/nouveau/nvkm/subdev/i2c/gm200.o
  CC [M]  drivers/gpu/drm/nouveau/nvkm/subdev/i2c/pad.o
  CC [M]  drivers/gpu/drm/nouveau/nvkm/subdev/i2c/padnv04.o
  CC [M]  drivers/gpu/drm/nouveau/nvkm/subdev/i2c/padnv4e.o
  CC [M]  drivers/gpu/drm/nouveau/nvkm/subdev/i2c/padnv50.o
  CC [M]  drivers/gpu/drm/nouveau/nvkm/subdev/i2c/padg94.o
  CC [M]  drivers/gpu/drm/nouveau/nvkm/subdev/i2c/padgf119.o
  CC [M]  drivers/gpu/drm/nouveau/nvkm/subdev/i2c/padgm200.o
  CC [M]  drivers/gpu/drm/nouveau/nvkm/subdev/i2c/bus.o
  CC [M]  drivers/gpu/drm/nouveau/nvkm/subdev/i2c/busnv04.o
  CC [M]  drivers/gpu/drm/nouveau/nvkm/subdev/i2c/busnv4e.o
  CC [M]  drivers/gpu/drm/nouveau/nvkm/subdev/i2c/busnv50.o
  CC [M]  drivers/gpu/drm/nouveau/nvkm/subdev/i2c/busgf119.o
  CC [M]  drivers/gpu/drm/nouveau/nvkm/subdev/i2c/bit.o
  CC [M]  drivers/gpu/drm/nouveau/nvkm/subdev/i2c/aux.o
  CC [M]  drivers/gpu/drm/nouveau/nvkm/subdev/i2c/auxg94.o
  CC [M]  drivers/gpu/drm/nouveau/nvkm/subdev/i2c/auxgm200.o
  CC [M]  drivers/gpu/drm/nouveau/nvkm/subdev/i2c/anx9805.o
  CC [M]  drivers/gpu/drm/nouveau/nvkm/subdev/ibus/gf100.o
  CC [M]  drivers/gpu/drm/nouveau/nvkm/subdev/ibus/gf117.o
  CC [M]  drivers/gpu/drm/nouveau/nvkm/subdev/ibus/gk104.o
  CC [M]  drivers/gpu/drm/nouveau/nvkm/subdev/ibus/gk20a.o
  CC [M]  drivers/gpu/drm/nouveau/nvkm/subdev/ibus/gm200.o
  CC [M]  drivers/gpu/drm/nouveau/nvkm/subdev/iccsense/base.o
  CC [M]  drivers/gpu/drm/nouveau/nvkm/subdev/iccsense/gf100.o
  CC [M]  drivers/gpu/drm/nouveau/nvkm/subdev/instmem/base.o
  CC [M]  drivers/gpu/drm/nouveau/nvkm/subdev/instmem/nv04.o
  CC [M]  drivers/gpu/drm/nouveau/nvkm/subdev/instmem/nv40.o
  CC [M]  drivers/gpu/drm/nouveau/nvkm/subdev/instmem/nv50.o
  CC [M]  drivers/gpu/drm/nouveau/nvkm/subdev/instmem/gk20a.o
  CC [M]  drivers/gpu/drm/nouveau/nvkm/subdev/ltc/base.o
  CC [M]  drivers/gpu/drm/nouveau/nvkm/subdev/ltc/gf100.o
  CC [M]  drivers/gpu/drm/nouveau/nvkm/subdev/ltc/gk104.o
  CC [M]  drivers/gpu/drm/nouveau/nvkm/subdev/ltc/gm107.o
  CC [M]  drivers/gpu/drm/nouveau/nvkm/subdev/ltc/gm200.o
  CC [M]  drivers/gpu/drm/nouveau/nvkm/subdev/ltc/gp100.o
  CC [M]  drivers/gpu/drm/nouveau/nvkm/subdev/mc/base.o
  CC [M]  drivers/gpu/drm/nouveau/nvkm/subdev/mc/nv04.o
  CC [M]  drivers/gpu/drm/nouveau/nvkm/subdev/mc/nv11.o
  CC [M]  drivers/gpu/drm/nouveau/nvkm/subdev/mc/nv17.o
  CC [M]  drivers/gpu/drm/nouveau/nvkm/subdev/mc/nv44.o
  CC [M]  drivers/gpu/drm/nouveau/nvkm/subdev/mc/nv50.o
  CC [M]  drivers/gpu/drm/nouveau/nvkm/subdev/mc/g84.o
  CC [M]  drivers/gpu/drm/nouveau/nvkm/subdev/mc/g98.o
  CC [M]  drivers/gpu/drm/nouveau/nvkm/subdev/mc/gt215.o
  CC [M]  drivers/gpu/drm/nouveau/nvkm/subdev/mc/gf100.o
  CC [M]  drivers/gpu/drm/nouveau/nvkm/subdev/mc/gk104.o
  CC [M]  drivers/gpu/drm/nouveau/nvkm/subdev/mc/gk20a.o
  CC [M]  drivers/gpu/drm/nouveau/nvkm/subdev/mc/gp100.o
  CC [M]  drivers/gpu/drm/nouveau/nvkm/subdev/mmu/base.o
  CC [M]  drivers/gpu/drm/nouveau/nvkm/subdev/mmu/nv04.o
  CC [M]  drivers/gpu/drm/nouveau/nvkm/subdev/mmu/nv41.o
  CC [M]  drivers/gpu/drm/nouveau/nvkm/subdev/mmu/nv44.o
  CC [M]  drivers/gpu/drm/nouveau/nvkm/subdev/mmu/nv50.o
  CC [M]  drivers/gpu/drm/nouveau/nvkm/subdev/mmu/gf100.o
  CC [M]  drivers/gpu/drm/nouveau/nvkm/subdev/mxm/base.o
  CC [M]  drivers/gpu/drm/nouveau/nvkm/subdev/mxm/mxms.o
  CC [M]  drivers/gpu/drm/nouveau/nvkm/subdev/mxm/nv50.o
  CC [M]  drivers/gpu/drm/nouveau/nvkm/subdev/pci/agp.o
  CC [M]  drivers/gpu/drm/nouveau/nvkm/subdev/pci/base.o
  CC [M]  drivers/gpu/drm/nouveau/nvkm/subdev/pci/pcie.o
  CC [M]  drivers/gpu/drm/nouveau/nvkm/subdev/pci/nv04.o
  CC [M]  drivers/gpu/drm/nouveau/nvkm/subdev/pci/nv40.o
  CC [M]  drivers/gpu/drm/nouveau/nvkm/subdev/pci/nv46.o
  CC [M]  drivers/gpu/drm/nouveau/nvkm/subdev/pci/nv4c.o
  CC [M]  drivers/gpu/drm/nouveau/nvkm/subdev/pci/g84.o
  CC [M]  drivers/gpu/drm/nouveau/nvkm/subdev/pci/g94.o
  CC [M]  drivers/gpu/drm/nouveau/nvkm/subdev/pci/gf100.o
  CC [M]  drivers/gpu/drm/nouveau/nvkm/subdev/pci/gf106.o
  CC [M]  drivers/gpu/drm/nouveau/nvkm/subdev/pci/gk104.o
  CC [M]  drivers/gpu/drm/nouveau/nvkm/subdev/pci/gp100.o
  CC [M]  drivers/gpu/drm/nouveau/nvkm/subdev/pmu/base.o
  CC [M]  drivers/gpu/drm/nouveau/nvkm/subdev/pmu/memx.o
  CC [M]  drivers/gpu/drm/nouveau/nvkm/subdev/pmu/gt215.o
  CC [M]  drivers/gpu/drm/nouveau/nvkm/subdev/pmu/gf100.o
  CC [M]  drivers/gpu/drm/nouveau/nvkm/subdev/pmu/gf119.o
  CC [M]  drivers/gpu/drm/nouveau/nvkm/subdev/pmu/gk104.o
  CC [M]  drivers/gpu/drm/nouveau/nvkm/subdev/pmu/gk110.o
  CC [M]  drivers/gpu/drm/nouveau/nvkm/subdev/pmu/gk208.o
  CC [M]  drivers/gpu/drm/nouveau/nvkm/subdev/pmu/gk20a.o
  CC [M]  drivers/gpu/drm/nouveau/nvkm/subdev/pmu/gm107.o
  CC [M]  drivers/gpu/drm/nouveau/nvkm/subdev/pmu/gp100.o
  CC [M]  drivers/gpu/drm/nouveau/nvkm/subdev/pmu/gp102.o
  CC [M]  drivers/gpu/drm/nouveau/nvkm/subdev/secboot/base.o
  CC [M]  drivers/gpu/drm/nouveau/nvkm/subdev/secboot/gm200.o
  CC [M]  drivers/gpu/drm/nouveau/nvkm/subdev/secboot/gm20b.o
  CC [M]  drivers/gpu/drm/nouveau/nvkm/subdev/therm/base.o
  CC [M]  drivers/gpu/drm/nouveau/nvkm/subdev/therm/fan.o
  CC [M]  drivers/gpu/drm/nouveau/nvkm/subdev/therm/fannil.o
  CC [M]  drivers/gpu/drm/nouveau/nvkm/subdev/therm/fanpwm.o
  CC [M]  drivers/gpu/drm/nouveau/nvkm/subdev/therm/fantog.o
  CC [M]  drivers/gpu/drm/nouveau/nvkm/subdev/therm/ic.o
  CC [M]  drivers/gpu/drm/nouveau/nvkm/subdev/therm/temp.o
  CC [M]  drivers/gpu/drm/nouveau/nvkm/subdev/therm/nv40.o
  CC [M]  drivers/gpu/drm/nouveau/nvkm/subdev/therm/nv50.o
  CC [M]  drivers/gpu/drm/nouveau/nvkm/subdev/therm/g84.o
  CC [M]  drivers/gpu/drm/nouveau/nvkm/subdev/therm/gt215.o
  CC [M]  drivers/gpu/drm/nouveau/nvkm/subdev/therm/gf119.o
  CC [M]  drivers/gpu/drm/nouveau/nvkm/subdev/therm/gm107.o
  CC [M]  drivers/gpu/drm/nouveau/nvkm/subdev/timer/base.o
  CC [M]  drivers/gpu/drm/nouveau/nvkm/subdev/timer/nv04.o
  CC [M]  drivers/gpu/drm/nouveau/nvkm/subdev/timer/nv40.o
  CC [M]  drivers/gpu/drm/nouveau/nvkm/subdev/timer/nv41.o
  CC [M]  drivers/gpu/drm/nouveau/nvkm/subdev/timer/gk20a.o
  CC [M]  drivers/gpu/drm/nouveau/nvkm/subdev/top/base.o
  CC [M]  drivers/gpu/drm/nouveau/nvkm/subdev/top/gk104.o
  CC [M]  drivers/gpu/drm/nouveau/nvkm/subdev/volt/base.o
  CC [M]  drivers/gpu/drm/nouveau/nvkm/subdev/volt/gpio.o
  CC [M]  drivers/gpu/drm/nouveau/nvkm/subdev/volt/nv40.o
  CC [M]  drivers/gpu/drm/nouveau/nvkm/subdev/volt/gf100.o
  CC [M]  drivers/gpu/drm/nouveau/nvkm/subdev/volt/gk104.o
  CC [M]  drivers/gpu/drm/nouveau/nvkm/subdev/volt/gk20a.o
  CC [M]  drivers/gpu/drm/nouveau/nvkm/subdev/volt/gm20b.o
  CC [M]  drivers/gpu/drm/nouveau/nvkm/engine/falcon.o
  CC [M]  drivers/gpu/drm/nouveau/nvkm/engine/xtensa.o
  CC [M]  drivers/gpu/drm/nouveau/nvkm/engine/bsp/g84.o
  CC [M]  drivers/gpu/drm/nouveau/nvkm/engine/ce/gt215.o
  CC [M]  drivers/gpu/drm/nouveau/nvkm/engine/ce/gf100.o
  CC [M]  drivers/gpu/drm/nouveau/nvkm/engine/ce/gk104.o
  CC [M]  drivers/gpu/drm/nouveau/nvkm/engine/ce/gm107.o
  CC [M]  drivers/gpu/drm/nouveau/nvkm/engine/ce/gm200.o
  CC [M]  drivers/gpu/drm/nouveau/nvkm/engine/ce/gp100.o
  CC [M]  drivers/gpu/drm/nouveau/nvkm/engine/ce/gp102.o
  CC [M]  drivers/gpu/drm/nouveau/nvkm/engine/cipher/g84.o
  CC [M]  drivers/gpu/drm/nouveau/nvkm/engine/device/acpi.o
  CC [M]  drivers/gpu/drm/nouveau/nvkm/engine/device/base.o
  CC [M]  drivers/gpu/drm/nouveau/nvkm/engine/device/ctrl.o
  CC [M]  drivers/gpu/drm/nouveau/nvkm/engine/device/pci.o
  CC [M]  drivers/gpu/drm/nouveau/nvkm/engine/device/tegra.o
  CC [M]  drivers/gpu/drm/nouveau/nvkm/engine/device/user.o
  CC [M]  drivers/gpu/drm/nouveau/nvkm/engine/disp/base.o
  CC [M]  drivers/gpu/drm/nouveau/nvkm/engine/disp/nv04.o
  CC [M]  drivers/gpu/drm/nouveau/nvkm/engine/disp/nv50.o
  CC [M]  drivers/gpu/drm/nouveau/nvkm/engine/disp/g84.o
  CC [M]  drivers/gpu/drm/nouveau/nvkm/engine/disp/g94.o
  CC [M]  drivers/gpu/drm/nouveau/nvkm/engine/disp/gt200.o
  CC [M]  drivers/gpu/drm/nouveau/nvkm/engine/disp/gt215.o
  CC [M]  drivers/gpu/drm/nouveau/nvkm/engine/disp/gf119.o
  CC [M]  drivers/gpu/drm/nouveau/nvkm/engine/disp/gk104.o
  CC [M]  drivers/gpu/drm/nouveau/nvkm/engine/disp/gk110.o
  CC [M]  drivers/gpu/drm/nouveau/nvkm/engine/disp/gm107.o
  CC [M]  drivers/gpu/drm/nouveau/nvkm/engine/disp/gm200.o
  CC [M]  drivers/gpu/drm/nouveau/nvkm/engine/disp/gp100.o
  CC [M]  drivers/gpu/drm/nouveau/nvkm/engine/disp/gp102.o
  CC [M]  drivers/gpu/drm/nouveau/nvkm/engine/disp/outp.o
  CC [M]  drivers/gpu/drm/nouveau/nvkm/engine/disp/outpdp.o
  CC [M]  drivers/gpu/drm/nouveau/nvkm/engine/disp/dacnv50.o
  CC [M]  drivers/gpu/drm/nouveau/nvkm/engine/disp/piornv50.o
  CC [M]  drivers/gpu/drm/nouveau/nvkm/engine/disp/sornv50.o
  CC [M]  drivers/gpu/drm/nouveau/nvkm/engine/disp/sorg94.o
  CC [M]  drivers/gpu/drm/nouveau/nvkm/engine/disp/sorgf119.o
  CC [M]  drivers/gpu/drm/nouveau/nvkm/engine/disp/sorgm107.o
  CC [M]  drivers/gpu/drm/nouveau/nvkm/engine/disp/sorgm200.o
  CC [M]  drivers/gpu/drm/nouveau/nvkm/engine/disp/dport.o
  CC [M]  drivers/gpu/drm/nouveau/nvkm/engine/disp/conn.o
  CC [M]  drivers/gpu/drm/nouveau/nvkm/engine/disp/hdagt215.o
  CC [M]  drivers/gpu/drm/nouveau/nvkm/engine/disp/hdagf119.o
  CC [M]  drivers/gpu/drm/nouveau/nvkm/engine/disp/hdmig84.o
  CC [M]  drivers/gpu/drm/nouveau/nvkm/engine/disp/hdmigt215.o
  CC [M]  drivers/gpu/drm/nouveau/nvkm/engine/disp/hdmigf119.o
  CC [M]  drivers/gpu/drm/nouveau/nvkm/engine/disp/hdmigk104.o
  CC [M]  drivers/gpu/drm/nouveau/nvkm/engine/disp/vga.o
  CC [M]  drivers/gpu/drm/nouveau/nvkm/engine/disp/rootnv04.o
  CC [M]  drivers/gpu/drm/nouveau/nvkm/engine/disp/rootnv50.o
  CC [M]  drivers/gpu/drm/nouveau/nvkm/engine/disp/rootg84.o
  CC [M]  drivers/gpu/drm/nouveau/nvkm/engine/disp/rootg94.o
  CC [M]  drivers/gpu/drm/nouveau/nvkm/engine/disp/rootgt200.o
  CC [M]  drivers/gpu/drm/nouveau/nvkm/engine/disp/rootgt215.o
  CC [M]  drivers/gpu/drm/nouveau/nvkm/engine/disp/rootgf119.o
  CC [M]  drivers/gpu/drm/nouveau/nvkm/engine/disp/rootgk104.o
  CC [M]  drivers/gpu/drm/nouveau/nvkm/engine/disp/rootgk110.o
  CC [M]  drivers/gpu/drm/nouveau/nvkm/engine/disp/rootgm107.o
  CC [M]  drivers/gpu/drm/nouveau/nvkm/engine/disp/rootgm200.o
  CC [M]  drivers/gpu/drm/nouveau/nvkm/engine/disp/rootgp100.o
  CC [M]  drivers/gpu/drm/nouveau/nvkm/engine/disp/rootgp102.o
  CC [M]  drivers/gpu/drm/nouveau/nvkm/engine/disp/channv50.o
  CC [M]  drivers/gpu/drm/nouveau/nvkm/engine/disp/changf119.o
  CC [M]  drivers/gpu/drm/nouveau/nvkm/engine/disp/dmacnv50.o
  CC [M]  drivers/gpu/drm/nouveau/nvkm/engine/disp/dmacgf119.o
  CC [M]  drivers/gpu/drm/nouveau/nvkm/engine/disp/dmacgp102.o
  CC [M]  drivers/gpu/drm/nouveau/nvkm/engine/disp/basenv50.o
  CC [M]  drivers/gpu/drm/nouveau/nvkm/engine/disp/baseg84.o
  CC [M]  drivers/gpu/drm/nouveau/nvkm/engine/disp/basegt200.o
  CC [M]  drivers/gpu/drm/nouveau/nvkm/engine/disp/basegt215.o
  CC [M]  drivers/gpu/drm/nouveau/nvkm/engine/disp/basegf119.o
  CC [M]  drivers/gpu/drm/nouveau/nvkm/engine/disp/basegk104.o
  CC [M]  drivers/gpu/drm/nouveau/nvkm/engine/disp/basegk110.o
  CC [M]  drivers/gpu/drm/nouveau/nvkm/engine/disp/basegp102.o
  CC [M]  drivers/gpu/drm/nouveau/nvkm/engine/disp/corenv50.o
  CC [M]  drivers/gpu/drm/nouveau/nvkm/engine/disp/coreg84.o
  CC [M]  drivers/gpu/drm/nouveau/nvkm/engine/disp/coreg94.o
  CC [M]  drivers/gpu/drm/nouveau/nvkm/engine/disp/coregt200.o
  CC [M]  drivers/gpu/drm/nouveau/nvkm/engine/disp/coregt215.o
  CC [M]  drivers/gpu/drm/nouveau/nvkm/engine/disp/coregf119.o
  CC [M]  drivers/gpu/drm/nouveau/nvkm/engine/disp/coregk104.o
  CC [M]  drivers/gpu/drm/nouveau/nvkm/engine/disp/coregk110.o
  CC [M]  drivers/gpu/drm/nouveau/nvkm/engine/disp/coregm107.o
  CC [M]  drivers/gpu/drm/nouveau/nvkm/engine/disp/coregm200.o
  CC [M]  drivers/gpu/drm/nouveau/nvkm/engine/disp/coregp100.o
  CC [M]  drivers/gpu/drm/nouveau/nvkm/engine/disp/coregp102.o
  CC [M]  drivers/gpu/drm/nouveau/nvkm/engine/disp/ovlynv50.o
  CC [M]  drivers/gpu/drm/nouveau/nvkm/engine/disp/ovlyg84.o
  CC [M]  drivers/gpu/drm/nouveau/nvkm/engine/disp/ovlygt200.o
  CC [M]  drivers/gpu/drm/nouveau/nvkm/engine/disp/ovlygt215.o
  CC [M]  drivers/gpu/drm/nouveau/nvkm/engine/disp/ovlygf119.o
  CC [M]  drivers/gpu/drm/nouveau/nvkm/engine/disp/ovlygk104.o
  CC [M]  drivers/gpu/drm/nouveau/nvkm/engine/disp/ovlygp102.o
  CC [M]  drivers/gpu/drm/nouveau/nvkm/engine/disp/piocnv50.o
  CC [M]  drivers/gpu/drm/nouveau/nvkm/engine/disp/piocgf119.o
  CC [M]  drivers/gpu/drm/nouveau/nvkm/engine/disp/cursnv50.o
  CC [M]  drivers/gpu/drm/nouveau/nvkm/engine/disp/cursg84.o
  CC [M]  drivers/gpu/drm/nouveau/nvkm/engine/disp/cursgt215.o
  CC [M]  drivers/gpu/drm/nouveau/nvkm/engine/disp/cursgf119.o
  CC [M]  drivers/gpu/drm/nouveau/nvkm/engine/disp/cursgk104.o
  CC [M]  drivers/gpu/drm/nouveau/nvkm/engine/disp/cursgp102.o
  CC [M]  drivers/gpu/drm/nouveau/nvkm/engine/disp/oimmnv50.o
  CC [M]  drivers/gpu/drm/nouveau/nvkm/engine/disp/oimmg84.o
  CC [M]  drivers/gpu/drm/nouveau/nvkm/engine/disp/oimmgt215.o
  CC [M]  drivers/gpu/drm/nouveau/nvkm/engine/disp/oimmgf119.o
  CC [M]  drivers/gpu/drm/nouveau/nvkm/engine/disp/oimmgk104.o
  CC [M]  drivers/gpu/drm/nouveau/nvkm/engine/disp/oimmgp102.o
  CC [M]  drivers/gpu/drm/nouveau/nvkm/engine/dma/base.o
  CC [M]  drivers/gpu/drm/nouveau/nvkm/engine/dma/nv04.o
  CC [M]  drivers/gpu/drm/nouveau/nvkm/engine/dma/nv50.o
  CC [M]  drivers/gpu/drm/nouveau/nvkm/engine/dma/gf100.o
  CC [M]  drivers/gpu/drm/nouveau/nvkm/engine/dma/gf119.o
  CC [M]  drivers/gpu/drm/nouveau/nvkm/engine/dma/user.o
  CC [M]  drivers/gpu/drm/nouveau/nvkm/engine/dma/usernv04.o
  CC [M]  drivers/gpu/drm/nouveau/nvkm/engine/dma/usernv50.o
  CC [M]  drivers/gpu/drm/nouveau/nvkm/engine/dma/usergf100.o
  CC [M]  drivers/gpu/drm/nouveau/nvkm/engine/dma/usergf119.o
  CC [M]  drivers/gpu/drm/nouveau/nvkm/engine/fifo/base.o
  CC [M]  drivers/gpu/drm/nouveau/nvkm/engine/fifo/nv04.o
  CC [M]  drivers/gpu/drm/nouveau/nvkm/engine/fifo/nv10.o
  CC [M]  drivers/gpu/drm/nouveau/nvkm/engine/fifo/nv17.o
  CC [M]  drivers/gpu/drm/nouveau/nvkm/engine/fifo/nv40.o
  CC [M]  drivers/gpu/drm/nouveau/nvkm/engine/fifo/nv50.o
  CC [M]  drivers/gpu/drm/nouveau/nvkm/engine/fifo/g84.o
  CC [M]  drivers/gpu/drm/nouveau/nvkm/engine/fifo/gf100.o
  CC [M]  drivers/gpu/drm/nouveau/nvkm/engine/fifo/gk104.o
  CC [M]  drivers/gpu/drm/nouveau/nvkm/engine/fifo/gk110.o
  CC [M]  drivers/gpu/drm/nouveau/nvkm/engine/fifo/gk208.o
  CC [M]  drivers/gpu/drm/nouveau/nvkm/engine/fifo/gk20a.o
  CC [M]  drivers/gpu/drm/nouveau/nvkm/engine/fifo/gm107.o
  CC [M]  drivers/gpu/drm/nouveau/nvkm/engine/fifo/gm200.o
  CC [M]  drivers/gpu/drm/nouveau/nvkm/engine/fifo/gm20b.o
  CC [M]  drivers/gpu/drm/nouveau/nvkm/engine/fifo/gp100.o
  CC [M]  drivers/gpu/drm/nouveau/nvkm/engine/fifo/chan.o
  CC [M]  drivers/gpu/drm/nouveau/nvkm/engine/fifo/channv50.o
  CC [M]  drivers/gpu/drm/nouveau/nvkm/engine/fifo/chang84.o
  CC [M]  drivers/gpu/drm/nouveau/nvkm/engine/fifo/dmanv04.o
  CC [M]  drivers/gpu/drm/nouveau/nvkm/engine/fifo/dmanv10.o
  CC [M]  drivers/gpu/drm/nouveau/nvkm/engine/fifo/dmanv17.o
  CC [M]  drivers/gpu/drm/nouveau/nvkm/engine/fifo/dmanv40.o
  CC [M]  drivers/gpu/drm/nouveau/nvkm/engine/fifo/dmanv50.o
  CC [M]  drivers/gpu/drm/nouveau/nvkm/engine/fifo/dmag84.o
  CC [M]  drivers/gpu/drm/nouveau/nvkm/engine/fifo/gpfifonv50.o
  CC [M]  drivers/gpu/drm/nouveau/nvkm/engine/fifo/gpfifog84.o
  CC [M]  drivers/gpu/drm/nouveau/nvkm/engine/fifo/gpfifogf100.o
  CC [M]  drivers/gpu/drm/nouveau/nvkm/engine/fifo/gpfifogk104.o
  CC [M]  drivers/gpu/drm/nouveau/nvkm/engine/fifo/gpfifogk110.o
  CC [M]  drivers/gpu/drm/nouveau/nvkm/engine/fifo/gpfifogm200.o
  CC [M]  drivers/gpu/drm/nouveau/nvkm/engine/fifo/gpfifogp100.o
  CC [M]  drivers/gpu/drm/nouveau/nvkm/engine/gr/base.o
  CC [M]  drivers/gpu/drm/nouveau/nvkm/engine/gr/nv04.o
  CC [M]  drivers/gpu/drm/nouveau/nvkm/engine/gr/nv10.o
  CC [M]  drivers/gpu/drm/nouveau/nvkm/engine/gr/nv15.o
  CC [M]  drivers/gpu/drm/nouveau/nvkm/engine/gr/nv17.o
  CC [M]  drivers/gpu/drm/nouveau/nvkm/engine/gr/nv20.o
  CC [M]  drivers/gpu/drm/nouveau/nvkm/engine/gr/nv25.o
  CC [M]  drivers/gpu/drm/nouveau/nvkm/engine/gr/nv2a.o
  CC [M]  drivers/gpu/drm/nouveau/nvkm/engine/gr/nv30.o
  CC [M]  drivers/gpu/drm/nouveau/nvkm/engine/gr/nv34.o
  CC [M]  drivers/gpu/drm/nouveau/nvkm/engine/gr/nv35.o
  CC [M]  drivers/gpu/drm/nouveau/nvkm/engine/gr/nv40.o
  CC [M]  drivers/gpu/drm/nouveau/nvkm/engine/gr/nv44.o
  CC [M]  drivers/gpu/drm/nouveau/nvkm/engine/gr/nv50.o
  CC [M]  drivers/gpu/drm/nouveau/nvkm/engine/gr/g84.o
  CC [M]  drivers/gpu/drm/nouveau/nvkm/engine/gr/gt200.o
  CC [M]  drivers/gpu/drm/nouveau/nvkm/engine/gr/mcp79.o
  CC [M]  drivers/gpu/drm/nouveau/nvkm/engine/gr/gt215.o
  CC [M]  drivers/gpu/drm/nouveau/nvkm/engine/gr/mcp89.o
  CC [M]  drivers/gpu/drm/nouveau/nvkm/engine/gr/gf100.o
  CC [M]  drivers/gpu/drm/nouveau/nvkm/engine/gr/gf104.o
  CC [M]  drivers/gpu/drm/nouveau/nvkm/engine/gr/gf108.o
  CC [M]  drivers/gpu/drm/nouveau/nvkm/engine/gr/gf110.o
  CC [M]  drivers/gpu/drm/nouveau/nvkm/engine/gr/gf117.o
  CC [M]  drivers/gpu/drm/nouveau/nvkm/engine/gr/gf119.o
  CC [M]  drivers/gpu/drm/nouveau/nvkm/engine/gr/gk104.o
  CC [M]  drivers/gpu/drm/nouveau/nvkm/engine/gr/gk110.o
  CC [M]  drivers/gpu/drm/nouveau/nvkm/engine/gr/gk110b.o
  CC [M]  drivers/gpu/drm/nouveau/nvkm/engine/gr/gk208.o
  CC [M]  drivers/gpu/drm/nouveau/nvkm/engine/gr/gk20a.o
  CC [M]  drivers/gpu/drm/nouveau/nvkm/engine/gr/gm107.o
  CC [M]  drivers/gpu/drm/nouveau/nvkm/engine/gr/gm200.o
  CC [M]  drivers/gpu/drm/nouveau/nvkm/engine/gr/gm20b.o
  CC [M]  drivers/gpu/drm/nouveau/nvkm/engine/gr/gp100.o
  CC [M]  drivers/gpu/drm/nouveau/nvkm/engine/gr/ctxnv40.o
  CC [M]  drivers/gpu/drm/nouveau/nvkm/engine/gr/ctxnv50.o
  CC [M]  drivers/gpu/drm/nouveau/nvkm/engine/gr/ctxgf100.o
  CC [M]  drivers/gpu/drm/nouveau/nvkm/engine/gr/ctxgf104.o
  CC [M]  drivers/gpu/drm/nouveau/nvkm/engine/gr/ctxgf108.o
  CC [M]  drivers/gpu/drm/nouveau/nvkm/engine/gr/ctxgf110.o
  CC [M]  drivers/gpu/drm/nouveau/nvkm/engine/gr/ctxgf117.o
  CC [M]  drivers/gpu/drm/nouveau/nvkm/engine/gr/ctxgf119.o
  CC [M]  drivers/gpu/drm/nouveau/nvkm/engine/gr/ctxgk104.o
  CC [M]  drivers/gpu/drm/nouveau/nvkm/engine/gr/ctxgk110.o
  CC [M]  drivers/gpu/drm/nouveau/nvkm/engine/gr/ctxgk110b.o
  CC [M]  drivers/gpu/drm/nouveau/nvkm/engine/gr/ctxgk208.o
  CC [M]  drivers/gpu/drm/nouveau/nvkm/engine/gr/ctxgk20a.o
  CC [M]  drivers/gpu/drm/nouveau/nvkm/engine/gr/ctxgm107.o
  CC [M]  drivers/gpu/drm/nouveau/nvkm/engine/gr/ctxgm200.o
  CC [M]  drivers/gpu/drm/nouveau/nvkm/engine/gr/ctxgm20b.o
  CC [M]  drivers/gpu/drm/nouveau/nvkm/engine/gr/ctxgp100.o
  CC [M]  drivers/gpu/drm/nouveau/nvkm/engine/mpeg/nv31.o
  CC [M]  drivers/gpu/drm/nouveau/nvkm/engine/mpeg/nv40.o
  CC [M]  drivers/gpu/drm/nouveau/nvkm/engine/mpeg/nv44.o
  CC [M]  drivers/gpu/drm/nouveau/nvkm/engine/mpeg/nv50.o
  CC [M]  drivers/gpu/drm/nouveau/nvkm/engine/mpeg/g84.o
  CC [M]  drivers/gpu/drm/nouveau/nvkm/engine/mspdec/base.o
  CC [M]  drivers/gpu/drm/nouveau/nvkm/engine/mspdec/g98.o
  CC [M]  drivers/gpu/drm/nouveau/nvkm/engine/mspdec/gt215.o
  CC [M]  drivers/gpu/drm/nouveau/nvkm/engine/mspdec/gf100.o
  CC [M]  drivers/gpu/drm/nouveau/nvkm/engine/mspdec/gk104.o
  CC [M]  drivers/gpu/drm/nouveau/nvkm/engine/msppp/base.o
  CC [M]  drivers/gpu/drm/nouveau/nvkm/engine/msppp/g98.o
  CC [M]  drivers/gpu/drm/nouveau/nvkm/engine/msppp/gt215.o
  CC [M]  drivers/gpu/drm/nouveau/nvkm/engine/msppp/gf100.o
  CC [M]  drivers/gpu/drm/nouveau/nvkm/engine/msvld/base.o
  CC [M]  drivers/gpu/drm/nouveau/nvkm/engine/msvld/g98.o
  CC [M]  drivers/gpu/drm/nouveau/nvkm/engine/msvld/gt215.o
  CC [M]  drivers/gpu/drm/nouveau/nvkm/engine/msvld/mcp89.o
  CC [M]  drivers/gpu/drm/nouveau/nvkm/engine/msvld/gf100.o
  CC [M]  drivers/gpu/drm/nouveau/nvkm/engine/msvld/gk104.o
  CC [M]  drivers/gpu/drm/nouveau/nvkm/engine/pm/base.o
  CC [M]  drivers/gpu/drm/nouveau/nvkm/engine/pm/nv40.o
  CC [M]  drivers/gpu/drm/nouveau/nvkm/engine/pm/nv50.o
  CC [M]  drivers/gpu/drm/nouveau/nvkm/engine/pm/g84.o
  CC [M]  drivers/gpu/drm/nouveau/nvkm/engine/pm/gt200.o
  CC [M]  drivers/gpu/drm/nouveau/nvkm/engine/pm/gt215.o
  CC [M]  drivers/gpu/drm/nouveau/nvkm/engine/pm/gf100.o
  CC [M]  drivers/gpu/drm/nouveau/nvkm/engine/pm/gf108.o
  CC [M]  drivers/gpu/drm/nouveau/nvkm/engine/pm/gf117.o
  CC [M]  drivers/gpu/drm/nouveau/nvkm/engine/pm/gk104.o
  CC [M]  drivers/gpu/drm/nouveau/nvkm/engine/sec/g98.o
  CC [M]  drivers/gpu/drm/nouveau/nvkm/engine/sw/base.o
  CC [M]  drivers/gpu/drm/nouveau/nvkm/engine/sw/nv04.o
  CC [M]  drivers/gpu/drm/nouveau/nvkm/engine/sw/nv10.o
  CC [M]  drivers/gpu/drm/nouveau/nvkm/engine/sw/nv50.o
  CC [M]  drivers/gpu/drm/nouveau/nvkm/engine/sw/gf100.o
  CC [M]  drivers/gpu/drm/nouveau/nvkm/engine/sw/chan.o
  CC [M]  drivers/gpu/drm/nouveau/nvkm/engine/sw/nvsw.o
  CC [M]  drivers/gpu/drm/nouveau/nvkm/engine/vp/g84.o
  CC [M]  drivers/gpu/drm/nouveau/nouveau_acpi.o
  CC [M]  drivers/gpu/drm/nouveau/nouveau_debugfs.o
  CC [M]  drivers/gpu/drm/nouveau/nouveau_drm.o
  CC [M]  drivers/gpu/drm/nouveau/nouveau_hwmon.o
  CC [M]  drivers/gpu/drm/nouveau/nouveau_ioc32.o
  CC [M]  drivers/gpu/drm/nouveau/nouveau_nvif.o
  CC [M]  drivers/gpu/drm/nouveau/nouveau_usif.o
  CC [M]  drivers/gpu/drm/nouveau/nouveau_vga.o
  CC [M]  drivers/gpu/drm/nouveau/nouveau_bo.o
  CC [M]  drivers/gpu/drm/nouveau/nouveau_gem.o
  CC [M]  drivers/gpu/drm/nouveau/nouveau_prime.o
  CC [M]  drivers/gpu/drm/nouveau/nouveau_sgdma.o
  CC [M]  drivers/gpu/drm/nouveau/nouveau_ttm.o
  CC [M]  drivers/gpu/drm/nouveau/nouveau_backlight.o
  CC [M]  drivers/gpu/drm/nouveau/nouveau_connector.o
  CC [M]  drivers/gpu/drm/nouveau/nouveau_display.o
  CC [M]  drivers/gpu/drm/nouveau/nv50_display.o
  CC [M]  drivers/gpu/drm/nouveau/nouveau_dp.o
  CC [M]  drivers/gpu/drm/nouveau/nouveau_fbcon.o
  CC [M]  drivers/gpu/drm/nouveau/nv04_fbcon.o
  CC [M]  drivers/gpu/drm/nouveau/nv50_fbcon.o
  CC [M]  drivers/gpu/drm/nouveau/nvc0_fbcon.o
  CC [M]  drivers/gpu/drm/nouveau/nouveau_abi16.o
  CC [M]  drivers/gpu/drm/nouveau/nouveau_chan.o
  CC [M]  drivers/gpu/drm/nouveau/nouveau_dma.o
  CC [M]  drivers/gpu/drm/nouveau/nouveau_fence.o
  CC [M]  drivers/gpu/drm/nouveau/nv04_fence.o
  CC [M]  drivers/gpu/drm/nouveau/nv10_fence.o
  CC [M]  drivers/gpu/drm/nouveau/nv17_fence.o
  CC [M]  drivers/gpu/drm/nouveau/nv50_fence.o
  CC [M]  drivers/gpu/drm/nouveau/nv84_fence.o
  CC [M]  drivers/gpu/drm/nouveau/nvc0_fence.o
  CC [M]  drivers/gpu/drm/nouveau/nouveau_bios.o
  CC [M]  drivers/gpu/drm/nouveau/dispnv04/arb.o
  CC [M]  drivers/gpu/drm/nouveau/dispnv04/crtc.o
  CC [M]  drivers/gpu/drm/nouveau/dispnv04/cursor.o
  CC [M]  drivers/gpu/drm/nouveau/dispnv04/dac.o
  CC [M]  drivers/gpu/drm/nouveau/dispnv04/dfp.o
  CC [M]  drivers/gpu/drm/nouveau/dispnv04/disp.o
  CC [M]  drivers/gpu/drm/nouveau/dispnv04/hw.o
  CC [M]  drivers/gpu/drm/nouveau/dispnv04/overlay.o
  CC [M]  drivers/gpu/drm/nouveau/dispnv04/tvmodesnv17.o
  CC [M]  drivers/gpu/drm/nouveau/dispnv04/tvnv04.o
  CC [M]  drivers/gpu/drm/nouveau/dispnv04/tvnv17.o
  CC [M]  drivers/gpu/drm/nouveau/nouveau_led.o
  LD [M]  drivers/gpu/drm/nouveau/nouveau.o
  LD      drivers/gpu/drm/omapdrm/displays/built-in.o
  LD      drivers/gpu/drm/omapdrm/dss/built-in.o
  LD      drivers/gpu/drm/omapdrm/built-in.o
  LD      drivers/gpu/drm/panel/built-in.o
  LD      drivers/gpu/drm/qxl/built-in.o
  CC [M]  drivers/gpu/drm/qxl/qxl_drv.o
  CC [M]  drivers/gpu/drm/qxl/qxl_kms.o
  CC [M]  drivers/gpu/drm/qxl/qxl_display.o
  CC [M]  drivers/gpu/drm/qxl/qxl_ttm.o
  CC [M]  drivers/gpu/drm/qxl/qxl_fb.o
  CC [M]  drivers/gpu/drm/qxl/qxl_object.o
  CC [M]  drivers/gpu/drm/qxl/qxl_gem.o
  CC [M]  drivers/gpu/drm/qxl/qxl_cmd.o
  CC [M]  drivers/gpu/drm/qxl/qxl_image.o
  CC [M]  drivers/gpu/drm/qxl/qxl_draw.o
  CC [M]  drivers/gpu/drm/qxl/qxl_debugfs.o
  CC [M]  drivers/gpu/drm/qxl/qxl_irq.o
  CC [M]  drivers/gpu/drm/qxl/qxl_dumb.o
  CC [M]  drivers/gpu/drm/qxl/qxl_ioctl.o
  CC [M]  drivers/gpu/drm/qxl/qxl_release.o
  CC [M]  drivers/gpu/drm/qxl/qxl_prime.o
  LD [M]  drivers/gpu/drm/qxl/qxl.o
  LD      drivers/gpu/drm/radeon/built-in.o
  CC [M]  drivers/gpu/drm/radeon/radeon_drv.o
  CC [M]  drivers/gpu/drm/radeon/radeon_device.o
  CC [M]  drivers/gpu/drm/radeon/radeon_asic.o
  CC [M]  drivers/gpu/drm/radeon/radeon_kms.o
  CC [M]  drivers/gpu/drm/radeon/radeon_atombios.o
  CC [M]  drivers/gpu/drm/radeon/radeon_agp.o
  CC [M]  drivers/gpu/drm/radeon/atombios_crtc.o
  CC [M]  drivers/gpu/drm/radeon/radeon_combios.o
  CC [M]  drivers/gpu/drm/radeon/atom.o
  CC [M]  drivers/gpu/drm/radeon/radeon_fence.o
  CC [M]  drivers/gpu/drm/radeon/radeon_ttm.o
  CC [M]  drivers/gpu/drm/radeon/radeon_object.o
  CC [M]  drivers/gpu/drm/radeon/radeon_gart.o
  CC [M]  drivers/gpu/drm/radeon/radeon_legacy_crtc.o
  CC [M]  drivers/gpu/drm/radeon/radeon_legacy_encoders.o
  CC [M]  drivers/gpu/drm/radeon/radeon_connectors.o
  CC [M]  drivers/gpu/drm/radeon/radeon_encoders.o
  CC [M]  drivers/gpu/drm/radeon/radeon_display.o
  CC [M]  drivers/gpu/drm/radeon/radeon_cursor.o
  CC [M]  drivers/gpu/drm/radeon/radeon_i2c.o
  CC [M]  drivers/gpu/drm/radeon/radeon_clocks.o
  CC [M]  drivers/gpu/drm/radeon/radeon_fb.o
  CC [M]  drivers/gpu/drm/radeon/radeon_gem.o
  CC [M]  drivers/gpu/drm/radeon/radeon_ring.o
  CC [M]  drivers/gpu/drm/radeon/radeon_irq_kms.o
  CC [M]  drivers/gpu/drm/radeon/radeon_cs.o
  CC [M]  drivers/gpu/drm/radeon/radeon_bios.o
  CC [M]  drivers/gpu/drm/radeon/radeon_benchmark.o
  HOSTCC  drivers/gpu/drm/radeon/mkregtable
  CC [M]  drivers/gpu/drm/radeon/rs400.o
  MKREGTABLE drivers/gpu/drm/radeon/rs600_reg_safe.h
  CC [M]  drivers/gpu/drm/radeon/rs690.o
  MKREGTABLE drivers/gpu/drm/radeon/rv515_reg_safe.h
  CC [M]  drivers/gpu/drm/radeon/r520.o
  CC [M]  drivers/gpu/drm/radeon/r600.o
  CC [M]  drivers/gpu/drm/radeon/rv770.o
  CC [M]  drivers/gpu/drm/radeon/radeon_test.o
  MKREGTABLE drivers/gpu/drm/radeon/r200_reg_safe.h
  CC [M]  drivers/gpu/drm/radeon/radeon_legacy_tv.o
  MKREGTABLE drivers/gpu/drm/radeon/r600_reg_safe.h
  CC [M]  drivers/gpu/drm/radeon/r600_blit_shaders.o
  CC [M]  drivers/gpu/drm/radeon/radeon_pm.o
  CC [M]  drivers/gpu/drm/radeon/atombios_dp.o
  CC [M]  drivers/gpu/drm/radeon/r600_hdmi.o
  CC [M]  drivers/gpu/drm/radeon/dce3_1_afmt.o
  CC [M]  drivers/gpu/drm/radeon/evergreen.o
  MKREGTABLE drivers/gpu/drm/radeon/evergreen_reg_safe.h
  MKREGTABLE drivers/gpu/drm/radeon/cayman_reg_safe.h
  CC [M]  drivers/gpu/drm/radeon/evergreen_blit_shaders.o
  CC [M]  drivers/gpu/drm/radeon/evergreen_hdmi.o
  CC [M]  drivers/gpu/drm/radeon/radeon_trace_points.o
  CC [M]  drivers/gpu/drm/radeon/ni.o
  CC [M]  drivers/gpu/drm/radeon/cayman_blit_shaders.o
  CC [M]  drivers/gpu/drm/radeon/atombios_encoders.o
  CC [M]  drivers/gpu/drm/radeon/radeon_semaphore.o
  CC [M]  drivers/gpu/drm/radeon/radeon_sa.o
  CC [M]  drivers/gpu/drm/radeon/atombios_i2c.o
  CC [M]  drivers/gpu/drm/radeon/si.o
  CC [M]  drivers/gpu/drm/radeon/si_blit_shaders.o
  CC [M]  drivers/gpu/drm/radeon/radeon_prime.o
  CC [M]  drivers/gpu/drm/radeon/cik.o
  CC [M]  drivers/gpu/drm/radeon/cik_blit_shaders.o
  CC [M]  drivers/gpu/drm/radeon/r600_dpm.o
  CC [M]  drivers/gpu/drm/radeon/rs780_dpm.o
  CC [M]  drivers/gpu/drm/radeon/rv6xx_dpm.o
  CC [M]  drivers/gpu/drm/radeon/rv770_dpm.o
  CC [M]  drivers/gpu/drm/radeon/rv730_dpm.o
  CC [M]  drivers/gpu/drm/radeon/rv740_dpm.o
  CC [M]  drivers/gpu/drm/radeon/rv770_smc.o
  CC [M]  drivers/gpu/drm/radeon/cypress_dpm.o
  CC [M]  drivers/gpu/drm/radeon/btc_dpm.o
  CC [M]  drivers/gpu/drm/radeon/sumo_dpm.o
  CC [M]  drivers/gpu/drm/radeon/sumo_smc.o
  CC [M]  drivers/gpu/drm/radeon/trinity_dpm.o
  CC [M]  drivers/gpu/drm/radeon/trinity_smc.o
  CC [M]  drivers/gpu/drm/radeon/ni_dpm.o
  CC [M]  drivers/gpu/drm/radeon/si_smc.o
  CC [M]  drivers/gpu/drm/radeon/si_dpm.o
  CC [M]  drivers/gpu/drm/radeon/kv_smc.o
  CC [M]  drivers/gpu/drm/radeon/kv_dpm.o
  CC [M]  drivers/gpu/drm/radeon/ci_smc.o
  CC [M]  drivers/gpu/drm/radeon/ci_dpm.o
  CC [M]  drivers/gpu/drm/radeon/dce6_afmt.o
  CC [M]  drivers/gpu/drm/radeon/radeon_vm.o
  CC [M]  drivers/gpu/drm/radeon/radeon_ucode.o
  CC [M]  drivers/gpu/drm/radeon/radeon_ib.o
  CC [M]  drivers/gpu/drm/radeon/radeon_sync.o
  CC [M]  drivers/gpu/drm/radeon/radeon_audio.o
  CC [M]  drivers/gpu/drm/radeon/radeon_dp_auxch.o
  CC [M]  drivers/gpu/drm/radeon/radeon_dp_mst.o
  CC [M]  drivers/gpu/drm/radeon/radeon_mn.o
  CC [M]  drivers/gpu/drm/radeon/r600_dma.o
  CC [M]  drivers/gpu/drm/radeon/rv770_dma.o
  CC [M]  drivers/gpu/drm/radeon/evergreen_dma.o
  CC [M]  drivers/gpu/drm/radeon/ni_dma.o
  CC [M]  drivers/gpu/drm/radeon/si_dma.o
  CC [M]  drivers/gpu/drm/radeon/cik_sdma.o
  CC [M]  drivers/gpu/drm/radeon/radeon_uvd.o
  CC [M]  drivers/gpu/drm/radeon/uvd_v1_0.o
  CC [M]  drivers/gpu/drm/radeon/uvd_v2_2.o
  CC [M]  drivers/gpu/drm/radeon/uvd_v3_1.o
  CC [M]  drivers/gpu/drm/radeon/uvd_v4_2.o
  CC [M]  drivers/gpu/drm/radeon/radeon_vce.o
  CC [M]  drivers/gpu/drm/radeon/vce_v1_0.o
  CC [M]  drivers/gpu/drm/radeon/vce_v2_0.o
  CC [M]  drivers/gpu/drm/radeon/radeon_kfd.o
  CC [M]  drivers/gpu/drm/radeon/radeon_ioc32.o
  CC [M]  drivers/gpu/drm/radeon/radeon_atpx_handler.o
  CC [M]  drivers/gpu/drm/radeon/radeon_acpi.o
  MKREGTABLE drivers/gpu/drm/radeon/r100_reg_safe.h
  MKREGTABLE drivers/gpu/drm/radeon/rn50_reg_safe.h
  MKREGTABLE drivers/gpu/drm/radeon/r300_reg_safe.h
  MKREGTABLE drivers/gpu/drm/radeon/r420_reg_safe.h
  CC [M]  drivers/gpu/drm/radeon/rs600.o
  CC [M]  drivers/gpu/drm/radeon/rv515.o
  CC [M]  drivers/gpu/drm/radeon/r200.o
  CC [M]  drivers/gpu/drm/radeon/r600_cs.o
  CC [M]  drivers/gpu/drm/radeon/evergreen_cs.o
  CC [M]  drivers/gpu/drm/radeon/r100.o
  CC [M]  drivers/gpu/drm/radeon/r300.o
  CC [M]  drivers/gpu/drm/radeon/r420.o
  LD [M]  drivers/gpu/drm/radeon/radeon.o
  LD      drivers/gpu/drm/tilcdc/built-in.o
  LD      drivers/gpu/drm/ttm/built-in.o
  CC [M]  drivers/gpu/drm/ttm/ttm_memory.o
  CC [M]  drivers/gpu/drm/ttm/ttm_tt.o
  CC [M]  drivers/gpu/drm/ttm/ttm_bo.o
  CC [M]  drivers/gpu/drm/ttm/ttm_bo_util.o
  CC [M]  drivers/gpu/drm/ttm/ttm_bo_vm.o
  CC [M]  drivers/gpu/drm/ttm/ttm_module.o
  CC [M]  drivers/gpu/drm/ttm/ttm_object.o
  CC [M]  drivers/gpu/drm/ttm/ttm_lock.o
  CC [M]  drivers/gpu/drm/ttm/ttm_execbuf_util.o
  CC [M]  drivers/gpu/drm/ttm/ttm_page_alloc.o
  CC [M]  drivers/gpu/drm/ttm/ttm_bo_manager.o
  CC [M]  drivers/gpu/drm/ttm/ttm_page_alloc_dma.o
  CC [M]  drivers/gpu/drm/ttm/ttm_agp_backend.o
  LD [M]  drivers/gpu/drm/ttm/ttm.o
  LD      drivers/gpu/drm/udl/built-in.o
  CC [M]  drivers/gpu/drm/udl/udl_drv.o
  CC [M]  drivers/gpu/drm/udl/udl_modeset.o
  CC [M]  drivers/gpu/drm/udl/udl_connector.o
  CC [M]  drivers/gpu/drm/udl/udl_encoder.o
  CC [M]  drivers/gpu/drm/udl/udl_main.o
  CC [M]  drivers/gpu/drm/udl/udl_fb.o
  CC [M]  drivers/gpu/drm/udl/udl_transfer.o
  CC [M]  drivers/gpu/drm/udl/udl_gem.o
  CC [M]  drivers/gpu/drm/udl/udl_dmabuf.o
  LD [M]  drivers/gpu/drm/udl/udl.o
  LD      drivers/gpu/drm/vgem/built-in.o
  CC [M]  drivers/gpu/drm/vgem/vgem_drv.o
  CC [M]  drivers/gpu/drm/vgem/vgem_fence.o
  LD [M]  drivers/gpu/drm/vgem/vgem.o
  LD      drivers/gpu/drm/virtio/built-in.o
  CC [M]  drivers/gpu/drm/virtio/virtgpu_drv.o
  CC [M]  drivers/gpu/drm/virtio/virtgpu_kms.o
  CC [M]  drivers/gpu/drm/virtio/virtgpu_drm_bus.o
  CC [M]  drivers/gpu/drm/virtio/virtgpu_gem.o
  CC [M]  drivers/gpu/drm/virtio/virtgpu_fb.o
  CC [M]  drivers/gpu/drm/virtio/virtgpu_display.o
  CC [M]  drivers/gpu/drm/virtio/virtgpu_vq.o
  CC [M]  drivers/gpu/drm/virtio/virtgpu_ttm.o
  CC [M]  drivers/gpu/drm/virtio/virtgpu_fence.o
  CC [M]  drivers/gpu/drm/virtio/virtgpu_object.o
  CC [M]  drivers/gpu/drm/virtio/virtgpu_debugfs.o
  CC [M]  drivers/gpu/drm/virtio/virtgpu_plane.o
  CC [M]  drivers/gpu/drm/virtio/virtgpu_ioctl.o
  CC [M]  drivers/gpu/drm/virtio/virtgpu_prime.o
  LD [M]  drivers/gpu/drm/virtio/virtio-gpu.o
  LD      drivers/gpu/drm/vmwgfx/built-in.o
  CC [M]  drivers/gpu/drm/vmwgfx/vmwgfx_execbuf.o
  CC [M]  drivers/gpu/drm/vmwgfx/vmwgfx_gmr.o
  CC [M]  drivers/gpu/drm/vmwgfx/vmwgfx_kms.o
  CC [M]  drivers/gpu/drm/vmwgfx/vmwgfx_drv.o
  CC [M]  drivers/gpu/drm/vmwgfx/vmwgfx_fb.o
  CC [M]  drivers/gpu/drm/vmwgfx/vmwgfx_ioctl.o
  CC [M]  drivers/gpu/drm/vmwgfx/vmwgfx_resource.o
  CC [M]  drivers/gpu/drm/vmwgfx/vmwgfx_buffer.o
  CC [M]  drivers/gpu/drm/vmwgfx/vmwgfx_fifo.o
  CC [M]  drivers/gpu/drm/vmwgfx/vmwgfx_irq.o
  CC [M]  drivers/gpu/drm/vmwgfx/vmwgfx_ldu.o
  CC [M]  drivers/gpu/drm/vmwgfx/vmwgfx_ttm_glue.o
  CC [M]  drivers/gpu/drm/vmwgfx/vmwgfx_overlay.o
  CC [M]  drivers/gpu/drm/vmwgfx/vmwgfx_marker.o
  CC [M]  drivers/gpu/drm/vmwgfx/vmwgfx_gmrid_manager.o
  CC [M]  drivers/gpu/drm/vmwgfx/vmwgfx_fence.o
  CC [M]  drivers/gpu/drm/vmwgfx/vmwgfx_dmabuf.o
  CC [M]  drivers/gpu/drm/vmwgfx/vmwgfx_scrn.o
  CC [M]  drivers/gpu/drm/vmwgfx/vmwgfx_context.o
  CC [M]  drivers/gpu/drm/vmwgfx/vmwgfx_surface.o
  CC [M]  drivers/gpu/drm/vmwgfx/vmwgfx_prime.o
  CC [M]  drivers/gpu/drm/vmwgfx/vmwgfx_mob.o
  CC [M]  drivers/gpu/drm/vmwgfx/vmwgfx_shader.o
  CC [M]  drivers/gpu/drm/vmwgfx/vmwgfx_cmdbuf_res.o
  CC [M]  drivers/gpu/drm/vmwgfx/vmwgfx_cmdbuf.o
  CC [M]  drivers/gpu/drm/vmwgfx/vmwgfx_stdu.o
  CC [M]  drivers/gpu/drm/vmwgfx/vmwgfx_cotable.o
  CC [M]  drivers/gpu/drm/vmwgfx/vmwgfx_so.o
  CC [M]  drivers/gpu/drm/vmwgfx/vmwgfx_binding.o
  CC [M]  drivers/gpu/drm/vmwgfx/vmwgfx_msg.o
  LD [M]  drivers/gpu/drm/vmwgfx/vmwgfx.o
  CC [M]  drivers/gpu/drm/drm_crtc_helper.o
  CC [M]  drivers/gpu/drm/drm_dp_helper.o
  CC [M]  drivers/gpu/drm/drm_probe_helper.o
  CC [M]  drivers/gpu/drm/drm_plane_helper.o
  CC [M]  drivers/gpu/drm/drm_dp_mst_topology.o
  CC [M]  drivers/gpu/drm/drm_atomic_helper.o
  CC [M]  drivers/gpu/drm/drm_kms_helper_common.o
  CC [M]  drivers/gpu/drm/drm_dp_dual_mode_helper.o
  CC [M]  drivers/gpu/drm/drm_simple_kms_helper.o
  CC [M]  drivers/gpu/drm/drm_modeset_helper.o
  CC [M]  drivers/gpu/drm/drm_edid_load.o
  CC [M]  drivers/gpu/drm/drm_fb_helper.o
  CC [M]  drivers/gpu/drm/drm_dp_aux_dev.o
  CC [M]  drivers/gpu/drm/drm_auth.o
  CC [M]  drivers/gpu/drm/drm_bufs.o
  CC [M]  drivers/gpu/drm/drm_cache.o
  CC [M]  drivers/gpu/drm/drm_context.o
  CC [M]  drivers/gpu/drm/drm_dma.o
  CC [M]  drivers/gpu/drm/drm_fops.o
  CC [M]  drivers/gpu/drm/drm_gem.o
  CC [M]  drivers/gpu/drm/drm_ioctl.o
  CC [M]  drivers/gpu/drm/drm_irq.o
  CC [M]  drivers/gpu/drm/drm_lock.o
  CC [M]  drivers/gpu/drm/drm_memory.o
  CC [M]  drivers/gpu/drm/drm_drv.o
  CC [M]  drivers/gpu/drm/drm_vm.o
  CC [M]  drivers/gpu/drm/drm_scatter.o
  CC [M]  drivers/gpu/drm/drm_pci.o
  CC [M]  drivers/gpu/drm/drm_platform.o
  CC [M]  drivers/gpu/drm/drm_sysfs.o
  CC [M]  drivers/gpu/drm/drm_hashtab.o
  CC [M]  drivers/gpu/drm/drm_mm.o
  CC [M]  drivers/gpu/drm/drm_crtc.o
  CC [M]  drivers/gpu/drm/drm_fourcc.o
  CC [M]  drivers/gpu/drm/drm_modes.o
  CC [M]  drivers/gpu/drm/drm_edid.o
  CC [M]  drivers/gpu/drm/drm_info.o
  CC [M]  drivers/gpu/drm/drm_encoder_slave.o
  CC [M]  drivers/gpu/drm/drm_trace_points.o
  CC [M]  drivers/gpu/drm/drm_global.o
  CC [M]  drivers/gpu/drm/drm_prime.o
  CC [M]  drivers/gpu/drm/drm_rect.o
  CC [M]  drivers/gpu/drm/drm_vma_manager.o
  CC [M]  drivers/gpu/drm/drm_flip_work.o
  CC [M]  drivers/gpu/drm/drm_modeset_lock.o
  CC [M]  drivers/gpu/drm/drm_atomic.o
  CC [M]  drivers/gpu/drm/drm_bridge.o
  CC [M]  drivers/gpu/drm/drm_framebuffer.o
  CC [M]  drivers/gpu/drm/drm_connector.o
  CC [M]  drivers/gpu/drm/drm_blend.o
  CC [M]  drivers/gpu/drm/drm_encoder.o
  CC [M]  drivers/gpu/drm/drm_mode_object.o
  CC [M]  drivers/gpu/drm/drm_property.o
  CC [M]  drivers/gpu/drm/drm_plane.o
  CC [M]  drivers/gpu/drm/drm_color_mgmt.o
  CC [M]  drivers/gpu/drm/drm_print.o
  CC [M]  drivers/gpu/drm/drm_dumb_buffers.o
  CC [M]  drivers/gpu/drm/drm_mode_config.o
  CC [M]  drivers/gpu/drm/drm_ioc32.o
  CC [M]  drivers/gpu/drm/ati_pcigart.o
  CC [M]  drivers/gpu/drm/drm_panel.o
  CC [M]  drivers/gpu/drm/drm_agpsupport.o
  CC [M]  drivers/gpu/drm/drm_debugfs.o
  CC [M]  drivers/gpu/drm/drm_debugfs_crc.o
  LD      drivers/gpu/drm/built-in.o
  LD [M]  drivers/gpu/drm/drm_kms_helper.o
  LD [M]  drivers/gpu/drm/drm.o
  CC      drivers/gpu/vga/vgaarb.o
  CC      drivers/gpu/vga/vga_switcheroo.o
  LD      drivers/gpu/vga/built-in.o
  LD      drivers/gpu/built-in.o
  CC [M]  sound/pci/echoaudio/mia.o
  CC [M]  fs/f2fs/xattr.o
  LD      drivers/hid/built-in.o
  CC [M]  drivers/hid/hid-core.o
  CC [M]  fs/f2fs/acl.o
  LD [M]  fs/f2fs/f2fs.o
  LD      fs/fuse/built-in.o
  CC [M]  fs/fuse/dev.o
  CC [M]  sound/pci/echoaudio/echo3g.o
  CC [M]  drivers/hid/hid-input.o
  CC [M]  drivers/hid/hid-debug.o
  CC [M]  sound/pci/echoaudio/indigo.o
  CC [M]  fs/fuse/dir.o
  CC [M]  drivers/hid/hidraw.o
  CC [M]  fs/fuse/file.o
  CC [M]  sound/pci/echoaudio/indigoio.o
  CC [M]  drivers/hid/uhid.o
  CC [M]  sound/pci/echoaudio/indigodj.o
  CC [M]  drivers/hid/hid-generic.o
  CC [M]  drivers/hid/hid-a4tech.o
  CC [M]  fs/fuse/inode.o
  CC [M]  drivers/hid/hid-alps.o
  CC [M]  sound/pci/echoaudio/indigoiox.o
  CC [M]  drivers/hid/hid-axff.o
  CC [M]  drivers/hid/hid-apple.o
  CC [M]  fs/fuse/control.o
  CC [M]  sound/pci/echoaudio/indigodjx.o
  CC [M]  drivers/hid/hid-appleir.o
  CC [M]  fs/fuse/xattr.o
  CC [M]  drivers/hid/hid-asus.o
  CC [M]  fs/fuse/acl.o
  CC [M]  drivers/hid/hid-aureal.o
  LD [M]  sound/pci/echoaudio/snd-darla20.o
  LD [M]  sound/pci/echoaudio/snd-gina20.o
  LD [M]  sound/pci/echoaudio/snd-layla20.o
  LD [M]  sound/pci/echoaudio/snd-darla24.o
  LD [M]  sound/pci/echoaudio/snd-gina24.o
  LD [M]  sound/pci/echoaudio/snd-layla24.o
  LD [M]  sound/pci/echoaudio/snd-mona.o
  LD [M]  sound/pci/echoaudio/snd-mia.o
  LD [M]  sound/pci/echoaudio/snd-echo3g.o
  LD [M]  sound/pci/echoaudio/snd-indigo.o
  LD [M]  sound/pci/echoaudio/snd-indigoio.o
  LD [M]  sound/pci/echoaudio/snd-indigodj.o
  LD [M]  sound/pci/echoaudio/snd-indigoiox.o
  LD [M]  sound/pci/echoaudio/snd-indigodjx.o
  LD      sound/pci/emu10k1/built-in.o
  CC [M]  sound/pci/emu10k1/emu10k1.o
  CC [M]  drivers/hid/hid-belkin.o
  CC [M]  fs/fuse/cuse.o
  CC [M]  drivers/hid/hid-betopff.o
  CC [M]  sound/pci/emu10k1/emu10k1_main.o
  CC [M]  drivers/hid/hid-cherry.o
  LD [M]  fs/fuse/fuse.o
  LD      fs/gfs2/built-in.o
  CC [M]  fs/gfs2/acl.o
  CC [M]  drivers/hid/hid-chicony.o
  CC [M]  sound/pci/emu10k1/irq.o
  CC [M]  drivers/hid/hid-cmedia.o
  CC [M]  fs/gfs2/bmap.o
  CC [M]  sound/pci/emu10k1/memory.o
  CC [M]  drivers/hid/hid-corsair.o
  CC [M]  drivers/hid/hid-cp2112.o
  CC [M]  fs/gfs2/dir.o
  CC [M]  sound/pci/emu10k1/voice.o
  CC [M]  drivers/hid/hid-cypress.o
  CC [M]  fs/gfs2/xattr.o
  CC [M]  sound/pci/emu10k1/emumpu401.o
  CC [M]  drivers/hid/hid-dr.o
  CC [M]  sound/pci/emu10k1/emupcm.o
  CC [M]  drivers/hid/hid-emsff.o
  CC [M]  fs/gfs2/glock.o
  CC [M]  drivers/hid/hid-elecom.o
  CC [M]  drivers/hid/hid-elo.o
  CC [M]  sound/pci/emu10k1/io.o
  CC [M]  drivers/hid/hid-ezkey.o
  CC [M]  drivers/hid/hid-gembird.o
  CC [M]  sound/pci/emu10k1/emumixer.o
  CC [M]  drivers/hid/hid-gfrm.o
  CC [M]  drivers/hid/hid-gt683r.o
  CC [M]  fs/gfs2/glops.o
  CC [M]  drivers/hid/hid-gyration.o
  CC [M]  sound/pci/emu10k1/emufx.o
  CC [M]  drivers/hid/hid-holtek-kbd.o
  CC [M]  fs/gfs2/log.o
  CC [M]  drivers/hid/hid-holtek-mouse.o
  CC [M]  drivers/hid/hid-holtekff.o
  CC [M]  drivers/hid/hid-hyperv.o
  CC [M]  fs/gfs2/lops.o
  CC [M]  sound/pci/emu10k1/timer.o
  CC [M]  drivers/hid/hid-icade.o
  CC [M]  sound/pci/emu10k1/p16v.o
  CC [M]  fs/gfs2/main.o
  CC [M]  drivers/hid/hid-kensington.o
  CC [M]  fs/gfs2/meta_io.o
  CC [M]  drivers/hid/hid-keytouch.o
  CC [M]  sound/pci/emu10k1/emuproc.o
  CC [M]  drivers/hid/hid-kye.o
  CC [M]  sound/pci/emu10k1/emu10k1_synth.o
  CC [M]  drivers/hid/hid-lcpower.o
  CC [M]  fs/gfs2/aops.o
  CC [M]  sound/pci/emu10k1/emu10k1_callback.o
  CC [M]  drivers/hid/hid-lenovo.o
  CC [M]  drivers/hid/hid-lg.o
  CC [M]  sound/pci/emu10k1/emu10k1_patch.o
  CC [M]  fs/gfs2/dentry.o
  CC [M]  fs/gfs2/export.o
  CC [M]  drivers/hid/hid-lgff.o
  CC [M]  sound/pci/emu10k1/emu10k1x.o
  CC [M]  fs/gfs2/file.o
  CC [M]  drivers/hid/hid-lg2ff.o
  CC [M]  drivers/hid/hid-lg3ff.o
  LD [M]  sound/pci/emu10k1/snd-emu10k1.o
  LD [M]  sound/pci/emu10k1/snd-emu10k1-synth.o
  LD [M]  sound/pci/emu10k1/snd-emu10k1x.o
  LD      sound/pci/hda/built-in.o
  CC [M]  sound/pci/hda/hda_bind.o
  CC [M]  drivers/hid/hid-lg4ff.o
  CC [M]  fs/gfs2/ops_fstype.o
  CC [M]  drivers/hid/hid-logitech-dj.o
  CC [M]  sound/pci/hda/hda_codec.o
  CC [M]  drivers/hid/hid-logitech-hidpp.o
  CC [M]  fs/gfs2/inode.o
  CC [M]  fs/gfs2/quota.o
  CC [M]  drivers/hid/hid-magicmouse.o
  CC [M]  drivers/hid/hid-microsoft.o
  CC [M]  sound/pci/hda/hda_jack.o
  CC [M]  fs/gfs2/recovery.o
  CC [M]  drivers/hid/hid-monterey.o
  CC [M]  drivers/hid/hid-multitouch.o
  CC [M]  fs/gfs2/rgrp.o
  CC [M]  sound/pci/hda/hda_auto_parser.o
  CC [M]  drivers/hid/hid-ntrig.o
  CC [M]  drivers/hid/hid-ortek.o
  CC [M]  sound/pci/hda/hda_sysfs.o
  CC [M]  fs/gfs2/super.o
  CC [M]  drivers/hid/hid-prodikeys.o
  CC [M]  sound/pci/hda/hda_controller.o
  CC [M]  drivers/hid/hid-pl.o
  CC [M]  fs/gfs2/sys.o
  CC [M]  drivers/hid/hid-penmount.o
  CC [M]  drivers/hid/hid-petalynx.o
  CC [M]  fs/gfs2/trans.o
  CC [M]  drivers/hid/hid-picolcd_core.o
  CC [M]  sound/pci/hda/hda_proc.o
  CC [M]  fs/gfs2/util.o
  CC [M]  drivers/hid/hid-picolcd_fb.o
  CC [M]  fs/gfs2/lock_dlm.o
  CC [M]  sound/pci/hda/hda_hwdep.o
  CC [M]  drivers/hid/hid-picolcd_backlight.o
  CC [M]  sound/pci/hda/hda_beep.o
  CC [M]  drivers/hid/hid-picolcd_lcd.o
  LD [M]  fs/gfs2/gfs2.o
  LD      fs/hfs/built-in.o
  CC [M]  fs/hfs/bitmap.o
  CC [M]  drivers/hid/hid-picolcd_leds.o
  CC [M]  sound/pci/hda/hda_generic.o
  CC [M]  fs/hfs/bfind.o
  CC [M]  drivers/hid/hid-picolcd_cir.o
  CC [M]  fs/hfs/bnode.o
  CC [M]  drivers/hid/hid-picolcd_debugfs.o
  CC [M]  fs/hfs/brec.o
  CC [M]  drivers/hid/hid-plantronics.o
  CC [M]  fs/hfs/btree.o
  CC [M]  drivers/hid/hid-primax.o
  CC [M]  drivers/hid/hid-roccat.o
  CC [M]  fs/hfs/catalog.o
  CC [M]  fs/hfs/dir.o
  CC [M]  drivers/hid/hid-roccat-common.o
  CC [M]  fs/hfs/extent.o
  CC [M]  sound/pci/hda/patch_realtek.o
  CC [M]  drivers/hid/hid-roccat-arvo.o
  CC [M]  fs/hfs/inode.o
  CC [M]  drivers/hid/hid-roccat-isku.o
  CC [M]  fs/hfs/attr.o
  CC [M]  drivers/hid/hid-roccat-kone.o
  CC [M]  sound/pci/hda/patch_cmedia.o
  CC [M]  fs/hfs/mdb.o
  CC [M]  sound/pci/hda/patch_analog.o
  CC [M]  drivers/hid/hid-roccat-koneplus.o
  CC [M]  fs/hfs/part_tbl.o
  CC [M]  drivers/hid/hid-roccat-konepure.o
  CC [M]  sound/pci/hda/patch_sigmatel.o
  CC [M]  fs/hfs/string.o
  CC [M]  drivers/hid/hid-roccat-kovaplus.o
  CC [M]  fs/hfs/super.o
  CC [M]  drivers/hid/hid-roccat-lua.o
  CC [M]  fs/hfs/sysdep.o
  CC [M]  sound/pci/hda/patch_si3054.o
  CC [M]  fs/hfs/trans.o
  CC [M]  drivers/hid/hid-roccat-pyra.o
  CC [M]  sound/pci/hda/patch_cirrus.o
  LD [M]  fs/hfs/hfs.o
  LD      fs/hfsplus/built-in.o
  CC [M]  fs/hfsplus/super.o
  CC [M]  drivers/hid/hid-roccat-ryos.o
  CC [M]  sound/pci/hda/patch_ca0110.o
  CC [M]  fs/hfsplus/options.o
  CC [M]  drivers/hid/hid-roccat-savu.o
  CC [M]  fs/hfsplus/inode.o
  CC [M]  drivers/hid/hid-rmi.o
  CC [M]  sound/pci/hda/patch_ca0132.o
  CC [M]  fs/hfsplus/ioctl.o
  CC [M]  drivers/hid/hid-saitek.o
  CC [M]  fs/hfsplus/extents.o
  CC [M]  drivers/hid/hid-samsung.o
  CC [M]  sound/pci/hda/patch_conexant.o
  CC [M]  drivers/hid/hid-sjoy.o
  CC [M]  fs/hfsplus/catalog.o
  CC [M]  drivers/hid/hid-sony.o
  CC [M]  sound/pci/hda/patch_via.o
  CC [M]  fs/hfsplus/dir.o
  CC [M]  drivers/hid/hid-speedlink.o
  CC [M]  sound/pci/hda/patch_hdmi.o
  CC [M]  fs/hfsplus/btree.o
  CC [M]  drivers/hid/hid-steelseries.o
  CC [M]  fs/hfsplus/bnode.o
  CC [M]  drivers/hid/hid-sunplus.o
  CC [M]  drivers/hid/hid-gaff.o
  CC [M]  fs/hfsplus/brec.o
  CC [M]  sound/pci/hda/hda_eld.o
  CC [M]  drivers/hid/hid-tmff.o
  CC [M]  drivers/hid/hid-tivo.o
  CC [M]  fs/hfsplus/bfind.o
  CC [M]  sound/pci/hda/hda_intel.o
  CC [M]  drivers/hid/hid-topseed.o
  CC [M]  fs/hfsplus/tables.o
  CC [M]  drivers/hid/hid-twinhan.o
  CC [M]  fs/hfsplus/unicode.o
  LD [M]  sound/pci/hda/snd-hda-codec.o
  LD [M]  sound/pci/hda/snd-hda-codec-generic.o
  LD [M]  sound/pci/hda/snd-hda-codec-realtek.o
  LD [M]  sound/pci/hda/snd-hda-codec-cmedia.o
  LD [M]  sound/pci/hda/snd-hda-codec-analog.o
  LD [M]  sound/pci/hda/snd-hda-codec-idt.o
  LD [M]  sound/pci/hda/snd-hda-codec-si3054.o
  LD [M]  sound/pci/hda/snd-hda-codec-cirrus.o
  LD [M]  sound/pci/hda/snd-hda-codec-ca0110.o
  LD [M]  sound/pci/hda/snd-hda-codec-ca0132.o
  LD [M]  sound/pci/hda/snd-hda-codec-conexant.o
  LD [M]  sound/pci/hda/snd-hda-codec-via.o
  LD [M]  sound/pci/hda/snd-hda-codec-hdmi.o
  CC [M]  drivers/hid/hid-uclogic.o
  LD [M]  sound/pci/hda/snd-hda-intel.o
  LD      sound/pci/ice1712/built-in.o
  CC [M]  sound/pci/ice1712/ice1712.o
  CC [M]  fs/hfsplus/wrapper.o
  CC [M]  drivers/hid/hid-led.o
  CC [M]  fs/hfsplus/bitmap.o
  CC [M]  drivers/hid/hid-xinmo.o
  CC [M]  fs/hfsplus/part_tbl.o
  CC [M]  drivers/hid/hid-zpff.o
  CC [M]  sound/pci/ice1712/delta.o
  CC [M]  drivers/hid/hid-zydacron.o
  CC [M]  fs/hfsplus/attributes.o
  CC [M]  drivers/hid/wacom_wac.o
  CC [M]  sound/pci/ice1712/hoontech.o
  CC [M]  fs/hfsplus/xattr.o
  CC [M]  sound/pci/ice1712/ews.o
  CC [M]  fs/hfsplus/xattr_user.o
  CC [M]  fs/hfsplus/xattr_security.o
  CC [M]  sound/pci/ice1712/ak4xxx.o
  CC [M]  drivers/hid/wacom_sys.o
  CC [M]  fs/hfsplus/xattr_trusted.o
  CC [M]  fs/hfsplus/posix_acl.o
  CC [M]  sound/pci/ice1712/ice1724.o
  LD [M]  fs/hfsplus/hfsplus.o
  CC      fs/hugetlbfs/inode.o
  CC [M]  drivers/hid/hid-waltop.o
  CC [M]  drivers/hid/hid-wiimote-core.o
  LD      fs/hugetlbfs/hugetlbfs.o
  LD      fs/hugetlbfs/built-in.o
  LD      fs/isofs/built-in.o
  CC [M]  fs/isofs/namei.o
  CC [M]  sound/pci/ice1712/amp.o
  CC [M]  drivers/hid/hid-wiimote-modules.o
  CC [M]  fs/isofs/inode.o
  CC [M]  sound/pci/ice1712/revo.o
  CC [M]  sound/pci/ice1712/aureon.o
  CC [M]  fs/isofs/dir.o
  CC [M]  drivers/hid/hid-wiimote-debug.o
  CC [M]  fs/isofs/util.o
  CC [M]  drivers/hid/hid-sensor-hub.o
  CC [M]  sound/pci/ice1712/vt1720_mobo.o
  CC [M]  fs/isofs/rock.o
  CC [M]  sound/pci/ice1712/pontis.o
  LD      drivers/hid/i2c-hid/built-in.o
  CC [M]  drivers/hid/i2c-hid/i2c-hid.o
  CC [M]  fs/isofs/export.o
  CC [M]  sound/pci/ice1712/prodigy192.o
  CC [M]  fs/isofs/joliet.o
  LD      drivers/hid/usbhid/built-in.o
  CC [M]  drivers/hid/usbhid/hid-core.o
  CC [M]  sound/pci/ice1712/prodigy_hifi.o
  CC [M]  fs/isofs/compress.o
  CC [M]  drivers/hid/usbhid/hid-quirks.o
  LD [M]  fs/isofs/isofs.o
  LD      fs/jbd2/built-in.o
  CC [M]  sound/pci/ice1712/juli.o
  CC [M]  fs/jbd2/transaction.o
  CC [M]  drivers/hid/usbhid/hiddev.o
  CC [M]  sound/pci/ice1712/phase.o
  CC [M]  sound/pci/ice1712/wtm.o
  CC [M]  drivers/hid/usbhid/hid-pidff.o
  CC [M]  fs/jbd2/commit.o
  CC [M]  sound/pci/ice1712/se.o
  LD [M]  drivers/hid/usbhid/usbhid.o
  LD [M]  drivers/hid/hid.o
  LD [M]  drivers/hid/hid-logitech.o
  LD [M]  drivers/hid/hid-picolcd.o
  LD [M]  drivers/hid/wacom.o
  LD [M]  drivers/hid/hid-wiimote.o
  LD      drivers/hv/built-in.o
  CC [M]  drivers/hv/vmbus_drv.o
  CC [M]  sound/pci/ice1712/maya44.o
  CC [M]  fs/jbd2/recovery.o
  CC [M]  sound/pci/ice1712/quartet.o
  CC [M]  fs/jbd2/checkpoint.o
  CC [M]  sound/pci/ice1712/psc724.o
  CC [M]  drivers/hv/hv.o
  CC [M]  sound/pci/ice1712/wm8766.o
  CC [M]  fs/jbd2/revoke.o
  CC [M]  sound/pci/ice1712/wm8776.o
  CC [M]  drivers/hv/connection.o
  CC [M]  fs/jbd2/journal.o
  LD [M]  sound/pci/ice1712/snd-ice1712.o
  LD [M]  sound/pci/ice1712/snd-ice17xx-ak4xxx.o
  LD [M]  sound/pci/ice1712/snd-ice1724.o
  LD      sound/pci/korg1212/built-in.o
  CC [M]  sound/pci/korg1212/korg1212.o
  CC [M]  drivers/hv/channel.o
  LD [M]  sound/pci/korg1212/snd-korg1212.o
  LD      sound/pci/lola/built-in.o
  CC [M]  sound/pci/lola/lola.o
  CC [M]  drivers/hv/channel_mgmt.o
  CC [M]  sound/pci/lola/lola_pcm.o
  LD [M]  fs/jbd2/jbd2.o
  LD      fs/jffs2/built-in.o
  CC [M]  fs/jffs2/compr.o
  CC [M]  drivers/hv/ring_buffer.o
  CC [M]  fs/jffs2/dir.o
  CC [M]  sound/pci/lola/lola_clock.o
  CC [M]  drivers/hv/hv_util.o
  CC [M]  sound/pci/lola/lola_mixer.o
  CC [M]  fs/jffs2/file.o
  CC [M]  drivers/hv/hv_kvp.o
  CC [M]  fs/jffs2/ioctl.o
  LD [M]  sound/pci/lola/snd-lola.o
  LD      sound/pci/lx6464es/built-in.o
  CC [M]  sound/pci/lx6464es/lx6464es.o
  CC [M]  fs/jffs2/nodelist.o
  CC [M]  drivers/hv/hv_snapshot.o
  CC [M]  sound/pci/lx6464es/lx_core.o
  CC [M]  fs/jffs2/malloc.o
  CC [M]  fs/jffs2/read.o
  CC [M]  drivers/hv/hv_fcopy.o
  LD [M]  sound/pci/lx6464es/snd-lx6464es.o
  LD      sound/pci/mixart/built-in.o
  CC [M]  sound/pci/mixart/mixart.o
  CC [M]  fs/jffs2/nodemgmt.o
  CC [M]  drivers/hv/hv_utils_transport.o
  CC [M]  fs/jffs2/readinode.o
  CC [M]  sound/pci/mixart/mixart_core.o
  CC [M]  drivers/hv/hv_balloon.o
  CC [M]  sound/pci/mixart/mixart_hwdep.o
  CC [M]  fs/jffs2/write.o
  CC [M]  sound/pci/mixart/mixart_mixer.o
  LD [M]  drivers/hv/hv_vmbus.o
  LD [M]  drivers/hv/hv_utils.o
  LD      fs/jfs/built-in.o
  CC [M]  fs/jfs/super.o
  CC [M]  fs/jffs2/scan.o
  LD [M]  sound/pci/mixart/snd-mixart.o
  LD      sound/pci/nm256/built-in.o
  CC [M]  sound/pci/nm256/nm256.o
  CC [M]  fs/jfs/file.o
  CC [M]  fs/jffs2/gc.o
  CC [M]  fs/jfs/inode.o
  LD [M]  sound/pci/nm256/snd-nm256.o
  LD      sound/pci/oxygen/built-in.o
  CC [M]  sound/pci/oxygen/oxygen_io.o
  CC [M]  fs/jfs/namei.o
  CC [M]  fs/jffs2/symlink.o
  CC [M]  fs/jffs2/build.o
  CC [M]  sound/pci/oxygen/oxygen_lib.o
  CC [M]  fs/jfs/jfs_mount.o
  CC [M]  fs/jffs2/erase.o
  CC [M]  fs/jfs/jfs_umount.o
  CC [M]  sound/pci/oxygen/oxygen_mixer.o
  CC [M]  fs/jffs2/background.o
  CC [M]  fs/jfs/jfs_xtree.o
  CC [M]  fs/jffs2/fs.o
  CC [M]  sound/pci/oxygen/oxygen_pcm.o
  CC [M]  fs/jffs2/writev.o
  CC [M]  fs/jfs/jfs_imap.o
  CC [M]  fs/jffs2/super.o
  CC [M]  sound/pci/oxygen/oxygen.o
  CC [M]  fs/jffs2/debug.o
  CC [M]  fs/jfs/jfs_debug.o
  CC [M]  sound/pci/oxygen/xonar_dg_mixer.o
  CC [M]  fs/jffs2/wbuf.o
  CC [M]  fs/jfs/jfs_dmap.o
  CC [M]  sound/pci/oxygen/xonar_dg.o
  CC [M]  sound/pci/oxygen/virtuoso.o
  CC [M]  fs/jffs2/compr_rtime.o
  CC [M]  fs/jfs/jfs_unicode.o
  CC [M]  fs/jffs2/compr_zlib.o
  CC [M]  sound/pci/oxygen/xonar_lib.o
  CC [M]  fs/jfs/jfs_dtree.o
  LD [M]  fs/jffs2/jffs2.o
  CC      drivers/hwmon/hwmon.o
  CC [M]  sound/pci/oxygen/xonar_pcm179x.o
  CC [M]  drivers/hwmon/hwmon-vid.o
  CC [M]  sound/pci/oxygen/xonar_cs43xx.o
  CC [M]  drivers/hwmon/acpi_power_meter.o
  CC [M]  fs/jfs/jfs_inode.o
  CC [M]  sound/pci/oxygen/xonar_wm87x6.o
  CC [M]  fs/jfs/jfs_discard.o
  CC [M]  drivers/hwmon/asus_atk0110.o
  CC [M]  fs/jfs/jfs_extent.o
  CC [M]  sound/pci/oxygen/xonar_hdmi.o
  CC [M]  fs/jfs/symlink.o
  CC [M]  drivers/hwmon/asb100.o
  LD [M]  sound/pci/oxygen/snd-oxygen-lib.o
  LD [M]  sound/pci/oxygen/snd-oxygen.o
  LD [M]  sound/pci/oxygen/snd-virtuoso.o
  LD      sound/pci/pcxhr/built-in.o
  CC [M]  sound/pci/pcxhr/pcxhr.o
  CC [M]  fs/jfs/jfs_metapage.o
  CC [M]  drivers/hwmon/w83627hf.o
  CC [M]  fs/jfs/jfs_logmgr.o
  CC [M]  sound/pci/pcxhr/pcxhr_hwdep.o
  CC [M]  drivers/hwmon/w83792d.o
  CC [M]  sound/pci/pcxhr/pcxhr_mixer.o
  CC [M]  fs/jfs/jfs_txnmgr.o
  CC [M]  drivers/hwmon/w83793.o
  CC [M]  sound/pci/pcxhr/pcxhr_core.o
  CC [M]  sound/pci/pcxhr/pcxhr_mix22.o
  CC [M]  fs/jfs/jfs_uniupr.o
  CC [M]  drivers/hwmon/w83795.o
  CC [M]  fs/jfs/resize.o
  LD [M]  sound/pci/pcxhr/snd-pcxhr.o
  LD      sound/pci/riptide/built-in.o
  CC [M]  sound/pci/riptide/riptide.o
  CC [M]  fs/jfs/xattr.o
  CC [M]  drivers/hwmon/w83781d.o
  CC [M]  fs/jfs/ioctl.o
  LD [M]  sound/pci/riptide/snd-riptide.o
  LD      sound/pci/rme9652/built-in.o
  CC [M]  sound/pci/rme9652/rme9652.o
  CC [M]  fs/jfs/acl.o
  CC [M]  drivers/hwmon/w83791d.o
  LD [M]  fs/jfs/jfs.o
  CC      fs/kernfs/mount.o
  CC      fs/kernfs/inode.o
  CC [M]  drivers/hwmon/abituguru.o
  CC [M]  sound/pci/rme9652/hdsp.o
  CC      fs/kernfs/dir.o
  CC [M]  drivers/hwmon/abituguru3.o
  CC      fs/kernfs/file.o
  CC [M]  drivers/hwmon/ad7314.o
  CC [M]  sound/pci/rme9652/hdspm.o
  CC [M]  drivers/hwmon/ad7414.o
  CC      fs/kernfs/symlink.o
  LD      fs/kernfs/built-in.o
  LD      fs/lockd/built-in.o
  CC [M]  fs/lockd/clntlock.o
  CC [M]  drivers/hwmon/ad7418.o
  CC [M]  drivers/hwmon/adc128d818.o
  CC [M]  drivers/hwmon/adcxx.o
  CC [M]  fs/lockd/clntproc.o
  LD [M]  sound/pci/rme9652/snd-rme9652.o
  LD [M]  sound/pci/rme9652/snd-hdsp.o
  LD [M]  sound/pci/rme9652/snd-hdspm.o
  LD      sound/pci/trident/built-in.o
  CC [M]  sound/pci/trident/trident.o
  CC [M]  drivers/hwmon/adm1021.o
  CC [M]  drivers/hwmon/adm1025.o
  CC [M]  sound/pci/trident/trident_main.o
  CC [M]  drivers/hwmon/adm1026.o
  CC [M]  fs/lockd/clntxdr.o
  CC [M]  drivers/hwmon/adm1029.o
  CC [M]  fs/lockd/host.o
  CC [M]  drivers/hwmon/adm1031.o
  CC [M]  sound/pci/trident/trident_memory.o
  CC [M]  drivers/hwmon/adm9240.o
  LD [M]  sound/pci/trident/snd-trident.o
  LD      sound/pci/vx222/built-in.o
  CC [M]  sound/pci/vx222/vx222.o
  CC [M]  fs/lockd/svc.o
  CC [M]  sound/pci/vx222/vx222_ops.o
  CC [M]  drivers/hwmon/ads1015.o
  LD [M]  sound/pci/vx222/snd-vx222.o
  LD      sound/pci/ymfpci/built-in.o
  CC [M]  sound/pci/ymfpci/ymfpci.o
  CC [M]  drivers/hwmon/ads7828.o
  CC [M]  drivers/hwmon/ads7871.o
  CC [M]  fs/lockd/svclock.o
  CC [M]  sound/pci/ymfpci/ymfpci_main.o
  CC [M]  drivers/hwmon/adt7x10.o
  CC [M]  fs/lockd/svcshare.o
  CC [M]  drivers/hwmon/adt7310.o
  LD [M]  sound/pci/ymfpci/snd-ymfpci.o
  LD [M]  sound/pci/snd-ad1889.o
  LD [M]  sound/pci/snd-als300.o
  LD [M]  sound/pci/snd-als4000.o
  LD [M]  sound/pci/snd-atiixp.o
  LD [M]  sound/pci/snd-atiixp-modem.o
  LD [M]  sound/pci/snd-azt3328.o
  LD [M]  sound/pci/snd-bt87x.o
  LD [M]  sound/pci/snd-cmipci.o
  LD [M]  sound/pci/snd-cs4281.o
  LD [M]  sound/pci/snd-ens1370.o
  LD [M]  sound/pci/snd-ens1371.o
  LD [M]  sound/pci/snd-es1938.o
  LD [M]  sound/pci/snd-es1968.o
  LD [M]  sound/pci/snd-fm801.o
  LD [M]  sound/pci/snd-intel8x0.o
  LD [M]  sound/pci/snd-intel8x0m.o
  LD [M]  sound/pci/snd-maestro3.o
  LD [M]  sound/pci/snd-rme32.o
  LD [M]  sound/pci/snd-rme96.o
  LD [M]  sound/pci/snd-sonicvibes.o
  LD [M]  sound/pci/snd-via82xx.o
  LD [M]  sound/pci/snd-via82xx-modem.o
  LD      sound/pcmcia/built-in.o
  LD      sound/pcmcia/pdaudiocf/built-in.o
  CC [M]  sound/pcmcia/pdaudiocf/pdaudiocf.o
  CC [M]  drivers/hwmon/adt7410.o
  CC [M]  fs/lockd/svcproc.o
  CC [M]  drivers/hwmon/adt7411.o
  CC [M]  sound/pcmcia/pdaudiocf/pdaudiocf_core.o
  CC [M]  drivers/hwmon/adt7462.o
  CC [M]  fs/lockd/svcsubs.o
  CC [M]  sound/pcmcia/pdaudiocf/pdaudiocf_irq.o
  CC [M]  sound/pcmcia/pdaudiocf/pdaudiocf_pcm.o
  CC [M]  drivers/hwmon/adt7470.o
  LD [M]  sound/pcmcia/pdaudiocf/snd-pdaudiocf.o
  LD      sound/pcmcia/vx/built-in.o
  CC [M]  sound/pcmcia/vx/vxpocket.o
  CC [M]  fs/lockd/mon.o
  CC [M]  drivers/hwmon/adt7475.o
  CC [M]  sound/pcmcia/vx/vxp_ops.o
  CC [M]  fs/lockd/xdr.o
  CC [M]  drivers/hwmon/applesmc.o
  CC [M]  sound/pcmcia/vx/vxp_mixer.o
  CC [M]  drivers/hwmon/asc7621.o
  LD [M]  sound/pcmcia/vx/snd-vxpocket.o
  LD      sound/ppc/built-in.o
  LD      sound/sh/built-in.o
  LD      sound/soc/built-in.o
  CC [M]  sound/soc/soc-core.o
  CC [M]  fs/lockd/clnt4xdr.o
  CC [M]  drivers/hwmon/atxp1.o
  CC [M]  fs/lockd/xdr4.o
  CC [M]  drivers/hwmon/coretemp.o
  CC [M]  drivers/hwmon/dell-smm-hwmon.o
  CC [M]  fs/lockd/svc4proc.o
  CC [M]  drivers/hwmon/dme1737.o
  CC [M]  sound/soc/soc-dapm.o
  CC [M]  fs/lockd/procfs.o
  LD [M]  fs/lockd/lockd.o
  LD      fs/minix/built-in.o
  CC [M]  fs/minix/bitmap.o
  CC [M]  drivers/hwmon/ds620.o
  CC [M]  fs/minix/itree_v1.o
  CC [M]  drivers/hwmon/ds1621.o
  CC [M]  fs/minix/itree_v2.o
  CC [M]  drivers/hwmon/emc1403.o
  CC [M]  sound/soc/soc-jack.o
  CC [M]  drivers/hwmon/emc2103.o
  CC [M]  fs/minix/namei.o
  CC [M]  drivers/hwmon/emc6w201.o
  CC [M]  fs/minix/inode.o
  CC [M]  sound/soc/soc-cache.o
  CC [M]  drivers/hwmon/f71805f.o
  CC [M]  fs/minix/file.o
  CC [M]  sound/soc/soc-utils.o
  CC [M]  fs/minix/dir.o
  CC [M]  drivers/hwmon/f71882fg.o
  CC [M]  sound/soc/soc-pcm.o
  LD [M]  fs/minix/minix.o
  LD      fs/ncpfs/built-in.o
  CC [M]  fs/ncpfs/dir.o
  CC [M]  drivers/hwmon/f75375s.o
  CC [M]  fs/ncpfs/file.o
  CC [M]  drivers/hwmon/fam15h_power.o
  CC [M]  fs/ncpfs/inode.o
  CC [M]  drivers/hwmon/fschmd.o
  CC [M]  sound/soc/soc-io.o
  CC [M]  fs/ncpfs/ioctl.o
  CC [M]  drivers/hwmon/ftsteutates.o
  CC [M]  sound/soc/soc-devres.o
  CC [M]  fs/ncpfs/mmap.o
  CC [M]  drivers/hwmon/g760a.o
  CC [M]  drivers/hwmon/g762.o
  CC [M]  sound/soc/soc-ops.o
  CC [M]  fs/ncpfs/ncplib_kernel.o
  CC [M]  drivers/hwmon/gl518sm.o
  CC [M]  sound/soc/soc-topology.o
  CC [M]  fs/ncpfs/sock.o
  CC [M]  drivers/hwmon/gl520sm.o
  CC [M]  fs/ncpfs/ncpsign_kernel.o
  CC [M]  fs/ncpfs/getopt.o
  CC [M]  fs/ncpfs/symlink.o
  CC [M]  drivers/hwmon/gpio-fan.o
  LD [M]  fs/ncpfs/ncpfs.o
  LD      fs/nfs/built-in.o
  CC [M]  fs/nfs/client.o
  CC [M]  drivers/hwmon/hih6130.o
  CC [M]  sound/soc/soc-generic-dmaengine-pcm.o
  CC [M]  drivers/hwmon/i5500_temp.o
  CC [M]  sound/soc/soc-ac97.o
  CC [M]  drivers/hwmon/i5k_amb.o
  CC [M]  drivers/hwmon/ibmaem.o
  CC [M]  sound/soc/soc-compress.o
  CC [M]  fs/nfs/dir.o
  CC [M]  drivers/hwmon/ibmpex.o
  LD      sound/soc/adi/built-in.o
  LD      sound/soc/amd/built-in.o
  CC [M]  sound/soc/amd/acp-pcm-dma.o
  CC [M]  drivers/hwmon/ina209.o
  CC [M]  drivers/hwmon/ina2xx.o
  LD [M]  sound/soc/amd/snd-soc-acp-pcm.o
  LD      sound/soc/atmel/built-in.o
  LD      sound/soc/au1x/built-in.o
  LD      sound/soc/bcm/built-in.o
  LD      sound/soc/blackfin/built-in.o
  LD      sound/soc/cirrus/built-in.o
  LD      sound/soc/codecs/built-in.o
  CC [M]  sound/soc/codecs/ac97.o
  CC [M]  drivers/hwmon/ina3221.o
  CC [M]  sound/soc/codecs/da7219.o
  CC [M]  drivers/hwmon/it87.o
  CC [M]  fs/nfs/file.o
  CC [M]  sound/soc/codecs/da7219-aad.o
  CC [M]  drivers/hwmon/jc42.o
  CC [M]  sound/soc/codecs/dmic.o
  CC [M]  drivers/hwmon/k8temp.o
  CC [M]  fs/nfs/getroot.o
  CC [M]  sound/soc/codecs/hdac_hdmi.o
  CC [M]  drivers/hwmon/k10temp.o
  CC [M]  fs/nfs/inode.o
  CC [M]  drivers/hwmon/lineage-pem.o
  CC [M]  drivers/hwmon/lm63.o
  CC [M]  sound/soc/codecs/max98090.o
  CC [M]  drivers/hwmon/lm70.o
  CC [M]  drivers/hwmon/lm73.o
  CC [M]  drivers/hwmon/lm75.o
  CC [M]  fs/nfs/super.o
  CC [M]  sound/soc/codecs/max98357a.o
  CC [M]  drivers/hwmon/lm77.o
  CC [M]  sound/soc/codecs/nau8825.o
  CC [M]  drivers/hwmon/lm78.o
  CC [M]  drivers/hwmon/lm80.o
  CC [M]  sound/soc/codecs/hdmi-codec.o
  CC [M]  drivers/hwmon/lm83.o
  CC [M]  fs/nfs/io.o
  CC [M]  drivers/hwmon/lm85.o
  CC [M]  sound/soc/codecs/rl6231.o
  CC [M]  fs/nfs/direct.o
  CC [M]  sound/soc/codecs/rl6347a.o
  CC [M]  drivers/hwmon/lm87.o
  CC [M]  sound/soc/codecs/rt286.o
  CC [M]  drivers/hwmon/lm90.o
  CC [M]  fs/nfs/pagelist.o
  CC [M]  sound/soc/codecs/rt298.o
  CC [M]  drivers/hwmon/lm92.o
  CC [M]  drivers/hwmon/lm93.o
  CC [M]  sound/soc/codecs/rt5640.o
  CC [M]  fs/nfs/read.o
  CC [M]  drivers/hwmon/lm95234.o
  CC [M]  sound/soc/codecs/rt5645.o
  CC [M]  drivers/hwmon/lm95241.o
  CC [M]  drivers/hwmon/lm95245.o
  CC [M]  fs/nfs/symlink.o
  CC [M]  drivers/hwmon/ltc2945.o
  CC [M]  sound/soc/codecs/rt5651.o
  CC [M]  drivers/hwmon/ltc2990.o
  CC [M]  fs/nfs/unlink.o
  CC [M]  drivers/hwmon/ltc4151.o
  CC [M]  sound/soc/codecs/rt5670.o
  CC [M]  drivers/hwmon/ltc4215.o
  CC [M]  fs/nfs/write.o
  CC [M]  drivers/hwmon/ltc4222.o
  CC [M]  drivers/hwmon/ltc4245.o
  CC [M]  drivers/hwmon/ltc4260.o
  CC [M]  sound/soc/codecs/si476x.o
  CC [M]  drivers/hwmon/ltc4261.o
  CC [M]  sound/soc/codecs/spdif_receiver.o
  CC [M]  drivers/hwmon/max1111.o
  CC [M]  sound/soc/codecs/spdif_transmitter.o
  CC [M]  drivers/hwmon/max16065.o
  CC [M]  fs/nfs/namespace.o
  CC [M]  sound/soc/codecs/ssm4567.o
  CC [M]  drivers/hwmon/max1619.o
  CC [M]  drivers/hwmon/max1668.o
  CC [M]  sound/soc/codecs/ts3a227e.o
  CC [M]  drivers/hwmon/max197.o
  CC [M]  fs/nfs/mount_clnt.o
  LD [M]  sound/soc/codecs/snd-soc-ac97.o
  LD [M]  sound/soc/codecs/snd-soc-da7219.o
  LD [M]  sound/soc/codecs/snd-soc-dmic.o
  LD [M]  sound/soc/codecs/snd-soc-hdac-hdmi.o
  LD [M]  sound/soc/codecs/snd-soc-max98090.o
  LD [M]  sound/soc/codecs/snd-soc-max98357a.o
  LD [M]  sound/soc/codecs/snd-soc-nau8825.o
  LD [M]  sound/soc/codecs/snd-soc-hdmi-codec.o
  LD [M]  sound/soc/codecs/snd-soc-rl6231.o
  CC [M]  drivers/hwmon/max31722.o
  LD [M]  sound/soc/codecs/snd-soc-rl6347a.o
  LD [M]  sound/soc/codecs/snd-soc-rt286.o
  LD [M]  sound/soc/codecs/snd-soc-rt298.o
  LD [M]  sound/soc/codecs/snd-soc-rt5640.o
  LD [M]  sound/soc/codecs/snd-soc-rt5645.o
  LD [M]  sound/soc/codecs/snd-soc-rt5651.o
  LD [M]  sound/soc/codecs/snd-soc-rt5670.o
  LD [M]  sound/soc/codecs/snd-soc-si476x.o
  LD [M]  sound/soc/codecs/snd-soc-spdif-rx.o
  LD [M]  sound/soc/codecs/snd-soc-spdif-tx.o
  LD [M]  sound/soc/codecs/snd-soc-ssm4567.o
  LD [M]  sound/soc/codecs/snd-soc-ts3a227e.o
  LD      sound/soc/davinci/built-in.o
  LD      sound/soc/dwc/built-in.o
  CC [M]  sound/soc/dwc/designware_i2s.o
  CC [M]  drivers/hwmon/max6639.o
  CC [M]  fs/nfs/nfstrace.o
  CC [M]  drivers/hwmon/max6642.o
  CC [M]  sound/soc/dwc/designware_pcm.o
  CC [M]  drivers/hwmon/max6650.o
  CC [M]  drivers/hwmon/max6697.o
  LD      sound/soc/fsl/built-in.o
  LD      sound/soc/generic/built-in.o
  CC [M]  sound/soc/generic/simple-card-utils.o
  CC [M]  drivers/hwmon/max31790.o
  CC [M]  drivers/hwmon/mc13783-adc.o
  CC [M]  sound/soc/generic/simple-card.o
  CC [M]  fs/nfs/sysctl.o
  CC [M]  drivers/hwmon/mcp3021.o
  LD [M]  sound/soc/generic/snd-soc-simple-card-utils.o
  LD [M]  sound/soc/generic/snd-soc-simple-card.o
  LD      sound/soc/img/built-in.o
  LD      sound/soc/intel/built-in.o
  LD      sound/soc/intel/atom/built-in.o
  CC [M]  sound/soc/intel/atom/sst-mfld-platform-pcm.o
  CC [M]  drivers/hwmon/nct6683.o
  CC [M]  fs/nfs/fscache.o
  CC [M]  drivers/hwmon/nct6775.o
  CC [M]  sound/soc/intel/atom/sst-mfld-platform-compress.o
  CC [M]  sound/soc/intel/atom/sst-atom-controls.o
  CC [M]  fs/nfs/fscache-index.o
  LD      sound/soc/intel/atom/sst/built-in.o
  CC [M]  sound/soc/intel/atom/sst/sst.o
  CC [M]  drivers/hwmon/nct7802.o
  CC [M]  fs/nfs/nfs2super.o
  CC [M]  drivers/hwmon/nct7904.o
  CC [M]  drivers/hwmon/ntc_thermistor.o
  CC [M]  sound/soc/intel/atom/sst/sst_ipc.o
  CC [M]  fs/nfs/proc.o
  CC [M]  drivers/hwmon/pc87360.o
  CC [M]  sound/soc/intel/atom/sst/sst_stream.o
  CC [M]  fs/nfs/nfs2xdr.o
  CC [M]  sound/soc/intel/atom/sst/sst_drv_interface.o
  CC [M]  drivers/hwmon/pc87427.o
  CC [M]  drivers/hwmon/pcf8591.o
  CC [M]  sound/soc/intel/atom/sst/sst_loader.o
  CC [M]  fs/nfs/nfs3super.o
  CC [M]  drivers/hwmon/powr1220.o
  CC [M]  sound/soc/intel/atom/sst/sst_pvt.o
  CC [M]  drivers/hwmon/sch56xx-common.o
  CC [M]  fs/nfs/nfs3client.o
  CC [M]  drivers/hwmon/sch5627.o
  CC [M]  sound/soc/intel/atom/sst/sst_acpi.o
  CC [M]  drivers/hwmon/sch5636.o
  CC [M]  fs/nfs/nfs3proc.o
  LD [M]  sound/soc/intel/atom/sst/snd-intel-sst-core.o
  LD [M]  sound/soc/intel/atom/sst/snd-intel-sst-acpi.o
  LD [M]  sound/soc/intel/atom/snd-soc-sst-mfld-platform.o
  LD      sound/soc/intel/boards/built-in.o
  CC [M]  sound/soc/intel/boards/haswell.o
  CC [M]  drivers/hwmon/sht15.o
  CC [M]  sound/soc/intel/boards/bxt_da7219_max98357a.o
  CC [M]  drivers/hwmon/sht21.o
  CC [M]  sound/soc/intel/boards/bxt_rt298.o
  CC [M]  fs/nfs/nfs3xdr.o
  CC [M]  drivers/hwmon/sht3x.o
  CC [M]  sound/soc/intel/boards/broadwell.o
  CC [M]  drivers/hwmon/shtc1.o
  CC [M]  fs/nfs/nfs3acl.o
  CC [M]  sound/soc/intel/boards/bytcr_rt5640.o
  CC [M]  drivers/hwmon/sis5595.o
  CC [M]  sound/soc/intel/boards/bytcr_rt5651.o
  CC [M]  drivers/hwmon/smm665.o
  CC [M]  fs/nfs/nfs4proc.o
  CC [M]  sound/soc/intel/boards/cht_bsw_rt5672.o
  CC [M]  drivers/hwmon/smsc47b397.o
  CC [M]  sound/soc/intel/boards/cht_bsw_rt5645.o
  CC [M]  drivers/hwmon/smsc47m1.o
  CC [M]  sound/soc/intel/boards/cht_bsw_max98090_ti.o
  CC [M]  drivers/hwmon/smsc47m192.o
  CC [M]  sound/soc/intel/boards/skl_rt286.o
  CC [M]  drivers/hwmon/amc6821.o
  CC [M]  sound/soc/intel/boards/skl_nau88l25_max98357a.o
  CC [M]  drivers/hwmon/tc74.o
  CC [M]  sound/soc/intel/boards/skl_nau88l25_ssm4567.o
  CC [M]  drivers/hwmon/thmc50.o
  LD [M]  sound/soc/intel/boards/snd-soc-sst-haswell.o
  LD [M]  sound/soc/intel/boards/snd-soc-sst-bxt-da7219_max98357a.o
  LD [M]  sound/soc/intel/boards/snd-soc-sst-bxt-rt298.o
  LD [M]  sound/soc/intel/boards/snd-soc-sst-broadwell.o
  LD [M]  sound/soc/intel/boards/snd-soc-sst-bytcr-rt5640.o
  LD [M]  sound/soc/intel/boards/snd-soc-sst-bytcr-rt5651.o
  LD [M]  sound/soc/intel/boards/snd-soc-sst-cht-bsw-rt5672.o
  LD [M]  sound/soc/intel/boards/snd-soc-sst-cht-bsw-rt5645.o
  LD [M]  sound/soc/intel/boards/snd-soc-sst-cht-bsw-max98090_ti.o
  LD [M]  sound/soc/intel/boards/snd-soc-skl_rt286.o
  LD [M]  sound/soc/intel/boards/snd-skl_nau88l25_max98357a.o
  LD [M]  sound/soc/intel/boards/snd-soc-skl_nau88l25_ssm4567.o
  LD      sound/soc/intel/common/built-in.o
  CC [M]  sound/soc/intel/common/sst-dsp.o
  CC [M]  drivers/hwmon/tmp102.o
  CC [M]  drivers/hwmon/tmp103.o
  CC [M]  drivers/hwmon/tmp401.o
  CC [M]  sound/soc/intel/common/sst-ipc.o
  CC [M]  drivers/hwmon/tmp421.o
  CC [M]  fs/nfs/nfs4xdr.o
  CC [M]  drivers/hwmon/via-cputemp.o
  CC [M]  sound/soc/intel/common/sst-acpi.o
  CC [M]  drivers/hwmon/via686a.o
  CC [M]  sound/soc/intel/common/sst-match-acpi.o
  CC [M]  drivers/hwmon/vt1211.o
  CC [M]  sound/soc/intel/common/sst-firmware.o
  CC [M]  drivers/hwmon/vt8231.o
  CC [M]  drivers/hwmon/w83627ehf.o
  LD [M]  sound/soc/intel/common/snd-soc-sst-dsp.o
  LD [M]  sound/soc/intel/common/snd-soc-sst-ipc.o
  LD [M]  sound/soc/intel/common/snd-soc-sst-acpi.o
  LD [M]  sound/soc/intel/common/snd-soc-sst-match.o
  LD [M]  sound/soc/intel/common/snd-soc-sst-firmware.o
  LD      sound/soc/intel/haswell/built-in.o
  CC [M]  sound/soc/intel/haswell/sst-haswell-ipc.o
  CC [M]  fs/nfs/nfs4state.o
  CC [M]  drivers/hwmon/w83l785ts.o
  CC [M]  drivers/hwmon/w83l786ng.o
  CC [M]  sound/soc/intel/haswell/sst-haswell-pcm.o
  LD      drivers/hwmon/pmbus/built-in.o
  CC [M]  drivers/hwmon/pmbus/pmbus_core.o
  CC [M]  fs/nfs/nfs4renewd.o
  CC [M]  sound/soc/intel/haswell/sst-haswell-dsp.o
  CC [M]  fs/nfs/nfs4super.o
  CC [M]  drivers/hwmon/pmbus/pmbus.o
  LD [M]  sound/soc/intel/haswell/snd-soc-sst-haswell-pcm.o
  LD      sound/soc/intel/skylake/built-in.o
  CC [M]  sound/soc/intel/skylake/skl.o
  CC [M]  drivers/hwmon/pmbus/adm1275.o
  CC [M]  fs/nfs/nfs4file.o
  CC [M]  drivers/hwmon/pmbus/lm25066.o
  CC [M]  sound/soc/intel/skylake/skl-pcm.o
  CC [M]  drivers/hwmon/pmbus/ltc2978.o
  CC [M]  sound/soc/intel/skylake/skl-nhlt.o
  CC [M]  fs/nfs/delegation.o
  CC [M]  drivers/hwmon/pmbus/ltc3815.o
  CC [M]  sound/soc/intel/skylake/skl-messages.o
  CC [M]  drivers/hwmon/pmbus/max16064.o
  CC [M]  drivers/hwmon/pmbus/max20751.o
  CC [M]  sound/soc/intel/skylake/skl-topology.o
  CC [M]  drivers/hwmon/pmbus/max34440.o
  CC [M]  fs/nfs/nfs4idmap.o
  CC [M]  drivers/hwmon/pmbus/max8688.o
  CC [M]  drivers/hwmon/pmbus/tps40422.o
  CC [M]  sound/soc/intel/skylake/skl-sst-ipc.o
  CC [M]  drivers/hwmon/pmbus/ucd9000.o
  CC [M]  fs/nfs/callback.o
  CC [M]  drivers/hwmon/pmbus/ucd9200.o
  CC [M]  sound/soc/intel/skylake/skl-sst-dsp.o
  CC [M]  drivers/hwmon/pmbus/zl6100.o
  CC [M]  fs/nfs/callback_xdr.o
  LD      drivers/hwmon/built-in.o
  LD      fs/nfs_common/built-in.o
  CC [M]  fs/nfs_common/nfsacl.o
  CC [M]  sound/soc/intel/skylake/skl-sst-cldma.o
  CC [M]  fs/nfs_common/grace.o
  CC [M]  fs/nfs/callback_proc.o
  CC [M]  sound/soc/intel/skylake/skl-sst.o
  LD [M]  fs/nfs_common/nfs_acl.o
  LD      fs/nfsd/built-in.o
  CC [M]  fs/nfsd/trace.o
  CC [M]  fs/nfs/nfs4namespace.o
  CC [M]  fs/nfsd/nfssvc.o
  CC [M]  fs/nfs/nfs4getroot.o
  CC [M]  fs/nfsd/nfsctl.o
  CC [M]  fs/nfs/nfs4client.o
  CC [M]  fs/nfsd/nfsproc.o
  CC [M]  fs/nfsd/nfsfh.o
  CC [M]  fs/nfs/nfs4session.o
  CC [M]  fs/nfsd/vfs.o
  CC [M]  fs/nfs/dns_resolve.o
  CC [M]  fs/nfsd/export.o
  CC [M]  fs/nfs/nfs4trace.o
  CC [M]  fs/nfsd/auth.o
  CC [M]  fs/nfsd/lockd.o
  CC [M]  fs/nfsd/nfscache.o
  CC [M]  fs/nfsd/nfsxdr.o
  CC [M]  fs/nfsd/stats.o
  CC [M]  fs/nfs/nfs4sysctl.o
  CC [M]  fs/nfsd/nfs2acl.o
  CC [M]  fs/nfs/pnfs.o
  CC [M]  fs/nfsd/nfs3proc.o
  CC [M]  fs/nfsd/nfs3xdr.o
  CC [M]  fs/nfsd/nfs3acl.o
  CC [M]  fs/nfsd/nfs4proc.o
  CC [M]  fs/nfs/pnfs_dev.o
  CC [M]  fs/nfsd/nfs4xdr.o
  CC [M]  fs/nfs/pnfs_nfs.o
  CC [M]  fs/nfs/nfs42proc.o
  CC [M]  fs/nfsd/nfs4state.o
  LD      fs/nfs/blocklayout/built-in.o
  CC [M]  fs/nfs/blocklayout/blocklayout.o
  CC [M]  fs/nfs/blocklayout/dev.o
  CC [M]  fs/nfs/blocklayout/extent_tree.o
  CC [M]  fs/nfsd/nfs4idmap.o
  CC [M]  fs/nfs/blocklayout/rpc_pipefs.o
  CC [M]  fs/nfsd/nfs4acl.o
  LD [M]  fs/nfs/blocklayout/blocklayoutdriver.o
  LD      fs/nfs/filelayout/built-in.o
  CC [M]  fs/nfs/filelayout/filelayout.o
  CC [M]  fs/nfsd/nfs4callback.o
  CC [M]  fs/nfs/filelayout/filelayoutdev.o
  CC [M]  fs/nfsd/nfs4recover.o
  LD [M]  fs/nfs/filelayout/nfs_layout_nfsv41_files.o
  LD      fs/nfs/flexfilelayout/built-in.o
  CC [M]  fs/nfs/flexfilelayout/flexfilelayout.o
  CC [M]  fs/nfsd/nfs4layouts.o
  CC [M]  fs/nfsd/blocklayout.o
  CC [M]  fs/nfs/flexfilelayout/flexfilelayoutdev.o
  CC [M]  fs/nfsd/blocklayoutxdr.o
  LD [M]  fs/nfsd/nfsd.o
  LD      fs/nilfs2/built-in.o
  CC [M]  fs/nilfs2/inode.o
  LD [M]  fs/nfs/flexfilelayout/nfs_layout_flexfiles.o
  LD      fs/nfs/objlayout/built-in.o
  CC [M]  fs/nfs/objlayout/objio_osd.o
  CC [M]  fs/nilfs2/file.o
  CC [M]  fs/nfs/objlayout/pnfs_osd_xdr_cli.o
  CC [M]  fs/nilfs2/dir.o
  CC [M]  fs/nfs/objlayout/objlayout.o
  CC [M]  fs/nilfs2/super.o
  LD [M]  fs/nfs/objlayout/objlayoutdriver.o
  LD [M]  fs/nfs/nfs.o
  LD [M]  fs/nfs/nfsv2.o
  LD [M]  fs/nfs/nfsv3.o
  LD [M]  fs/nfs/nfsv4.o
  CC      drivers/base/memory.o
  LD      drivers/char/tpm/built-in.o
  CC [M]  drivers/char/tpm/tpm-interface.o
  CC [M]  fs/nilfs2/namei.o
  CC [M]  fs/nilfs2/page.o
  CC      drivers/base/power/main.o
  CC      fs/nls/nls_base.o
  CC [M]  fs/nls/nls_cp437.o
  CC [M]  fs/nilfs2/mdt.o
  CC [M]  fs/nls/nls_cp737.o
  CC [M]  fs/nls/nls_cp775.o
  CC [M]  fs/nls/nls_cp850.o
  CC [M]  fs/nilfs2/btnode.o
  CC [M]  fs/nls/nls_cp852.o
  CC      drivers/base/power/wakeup.o
  CC [M]  fs/nls/nls_cp855.o
  CC [M]  fs/nilfs2/bmap.o
  CC [M]  fs/nls/nls_cp857.o
  CC [M]  fs/nls/nls_cp860.o
  CC      drivers/base/power/trace.o
  CC [M]  fs/nls/nls_cp861.o
  CC [M]  fs/nilfs2/btree.o
  CC [M]  fs/nls/nls_cp862.o
  CC [M]  fs/nls/nls_cp863.o
  CC [M]  fs/nls/nls_cp864.o
  CC      drivers/base/power/domain.o
  CC [M]  fs/nls/nls_cp865.o
  CC [M]  fs/nilfs2/direct.o
  CC [M]  fs/nls/nls_cp866.o
  CC [M]  fs/nls/nls_cp869.o
  CC [M]  fs/nilfs2/dat.o
  CC [M]  fs/nls/nls_cp874.o
  CC [M]  fs/nls/nls_cp932.o
  CC      drivers/base/power/domain_governor.o
  CC [M]  fs/nilfs2/recovery.o
  CC [M]  fs/nls/nls_euc-jp.o
  CC      drivers/base/power/clock_ops.o
  CC [M]  fs/nls/nls_cp936.o
  CC [M]  fs/nilfs2/the_nilfs.o
  LD      drivers/base/power/built-in.o
  CC      drivers/base/module.o
  CC [M]  fs/nls/nls_cp949.o
  CC      drivers/base/hypervisor.o
  CC [M]  fs/nls/nls_cp950.o
  CC [M]  fs/nilfs2/segbuf.o
  CC      drivers/base/pinctrl.o
  CC [M]  fs/nls/nls_cp1250.o
  CC      drivers/base/devcoredump.o
  CC [M]  fs/nls/nls_cp1251.o
  CC [M]  fs/nilfs2/segment.o
  CC [M]  fs/nls/nls_ascii.o
  CC [M]  fs/nls/nls_iso8859-1.o
  CC      drivers/base/platform-msi.o
  CC [M]  fs/nls/nls_iso8859-2.o
  CC [M]  fs/nls/nls_iso8859-3.o
  LD      drivers/base/built-in.o
  CC [M]  drivers/char/tpm/tpm-dev.o
  CC [M]  fs/nls/nls_iso8859-4.o
  CC [M]  drivers/char/tpm/tpm-sysfs.o
  CC [M]  fs/nls/nls_iso8859-5.o
  LD      sound/sparc/built-in.o
  LD      drivers/hwtracing/intel_th/built-in.o
  CC [M]  sound/soc/intel/skylake/bxt-sst.o
  CC      drivers/i2c/i2c-boardinfo.o
  CC [M]  drivers/char/tpm/tpm-chip.o
  CC [M]  fs/nls/nls_iso8859-6.o
  CC [M]  fs/nls/nls_iso8859-7.o
  CC [M]  fs/nls/nls_cp1255.o
  CC      drivers/i2c/i2c-core.o
  CC [M]  fs/nls/nls_iso8859-9.o
  CC [M]  sound/soc/intel/skylake/skl-sst-utils.o
  CC [M]  drivers/char/tpm/tpm2-cmd.o
  CC [M]  fs/nls/nls_iso8859-13.o
  CC [M]  fs/nls/nls_iso8859-14.o
  CC [M]  fs/nls/nls_iso8859-15.o
  CC [M]  fs/nls/nls_koi8-r.o
  LD [M]  sound/soc/intel/skylake/snd-soc-skl.o
  LD [M]  sound/soc/intel/skylake/snd-soc-skl-ipc.o
  CC [M]  drivers/char/tpm/tpm_eventlog.o
  LD      sound/soc/jz4740/built-in.o
  LD      sound/soc/kirkwood/built-in.o
  LD      sound/soc/mediatek/built-in.o
  LD      sound/soc/mxs/built-in.o
  LD      sound/soc/nuc900/built-in.o
  LD      sound/soc/omap/built-in.o
  LD      sound/soc/pxa/built-in.o
  CC [M]  fs/nls/nls_koi8-u.o
  LD      sound/soc/qcom/built-in.o
  LD      sound/soc/rockchip/built-in.o
  LD      sound/soc/samsung/built-in.o
  LD      sound/soc/sh/built-in.o
  LD      sound/soc/sirf/built-in.o
  LD      sound/soc/spear/built-in.o
  LD      sound/soc/sti/built-in.o
  LD      sound/soc/sunxi/built-in.o
  LD      sound/soc/tegra/built-in.o
  LD      sound/soc/txx9/built-in.o
  LD      sound/soc/ux500/built-in.o
  CC [M]  fs/nls/nls_koi8-ru.o
  LD      sound/soc/xtensa/built-in.o
  LD      sound/soc/zte/built-in.o
  LD [M]  sound/soc/snd-soc-core.o
  LD      sound/spi/built-in.o
  CC [M]  drivers/char/tpm/tpm_ppi.o
  LD      sound/synth/built-in.o
  CC [M]  sound/synth/util_mem.o
  CC [M]  fs/nls/nls_utf8.o
  LD      drivers/i2c/algos/built-in.o
  CC [M]  drivers/i2c/algos/i2c-algo-bit.o
  CC [M]  fs/nls/mac-celtic.o
  CC [M]  drivers/char/tpm/tpm_acpi.o
  CC [M]  fs/nls/mac-centeuro.o
  LD      sound/synth/emux/built-in.o
  CC [M]  sound/synth/emux/emux.o
  CC [M]  fs/nls/mac-croatian.o
  CC [M]  drivers/char/tpm/tpm_tis_core.o
  CC [M]  drivers/i2c/algos/i2c-algo-pca.o
  CC [M]  fs/nls/mac-cyrillic.o
  CC [M]  fs/nls/mac-gaelic.o
  CC [M]  sound/synth/emux/emux_synth.o
  CC [M]  fs/nls/mac-greek.o
  LD      drivers/i2c/busses/built-in.o
  CC [M]  drivers/char/tpm/tpm_tis.o
  CC [M]  drivers/i2c/busses/i2c-scmi.o
  CC [M]  fs/nls/mac-iceland.o
  CC [M]  fs/nls/mac-inuit.o
  CC [M]  drivers/i2c/busses/i2c-ali1535.o
  CC [M]  drivers/char/tpm/tpm_i2c_atmel.o
  CC [M]  fs/nls/mac-romanian.o
  CC [M]  sound/synth/emux/emux_seq.o
  CC [M]  fs/nls/mac-roman.o
  CC [M]  drivers/i2c/busses/i2c-ali1563.o
  CC [M]  drivers/char/tpm/tpm_i2c_infineon.o
  CC [M]  fs/nls/mac-turkish.o
  CC [M]  sound/synth/emux/emux_nrpn.o
  LD      fs/nls/built-in.o
  CC [M]  fs/nilfs2/cpfile.o
  CC      lib/lockref.o
  CC [M]  sound/synth/emux/emux_effect.o
  CC      lib/bcd.o
  CC [M]  sound/synth/emux/emux_hwdep.o
  CC      lib/div64.o
  CC [M]  fs/nilfs2/sufile.o
  CC      lib/sort.o
  CC      lib/parser.o
  CC [M]  sound/synth/emux/soundfont.o
  CC      lib/halfmd4.o
  CC [M]  fs/nilfs2/ifile.o
  CC      lib/debug_locks.o
  CC      lib/random32.o
  CC [M]  sound/synth/emux/emux_proc.o
  CC [M]  fs/nilfs2/alloc.o
  CC [M]  sound/synth/emux/emux_oss.o
  CC      lib/bust_spinlocks.o
  CC      lib/kasprintf.o
  CC [M]  fs/nilfs2/gcinode.o
  LD [M]  sound/synth/emux/snd-emux-synth.o
  LD [M]  sound/synth/snd-util-mem.o
  LD      sound/usb/built-in.o
  CC [M]  sound/usb/card.o
  CC      lib/bitmap.o
  CC [M]  fs/nilfs2/ioctl.o
  CC [M]  sound/usb/clock.o
  CC      lib/scatterlist.o
  CC [M]  sound/usb/endpoint.o
  CC [M]  fs/nilfs2/sysfs.o
  CC [M]  sound/usb/format.o
  CC      lib/gcd.o
  CC      lib/lcm.o
  LD [M]  fs/nilfs2/nilfs2.o
  CC      lib/list_sort.o
  CC      fs/notify/fsnotify.o
  CC      lib/uuid.o
  CC [M]  sound/usb/helper.o
  CC      lib/flex_array.o
  CC      fs/notify/notification.o
  CC [M]  sound/usb/mixer.o
  CC      lib/iov_iter.o
  CC      fs/notify/group.o
  CC      fs/notify/inode_mark.o
  CC      fs/notify/mark.o
  CC [M]  sound/usb/mixer_quirks.o
  CC      fs/notify/vfsmount_mark.o
  CC [M]  sound/usb/mixer_scarlett.o
  CC      lib/clz_ctz.o
  CC      fs/notify/fdinfo.o
  CC      lib/bsearch.o
  CC      lib/find_bit.o
  CC      lib/llist.o
  CC      fs/notify/dnotify/dnotify.o
  CC [M]  sound/usb/pcm.o
  CC      lib/memweight.o
  CC      lib/kfifo.o
  LD      fs/notify/dnotify/built-in.o
  CC      fs/notify/fanotify/fanotify.o
  CC      fs/notify/fanotify/fanotify_user.o
  CC [M]  sound/usb/proc.o
  CC      lib/percpu-refcount.o
  CC [M]  sound/usb/quirks.o
  LD      fs/notify/fanotify/built-in.o
  CC      fs/notify/inotify/inotify_fsnotify.o
  CC      lib/percpu_ida.o
  CC      fs/notify/inotify/inotify_user.o
  CC [M]  sound/usb/stream.o
  CC      lib/rhashtable.o
  LD      fs/notify/inotify/built-in.o
  LD      fs/notify/built-in.o
  LD      fs/ntfs/built-in.o
  CC [M]  fs/ntfs/aops.o
  CC [M]  sound/usb/midi.o
  CC      lib/reciprocal_div.o
  CC      lib/once.o
  CC [M]  fs/ntfs/attrib.o
  CC      lib/string_helpers.o
  LD      sound/usb/6fire/built-in.o
  CC [M]  sound/usb/6fire/chip.o
  CC [M]  sound/usb/6fire/comm.o
  CC [M]  fs/ntfs/collate.o
  CC      lib/hexdump.o
  CC      lib/kstrtox.o
  CC [M]  sound/usb/6fire/midi.o
  CC [M]  fs/ntfs/compress.o
  CC [M]  sound/usb/6fire/control.o
  CC      lib/iomap.o
  CC [M]  fs/ntfs/debug.o
  CC [M]  sound/usb/6fire/firmware.o
  CC [M]  fs/ntfs/dir.o
  CC      lib/pci_iomap.o
  CC [M]  sound/usb/6fire/pcm.o
  CC [M]  fs/ntfs/file.o
  LD [M]  sound/usb/6fire/snd-usb-6fire.o
  LD      sound/usb/bcd2000/built-in.o
  CC [M]  sound/usb/bcd2000/bcd2000.o
  CC      lib/iomap_copy.o
  CC      lib/devres.o
  LD [M]  sound/usb/bcd2000/snd-bcd2000.o
  LD      sound/usb/caiaq/built-in.o
  CC [M]  sound/usb/caiaq/device.o
  CC [M]  sound/usb/caiaq/audio.o
  CC [M]  fs/ntfs/index.o
  CC      lib/check_signature.o
  CC      lib/hweight.o
  CC      lib/btree.o
  CC [M]  fs/ntfs/inode.o
  CC [M]  sound/usb/caiaq/midi.o
  CC [M]  sound/usb/caiaq/control.o
  CC      lib/interval_tree.o
  CC [M]  sound/usb/caiaq/input.o
  CC [M]  fs/ntfs/mft.o
  CC      lib/assoc_array.o
  LD [M]  sound/usb/caiaq/snd-usb-caiaq.o
  LD      sound/usb/hiface/built-in.o
  CC [M]  sound/usb/hiface/chip.o
  CC      lib/bitrev.o
  CC [M]  sound/usb/hiface/pcm.o
  CC      lib/rational.o
  CC [M]  fs/ntfs/mst.o
  CC      lib/crc-ccitt.o
  LD [M]  sound/usb/hiface/snd-usb-hiface.o
  LD      sound/usb/line6/built-in.o
  CC [M]  sound/usb/line6/capture.o
  CC      lib/crc-t10dif.o
  CC [M]  fs/ntfs/namei.o
  CC [M]  sound/usb/line6/driver.o
  HOSTCC  lib/gen_crc32table
  CC [M]  fs/ntfs/runlist.o
  CC      lib/genalloc.o
  CC [M]  sound/usb/line6/midi.o
  LD      lib/842/built-in.o
  CC [M]  lib/842/842_compress.o
  CC [M]  fs/ntfs/super.o
  CC [M]  sound/usb/line6/midibuf.o
  CC [M]  sound/usb/line6/pcm.o
  CC [M]  lib/842/842_decompress.o
  CC [M]  fs/ntfs/sysctl.o
  CC [M]  fs/ntfs/unistr.o
  CC      lib/fonts/fonts.o
  CC [M]  sound/usb/line6/playback.o
  CC [M]  fs/ntfs/upcase.o
  CC      lib/fonts/font_8x16.o
  CC [M]  sound/usb/line6/pod.o
  LD      lib/fonts/font.o
  LD      lib/fonts/built-in.o
  CC      lib/lz4/lz4_decompress.o
  CC [M]  fs/ntfs/bitmap.o
  CC [M]  sound/usb/line6/podhd.o
  CC [M]  lib/lz4/lz4_compress.o
  CC [M]  fs/ntfs/lcnalloc.o
  CC [M]  sound/usb/line6/toneport.o
  CC [M]  lib/lz4/lz4hc_compress.o
  CC [M]  sound/usb/line6/variax.o
  CC [M]  fs/ntfs/logfile.o
  LD [M]  sound/usb/line6/snd-usb-line6.o
  LD [M]  sound/usb/line6/snd-usb-pod.o
  LD [M]  sound/usb/line6/snd-usb-podhd.o
  LD [M]  sound/usb/line6/snd-usb-toneport.o
  LD [M]  sound/usb/line6/snd-usb-variax.o
  LD      lib/lz4/built-in.o
  LD      sound/usb/misc/built-in.o
  CC [M]  sound/usb/misc/ua101.o
  CC      lib/lzo/lzo1x_compress.o
  CC [M]  fs/ntfs/quota.o
  CC      lib/lzo/lzo1x_decompress_safe.o
  CC [M]  fs/ntfs/usnjrnl.o
  LD [M]  sound/usb/misc/snd-ua101.o
  LD      sound/usb/usx2y/built-in.o
  CC [M]  sound/usb/usx2y/usbusx2y.o
  LD      lib/lzo/lzo_compress.o
  LD      lib/lzo/lzo_decompress.o
  LD      lib/lzo/built-in.o
  LD [M]  fs/ntfs/ntfs.o
  CC      lib/mpi/generic_mpih-lshift.o
  LD      fs/ocfs2/built-in.o
  CC [M]  fs/ocfs2/alloc.o
  CC      lib/mpi/generic_mpih-mul1.o
  CC [M]  sound/usb/usx2y/usX2Yhwdep.o
  CC      lib/mpi/generic_mpih-mul2.o
  CC      lib/mpi/generic_mpih-mul3.o
  CC [M]  sound/usb/usx2y/usx2yhwdeppcm.o
  CC      lib/mpi/generic_mpih-rshift.o
  CC      lib/mpi/generic_mpih-sub1.o
  CC      lib/mpi/generic_mpih-add1.o
  CC [M]  sound/usb/usx2y/us122l.o
  CC      lib/mpi/mpicoder.o
  CC      lib/mpi/mpi-bit.o
  LD [M]  sound/usb/usx2y/snd-usb-usx2y.o
  LD [M]  sound/usb/usx2y/snd-usb-us122l.o
  LD [M]  sound/usb/snd-usb-audio.o
  LD [M]  sound/usb/snd-usbmidi-lib.o
  LD [M]  sound/soundcore.o
  LD      fs/omfs/built-in.o
  CC [M]  fs/omfs/bitmap.o
  CC [M]  fs/omfs/dir.o
  CC [M]  fs/ocfs2/aops.o
  CC [M]  fs/omfs/file.o
  CC [M]  fs/omfs/inode.o
  LD [M]  fs/omfs/omfs.o
  CC      lib/mpi/mpi-cmp.o
  CC      lib/mpi/mpih-cmp.o
  CC [M]  drivers/bluetooth/hci_ath.o
  CC      lib/mpi/mpih-div.o
  CC [M]  drivers/bluetooth/hci_h5.o
  CC      lib/mpi/mpih-mul.o
  CC [M]  fs/ocfs2/blockcheck.o
  CC [M]  drivers/char/tpm/tpm_i2c_nuvoton.o
  CC [M]  drivers/bluetooth/hci_intel.o
  CC [M]  drivers/bluetooth/hci_bcm.o
  LD      net/ax25/built-in.o
  CC [M]  net/ax25/ax25_addr.o
  CC      lib/mpi/mpi-pow.o
  CC [M]  fs/ocfs2/buffer_head_io.o
  LD      net/batman-adv/built-in.o
  CC [M]  net/batman-adv/bat_algo.o
  CC [M]  drivers/char/tpm/tpm_nsc.o
  LD      net/bluetooth/built-in.o
  CC [M]  net/bluetooth/af_bluetooth.o
  CC [M]  drivers/bluetooth/hci_qca.o
  CC      lib/mpi/mpiutil.o
  CC [M]  net/ax25/ax25_dev.o
  CC [M]  drivers/char/tpm/tpm_atmel.o
  CC [M]  net/ax25/ax25_iface.o
  LD      lib/mpi/mpi.o
  LD      lib/mpi/built-in.o
  LD      lib/raid6/built-in.o
  CC [M]  lib/raid6/algos.o
  CC [M]  fs/ocfs2/dcache.o
  CC [M]  drivers/bluetooth/hci_ag6xx.o
  CC [M]  drivers/char/tpm/tpm_infineon.o
  CC [M]  net/bluetooth/hci_core.o
  CC [M]  drivers/bluetooth/bcm203x.o
  CC [M]  lib/raid6/recov.o
  CC [M]  net/ax25/ax25_in.o
  CC [M]  drivers/char/tpm/xen-tpmfront.o
  HOSTCC  lib/raid6/mktables
  CC [M]  drivers/bluetooth/bpa10x.o
  CC [M]  fs/ocfs2/dir.o
  UNROLL  lib/raid6/int1.c
  UNROLL  lib/raid6/int2.c
  UNROLL  lib/raid6/int4.c
  UNROLL  lib/raid6/int8.c
  UNROLL  lib/raid6/int16.c
  UNROLL  lib/raid6/int32.c
  CC [M]  lib/raid6/recov_ssse3.o
  CC [M]  drivers/char/tpm/tpm_crb.o
  CC [M]  net/ax25/ax25_ip.o
  CC [M]  lib/raid6/recov_avx2.o
  CC [M]  drivers/bluetooth/bfusb.o
  LD [M]  drivers/char/tpm/tpm.o
  CC [M]  lib/raid6/mmx.o
  CC [M]  lib/raid6/sse1.o
  CC [M]  net/ax25/ax25_out.o
  CC [M]  lib/raid6/sse2.o
  CC [M]  drivers/bluetooth/dtl1_cs.o
  CC [M]  lib/raid6/avx2.o
  CC [M]  net/bluetooth/hci_conn.o
  CC [M]  lib/raid6/avx512.o
  CC [M]  net/ax25/ax25_route.o
  CC [M]  fs/ocfs2/dlmglue.o
  CC [M]  drivers/bluetooth/bt3c_cs.o
  CC [M]  lib/raid6/recov_avx512.o
  CC [M]  net/ax25/ax25_std_in.o
  TABLE   lib/raid6/tables.c
  CC [M]  lib/raid6/int1.o
  CC [M]  drivers/bluetooth/bluecard_cs.o
  CC [M]  net/bluetooth/hci_event.o
  CC [M]  net/ax25/ax25_std_subr.o
  CC [M]  lib/raid6/int2.o
  CC [M]  fs/ocfs2/export.o
  CC [M]  drivers/bluetooth/btuart_cs.o
  CC [M]  lib/raid6/int4.o
  CC [M]  net/ax25/ax25_std_timer.o
  CC [M]  lib/raid6/int8.o
  CC [M]  fs/ocfs2/extent_map.o
  CC [M]  drivers/bluetooth/btusb.o
  CC [M]  net/ax25/ax25_subr.o
  CC [M]  lib/raid6/int16.o
  CC [M]  lib/raid6/int32.o
  CC [M]  net/ax25/ax25_timer.o
  CC [M]  lib/raid6/tables.o
  CC [M]  fs/ocfs2/file.o
  CC [M]  net/bluetooth/mgmt.o
  CC [M]  drivers/bluetooth/btsdio.o
  CC [M]  net/ax25/ax25_uid.o
  LD [M]  lib/raid6/raid6_pq.o
  CC      lib/reed_solomon/reed_solomon.o
  CC [M]  drivers/bluetooth/btintel.o
  CC [M]  net/ax25/af_ax25.o
  LD      lib/reed_solomon/built-in.o
  CC      lib/xz/xz_dec_syms.o
  CC [M]  fs/ocfs2/heartbeat.o
  CC      lib/xz/xz_dec_stream.o
  CC [M]  drivers/bluetooth/ath3k.o
  CC [M]  net/bluetooth/hci_sock.o
  CC      lib/xz/xz_dec_lzma2.o
  CC [M]  fs/ocfs2/inode.o
  CC [M]  drivers/bluetooth/btmrvl_main.o
  CC      lib/xz/xz_dec_bcj.o
  CC [M]  net/ax25/ax25_ds_in.o
  LD      lib/xz/xz_dec.o
  LD      lib/xz/built-in.o
  CC      lib/zlib_deflate/deflate.o
  CC [M]  net/ax25/ax25_ds_subr.o
  CC      lib/zlib_deflate/deftree.o
  CC [M]  net/bluetooth/hci_sysfs.o
  CC [M]  drivers/bluetooth/btmrvl_debugfs.o
  CC [M]  net/ax25/ax25_ds_timer.o
  CC      lib/zlib_deflate/deflate_syms.o
  CC [M]  fs/ocfs2/ioctl.o
  CC [M]  drivers/bluetooth/btmrvl_sdio.o
  CC [M]  net/bluetooth/l2cap_core.o
  LD      lib/zlib_deflate/zlib_deflate.o
  LD      lib/zlib_deflate/built-in.o
  CC      lib/zlib_inflate/inffast.o
  CC [M]  net/ax25/sysctl_net_ax25.o
  CC      lib/zlib_inflate/inflate.o
  CC [M]  fs/ocfs2/journal.o
  LD [M]  net/ax25/ax25.o
  CC      lib/zlib_inflate/infutil.o
  LD      net/bridge/netfilter/built-in.o
  CC [M]  net/bridge/netfilter/nf_tables_bridge.o
  CC [M]  drivers/bluetooth/btwilink.o
  CC      lib/zlib_inflate/inftrees.o
  CC      lib/zlib_inflate/inflate_syms.o
  LD      lib/zlib_inflate/zlib_inflate.o
  CC [M]  drivers/bluetooth/btbcm.o
  LD      lib/zlib_inflate/built-in.o
  CC      lib/textsearch.o
  CC [M]  net/bridge/netfilter/nft_meta_bridge.o
  CC      lib/percpu_counter.o
  CC [M]  fs/ocfs2/localalloc.o
  CC      lib/swiotlb.o
  CC [M]  net/bridge/netfilter/nft_reject_bridge.o
  CC [M]  drivers/bluetooth/btrtl.o
  CC [M]  net/bluetooth/l2cap_sock.o
  CC [M]  net/bridge/netfilter/nf_log_bridge.o
  CC      lib/iommu-helper.o
  CC [M]  fs/ocfs2/locks.o
  CC      lib/iommu-common.o
  CC [M]  drivers/bluetooth/btqca.o
  CC [M]  net/bridge/netfilter/ebtables.o
  CC [M]  fs/ocfs2/mmap.o
  CC      lib/syscall.o
  CC [M]  net/bluetooth/smp.o
  CC      lib/dynamic_debug.o
  CC [M]  fs/ocfs2/namei.o
  LD [M]  drivers/bluetooth/hci_uart.o
  LD [M]  drivers/bluetooth/btmrvl.o
  LD      net/caif/built-in.o
  CC [M]  net/caif/caif_dev.o
  CC      lib/nlattr.o
  CC [M]  net/bluetooth/lib.o
  CC [M]  net/bridge/netfilter/ebtable_broute.o
  CC [M]  net/caif/cfcnfg.o
  CC      lib/cpu_rmap.o
  CC [M]  net/bridge/netfilter/ebtable_filter.o
  CC [M]  net/bluetooth/ecc.o
  CC      lib/dynamic_queue_limits.o
  CC [M]  fs/ocfs2/refcounttree.o
  CC [M]  net/bridge/netfilter/ebtable_nat.o
  CC [M]  net/bluetooth/hci_request.o
  CC [M]  net/caif/cfmuxl.o
  CC      lib/glob.o
  CC [M]  net/bridge/netfilter/ebt_802_3.o
  CC      lib/jedec_ddr_data.o
  CC [M]  net/caif/cfctrl.o
  CC      lib/strncpy_from_user.o
  CC [M]  net/bridge/netfilter/ebt_among.o
  CC [M]  net/caif/cffrml.o
  CC      lib/strnlen_user.o
  CC [M]  net/bluetooth/mgmt_util.o
  CC [M]  net/caif/cfveil.o
  CC [M]  net/bridge/netfilter/ebt_arp.o
  CC      lib/net_utils.o
  CC [M]  net/caif/cfdbgl.o
  CC [M]  net/bluetooth/sco.o
  CC [M]  net/caif/cfserl.o
  CC [M]  fs/ocfs2/reservations.o
  CC [M]  net/bridge/netfilter/ebt_ip.o
  CC      lib/sg_pool.o
  CC [M]  net/caif/cfdgml.o
  CC [M]  net/bluetooth/a2mp.o
  CC [M]  net/caif/cfrfml.o
  CC      lib/irq_poll.o
  CC [M]  net/bridge/netfilter/ebt_ip6.o
  CC [M]  net/caif/cfvidl.o
  CC [M]  fs/ocfs2/move_extents.o
  CC [M]  net/caif/cfutill.o
  CC      lib/ucs2_string.o
  CC [M]  net/bluetooth/amp.o
  CC [M]  net/bridge/netfilter/ebt_limit.o
  CC [M]  net/caif/cfsrvl.o
  CC      lib/sbitmap.o
  CC [M]  net/bridge/netfilter/ebt_mark_m.o
  CC [M]  fs/ocfs2/resize.o
  CC [M]  net/bluetooth/leds.o
  CC      lib/argv_split.o
  CC [M]  net/caif/cfpkt_skbuff.o
  CC [M]  net/bridge/netfilter/ebt_pkttype.o
  CC      lib/bug.o
  CC [M]  net/bluetooth/hci_debugfs.o
  CC [M]  net/bridge/netfilter/ebt_stp.o
  CC [M]  net/caif/chnl_net.o
  CC [M]  fs/ocfs2/slot_map.o
  CC      lib/chacha20.o
  CC      lib/clz_tab.o
  CC      lib/cmdline.o
  CC [M]  net/bridge/netfilter/ebt_vlan.o
  CC [M]  net/caif/caif_socket.o
  CC [M]  net/bluetooth/6lowpan.o
  CC      lib/cpumask.o
  CC      lib/ctype.o
  CC [M]  net/bridge/netfilter/ebt_arpreply.o
  CC [M]  fs/ocfs2/suballoc.o
  CC      lib/dec_and_lock.o
  CC [M]  net/caif/caif_usb.o
  CC      lib/decompress.o
  CC      lib/decompress_bunzip2.o
  CC [M]  net/bridge/netfilter/ebt_mark.o
  LD      net/bluetooth/bnep/built-in.o
  CC [M]  net/bluetooth/bnep/core.o
  LD [M]  net/caif/caif.o
  CC [M]  net/batman-adv/bat_iv_ogm.o
  LD      net/bluetooth/cmtp/built-in.o
  CC [M]  net/bluetooth/cmtp/core.o
  CC      lib/decompress_inflate.o
  CC [M]  net/bridge/netfilter/ebt_dnat.o
  CC      lib/decompress_unlz4.o
  CC      lib/decompress_unlzma.o
  CC [M]  net/bridge/netfilter/ebt_redirect.o
  CC [M]  fs/ocfs2/super.o
  CC [M]  net/bluetooth/cmtp/sock.o
  CC [M]  net/batman-adv/bat_v.o
  CC      lib/decompress_unlzo.o
  CC [M]  net/bridge/netfilter/ebt_snat.o
  CC      lib/decompress_unxz.o
  CC [M]  net/bluetooth/cmtp/capi.o
  CC [M]  net/batman-adv/bat_v_elp.o
  CC      lib/dma-noop.o
  CC [M]  net/bridge/netfilter/ebt_log.o
  CC      lib/dump_stack.o
  CC [M]  net/batman-adv/bat_v_ogm.o
  LD [M]  net/bluetooth/cmtp/cmtp.o
  LD      net/can/built-in.o
  CC [M]  net/can/af_can.o
  CC      lib/earlycpio.o
  CC [M]  net/bridge/netfilter/ebt_nflog.o
  CC      lib/extable.o
  CC [M]  net/batman-adv/bitarray.o
  CC      lib/flex_proportions.o
  CC      lib/idr.o
  CC [M]  net/batman-adv/bridge_loop_avoidance.o
  CC [M]  net/can/proc.o
  CC      lib/int_sqrt.o
  CC      lib/ioremap.o
  CC [M]  net/can/raw.o
  CC      lib/irq_regs.o
  CC [M]  net/batman-adv/debugfs.o
  CC      lib/is_single_threaded.o
  CC      lib/klist.o
  CC [M]  net/can/bcm.o
  CC [M]  net/batman-adv/distributed-arp-table.o
  CC      lib/kobject.o
  CC [M]  net/batman-adv/fragmentation.o
  CC      lib/kobject_uevent.o
  CC [M]  net/can/gw.o
  CC [M]  net/batman-adv/gateway_client.o
  CC      lib/md5.o
  CC      lib/nmi_backtrace.o
  LD [M]  net/can/can.o
  LD [M]  net/can/can-raw.o
  LD [M]  net/can/can-bcm.o
  LD [M]  net/can/can-gw.o
  CC [M]  fs/ocfs2/symlink.o
  CC      arch/x86/lib/msr-smp.o
  CC      lib/nodemask.o
  CC [M]  fs/ocfs2/sysfile.o
  CC      arch/x86/lib/cache-smp.o
  CC      lib/plist.o
  CC      arch/x86/lib/msr.o
  CC      lib/radix-tree.o
  CC [M]  fs/ocfs2/uptodate.o
  AS      arch/x86/lib/msr-reg.o
  CC      arch/x86/lib/msr-reg-export.o
  AS      arch/x86/lib/hweight.o
  CC      lib/ratelimit.o
  AS      arch/x86/lib/iomap_copy_64.o
  AS      arch/x86/lib/clear_page_64.o
  CC [M]  fs/ocfs2/quota_local.o
  CC      lib/rbtree.o
  CC      arch/x86/lib/cmdline.o
  AS      arch/x86/lib/cmpxchg16b_emu.o
  AS      arch/x86/lib/copy_page_64.o
  CC      lib/seq_buf.o
  AS      arch/x86/lib/copy_user_64.o
  CC      arch/x86/lib/cpu.o
  CC      lib/sha1.o
  AS      arch/x86/lib/csum-copy_64.o
  CC      arch/x86/lib/csum-partial_64.o
  CC      lib/show_mem.o
  CC      lib/string.o
  CC      arch/x86/lib/csum-wrappers_64.o
  CC [M]  fs/ocfs2/quota_global.o
  CC      lib/timerqueue.o
  CC      arch/x86/lib/delay.o
  CC      lib/vsprintf.o
  AS      arch/x86/lib/getuser.o
  GEN     arch/x86/lib/inat-tables.c
  CC      arch/x86/lib/insn.o
  AS      arch/x86/lib/memcpy_64.o
  CC [M]  fs/ocfs2/xattr.o
  AS      arch/x86/lib/memmove_64.o
  AS      arch/x86/lib/memset_64.o
  CC      arch/x86/lib/misc.o
  AS      arch/x86/lib/putuser.o
  AS      arch/x86/lib/rwsem.o
  CC      arch/x86/lib/usercopy.o
  CC      lib/win_minmax.o
  CC [M]  lib/test-kstrtox.o
  CC      arch/x86/lib/usercopy_64.o
  CC [M]  lib/crc16.o
  CC      arch/x86/lib/inat.o
  AR      arch/x86/lib/lib.a
  EXPORTS arch/x86/lib/lib-ksyms.o
  LD      arch/x86/lib/built-in.o
  CC [M]  net/bridge/br.o
  CC [M]  drivers/char/virtio_console.o
  CC [M]  fs/ocfs2/acl.o
  CC [M]  lib/crc-itu-t.o
  CC [M]  lib/crc7.o
  CC [M]  net/bridge/br_device.o
  CC [M]  net/bluetooth/bnep/sock.o
  CC [M]  drivers/char/raw.o
  CC [M]  lib/libcrc32c.o
  CC [M]  drivers/char/lp.o
  LD      virt/lib/built-in.o
  CC [M]  virt/lib/irqbypass.o
  CC [M]  fs/ocfs2/filecheck.o
  LD      virt/built-in.o
  CC [M]  net/bridge/br_fdb.o
  CC [M]  drivers/i2c/busses/i2c-ali15x3.o
  CC [M]  lib/crc8.o
  CC [M]  net/batman-adv/gateway_common.o
  CC [M]  net/bluetooth/bnep/netdev.o
  CC [M]  drivers/char/applicom.o
  CC [M]  fs/ocfs2/stackglue.o
  CC [M]  drivers/char/nvram.o
  CC [M]  lib/ts_kmp.o
  CC [M]  drivers/i2c/busses/i2c-amd756.o
  CC [M]  drivers/char/ppdev.o
  CC [M]  fs/ocfs2/stack_o2cb.o
  LD [M]  net/bluetooth/bnep/bnep.o
  LD      net/bluetooth/hidp/built-in.o
  CC [M]  lib/ts_bm.o
  CC [M]  net/bluetooth/hidp/core.o
  CC [M]  fs/ocfs2/stack_user.o
  CC [M]  lib/ts_fsm.o
  CC [M]  drivers/char/tlclk.o
  CC [M]  net/bridge/br_forward.o
  CC [M]  lib/lru_cache.o
  CC [M]  drivers/i2c/busses/i2c-amd756-s4882.o
  LD      fs/ocfs2/cluster/built-in.o
  CC [M]  fs/ocfs2/cluster/heartbeat.o
  LD      fs/ocfs2/dlm/built-in.o
  CC [M]  fs/ocfs2/dlm/dlmdomain.o
  CC [M]  drivers/char/hangcheck-timer.o
  CC [M]  drivers/i2c/busses/i2c-amd8111.o
  LD      drivers/char/built-in.o
  CC [M]  drivers/i2c/busses/i2c-i801.o
  CC [M]  lib/cordic.o
  CC [M]  net/bluetooth/hidp/sock.o
  CC [M]  net/bridge/br_if.o
  LD      fs/ocfs2/dlmfs/built-in.o
  CC [M]  fs/ocfs2/dlmfs/userdlm.o
  CC [M]  lib/percpu_test.o
  CC [M]  fs/ocfs2/dlmfs/dlmfs.o
  CC [M]  drivers/i2c/busses/i2c-isch.o
  CC [M]  lib/asn1_decoder.o
  LD [M]  net/bluetooth/hidp/hidp.o
  CC [M]  fs/ocfs2/dlm/dlmdebug.o
  CC [M]  net/bridge/br_input.o
  CC [M]  drivers/i2c/busses/i2c-ismt.o
  LD [M]  fs/ocfs2/dlmfs/ocfs2_dlmfs.o
  GEN     lib/oid_registry_data.c
  CC [M]  fs/ocfs2/dlm/dlmthread.o
  GEN     lib/crc32table.h
  AR      lib/lib.a
  CC [M]  lib/oid_registry.o
  CC [M]  drivers/i2c/busses/i2c-nforce2.o
  CC      lib/crc32.o
  CC [M]  drivers/i2c/busses/i2c-nforce2-s4985.o
  CC [M]  net/bridge/br_ioctl.o
  CC [M]  fs/ocfs2/dlm/dlmrecovery.o
  CC [M]  fs/ocfs2/dlm/dlmmaster.o
  EXPORTS lib/lib-ksyms.o
  LD      lib/built-in.o
  CC [M]  fs/ocfs2/dlm/dlmast.o
  CC [M]  net/bridge/br_stp.o
  LD [M]  fs/ocfs2/ocfs2.o
  LD [M]  fs/ocfs2/ocfs2_stackglue.o
  LD [M]  fs/ocfs2/ocfs2_stack_o2cb.o
  CC [M]  fs/ocfs2/dlm/dlmconvert.o
  CC [M]  net/bridge/br_stp_bpdu.o
  CC [M]  fs/ocfs2/cluster/masklog.o
  CC [M]  net/bridge/br_stp_if.o
  CC [M]  fs/ocfs2/cluster/sys.o
  CC [M]  net/bridge/br_stp_timer.o
  CC [M]  net/bridge/br_netlink.o
  CC [M]  fs/ocfs2/cluster/nodemanager.o
  CC [M]  net/bridge/br_sysfs_if.o
  CC [M]  net/bridge/br_sysfs_br.o
  CC [M]  fs/ocfs2/cluster/quorum.o
  CC [M]  net/bridge/br_nf_core.o
  CC [M]  fs/ocfs2/cluster/tcp.o
  LD      fs/orangefs/built-in.o
  CC [M]  fs/orangefs/acl.o
  CC [M]  fs/orangefs/file.o
  CC [M]  fs/orangefs/orangefs-cache.o
  CC [M]  fs/orangefs/orangefs-utils.o
  CC [M]  fs/orangefs/xattr.o
  CC [M]  fs/orangefs/dcache.o
  CC [M]  fs/orangefs/inode.o
  CC [M]  fs/orangefs/orangefs-sysfs.o
  CC [M]  fs/orangefs/orangefs-mod.o
  CC [M]  fs/orangefs/super.o
  CC [M]  fs/orangefs/devorangefs-req.o
  CC [M]  fs/orangefs/namei.o
  CC [M]  fs/orangefs/symlink.o
  CC [M]  fs/orangefs/dir.o
  CC [M]  fs/orangefs/orangefs-bufmap.o
  CC [M]  fs/orangefs/orangefs-debugfs.o
  CC [M]  fs/orangefs/waitqueue.o
  LD [M]  fs/orangefs/orangefs.o
  CC [M]  fs/ocfs2/cluster/netdebug.o
  LD      drivers/i2c/muxes/built-in.o
  CC [M]  drivers/i2c/muxes/i2c-mux-pca9541.o
  CC [M]  drivers/i2c/muxes/i2c-mux-pca954x.o
  LD [M]  fs/ocfs2/cluster/ocfs2_nodemanager.o
  LD [M]  fs/ocfs2/ocfs2_stack_user.o
  CC [M]  net/batman-adv/hard-interface.o
  CC [M]  net/bridge/br_mdb.o
  CC [M]  net/bridge/br_multicast.o
  CC [M]  net/bridge/br_vlan.o
  CC [M]  net/batman-adv/hash.o
  CC [M]  net/bridge/br_switchdev.o
  CC [M]  net/bridge/br_netfilter_hooks.o
  CC [M]  net/batman-adv/icmp_socket.o
  CC [M]  net/bridge/br_netfilter_ipv6.o
  CC      drivers/idle/intel_idle.o
  CC [M]  net/batman-adv/main.o
  LD      drivers/iio/accel/built-in.o
  CC [M]  drivers/iio/accel/hid-sensor-accel-3d.o
  LD      drivers/idle/built-in.o
  LD      net/bridge/built-in.o
  LD [M]  net/bridge/bridge.o
  LD [M]  net/bridge/br_netfilter.o
  LD      drivers/infiniband/built-in.o
  LD      drivers/infiniband/core/built-in.o
  CC [M]  drivers/infiniband/core/packer.o
  CC [M]  drivers/iio/accel/kxcjk-1013.o
  CC [M]  net/batman-adv/multicast.o
  CC [M]  drivers/iio/accel/mma7660.o
  CC [M]  drivers/iio/accel/st_accel_core.o
  CC [M]  drivers/infiniband/core/ud_header.o
  CC [M]  net/batman-adv/netlink.o
  CC [M]  drivers/iio/accel/st_accel_buffer.o
  CC [M]  net/batman-adv/network-coding.o
  CC [M]  drivers/iio/accel/st_accel_i2c.o
  CC [M]  drivers/infiniband/core/verbs.o
  CC [M]  drivers/iio/accel/st_accel_spi.o
  LD [M]  drivers/iio/accel/st_accel.o
  CC [M]  net/batman-adv/originator.o
  CC [M]  drivers/infiniband/core/cq.o
  CC [M]  net/batman-adv/routing.o
  CC [M]  drivers/infiniband/core/rw.o
  CC [M]  net/batman-adv/send.o
  CC [M]  net/batman-adv/soft-interface.o
  CC [M]  drivers/infiniband/core/sysfs.o
  CC [M]  net/batman-adv/sysfs.o
  CC [M]  drivers/infiniband/core/device.o
  CC [M]  net/batman-adv/tp_meter.o
  CC [M]  net/batman-adv/translation-table.o
  CC [M]  drivers/infiniband/core/fmr_pool.o
  CC [M]  drivers/infiniband/core/cache.o
  CC [M]  net/batman-adv/tvlv.o
  LD [M]  net/batman-adv/batman-adv.o
  CC [M]  drivers/infiniband/core/netlink.o
  CC [M]  drivers/infiniband/core/roce_gid_mgmt.o
  CC [M]  drivers/infiniband/core/mr_pool.o
  CC [M]  drivers/infiniband/core/addr.o
  CC [M]  drivers/infiniband/core/sa_query.o
  CC [M]  drivers/infiniband/core/multicast.o
  CC [M]  drivers/infiniband/core/mad.o
  CC [M]  drivers/infiniband/core/smi.o
  CC [M]  drivers/infiniband/core/agent.o
  CC [M]  drivers/infiniband/core/mad_rmpp.o
  CC [M]  drivers/infiniband/core/umem.o
  CC [M]  drivers/infiniband/core/umem_odp.o
  CC [M]  drivers/infiniband/core/umem_rbtree.o
  CC [M]  drivers/infiniband/core/cm.o
  CC [M]  drivers/infiniband/core/iwcm.o
  CC [M]  drivers/infiniband/core/iwpm_util.o
  CC [M]  drivers/infiniband/core/iwpm_msg.o
  CC [M]  drivers/infiniband/core/cma.o
  CC [M]  drivers/infiniband/core/cma_configfs.o
  CC [M]  drivers/infiniband/core/user_mad.o
  CC [M]  drivers/infiniband/core/uverbs_main.o
  CC [M]  drivers/infiniband/core/uverbs_cmd.o
  CC [M]  drivers/infiniband/core/uverbs_marshall.o
  CC [M]  drivers/infiniband/core/ucm.o
  CC [M]  drivers/infiniband/core/ucma.o
  LD [M]  drivers/infiniband/core/ib_core.o
  LD [M]  drivers/infiniband/core/ib_cm.o
  LD [M]  drivers/infiniband/core/iw_cm.o
  LD [M]  drivers/infiniband/core/rdma_cm.o
  LD [M]  drivers/infiniband/core/ib_umad.o
  LD [M]  drivers/infiniband/core/ib_uverbs.o
  LD [M]  drivers/infiniband/core/ib_ucm.o
  LD [M]  drivers/infiniband/core/rdma_ucm.o
  LD      drivers/infiniband/hw/built-in.o
  LD      drivers/infiniband/hw/cxgb3/built-in.o
  CC [M]  drivers/infiniband/hw/cxgb3/iwch_cm.o
  CC [M]  drivers/infiniband/hw/cxgb3/iwch_ev.o
  CC [M]  drivers/infiniband/hw/cxgb3/iwch_cq.o
  CC [M]  drivers/infiniband/hw/cxgb3/iwch_qp.o
  CC [M]  drivers/infiniband/hw/cxgb3/iwch_mem.o
  CC [M]  drivers/infiniband/hw/cxgb3/iwch_provider.o
  CC [M]  drivers/infiniband/hw/cxgb3/iwch.o
  CC [M]  drivers/infiniband/hw/cxgb3/cxio_hal.o
  CC [M]  drivers/infiniband/hw/cxgb3/cxio_resource.o
  LD [M]  drivers/infiniband/hw/cxgb3/iw_cxgb3.o
  LD      drivers/infiniband/hw/cxgb4/built-in.o
  CC [M]  drivers/infiniband/hw/cxgb4/device.o
  CC [M]  drivers/infiniband/hw/cxgb4/cm.o
  CC [M]  drivers/infiniband/hw/cxgb4/provider.o
  CC [M]  drivers/infiniband/hw/cxgb4/mem.o
  CC [M]  drivers/infiniband/hw/cxgb4/cq.o
  CC [M]  drivers/infiniband/hw/cxgb4/qp.o
  CC [M]  drivers/infiniband/hw/cxgb4/resource.o
  CC [M]  drivers/infiniband/hw/cxgb4/ev.o
  CC [M]  drivers/infiniband/hw/cxgb4/id_table.o
  LD [M]  drivers/infiniband/hw/cxgb4/iw_cxgb4.o
  LD      drivers/infiniband/hw/hfi1/built-in.o
  CC [M]  drivers/infiniband/hw/hfi1/affinity.o
  CC [M]  drivers/infiniband/hw/hfi1/chip.o
  CC [M]  drivers/infiniband/hw/hfi1/device.o
  CC [M]  drivers/infiniband/hw/hfi1/driver.o
  CC [M]  drivers/infiniband/hw/hfi1/efivar.o
  CC [M]  drivers/infiniband/hw/hfi1/eprom.o
  CC [M]  drivers/infiniband/hw/hfi1/file_ops.o
  CC [M]  drivers/infiniband/hw/hfi1/firmware.o
  CC [M]  drivers/infiniband/hw/hfi1/init.o
  CC [M]  drivers/infiniband/hw/hfi1/intr.o
  CC [M]  drivers/infiniband/hw/hfi1/mad.o
  CC [M]  drivers/infiniband/hw/hfi1/mmu_rb.o
  CC [M]  drivers/infiniband/hw/hfi1/pcie.o
  CC [M]  drivers/infiniband/hw/hfi1/pio.o
  CC [M]  drivers/infiniband/hw/hfi1/pio_copy.o
  CC [M]  drivers/infiniband/hw/hfi1/platform.o
  CC [M]  drivers/infiniband/hw/hfi1/qp.o
  CC [M]  drivers/infiniband/hw/hfi1/qsfp.o
  CC [M]  drivers/infiniband/hw/hfi1/rc.o
  CC [M]  drivers/infiniband/hw/hfi1/ruc.o
  CC [M]  drivers/infiniband/hw/hfi1/sdma.o
  CC [M]  drivers/infiniband/hw/hfi1/sysfs.o
  CC [M]  drivers/infiniband/hw/hfi1/trace.o
  CC [M]  drivers/infiniband/hw/hfi1/uc.o
  CC [M]  drivers/infiniband/hw/hfi1/ud.o
  CC [M]  drivers/infiniband/hw/hfi1/user_exp_rcv.o
  CC [M]  drivers/infiniband/hw/hfi1/user_pages.o
  CC [M]  drivers/infiniband/hw/hfi1/user_sdma.o
  CC [M]  drivers/infiniband/hw/hfi1/verbs.o
  CC [M]  drivers/infiniband/hw/hfi1/verbs_txreq.o
  CC [M]  drivers/infiniband/hw/hfi1/debugfs.o
  LD [M]  drivers/infiniband/hw/hfi1/hfi1.o
  LD      drivers/infiniband/hw/i40iw/built-in.o
  CC [M]  drivers/infiniband/hw/i40iw/i40iw_cm.o
  CC [M]  drivers/infiniband/hw/i40iw/i40iw_ctrl.o
  CC [M]  drivers/infiniband/hw/i40iw/i40iw_hmc.o
  CC [M]  drivers/infiniband/hw/i40iw/i40iw_hw.o
  CC [M]  drivers/infiniband/hw/i40iw/i40iw_main.o
  CC [M]  drivers/infiniband/hw/i40iw/i40iw_pble.o
  CC [M]  drivers/infiniband/hw/i40iw/i40iw_puda.o
  CC [M]  drivers/infiniband/hw/i40iw/i40iw_uk.o
  CC [M]  drivers/infiniband/hw/i40iw/i40iw_utils.o
  CC [M]  drivers/infiniband/hw/i40iw/i40iw_verbs.o
  CC [M]  drivers/infiniband/hw/i40iw/i40iw_virtchnl.o
  CC [M]  drivers/infiniband/hw/i40iw/i40iw_vf.o
  LD [M]  drivers/infiniband/hw/i40iw/i40iw.o
  LD      drivers/infiniband/hw/mlx4/built-in.o
  CC [M]  drivers/infiniband/hw/mlx4/ah.o
  CC [M]  drivers/infiniband/hw/mlx4/cq.o
  CC [M]  drivers/infiniband/hw/mlx4/doorbell.o
  CC [M]  drivers/infiniband/hw/mlx4/mad.o
  CC [M]  drivers/infiniband/hw/mlx4/main.o
  CC [M]  drivers/infiniband/hw/mlx4/mr.o
  CC [M]  drivers/infiniband/hw/mlx4/qp.o
  CC [M]  drivers/infiniband/hw/mlx4/srq.o
  CC [M]  drivers/infiniband/hw/mlx4/mcg.o
  CC [M]  drivers/infiniband/hw/mlx4/cm.o
  CC [M]  drivers/infiniband/hw/mlx4/alias_GUID.o
  CC [M]  drivers/infiniband/hw/mlx4/sysfs.o
  LD [M]  drivers/infiniband/hw/mlx4/mlx4_ib.o
  LD      drivers/infiniband/hw/mlx5/built-in.o
  CC [M]  drivers/infiniband/hw/mlx5/main.o
  CC [M]  drivers/infiniband/hw/mlx5/cq.o
  CC [M]  drivers/infiniband/hw/mlx5/doorbell.o
  CC [M]  drivers/infiniband/hw/mlx5/qp.o
  CC [M]  drivers/infiniband/hw/mlx5/mem.o
  CC [M]  drivers/infiniband/hw/mlx5/srq.o
  CC [M]  drivers/infiniband/hw/mlx5/mr.o
  CC [M]  drivers/infiniband/hw/mlx5/ah.o
  CC [M]  drivers/infiniband/hw/mlx5/mad.o
  CC [M]  drivers/infiniband/hw/mlx5/gsi.o
  CC [M]  drivers/infiniband/hw/mlx5/ib_virt.o
  CC [M]  drivers/infiniband/hw/mlx5/odp.o
  LD [M]  drivers/infiniband/hw/mlx5/mlx5_ib.o
  LD      drivers/infiniband/hw/mthca/built-in.o
  CC [M]  drivers/infiniband/hw/mthca/mthca_main.o
  CC [M]  drivers/infiniband/hw/mthca/mthca_cmd.o
  CC [M]  drivers/infiniband/hw/mthca/mthca_profile.o
  CC [M]  drivers/infiniband/hw/mthca/mthca_reset.o
  CC [M]  drivers/infiniband/hw/mthca/mthca_allocator.o
  CC [M]  drivers/infiniband/hw/mthca/mthca_eq.o
  CC [M]  drivers/infiniband/hw/mthca/mthca_pd.o
  CC [M]  drivers/infiniband/hw/mthca/mthca_cq.o
  CC [M]  drivers/infiniband/hw/mthca/mthca_mr.o
  CC [M]  drivers/infiniband/hw/mthca/mthca_qp.o
  CC [M]  drivers/infiniband/hw/mthca/mthca_av.o
  CC [M]  drivers/infiniband/hw/mthca/mthca_mcg.o
  CC [M]  drivers/infiniband/hw/mthca/mthca_mad.o
  CC [M]  drivers/infiniband/hw/mthca/mthca_provider.o
  CC [M]  drivers/infiniband/hw/mthca/mthca_memfree.o
  CC [M]  drivers/infiniband/hw/mthca/mthca_uar.o
  CC [M]  drivers/infiniband/hw/mthca/mthca_srq.o
  CC [M]  drivers/infiniband/hw/mthca/mthca_catas.o
  LD [M]  drivers/infiniband/hw/mthca/ib_mthca.o
  LD      drivers/infiniband/hw/nes/built-in.o
  CC [M]  drivers/infiniband/hw/nes/nes.o
  CC [M]  drivers/infiniband/hw/nes/nes_hw.o
  CC [M]  drivers/infiniband/hw/nes/nes_nic.o
  CC [M]  drivers/infiniband/hw/nes/nes_utils.o
  CC [M]  drivers/infiniband/hw/nes/nes_verbs.o
  CC [M]  drivers/infiniband/hw/nes/nes_cm.o
  CC [M]  drivers/infiniband/hw/nes/nes_mgt.o
  LD [M]  drivers/infiniband/hw/nes/iw_nes.o
  LD      drivers/infiniband/hw/ocrdma/built-in.o
  CC [M]  drivers/infiniband/hw/ocrdma/ocrdma_main.o
  CC [M]  drivers/infiniband/hw/ocrdma/ocrdma_verbs.o
  CC [M]  drivers/infiniband/hw/ocrdma/ocrdma_hw.o
  CC [M]  drivers/infiniband/hw/ocrdma/ocrdma_ah.o
  CC [M]  drivers/infiniband/hw/ocrdma/ocrdma_stats.o
  LD [M]  drivers/infiniband/hw/ocrdma/ocrdma.o
  LD      drivers/infiniband/hw/qib/built-in.o
  CC [M]  drivers/infiniband/hw/qib/qib_diag.o
  CC [M]  drivers/infiniband/hw/qib/qib_driver.o
  CC [M]  drivers/infiniband/hw/qib/qib_eeprom.o
  CC [M]  drivers/infiniband/hw/qib/qib_file_ops.o
  CC [M]  drivers/infiniband/hw/qib/qib_fs.o
  CC [M]  drivers/infiniband/hw/qib/qib_init.o
  CC [M]  drivers/infiniband/hw/qib/qib_intr.o
  CC [M]  drivers/infiniband/hw/qib/qib_mad.o
  CC [M]  drivers/infiniband/hw/qib/qib_pcie.o
  CC [M]  drivers/infiniband/hw/qib/qib_pio_copy.o
  CC [M]  drivers/infiniband/hw/qib/qib_qp.o
  CC [M]  drivers/infiniband/hw/qib/qib_qsfp.o
  CC [M]  drivers/infiniband/hw/qib/qib_rc.o
  CC [M]  drivers/infiniband/hw/qib/qib_ruc.o
  CC [M]  drivers/infiniband/hw/qib/qib_sdma.o
  CC [M]  drivers/infiniband/hw/qib/qib_sysfs.o
  CC [M]  drivers/infiniband/hw/qib/qib_twsi.o
  CC [M]  drivers/infiniband/hw/qib/qib_tx.o
  CC [M]  drivers/infiniband/hw/qib/qib_uc.o
  CC [M]  drivers/infiniband/hw/qib/qib_ud.o
  CC [M]  drivers/infiniband/hw/qib/qib_user_pages.o
  CC [M]  drivers/infiniband/hw/qib/qib_user_sdma.o
  CC [M]  drivers/infiniband/hw/qib/qib_iba7220.o
  CC [M]  drivers/infiniband/hw/qib/qib_sd7220.o
  CC [M]  drivers/infiniband/hw/qib/qib_iba7322.o
  CC [M]  drivers/infiniband/hw/qib/qib_verbs.o
  CC [M]  drivers/infiniband/hw/qib/qib_iba6120.o
  CC [M]  drivers/infiniband/hw/qib/qib_wc_x86_64.o
  CC [M]  drivers/infiniband/hw/qib/qib_debugfs.o
  LD [M]  drivers/infiniband/hw/qib/ib_qib.o
  LD      drivers/infiniband/hw/usnic/built-in.o
  CC [M]  drivers/infiniband/hw/usnic/usnic_fwd.o
  CC [M]  drivers/infiniband/hw/usnic/usnic_transport.o
  CC [M]  drivers/infiniband/hw/usnic/usnic_uiom.o
  CC [M]  drivers/infiniband/hw/usnic/usnic_uiom_interval_tree.o
  CC [M]  drivers/infiniband/hw/usnic/usnic_vnic.o
  CC [M]  drivers/infiniband/hw/usnic/usnic_ib_main.o
  CC [M]  drivers/infiniband/hw/usnic/usnic_ib_qp_grp.o
  CC [M]  drivers/infiniband/hw/usnic/usnic_ib_sysfs.o
  CC [M]  drivers/infiniband/hw/usnic/usnic_ib_verbs.o
  CC [M]  drivers/infiniband/hw/usnic/usnic_debugfs.o
  LD [M]  drivers/infiniband/hw/usnic/usnic_verbs.o
  LD      drivers/infiniband/sw/built-in.o
  LD      drivers/infiniband/sw/rdmavt/built-in.o
  CC [M]  drivers/infiniband/sw/rdmavt/vt.o
  CC [M]  drivers/infiniband/sw/rdmavt/ah.o
  CC [M]  drivers/infiniband/sw/rdmavt/cq.o
  CC [M]  drivers/infiniband/sw/rdmavt/dma.o
  CC [M]  drivers/infiniband/sw/rdmavt/mad.o
  CC [M]  drivers/infiniband/sw/rdmavt/mcast.o
  CC [M]  drivers/infiniband/sw/rdmavt/mmap.o
  CC [M]  drivers/infiniband/sw/rdmavt/mr.o
  CC [M]  drivers/infiniband/sw/rdmavt/pd.o
  CC [M]  drivers/infiniband/sw/rdmavt/qp.o
  CC [M]  drivers/infiniband/sw/rdmavt/srq.o
  CC [M]  drivers/infiniband/sw/rdmavt/trace.o
  LD [M]  drivers/infiniband/sw/rdmavt/rdmavt.o
  LD      drivers/infiniband/sw/rxe/built-in.o
  CC [M]  drivers/infiniband/sw/rxe/rxe.o
  CC [M]  drivers/infiniband/sw/rxe/rxe_comp.o
  CC [M]  drivers/infiniband/sw/rxe/rxe_req.o
  CC [M]  drivers/infiniband/sw/rxe/rxe_resp.o
  CC [M]  drivers/infiniband/sw/rxe/rxe_recv.o
  CC [M]  drivers/infiniband/sw/rxe/rxe_pool.o
  CC [M]  drivers/infiniband/sw/rxe/rxe_queue.o
  CC [M]  drivers/infiniband/sw/rxe/rxe_verbs.o
  CC [M]  drivers/infiniband/sw/rxe/rxe_av.o
  CC [M]  drivers/infiniband/sw/rxe/rxe_srq.o
  CC [M]  drivers/infiniband/sw/rxe/rxe_qp.o
  CC [M]  drivers/infiniband/sw/rxe/rxe_cq.o
  CC [M]  drivers/infiniband/sw/rxe/rxe_mr.o
  CC [M]  drivers/infiniband/sw/rxe/rxe_dma.o
  CC [M]  drivers/infiniband/sw/rxe/rxe_opcode.o
  CC [M]  drivers/infiniband/sw/rxe/rxe_mmap.o
  CC [M]  drivers/infiniband/sw/rxe/rxe_icrc.o
  CC [M]  drivers/infiniband/sw/rxe/rxe_mcast.o
  CC [M]  drivers/infiniband/sw/rxe/rxe_task.o
  CC [M]  drivers/infiniband/sw/rxe/rxe_net.o
  CC [M]  drivers/infiniband/sw/rxe/rxe_sysfs.o
  LD [M]  drivers/infiniband/sw/rxe/rdma_rxe.o
  LD      drivers/infiniband/ulp/built-in.o
  LD      drivers/infiniband/ulp/ipoib/built-in.o
  CC [M]  drivers/infiniband/ulp/ipoib/ipoib_main.o
  CC [M]  drivers/infiniband/ulp/ipoib/ipoib_ib.o
  CC [M]  drivers/infiniband/ulp/ipoib/ipoib_multicast.o
  CC [M]  drivers/infiniband/ulp/ipoib/ipoib_verbs.o
  CC [M]  drivers/infiniband/ulp/ipoib/ipoib_vlan.o
  CC [M]  drivers/infiniband/ulp/ipoib/ipoib_ethtool.o
  CC [M]  drivers/infiniband/ulp/ipoib/ipoib_netlink.o
  CC [M]  drivers/infiniband/ulp/ipoib/ipoib_cm.o
  CC [M]  drivers/infiniband/ulp/ipoib/ipoib_fs.o
  LD [M]  drivers/infiniband/ulp/ipoib/ib_ipoib.o
  LD      drivers/infiniband/ulp/iser/built-in.o
  CC [M]  drivers/infiniband/ulp/iser/iser_verbs.o
  CC [M]  drivers/infiniband/ulp/iser/iser_initiator.o
  CC [M]  drivers/infiniband/ulp/iser/iser_memory.o
  CC [M]  drivers/infiniband/ulp/iser/iscsi_iser.o
  LD [M]  drivers/infiniband/ulp/iser/ib_iser.o
  LD      drivers/infiniband/ulp/isert/built-in.o
  CC [M]  drivers/infiniband/ulp/isert/ib_isert.o
  LD      drivers/infiniband/ulp/srp/built-in.o
  CC [M]  drivers/infiniband/ulp/srp/ib_srp.o
  LD      drivers/infiniband/ulp/srpt/built-in.o
  CC [M]  drivers/infiniband/ulp/srpt/ib_srpt.o
  CC      net/core/sock.o
  LD      net/ceph/built-in.o
  CC [M]  net/ceph/ceph_common.o
  LD      fs/overlayfs/built-in.o
  CC [M]  fs/overlayfs/super.o
  CC [M]  fs/overlayfs/namei.o
  CC [M]  fs/overlayfs/util.o
  CC [M]  net/ceph/messenger.o
  CC [M]  fs/overlayfs/inode.o
  CC [M]  fs/overlayfs/dir.o
  CC      net/core/request_sock.o
  CC [M]  fs/overlayfs/readdir.o
  CC [M]  fs/overlayfs/copy_up.o
  CC      net/core/skbuff.o
  CC [M]  net/ceph/msgpool.o
  LD [M]  fs/overlayfs/overlay.o
  CC      fs/proc/task_mmu.o
  CC [M]  net/ceph/buffer.o
  CC      fs/proc/inode.o
  CC [M]  net/ceph/pagelist.o
  CC      fs/proc/root.o
  CC [M]  net/ceph/mon_client.o
  CC      fs/proc/base.o
  CC [M]  net/ceph/cls_lock_client.o
  CC      net/core/datagram.o
  CC      fs/proc/generic.o
  CC [M]  net/ceph/osd_client.o
  CC      net/core/stream.o
  CC      fs/proc/array.o
  CC      fs/proc/fd.o
  CC      net/core/scm.o
  CC      fs/proc/proc_tty.o
  CC      fs/proc/cmdline.o
  CC [M]  net/ceph/osdmap.o
  CC      fs/proc/consoles.o
  CC      net/core/gen_stats.o
  CC      fs/proc/cpuinfo.o
  CC      fs/proc/devices.o
  CC      fs/proc/interrupts.o
  CC      fs/proc/loadavg.o
  CC      net/core/gen_estimator.o
  CC      fs/proc/meminfo.o
  CC      fs/proc/stat.o
  CC [M]  net/ceph/crush/crush.o
  CC [M]  net/ceph/crush/mapper.o
  CC      fs/proc/uptime.o
  CC      net/core/net_namespace.o
  CC      fs/proc/version.o
  CC [M]  net/ceph/crush/hash.o
  CC [M]  net/ceph/debugfs.o
  CC      fs/proc/softirqs.o
  CC      fs/proc/namespaces.o
  CC      net/core/secure_seq.o
  CC      fs/proc/self.o
  CC [M]  net/ceph/auth.o
  CC      fs/proc/thread_self.o
  CC      fs/proc/proc_sysctl.o
  CC      net/core/flow_dissector.o
  CC [M]  net/ceph/auth_none.o
  CC [M]  net/ceph/crypto.o
  CC      fs/proc/proc_net.o
  CC [M]  net/ceph/armor.o
  CC [M]  net/ceph/auth_x.o
  CC      net/core/sysctl_net_core.o
  CC      fs/proc/kcore.o
  CC [M]  net/ceph/ceph_fs.o
  CC [M]  net/ceph/ceph_strings.o
  CC      net/core/dev.o
  CC      fs/proc/vmcore.o
  CC [M]  net/ceph/ceph_hash.o
  CC [M]  net/ceph/pagevec.o
  CC      fs/proc/kmsg.o
  CC      fs/proc/page.o
  CC [M]  net/ceph/snapshot.o
  LD      fs/proc/proc.o
  LD      fs/proc/built-in.o
  CC [M]  net/ceph/string_table.o
  CC [M]  drivers/i2c/busses/i2c-piix4.o
  LD      drivers/iio/adc/built-in.o
  CC      drivers/input/input.o
  LD [M]  net/ceph/libceph.o
  LD      drivers/iio/amplifiers/built-in.o
  CC      fs/pstore/inode.o
  CC      fs/pstore/platform.o
  CC [M]  drivers/i2c/busses/i2c-sis5595.o
  CC [M]  drivers/i2c/busses/i2c-sis630.o
  CC      fs/pstore/ram.o
  CC      drivers/input/input-compat.o
  CC [M]  drivers/i2c/busses/i2c-sis96x.o
  CC      fs/pstore/ram_core.o
  CC      drivers/input/input-mt.o
  CC      net/core/ethtool.o
  CC [M]  drivers/i2c/busses/i2c-via.o
  LD      fs/pstore/pstore.o
  LD      fs/pstore/ramoops.o
  LD      fs/pstore/built-in.o
  CC      fs/quota/dquot.o
  CC [M]  drivers/i2c/busses/i2c-viapro.o
  CC      drivers/input/ff-core.o
  CC [M]  drivers/i2c/busses/i2c-designware-core.o
  LD      drivers/input/joystick/built-in.o
  CC [M]  drivers/input/joystick/a3d.o
  CC      net/core/dev_addr_lists.o
  CC [M]  drivers/input/joystick/adi.o
  CC [M]  drivers/i2c/busses/i2c-designware-platdrv.o
  CC      fs/quota/quota.o
  CC [M]  drivers/i2c/busses/i2c-designware-baytrail.o
  CC [M]  drivers/input/joystick/as5011.o
  CC      fs/quota/kqid.o
  CC [M]  drivers/i2c/busses/i2c-designware-pcidrv.o
  CC      net/core/dst.o
  CC [M]  drivers/input/joystick/analog.o
  CC      fs/quota/compat.o
  CC [M]  drivers/i2c/busses/i2c-ocores.o
  CC      fs/quota/netlink.o
  CC [M]  drivers/input/joystick/cobra.o
  CC [M]  drivers/i2c/busses/i2c-pca-platform.o
  CC      net/core/netevent.o
  CC [M]  drivers/input/joystick/db9.o
  CC [M]  drivers/i2c/busses/i2c-simtec.o
  CC [M]  fs/quota/quota_v1.o
  CC [M]  drivers/i2c/busses/i2c-xiic.o
  CC [M]  fs/quota/quota_v2.o
  CC [M]  drivers/input/joystick/gamecon.o
  CC      net/core/neighbour.o
  CC [M]  fs/quota/quota_tree.o
  CC [M]  drivers/i2c/busses/i2c-diolan-u2c.o
  CC [M]  drivers/input/joystick/gf2k.o
  CC [M]  drivers/i2c/busses/i2c-parport.o
  CC [M]  drivers/input/joystick/grip.o
  LD      fs/quota/built-in.o
  CC [M]  drivers/i2c/i2c-smbus.o
  CC [M]  drivers/i2c/busses/i2c-parport-light.o
  CC [M]  drivers/input/joystick/grip_mp.o
  CC [M]  drivers/i2c/busses/i2c-robotfuzz-osif.o
  LD      drivers/input/keyboard/built-in.o
  CC [M]  drivers/input/keyboard/adp5588-keys.o
  CC [M]  drivers/input/joystick/guillemot.o
  CC [M]  drivers/input/keyboard/adp5589-keys.o
  CC      net/core/rtnetlink.o
  CC [M]  drivers/input/joystick/interact.o
  CC [M]  drivers/input/keyboard/atkbd.o
  CC [M]  drivers/input/joystick/joydump.o
  CC [M]  drivers/input/joystick/magellan.o
  CC [M]  drivers/input/keyboard/gpio_keys.o
  CC [M]  drivers/input/joystick/sidewinder.o
  CC [M]  drivers/input/keyboard/tca6416-keypad.o
  CC [M]  drivers/input/keyboard/tca8418_keypad.o
  CC [M]  drivers/input/joystick/spaceball.o
  CC      net/core/utils.o
  CC [M]  drivers/input/keyboard/lm8333.o
  CC [M]  drivers/input/joystick/spaceorb.o
  CC [M]  drivers/input/keyboard/matrix_keypad.o
  CC [M]  drivers/input/joystick/stinger.o
  CC [M]  drivers/input/joystick/tmdc.o
  CC      net/core/link_watch.o
  CC [M]  drivers/input/keyboard/mcs_touchkey.o
  CC [M]  drivers/input/joystick/turbografx.o
  CC [M]  drivers/input/keyboard/mpr121_touchkey.o
  CC [M]  drivers/input/joystick/twidjoy.o
  CC [M]  drivers/input/keyboard/qt1070.o
  CC      net/core/filter.o
  CC [M]  drivers/input/joystick/warrior.o
  CC [M]  drivers/input/keyboard/qt2160.o
  CC [M]  drivers/input/joystick/xpad.o
  CC [M]  drivers/input/joystick/zhenhua.o
  CC [M]  fs/ocfs2/dlm/dlmlock.o
  CC [M]  drivers/i2c/i2c-dev.o
  CC [M]  drivers/i2c/i2c-mux.o
  LD      drivers/input/misc/built-in.o
  CC [M]  drivers/input/misc/ad714x.o
  CC      net/core/sock_diag.o
  CC [M]  drivers/i2c/busses/i2c-taos-evm.o
  CC      net/core/dev_ioctl.o
  CC [M]  fs/ocfs2/dlm/dlmunlock.o
  CC [M]  drivers/input/misc/ad714x-i2c.o
  CC [M]  drivers/i2c/busses/i2c-tiny-usb.o
  CC [M]  drivers/input/misc/ad714x-spi.o
  LD      net/dccp/built-in.o
  CC [M]  net/dccp/ccid.o
  CC [M]  drivers/i2c/busses/i2c-viperboard.o
  CC      net/core/tso.o
  CC [M]  drivers/input/misc/adxl34x.o
  LD [M]  drivers/i2c/busses/i2c-designware-platform.o
  LD [M]  drivers/i2c/busses/i2c-designware-pci.o
  CC [M]  drivers/i2c/i2c-slave-eeprom.o
  CC [M]  net/dccp/feat.o
  LD      drivers/i2c/built-in.o
  CC [M]  drivers/input/joystick/walkera0701.o
  CC [M]  net/dccp/input.o
  CC      net/core/sock_reuseport.o
  LD      drivers/input/joystick/iforce/built-in.o
  CC [M]  drivers/input/joystick/iforce/iforce-ff.o
  CC [M]  drivers/input/joystick/iforce/iforce-main.o
  CC [M]  net/dccp/minisocks.o
  CC      net/core/flow.o
  CC [M]  net/dccp/options.o
  CC      net/core/net-sysfs.o
  LD      drivers/input/mouse/built-in.o
  CC [M]  drivers/input/mouse/appletouch.o
  CC [M]  net/dccp/output.o
  CC [M]  drivers/input/mouse/bcm5974.o
  CC [M]  drivers/input/mouse/cyapa.o
  CC [M]  net/dccp/proto.o
  CC [M]  drivers/input/mouse/cyapa_gen3.o
  CC [M]  drivers/input/mouse/cyapa_gen5.o
  CC [M]  net/dccp/timer.o
  CC [M]  drivers/input/mouse/cyapa_gen6.o
  CC [M]  drivers/input/mouse/elan_i2c_core.o
  CC [M]  net/dccp/qpolicy.o
  CC [M]  drivers/input/mouse/elan_i2c_i2c.o
  CC [M]  drivers/input/mouse/elan_i2c_smbus.o
  CC [M]  net/dccp/ccids/ccid2.o
  CC [M]  drivers/input/mouse/psmouse-base.o
  CC [M]  net/dccp/ackvec.o
  CC [M]  drivers/input/mouse/synaptics.o
  CC [M]  drivers/input/mouse/focaltech.o
  CC [M]  net/dccp/ccids/ccid3.o
  CC [M]  drivers/input/mouse/alps.o
  CC [M]  net/dccp/ccids/lib/tfrc.o
  CC [M]  drivers/input/mouse/byd.o
  CC [M]  net/dccp/ccids/lib/tfrc_equation.o
  CC [M]  drivers/input/mouse/elantech.o
  CC [M]  net/dccp/ccids/lib/packet_history.o
  CC [M]  drivers/input/mouse/logips2pp.o
  CC [M]  drivers/input/mouse/lifebook.o
  CC [M]  net/dccp/ccids/lib/loss_interval.o
  CC [M]  drivers/input/mouse/sentelic.o
  CC [M]  net/dccp/sysctl.o
  CC [M]  drivers/input/mouse/trackpoint.o
  CC [M]  drivers/input/mouse/touchkit_ps2.o
  CC [M]  net/dccp/ipv4.o
  CC [M]  drivers/input/mouse/cypress_ps2.o
  CC [M]  drivers/input/mouse/vmmouse.o
  CC [M]  drivers/input/mouse/sermouse.o
  CC [M]  net/dccp/ipv6.o
  CC [M]  drivers/input/mouse/synaptics_i2c.o
  CC [M]  drivers/input/mouse/synaptics_usb.o
  CC [M]  net/dccp/diag.o
  CC [M]  drivers/input/mouse/vsxxxaa.o
  LD [M]  drivers/input/mouse/cyapatp.o
  LD [M]  drivers/input/mouse/elan_i2c.o
  LD [M]  drivers/input/mouse/psmouse.o
  CC [M]  net/dccp/probe.o
  LD [M]  fs/ocfs2/dlm/ocfs2_dlm.o
  LD      drivers/input/rmi4/built-in.o
  CC [M]  drivers/input/rmi4/rmi_bus.o
  CC      fs/ramfs/inode.o
  LD [M]  net/dccp/dccp.o
  LD [M]  net/dccp/dccp_ipv4.o
  LD [M]  net/dccp/dccp_ipv6.o
  LD [M]  net/dccp/dccp_diag.o
  LD [M]  net/dccp/dccp_probe.o
  CC      fs/ramfs/file-mmu.o
  CC [M]  drivers/input/misc/adxl34x-i2c.o
  CC [M]  drivers/input/joystick/iforce/iforce-packets.o
  LD      fs/reiserfs/built-in.o
  CC [M]  fs/reiserfs/bitmap.o
  CC [M]  drivers/input/rmi4/rmi_driver.o
  CC [M]  drivers/input/joystick/iforce/iforce-serio.o
  CC [M]  drivers/input/joystick/iforce/iforce-usb.o
  CC [M]  fs/reiserfs/do_balan.o
  LD [M]  drivers/input/joystick/iforce/iforce.o
  CC      net/core/net-procfs.o
  LD      fs/ramfs/ramfs.o
  LD      fs/ramfs/built-in.o
  LD      fs/romfs/built-in.o
  CC [M]  drivers/input/rmi4/rmi_f01.o
  CC [M]  fs/romfs/storage.o
  LD      fs/squashfs/built-in.o
  CC [M]  fs/squashfs/block.o
  CC [M]  fs/romfs/super.o
  CC [M]  fs/squashfs/cache.o
  CC      net/core/netpoll.o
  CC [M]  drivers/input/rmi4/rmi_2d_sensor.o
  CC [M]  fs/reiserfs/namei.o
  LD [M]  fs/romfs/romfs.o
  CC      fs/sysfs/file.o
  CC [M]  fs/squashfs/dir.o
  CC [M]  fs/squashfs/export.o
  CC [M]  drivers/input/rmi4/rmi_f11.o
  CC      fs/sysfs/dir.o
  CC [M]  fs/squashfs/file.o
  CC [M]  fs/reiserfs/inode.o
  CC      net/core/fib_rules.o
  CC [M]  drivers/input/rmi4/rmi_f12.o
  CC      fs/sysfs/symlink.o
  CC [M]  fs/squashfs/fragment.o
  CC [M]  fs/squashfs/id.o
  CC [M]  drivers/input/rmi4/rmi_f30.o
  CC [M]  fs/squashfs/inode.o
  CC      fs/sysfs/mount.o
  CC      fs/sysfs/group.o
  CC [M]  drivers/input/rmi4/rmi_i2c.o
  CC [M]  fs/squashfs/namei.o
  CC [M]  fs/reiserfs/file.o
  CC      net/core/net-traces.o
  LD      fs/sysfs/built-in.o
  CC      fs/tracefs/inode.o
  CC [M]  fs/squashfs/super.o
  CC [M]  drivers/input/rmi4/rmi_spi.o
  CC [M]  fs/reiserfs/dir.o
  LD      fs/tracefs/tracefs.o
  LD [M]  drivers/input/rmi4/rmi_core.o
  LD      fs/tracefs/built-in.o
  LD      fs/ubifs/built-in.o
  CC [M]  fs/ubifs/shrinker.o
  LD      fs/udf/built-in.o
  CC [M]  fs/squashfs/symlink.o
  CC [M]  fs/udf/balloc.o
  CC [M]  fs/reiserfs/fix_node.o
  CC [M]  fs/squashfs/decompressor.o
  CC [M]  fs/ubifs/journal.o
  CC [M]  fs/udf/dir.o
  CC [M]  fs/squashfs/file_direct.o
  CC [M]  fs/udf/file.o
  CC      net/core/timestamping.o
  CC [M]  fs/squashfs/page_actor.o
  CC [M]  fs/udf/ialloc.o
  CC [M]  fs/reiserfs/super.o
  CC [M]  fs/ubifs/file.o
  CC [M]  fs/squashfs/decompressor_multi_percpu.o
  CC [M]  fs/udf/inode.o
  CC      net/core/ptp_classifier.o
  CC [M]  fs/squashfs/xattr.o
  CC [M]  fs/reiserfs/prints.o
  CC [M]  fs/ubifs/dir.o
  CC [M]  fs/squashfs/xattr_id.o
  CC [M]  fs/squashfs/lz4_wrapper.o
  CC [M]  fs/udf/lowlevel.o
  CC [M]  fs/reiserfs/objectid.o
  CC      net/core/netclassid_cgroup.o
  CC [M]  fs/ubifs/super.o
  CC [M]  fs/squashfs/lzo_wrapper.o
  CC [M]  fs/udf/namei.o
  CC [M]  fs/reiserfs/lbalance.o
  CC [M]  fs/squashfs/xz_wrapper.o
  CC [M]  fs/udf/partition.o
  CC      net/core/lwtunnel.o
  CC [M]  fs/ubifs/sb.o
  CC [M]  fs/squashfs/zlib_wrapper.o
  CC [M]  fs/reiserfs/ibalance.o
  CC [M]  fs/udf/super.o
  LD [M]  fs/squashfs/squashfs.o
  CC [M]  fs/ubifs/io.o
  CC [M]  fs/udf/truncate.o
  CC [M]  fs/reiserfs/stree.o
  LD      fs/ufs/built-in.o
  CC [M]  fs/ufs/balloc.o
  CC      net/core/lwt_bpf.o
  CC [M]  fs/udf/symlink.o
  CC [M]  fs/udf/directory.o
  CC [M]  fs/ufs/cylinder.o
  CC      net/core/dst_cache.o
  CC [M]  fs/udf/misc.o
  CC [M]  fs/ufs/dir.o
  CC [M]  fs/udf/udftime.o
  CC [M]  net/core/pktgen.o
  CC [M]  fs/ufs/file.o
  CC [M]  fs/udf/unicode.o
  CC [M]  fs/ufs/ialloc.o
  LD [M]  fs/udf/udf.o
  LD      fs/xfs/built-in.o
  CC [M]  fs/xfs/xfs_trace.o
  CC [M]  net/core/drop_monitor.o
  CC [M]  net/core/devlink.o
  LD      net/core/built-in.o
  CC [M]  fs/ufs/inode.o
  LD      drivers/input/gameport/built-in.o
  CC [M]  drivers/input/gameport/gameport.o
  CC [M]  fs/ufs/namei.o
  CC [M]  fs/xfs/libxfs/xfs_alloc.o
  CC [M]  drivers/input/gameport/emu10k1-gp.o
  CC [M]  drivers/input/gameport/fm801-gp.o
  CC [M]  fs/ufs/super.o
  CC [M]  drivers/input/gameport/lightning.o
  CC [M]  drivers/input/gameport/ns558.o
  CC [M]  fs/ufs/util.o
  CC [M]  fs/reiserfs/hashes.o
  LD      drivers/input/tablet/built-in.o
  CC [M]  drivers/input/tablet/acecad.o
  LD      net/bluetooth/rfcomm/built-in.o
  CC [M]  net/bluetooth/rfcomm/core.o
  CC [M]  drivers/input/tablet/aiptek.o
  LD [M]  fs/ufs/ufs.o
  CC [M]  fs/reiserfs/tail_conversion.o
  LD      net/dns_resolver/built-in.o
  CC [M]  net/dns_resolver/dns_key.o
  CC [M]  fs/xfs/libxfs/xfs_alloc_btree.o
  CC [M]  fs/reiserfs/journal.o
  CC [M]  net/dns_resolver/dns_query.o
  CC [M]  drivers/input/tablet/gtco.o
  LD [M]  net/dns_resolver/dns_resolver.o
  LD      net/dsa/built-in.o
  CC [M]  net/bluetooth/rfcomm/sock.o
  CC [M]  net/dsa/dsa.o
  CC [M]  drivers/input/tablet/hanwang.o
  CC [M]  drivers/input/tablet/kbtab.o
  CC [M]  net/bluetooth/rfcomm/tty.o
  CC [M]  fs/xfs/libxfs/xfs_attr.o
  CC [M]  drivers/input/tablet/pegasus_notetaker.o
  CC [M]  net/dsa/slave.o
  CC [M]  fs/reiserfs/resize.o
  CC [M]  drivers/input/tablet/wacom_serial4.o
  LD [M]  net/bluetooth/rfcomm/rfcomm.o
  CC [M]  fs/reiserfs/item_ops.o
  LD [M]  net/bluetooth/bluetooth.o
  LD [M]  net/bluetooth/bluetooth_6lowpan.o
  CC      net/ethernet/eth.o
  CC [M]  fs/reiserfs/ioctl.o
  CC [M]  fs/xfs/libxfs/xfs_attr_leaf.o
  CC [M]  fs/reiserfs/xattr.o
  LD      net/ethernet/built-in.o
  CC      fs/eventpoll.o
  CC [M]  fs/reiserfs/lock.o
  CC [M]  fs/reiserfs/procfs.o
  CC      fs/anon_inodes.o
  CC [M]  fs/reiserfs/xattr_user.o
  CC [M]  fs/reiserfs/xattr_trusted.o
  CC [M]  net/dsa/dsa2.o
  CC [M]  drivers/input/misc/adxl34x-spi.o
  CC [M]  net/dsa/tag_brcm.o
  CC [M]  fs/reiserfs/xattr_security.o
  CC [M]  fs/xfs/libxfs/xfs_attr_remote.o
  CC      fs/signalfd.o
  CC [M]  fs/reiserfs/xattr_acl.o
  CC [M]  net/dsa/tag_dsa.o
  CC [M]  net/dsa/tag_edsa.o
  LD [M]  fs/reiserfs/reiserfs.o
  CC      fs/timerfd.o
  CC      fs/eventfd.o
  CC [M]  net/dsa/tag_trailer.o
  CC      drivers/input/touchscreen/of_touchscreen.o
  CC [M]  fs/xfs/libxfs/xfs_bit.o
  CC      fs/userfaultfd.o
  LD [M]  net/dsa/dsa_core.o
  CC [M]  fs/xfs/libxfs/xfs_bmap.o
  CC [M]  drivers/input/touchscreen/ad7879.o
  CC      fs/aio.o
  CC [M]  drivers/input/touchscreen/ad7879-i2c.o
  CC      fs/locks.o
  CC [M]  drivers/input/touchscreen/atmel_mxt_ts.o
  CC [M]  fs/xfs/libxfs/xfs_bmap_btree.o
  CC [M]  drivers/input/touchscreen/auo-pixcir-ts.o
  CC [M]  drivers/input/touchscreen/bu21013_ts.o
  CC [M]  drivers/input/touchscreen/cy8ctmg110_ts.o
  CC [M]  drivers/input/touchscreen/cyttsp_core.o
  LD      drivers/input/serio/built-in.o
  CC [M]  drivers/input/serio/serio.o
  CC [M]  drivers/input/touchscreen/cyttsp_i2c.o
  CC [M]  drivers/input/serio/i8042.o
  CC [M]  drivers/input/touchscreen/cyttsp_i2c_common.o
  CC [M]  fs/xfs/libxfs/xfs_btree.o
  CC [M]  drivers/input/touchscreen/cyttsp4_core.o
  CC [M]  drivers/input/serio/parkbd.o
  CC [M]  drivers/input/serio/serport.o
  CC [M]  drivers/input/touchscreen/cyttsp4_i2c.o
  CC [M]  drivers/input/serio/ct82c710.o
  CC [M]  drivers/input/touchscreen/cyttsp4_spi.o
  CC [M]  drivers/input/serio/pcips2.o
  CC [M]  drivers/input/touchscreen/dynapro.o
  CC [M]  drivers/input/serio/ps2mult.o
  CC [M]  drivers/input/touchscreen/edt-ft5x06.o
  CC [M]  fs/xfs/libxfs/xfs_da_btree.o
  CC [M]  drivers/input/serio/libps2.o
  CC [M]  drivers/input/touchscreen/hampshire.o
  CC [M]  drivers/input/touchscreen/gunze.o
  CC [M]  drivers/input/serio/serio_raw.o
  CC [M]  drivers/input/touchscreen/eeti_ts.o
  CC [M]  drivers/input/serio/altera_ps2.o
  CC [M]  drivers/input/touchscreen/elants_i2c.o
  CC [M]  drivers/input/serio/arc_ps2.o
  CC [M]  drivers/input/touchscreen/elo.o
  CC [M]  drivers/input/serio/hyperv-keyboard.o
  CC [M]  fs/xfs/libxfs/xfs_da_format.o
  CC [M]  drivers/input/touchscreen/egalax_ts_serial.o
  CC [M]  drivers/input/touchscreen/fujitsu_ts.o
  CC [M]  drivers/input/touchscreen/goodix.o
  CC [M]  fs/xfs/libxfs/xfs_defer.o
  CC [M]  drivers/input/touchscreen/ili210x.o
  CC      fs/compat.o
  CC [M]  drivers/input/touchscreen/inexio.o
  CC [M]  drivers/input/touchscreen/max11801_ts.o
  CC [M]  drivers/input/touchscreen/mc13783_ts.o
  CC [M]  drivers/input/touchscreen/mcs5000_ts.o
  CC [M]  drivers/input/touchscreen/melfas_mip4.o
  CC [M]  fs/xfs/libxfs/xfs_dir2.o
  CC [M]  drivers/input/touchscreen/mms114.o
  LD      net/hsr/built-in.o
  CC [M]  net/hsr/hsr_main.o
  CC [M]  net/hsr/hsr_framereg.o
  CC [M]  drivers/input/touchscreen/mtouch.o
  CC [M]  drivers/input/touchscreen/mk712.o
  CC [M]  drivers/input/touchscreen/usbtouchscreen.o
  CC [M]  drivers/input/touchscreen/penmount.o
  CC [M]  drivers/input/touchscreen/pixcir_i2c_ts.o
  CC [M]  net/hsr/hsr_device.o
  CC      fs/compat_ioctl.o
  CC [M]  net/hsr/hsr_netlink.o
  CC [M]  fs/xfs/libxfs/xfs_dir2_block.o
  CC [M]  drivers/input/touchscreen/raydium_i2c_ts.o
  CC [M]  fs/ubifs/tnc.o
  CC [M]  drivers/input/misc/apanel.o
  CC [M]  drivers/input/touchscreen/silead.o
  CC [M]  net/hsr/hsr_slave.o
  CC [M]  net/hsr/hsr_forward.o
  CC [M]  drivers/input/touchscreen/sis_i2c.o
  CC      fs/binfmt_misc.o
  CC [M]  fs/ubifs/master.o
  CC [M]  drivers/input/touchscreen/st1232.o
  LD [M]  net/hsr/hsr.o
  LD      net/ieee802154/6lowpan/built-in.o
  CC [M]  drivers/input/touchscreen/sur40.o
  CC [M]  net/ieee802154/6lowpan/core.o
  CC      fs/binfmt_script.o
  CC [M]  net/ieee802154/6lowpan/rx.o
  CC [M]  fs/ubifs/scan.o
  CC [M]  drivers/input/touchscreen/surface3_spi.o
  CC [M]  fs/ubifs/replay.o
  CC [M]  fs/xfs/libxfs/xfs_dir2_data.o
  CC [M]  drivers/input/touchscreen/ti_am335x_tsc.o
  CC [M]  net/ieee802154/6lowpan/reassembly.o
  CC      fs/binfmt_elf.o
  CC [M]  net/ieee802154/6lowpan/tx.o
  CC [M]  fs/xfs/libxfs/xfs_dir2_leaf.o
  CC [M]  drivers/input/touchscreen/touchit213.o
  CC [M]  fs/ubifs/log.o
  CC      fs/compat_binfmt_elf.o
  LD [M]  net/ieee802154/6lowpan/ieee802154_6lowpan.o
  CC [M]  net/ieee802154/netlink.o
  CC [M]  fs/xfs/libxfs/xfs_dir2_node.o
  CC [M]  net/ieee802154/nl-mac.o
  CC [M]  fs/ubifs/commit.o
  CC [M]  drivers/input/misc/ati_remote2.o
  CC [M]  fs/ubifs/gc.o
  CC [M]  fs/ubifs/orphan.o
  CC [M]  drivers/input/misc/atlas_btns.o
  CC [M]  net/ieee802154/nl-phy.o
  CC      fs/posix_acl.o
  CC [M]  drivers/input/misc/bma150.o
  CC      fs/coredump.o
  CC [M]  net/ieee802154/nl_policy.o
  CC [M]  fs/xfs/libxfs/xfs_dir2_sf.o
  CC [M]  fs/ubifs/budget.o
  CC [M]  drivers/input/misc/cm109.o
  CC [M]  net/ieee802154/core.o
  CC [M]  fs/ubifs/find.o
  CC      fs/drop_caches.o
  LD      drivers/iio/buffer/built-in.o
  CC [M]  drivers/iio/buffer/industrialio-buffer-cb.o
  CC [M]  drivers/input/misc/cma3000_d0x.o
  CC [M]  fs/ubifs/tnc_commit.o
  CC [M]  fs/ubifs/compress.o
  CC [M]  drivers/iio/buffer/industrialio-triggered-buffer.o
  LD      drivers/iio/chemical/built-in.o
  CC [M]  fs/ubifs/lpt.o
  CC [M]  drivers/input/misc/cma3000_d0x_i2c.o
  CC      fs/fhandle.o
  CC [M]  net/ieee802154/header_ops.o
  CC      fs/iomap.o
  CC [M]  drivers/input/misc/e3x0-button.o
  CC [M]  drivers/iio/buffer/kfifo_buf.o
  CC [M]  drivers/input/touchscreen/touchright.o
  CC      fs/dcookies.o
  CC [M]  fs/xfs/libxfs/xfs_dquot_buf.o
  CC [M]  drivers/input/misc/gp2ap002a00f.o
  CC [M]  fs/ubifs/lprops.o
  LD      drivers/iio/common/cros_ec_sensors/built-in.o
  CC [M]  drivers/input/misc/keyspan_remote.o
  LD      drivers/iio/common/hid-sensors/built-in.o
  CC [M]  drivers/iio/common/hid-sensors/hid-sensor-attributes.o
  CC [M]  fs/mbcache.o
  CC [M]  drivers/input/touchscreen/touchwin.o
  CC [M]  fs/ubifs/recovery.o
  CC [M]  drivers/input/misc/kxtj9.o
  CC [M]  drivers/iio/common/hid-sensors/hid-sensor-trigger.o
  CC [M]  fs/ubifs/ioctl.o
  CC      drivers/iommu/iommu.o
  CC [M]  fs/xfs/libxfs/xfs_ialloc.o
  CC [M]  fs/ubifs/lpt_commit.o
  CC [M]  drivers/input/misc/mc13783-pwrbutton.o
  CC      drivers/iommu/iommu-traces.o
  LD [M]  drivers/iio/common/hid-sensors/hid-sensor-iio-common.o
  LD      drivers/iio/common/ms_sensors/built-in.o
  LD      drivers/iio/common/ssp_sensors/built-in.o
  LD      drivers/iio/common/st_sensors/built-in.o
  CC [M]  drivers/iio/common/st_sensors/st_sensors_i2c.o
  CC [M]  drivers/input/misc/mma8450.o
  CC [M]  fs/ubifs/tnc_misc.o
  CC [M]  fs/ubifs/xattr.o
  CC [M]  drivers/input/misc/mpu3050.o
  CC      drivers/iommu/iommu-sysfs.o
  CC [M]  drivers/iio/common/st_sensors/st_sensors_spi.o
  CC [M]  drivers/input/misc/pcf50633-input.o
  CC [M]  drivers/input/misc/pcf8574_keypad.o
  CC [M]  fs/ubifs/debug.o
  CC [M]  fs/xfs/libxfs/xfs_ialloc_btree.o
  CC [M]  drivers/input/touchscreen/tsc40.o
  CC      drivers/iommu/iova.o
  CC [M]  drivers/input/misc/pcspkr.o
  CC [M]  fs/ubifs/misc.o
  CC [M]  drivers/iio/common/st_sensors/st_sensors_core.o
  CC [M]  drivers/input/misc/powermate.o
  CC [M]  drivers/input/touchscreen/tsc200x-core.o
  CC [M]  drivers/input/misc/retu-pwrbutton.o
  CC [M]  drivers/iio/common/st_sensors/st_sensors_buffer.o
  CC [M]  drivers/input/touchscreen/tsc2004.o
  CC      drivers/iommu/amd_iommu.o
  CC [M]  drivers/input/misc/rotary_encoder.o
  LD [M]  fs/ubifs/ubifs.o
  CC      drivers/iommu/amd_iommu_init.o
  CC      drivers/iommu/dmar.o
  CC [M]  drivers/input/touchscreen/tsc2007.o
  CC [M]  drivers/input/misc/soc_button_array.o
  CC [M]  drivers/iio/common/st_sensors/st_sensors_trigger.o
  CC [M]  drivers/input/touchscreen/ucb1400_ts.o
  CC [M]  drivers/input/misc/tps65218-pwrbutton.o
  CC [M]  drivers/input/misc/uinput.o
  CC [M]  drivers/input/touchscreen/wacom_w8001.o
  LD [M]  drivers/iio/common/st_sensors/st_sensors.o
  LD      drivers/iio/common/built-in.o
  CC [M]  net/ieee802154/sysfs.o
  CC      drivers/iommu/intel-iommu.o
  LD      drivers/iio/counter/built-in.o
  LD      drivers/iio/dac/built-in.o
  LD      drivers/iio/dummy/built-in.o
  CC      drivers/iommu/intel-svm.o
  LD      drivers/iio/frequency/built-in.o
  LD      drivers/iio/gyro/built-in.o
  CC [M]  drivers/iio/gyro/hid-sensor-gyro-3d.o
  CC [M]  drivers/input/touchscreen/wacom_i2c.o
  CC [M]  drivers/input/misc/xen-kbdfront.o
  CC [M]  drivers/input/touchscreen/wdt87xx_i2c.o
  CC [M]  drivers/iio/gyro/st_gyro_core.o
  CC [M]  net/ieee802154/nl802154.o
  CC [M]  drivers/input/misc/yealink.o
  CC [M]  drivers/input/misc/ideapad_slidebar.o
  CC [M]  drivers/iio/gyro/st_gyro_buffer.o
  CC      drivers/iommu/intel_irq_remapping.o
  CC      drivers/iommu/irq_remapping.o
  CC [M]  drivers/input/ff-memless.o
  CC [M]  net/ieee802154/trace.o
  CC [M]  drivers/iommu/amd_iommu_v2.o
  CC [M]  drivers/iio/gyro/st_gyro_i2c.o
  CC      net/ipv4/route.o
  LD      drivers/iio/health/built-in.o
  LD      drivers/ipack/carriers/built-in.o
  CC [M]  drivers/iio/health/max30100.o
  CC [M]  drivers/ipack/carriers/tpci200.o
  CC [M]  drivers/iio/gyro/st_gyro_spi.o
  LD      drivers/iio/humidity/built-in.o
  CC [M]  net/ieee802154/socket.o
  CC      net/ipv6/af_inet6.o
  LD      drivers/ipack/devices/built-in.o
  CC [M]  drivers/ipack/devices/ipoctal.o
  LD [M]  drivers/iio/gyro/st_gyro.o
  LD      drivers/iommu/built-in.o
  CC [M]  drivers/ipack/ipack.o
  LD      drivers/iio/imu/bmi160/built-in.o
  LD      drivers/iio/imu/inv_mpu6050/built-in.o
  LD      drivers/iio/imu/built-in.o
  LD      drivers/iio/light/built-in.o
  CC [M]  drivers/iio/light/acpi-als.o
  LD      net/ieee802154/built-in.o
  CC      net/ipv6/anycast.o
  LD [M]  net/ieee802154/ieee802154.o
  LD [M]  net/ieee802154/ieee802154_socket.o
  CC [M]  drivers/iio/light/bh1750.o
  LD      net/irda/built-in.o
  CC [M]  net/irda/iriap.o
  LD      drivers/ipack/built-in.o
  CC      net/ipv6/ip6_output.o
  CC [M]  drivers/iio/light/bh1780.o
  CC      net/ipv6/ip6_input.o
  CC [M]  drivers/iio/light/hid-sensor-als.o
  CC      net/ipv4/inetpeer.o
  CC [M]  net/irda/iriap_event.o
  CC [M]  drivers/iio/light/opt3001.o
  CC [M]  drivers/iio/light/pa12203001.o
  CC [M]  net/irda/irlmp.o
  CC      net/ipv4/protocol.o
  CC [M]  drivers/iio/light/rpr0521.o
  CC      net/ipv6/addrconf.o
  CC [M]  drivers/iio/light/stk3310.o
  CC [M]  drivers/input/input-polldev.o
  CC      net/ipv4/ip_input.o
  LD      drivers/iio/magnetometer/built-in.o
  CC [M]  drivers/iio/magnetometer/hid-sensor-magn-3d.o
  CC      net/ipv6/addrlabel.o
  CC [M]  net/irda/irlmp_event.o
  CC [M]  drivers/iio/magnetometer/st_magn_core.o
  CC [M]  net/irda/irlmp_frame.o
  CC      net/ipv4/ip_fragment.o
  CC      net/ipv6/route.o
  CC [M]  net/irda/irlap.o
  CC [M]  drivers/iio/magnetometer/st_magn_buffer.o
  CC      net/ipv4/ip_forward.o
  LD      net/kcm/built-in.o
  CC [M]  net/kcm/kcmsock.o
  CC [M]  net/irda/irlap_event.o
  CC [M]  drivers/iio/magnetometer/st_magn_i2c.o
  CC [M]  drivers/iio/magnetometer/st_magn_spi.o
  CC [M]  net/irda/irlap_frame.o
  CC      net/ipv6/ip6_fib.o
  CC [M]  net/kcm/kcmproc.o
  CC [M]  drivers/iio/magnetometer/hmc5843_core.o
  CC [M]  net/irda/timer.o
  CC [M]  drivers/iio/magnetometer/hmc5843_i2c.o
  CC [M]  net/irda/qos.o
  LD [M]  net/kcm/kcm.o
  CC [M]  drivers/iio/magnetometer/hmc5843_spi.o
  LD      net/key/built-in.o
  CC [M]  net/key/af_key.o
  CC      net/ipv6/ipv6_sockglue.o
  LD [M]  drivers/iio/magnetometer/st_magn.o
  LD      drivers/iio/orientation/built-in.o
  CC [M]  drivers/iio/orientation/hid-sensor-incl-3d.o
  CC [M]  drivers/iio/orientation/hid-sensor-rotation.o
  CC [M]  net/irda/irqueue.o
  LD      drivers/iio/potentiometer/built-in.o
  LD      drivers/iio/potentiostat/built-in.o
  LD      drivers/iio/pressure/built-in.o
  LD      drivers/iio/proximity/built-in.o
  LD      drivers/iio/temperature/built-in.o
  LD      drivers/iio/trigger/built-in.o
  CC [M]  drivers/iio/trigger/iio-trig-interrupt.o
  LD      net/l2tp/built-in.o
  CC [M]  net/l2tp/l2tp_core.o
  CC [M]  net/irda/irttp.o
  CC [M]  drivers/iio/trigger/iio-trig-loop.o
  CC      net/ipv6/ndisc.o
  CC [M]  drivers/iio/industrialio-core.o
  CC [M]  net/irda/irda_device.o
  CC [M]  drivers/iio/industrialio-event.o
  CC [M]  net/l2tp/l2tp_ppp.o
  CC      net/ipv6/udp.o
  CC [M]  net/irda/irias_object.o
  CC [M]  drivers/iio/inkern.o
  CC [M]  net/l2tp/l2tp_ip.o
  CC [M]  net/irda/wrapper.o
  CC [M]  drivers/iio/industrialio-buffer.o
  CC      net/ipv6/udplite.o
  CC [M]  net/irda/af_irda.o
  CC [M]  net/l2tp/l2tp_netlink.o
  CC [M]  drivers/iio/industrialio-trigger.o
  CC      net/ipv6/raw.o
  CC [M]  drivers/iio/industrialio-configfs.o
  CC [M]  net/irda/discovery.o
  CC [M]  net/l2tp/l2tp_eth.o
  CC [M]  drivers/iio/industrialio-sw-device.o
  CC [M]  net/irda/parameters.o
  CC [M]  net/l2tp/l2tp_ip6.o
  CC      net/ipv6/icmp.o
  CC [M]  drivers/iio/industrialio-sw-trigger.o
  CC [M]  net/irda/irnetlink.o
  LD      drivers/iio/built-in.o
  LD [M]  drivers/iio/industrialio.o
  CC      net/l3mdev/l3mdev.o
  CC [M]  net/irda/irmod.o
  CC      net/ipv6/mcast.o
  LD      net/l3mdev/built-in.o
  CC [M]  fs/xfs/libxfs/xfs_inode_fork.o
  CC      net/ipv4/ip_options.o
  CC [M]  net/irda/irproc.o
  CC [M]  fs/xfs/libxfs/xfs_inode_buf.o
  LD      drivers/irqchip/built-in.o
  CC [M]  fs/xfs/libxfs/xfs_log_rlimit.o
  LD      drivers/isdn/capi/built-in.o
  CC [M]  drivers/isdn/capi/kcapi.o
  CC [M]  net/irda/irsysctl.o
  CC [M]  fs/xfs/libxfs/xfs_ag_resv.o
  CC      net/ipv4/ip_output.o
  CC [M]  drivers/isdn/capi/capiutil.o
  CC      net/ipv4/ip_sockglue.o
  CC      net/ipv6/reassembly.o
  CC [M]  drivers/isdn/capi/capilib.o
  CC [M]  fs/xfs/libxfs/xfs_rmap.o
  CC [M]  fs/xfs/libxfs/xfs_rmap_btree.o
  CC      net/ipv4/inet_hashtables.o
  CC [M]  drivers/isdn/capi/kcapi_proc.o
  CC      net/ipv4/inet_timewait_sock.o
  CC [M]  drivers/isdn/capi/capi.o
  CC      net/ipv6/tcp_ipv6.o
  CC      net/ipv4/inet_connection_sock.o
  CC [M]  drivers/isdn/capi/capidrv.o
  CC [M]  fs/xfs/libxfs/xfs_refcount.o
  CC [M]  fs/xfs/libxfs/xfs_refcount_btree.o
  CC [M]  fs/xfs/libxfs/xfs_sb.o
  LD [M]  drivers/isdn/capi/kernelcapi.o
  CC [M]  fs/xfs/libxfs/xfs_symlink_remote.o
  CC [M]  fs/xfs/libxfs/xfs_trans_resv.o
  CC [M]  fs/xfs/libxfs/xfs_rtbitmap.o
  CC      drivers/leds/led-core.o
  CC      drivers/leds/led-triggers.o
  CC      drivers/leds/trigger/ledtrig-disk.o
  CC      drivers/leds/trigger/ledtrig-mtd.o
  CC      drivers/leds/trigger/ledtrig-cpu.o
  CC      drivers/leds/trigger/ledtrig-panic.o
  CC [M]  drivers/leds/trigger/ledtrig-timer.o
  CC [M]  drivers/leds/trigger/ledtrig-oneshot.o
  CC [M]  drivers/leds/trigger/ledtrig-heartbeat.o
  CC [M]  drivers/leds/trigger/ledtrig-backlight.o
  CC [M]  drivers/leds/trigger/ledtrig-gpio.o
  CC [M]  drivers/leds/trigger/ledtrig-default-on.o
  CC [M]  drivers/leds/trigger/ledtrig-transient.o
  CC [M]  drivers/leds/trigger/ledtrig-camera.o
  LD      drivers/leds/trigger/built-in.o
  CC [M]  drivers/leds/led-class.o
  CC [M]  drivers/leds/led-class-flash.o
  CC [M]  drivers/leds/leds-bd2802.o
  CC [M]  drivers/leds/leds-lm3530.o
  CC [M]  drivers/leds/leds-lm3533.o
  CC [M]  drivers/leds/leds-lm3642.o
  CC [M]  drivers/leds/leds-pca9532.o
  CC [M]  drivers/leds/leds-gpio.o
  CC [M]  drivers/leds/leds-lp3944.o
  CC [M]  drivers/leds/leds-lp3952.o
  CC [M]  drivers/leds/leds-lp8860.o
  CC [M]  drivers/leds/leds-tca6507.o
  CC [M]  drivers/leds/leds-tlc591xx.o
  CC [M]  drivers/leds/leds-clevo-mail.o
  CC [M]  drivers/leds/leds-pca955x.o
  CC [M]  drivers/leds/leds-pca963x.o
  CC [M]  drivers/leds/leds-ss4200.o
  CC [M]  drivers/leds/leds-lt3593.o
  CC [M]  drivers/leds/dell-led.o
  CC [M]  drivers/leds/leds-mc13783.o
  CC [M]  drivers/leds/leds-lm355x.o
  CC [M]  drivers/leds/leds-blinkm.o
  CC [M]  drivers/leds/leds-dac124s085.o
  LD      drivers/leds/built-in.o
  LD      drivers/isdn/divert/built-in.o
  LD      drivers/isdn/gigaset/built-in.o
  CC [M]  drivers/isdn/divert/isdn_divert.o
  CC [M]  drivers/isdn/gigaset/common.o
  CC [M]  drivers/isdn/divert/divert_procfs.o
  CC [M]  drivers/isdn/gigaset/interface.o
  CC [M]  drivers/isdn/divert/divert_init.o
  LD [M]  drivers/isdn/divert/dss1_divert.o
  LD      drivers/isdn/hardware/avm/built-in.o
  CC [M]  drivers/isdn/hardware/avm/b1pci.o
  CC [M]  drivers/isdn/gigaset/proc.o
  CC [M]  drivers/isdn/hardware/avm/b1.o
  CC [M]  drivers/isdn/gigaset/ev-layer.o
  CC [M]  drivers/isdn/hardware/avm/b1dma.o
  CC [M]  drivers/isdn/gigaset/asyncdata.o
  CC [M]  drivers/isdn/hardware/avm/b1pcmcia.o
  CC [M]  drivers/isdn/gigaset/capi.o
  CC [M]  drivers/isdn/hardware/avm/avm_cs.o
  CC [M]  drivers/isdn/gigaset/usb-gigaset.o
  CC [M]  drivers/isdn/hardware/avm/t1pci.o
  CC [M]  drivers/isdn/hardware/avm/c4.o
  CC [M]  drivers/isdn/gigaset/bas-gigaset.o
  LD      drivers/isdn/hardware/eicon/built-in.o
  CC [M]  drivers/isdn/hardware/eicon/diva_didd.o
  CC [M]  drivers/isdn/gigaset/isocdata.o
  CC [M]  drivers/isdn/hardware/eicon/diddfunc.o
  CC [M]  drivers/isdn/gigaset/ser-gigaset.o
  CC [M]  drivers/isdn/hardware/eicon/dadapter.o
  LD [M]  drivers/isdn/gigaset/gigaset.o
  LD [M]  drivers/isdn/gigaset/usb_gigaset.o
  LD [M]  drivers/isdn/gigaset/bas_gigaset.o
  CC [M]  drivers/isdn/hardware/eicon/divasmain.o
  LD [M]  drivers/isdn/gigaset/ser_gigaset.o
  LD      drivers/isdn/hisax/built-in.o
  CC [M]  drivers/isdn/hisax/config.o
  CC [M]  drivers/isdn/hardware/eicon/divasfunc.o
  CC [M]  drivers/isdn/hardware/eicon/di.o
  CC [M]  drivers/isdn/hisax/isdnl1.o
  CC [M]  drivers/isdn/hardware/eicon/io.o
  CC [M]  drivers/isdn/hisax/tei.o
  CC [M]  drivers/isdn/hardware/eicon/istream.o
  CC [M]  drivers/isdn/hisax/isdnl2.o
  CC [M]  drivers/isdn/hardware/eicon/diva.o
  CC [M]  drivers/isdn/hardware/eicon/divasproc.o
  CC [M]  drivers/isdn/hisax/isdnl3.o
  CC [M]  drivers/isdn/hardware/eicon/diva_dma.o
  CC [M]  drivers/isdn/hardware/eicon/os_bri.o
  CC [M]  drivers/isdn/hisax/lmgr.o
  CC [M]  drivers/isdn/hisax/q931.o
  CC [M]  drivers/isdn/hardware/eicon/s_bri.o
  CC [M]  drivers/isdn/hardware/eicon/os_4bri.o
  CC [M]  drivers/isdn/hisax/callc.o
  CC [M]  drivers/isdn/hardware/eicon/s_4bri.o
  CC [M]  drivers/isdn/hardware/eicon/os_pri.o
  CC [M]  drivers/isdn/hisax/fsm.o
  CC [M]  drivers/isdn/hardware/eicon/s_pri.o
  CC [M]  drivers/isdn/hisax/l3dss1.o
  CC [M]  drivers/isdn/hardware/eicon/divamnt.o
  CC [M]  drivers/isdn/hardware/eicon/mntfunc.o
  CC [M]  drivers/isdn/hardware/eicon/debug.o
  CC [M]  drivers/isdn/hisax/l3ni1.o
  CC [M]  drivers/isdn/hardware/eicon/maintidi.o
  CC [M]  drivers/isdn/hisax/l3_1tr6.o
  CC [M]  drivers/isdn/hardware/eicon/divasi.o
  CC [M]  drivers/isdn/hisax/teles3.o
  CC [M]  drivers/isdn/hardware/eicon/idifunc.o
  CC [M]  drivers/isdn/hisax/isac.o
  CC [M]  drivers/isdn/hardware/eicon/um_idi.o
  CC [M]  drivers/isdn/hisax/arcofi.o
  CC [M]  drivers/isdn/hardware/eicon/dqueue.o
  CC [M]  drivers/isdn/hardware/eicon/capimain.o
  CC [M]  drivers/isdn/hisax/hscx.o
  CC [M]  drivers/isdn/hardware/eicon/capifunc.o
  CC [M]  drivers/isdn/hisax/telespci.o
  CC [M]  drivers/isdn/hardware/eicon/message.o
  CC [M]  drivers/isdn/hisax/s0box.o
  CC [M]  drivers/isdn/hisax/avm_a1p.o
  CC [M]  drivers/isdn/hisax/avm_pci.o
  CC [M]  drivers/isdn/hisax/elsa.o
  CC [M]  drivers/isdn/hisax/diva.o
  CC [M]  drivers/isdn/hisax/ipacx.o
  CC [M]  drivers/isdn/hisax/sedlbauer.o
  CC [M]  drivers/isdn/hardware/eicon/capidtmf.o
  CC [M]  drivers/isdn/hisax/isar.o
  LD [M]  drivers/isdn/hardware/eicon/divadidd.o
  LD [M]  drivers/isdn/hardware/eicon/divas.o
  LD [M]  drivers/isdn/hardware/eicon/diva_mnt.o
  LD [M]  drivers/isdn/hardware/eicon/diva_idi.o
  LD [M]  drivers/isdn/hardware/eicon/divacapi.o
  LD      drivers/isdn/hardware/mISDN/built-in.o
  CC [M]  drivers/isdn/hardware/mISDN/hfcpci.o
  CC [M]  drivers/isdn/hisax/nj_s.o
  CC [M]  drivers/isdn/hardware/mISDN/hfcmulti.o
  CC [M]  drivers/isdn/hisax/netjet.o
  CC [M]  drivers/isdn/hisax/nj_u.o
  CC [M]  drivers/isdn/hisax/icc.o
  CC [M]  drivers/isdn/hisax/hfc_pci.o
  CC [M]  drivers/isdn/hardware/mISDN/hfcsusb.o
  CC [M]  drivers/isdn/hisax/hfc_sx.o
  CC [M]  drivers/isdn/hardware/mISDN/avmfritz.o
  CC [M]  drivers/isdn/hisax/niccy.o
  CC [M]  drivers/isdn/hisax/bkm_a4t.o
  CC [M]  drivers/isdn/hardware/mISDN/speedfax.o
  CC [M]  drivers/isdn/hisax/jade.o
  CC [M]  drivers/isdn/hardware/mISDN/mISDNinfineon.o
  CC [M]  drivers/isdn/hisax/bkm_a8.o
  CC [M]  drivers/isdn/hardware/mISDN/w6692.o
  CC [M]  drivers/isdn/hisax/gazel.o
  CC [M]  drivers/isdn/hardware/mISDN/netjet.o
  CC [M]  drivers/isdn/hisax/w6692.o
  CC [M]  drivers/isdn/hardware/mISDN/mISDNipac.o
  CC [M]  drivers/isdn/hisax/enternow_pci.o
  CC [M]  drivers/isdn/hisax/amd7930_fn.o
  CC [M]  drivers/isdn/hisax/sedlbauer_cs.o
  CC [M]  drivers/isdn/hardware/mISDN/mISDNisar.o
  CC [M]  drivers/isdn/hisax/elsa_cs.o
  CC [M]  drivers/isdn/hisax/avma1_cs.o
  CC [M]  drivers/isdn/hisax/teles_cs.o
  LD      drivers/isdn/hardware/built-in.o
  LD      drivers/isdn/hysdn/built-in.o
  CC [M]  drivers/isdn/hysdn/hysdn_procconf.o
  CC [M]  drivers/isdn/hysdn/hysdn_proclog.o
  CC [M]  drivers/isdn/hysdn/boardergo.o
  CC [M]  drivers/isdn/hysdn/hysdn_boot.o
  CC [M]  drivers/isdn/hysdn/hysdn_sched.o
  CC [M]  drivers/isdn/hysdn/hysdn_net.o
  CC [M]  drivers/isdn/hysdn/hysdn_init.o
  CC [M]  drivers/isdn/hysdn/hycapi.o
  LD [M]  drivers/isdn/hysdn/hysdn.o
  LD      drivers/isdn/i4l/built-in.o
  CC [M]  drivers/isdn/i4l/isdn_net.o
  CC [M]  drivers/isdn/i4l/isdn_tty.o
  CC [M]  drivers/isdn/i4l/isdn_v110.o
  CC [M]  drivers/isdn/i4l/isdn_common.o
  CC [M]  drivers/isdn/i4l/isdn_ppp.o
  CC [M]  drivers/isdn/i4l/isdn_audio.o
  CC [M]  drivers/isdn/i4l/isdn_ttyfax.o
  CC [M]  drivers/isdn/i4l/isdn_bsdcomp.o
  CC [M]  drivers/isdn/i4l/isdnhdlc.o
  LD [M]  drivers/isdn/i4l/isdn.o
  LD      drivers/isdn/mISDN/built-in.o
  CC [M]  drivers/isdn/mISDN/core.o
  CC [M]  drivers/isdn/mISDN/fsm.o
  CC [M]  drivers/isdn/mISDN/socket.o
  CC [M]  drivers/isdn/mISDN/clock.o
  CC [M]  drivers/isdn/mISDN/hwchannel.o
  CC [M]  drivers/isdn/mISDN/stack.o
  CC [M]  drivers/isdn/mISDN/layer1.o
  CC [M]  drivers/isdn/mISDN/layer2.o
  CC [M]  drivers/isdn/mISDN/tei.o
  CC [M]  drivers/isdn/mISDN/timerdev.o
  CC [M]  drivers/isdn/mISDN/dsp_core.o
  CC [M]  drivers/isdn/mISDN/dsp_cmx.o
  CC [M]  drivers/isdn/mISDN/dsp_tones.o
  CC [M]  drivers/isdn/mISDN/dsp_dtmf.o
  CC [M]  drivers/isdn/mISDN/dsp_audio.o
  CC [M]  drivers/isdn/mISDN/dsp_blowfish.o
  CC [M]  drivers/isdn/mISDN/dsp_pipeline.o
  CC [M]  drivers/isdn/mISDN/dsp_hwec.o
  CC [M]  drivers/isdn/mISDN/l1oip_core.o
  CC [M]  drivers/isdn/mISDN/l1oip_codec.o
  LD [M]  drivers/isdn/mISDN/mISDN_core.o
  LD [M]  drivers/isdn/mISDN/mISDN_dsp.o
  LD [M]  drivers/isdn/mISDN/l1oip.o
  LD      drivers/lguest/built-in.o
  LD      drivers/macintosh/built-in.o
  CC [M]  drivers/macintosh/mac_hid.o
  CC      drivers/mailbox/mailbox.o
  CC      drivers/mailbox/pcc.o
  LD      drivers/mailbox/built-in.o
  CC      drivers/md/dm-builtin.o
  CC [M]  drivers/md/linear.o
  CC [M]  drivers/md/raid0.o
  CC [M]  drivers/md/raid1.o
  CC [M]  drivers/md/raid10.o
  CC [M]  drivers/md/raid5.o
  CC [M]  drivers/md/raid5-cache.o
  CC [M]  drivers/md/multipath.o
  CC [M]  drivers/md/faulty.o
  CC [M]  drivers/md/md.o
  CC [M]  drivers/md/bitmap.o
  CC [M]  drivers/md/dm-uevent.o
  CC [M]  drivers/md/dm.o
  CC [M]  drivers/md/dm-table.o
  CC [M]  drivers/md/dm-target.o
  CC [M]  drivers/md/dm-linear.o
  CC [M]  drivers/md/dm-stripe.o
  CC [M]  drivers/md/dm-ioctl.o
  CC [M]  drivers/md/dm-io.o
  CC [M]  drivers/md/dm-kcopyd.o
  CC [M]  drivers/md/dm-sysfs.o
  CC [M]  drivers/md/dm-stats.o
  CC [M]  drivers/md/dm-rq.o
  CC [M]  drivers/md/dm-bufio.o
  CC [M]  drivers/md/dm-bio-prison.o
  CC [M]  drivers/md/dm-crypt.o
  CC [M]  drivers/md/dm-delay.o
  CC [M]  drivers/md/dm-flakey.o
  CC [M]  drivers/md/dm-path-selector.o
  CC [M]  drivers/md/dm-mpath.o
  CC [M]  drivers/md/dm-round-robin.o
  CC [M]  drivers/md/dm-queue-length.o
  CC [M]  drivers/md/dm-service-time.o
  CC [M]  drivers/md/dm-switch.o
  CC [M]  drivers/md/dm-snap.o
  CC [M]  drivers/md/dm-exception-store.o
  CC [M]  drivers/md/dm-snap-transient.o
  CC [M]  drivers/md/dm-snap-persistent.o
  CC [M]  drivers/md/dm-raid1.o
  CC [M]  drivers/md/dm-log.o
  CC [M]  drivers/md/dm-region-hash.o
  CC [M]  drivers/md/dm-log-userspace-base.o
  CC [M]  drivers/md/dm-log-userspace-transfer.o
  CC [M]  drivers/md/dm-zero.o
  CC [M]  drivers/md/dm-raid.o
  CC [M]  drivers/md/dm-thin.o
  CC [M]  drivers/md/dm-thin-metadata.o
  CC [M]  drivers/md/dm-verity-fec.o
  CC [M]  drivers/md/dm-verity-target.o
  CC [M]  drivers/md/dm-cache-target.o
  CC [M]  drivers/md/dm-cache-metadata.o
  CC [M]  drivers/md/dm-cache-policy.o
  CC [M]  drivers/md/dm-cache-policy-smq.o
  CC [M]  drivers/md/dm-cache-policy-cleaner.o
  CC [M]  drivers/md/dm-era-target.o
  CC [M]  drivers/md/dm-log-writes.o
  LD      drivers/md/bcache/built-in.o
  CC [M]  drivers/md/bcache/alloc.o
  CC [M]  drivers/md/bcache/bset.o
  CC [M]  drivers/md/bcache/btree.o
  CC [M]  drivers/md/bcache/closure.o
  CC [M]  drivers/md/bcache/debug.o
  CC [M]  drivers/md/bcache/extents.o
  CC [M]  drivers/md/bcache/io.o
  CC [M]  drivers/md/bcache/journal.o
  CC [M]  drivers/md/bcache/movinggc.o
  CC [M]  drivers/md/bcache/request.o
  CC [M]  drivers/md/bcache/stats.o
  CC [M]  drivers/md/bcache/super.o
  CC [M]  drivers/md/bcache/sysfs.o
  CC [M]  drivers/md/bcache/trace.o
  CC [M]  drivers/md/bcache/util.o
  CC [M]  drivers/md/bcache/writeback.o
  LD [M]  drivers/md/bcache/bcache.o
  LD      drivers/md/persistent-data/built-in.o
  CC [M]  drivers/md/persistent-data/dm-array.o
  CC [M]  drivers/md/persistent-data/dm-bitset.o
  CC [M]  drivers/md/persistent-data/dm-block-manager.o
  CC [M]  drivers/md/persistent-data/dm-space-map-common.o
  CC [M]  drivers/md/persistent-data/dm-space-map-disk.o
  CC [M]  drivers/md/persistent-data/dm-space-map-metadata.o
  CC [M]  drivers/md/persistent-data/dm-transaction-manager.o
  CC [M]  drivers/md/persistent-data/dm-btree.o
  CC [M]  drivers/md/persistent-data/dm-btree-remove.o
  CC [M]  drivers/md/persistent-data/dm-btree-spine.o
  LD [M]  drivers/md/persistent-data/dm-persistent-data.o
  LD      drivers/md/built-in.o
  LD [M]  drivers/md/raid456.o
  LD [M]  drivers/md/md-mod.o
  LD [M]  drivers/md/dm-mod.o
  LD [M]  drivers/md/dm-multipath.o
  LD [M]  drivers/md/dm-snapshot.o
  LD [M]  drivers/md/dm-mirror.o
  LD [M]  drivers/md/dm-log-userspace.o
  LD [M]  drivers/md/dm-thin-pool.o
  LD [M]  drivers/md/dm-verity.o
  LD [M]  drivers/md/dm-cache.o
  LD [M]  drivers/md/dm-cache-smq.o
  LD [M]  drivers/md/dm-cache-cleaner.o
  LD [M]  drivers/md/dm-era.o
  LD      drivers/media/common/b2c2/built-in.o
  CC [M]  drivers/media/common/b2c2/flexcop.o
  CC [M]  drivers/media/common/b2c2/flexcop-fe-tuner.o
  CC [M]  drivers/media/common/b2c2/flexcop-i2c.o
  CC [M]  drivers/media/common/b2c2/flexcop-sram.o
  CC [M]  drivers/media/common/b2c2/flexcop-eeprom.o
  CC [M]  drivers/media/common/b2c2/flexcop-misc.o
  CC [M]  drivers/media/common/b2c2/flexcop-hw-filter.o
  LD [M]  drivers/media/common/b2c2/b2c2-flexcop.o
  LD      drivers/media/common/saa7146/built-in.o
  CC [M]  drivers/media/common/saa7146/saa7146_i2c.o
  CC [M]  drivers/media/common/saa7146/saa7146_core.o
  CC [M]  drivers/media/common/saa7146/saa7146_fops.o
  CC [M]  drivers/media/common/saa7146/saa7146_video.o
  CC [M]  drivers/media/common/saa7146/saa7146_hlp.o
  CC [M]  drivers/media/common/saa7146/saa7146_vbi.o
  LD [M]  drivers/media/common/saa7146/saa7146.o
  LD [M]  drivers/media/common/saa7146/saa7146_vv.o
  LD      drivers/media/common/siano/built-in.o
  CC [M]  drivers/media/common/siano/smscoreapi.o
  CC [M]  drivers/media/common/siano/sms-cards.o
  CC [M]  drivers/media/common/siano/smsendian.o
  CC [M]  drivers/media/common/siano/smsir.o
  CC [M]  drivers/media/common/siano/smsdvb-main.o
  LD [M]  drivers/media/common/siano/smsmdtv.o
  LD [M]  drivers/media/common/siano/smsdvb.o
  LD      drivers/media/common/v4l2-tpg/built-in.o
  CC [M]  drivers/media/common/cx2341x.o
  CC [M]  drivers/media/common/tveeprom.o
  CC [M]  drivers/media/common/cypress_firmware.o
  LD      drivers/media/common/built-in.o
  LD      drivers/media/dvb-core/built-in.o
  CC [M]  drivers/media/dvb-core/dvbdev.o
  CC [M]  drivers/media/dvb-core/dmxdev.o
  CC [M]  drivers/media/dvb-core/dvb_demux.o
  CC [M]  drivers/media/dvb-core/dvb_ca_en50221.o
  CC [M]  drivers/media/dvb-core/dvb_frontend.o
  CC [M]  drivers/media/dvb-core/dvb_net.o
  CC [M]  drivers/media/dvb-core/dvb_ringbuffer.o
  CC [M]  drivers/media/dvb-core/dvb_math.o
  LD [M]  drivers/media/dvb-core/dvb-core.o
  LD      drivers/media/dvb-frontends/built-in.o
  CC [M]  drivers/media/dvb-frontends/dvb-pll.o
  CC [M]  drivers/media/dvb-frontends/stv0299.o
  CC [M]  drivers/media/dvb-frontends/stb0899_drv.o
  CC [M]  drivers/media/dvb-frontends/stb0899_algo.o
  CC [M]  drivers/media/dvb-frontends/stb6100.o
  CC [M]  drivers/media/dvb-frontends/sp8870.o
  CC [M]  drivers/media/dvb-frontends/cx22700.o
  CC [M]  drivers/media/dvb-frontends/cx24110.o
  CC [M]  drivers/media/dvb-frontends/tda8083.o
  CC [M]  drivers/media/dvb-frontends/l64781.o
  CC [M]  drivers/media/dvb-frontends/dib3000mb.o
  CC [M]  drivers/media/dvb-frontends/dib3000mc.o
  CC [M]  drivers/media/dvb-frontends/dibx000_common.o
  CC [M]  drivers/media/dvb-frontends/dib7000m.o
  CC [M]  drivers/media/dvb-frontends/dib7000p.o
  CC [M]  drivers/media/dvb-frontends/dib8000.o
  CC [M]  drivers/media/dvb-frontends/mt312.o
  CC [M]  drivers/media/dvb-frontends/ves1820.o
  CC [M]  drivers/media/dvb-frontends/ves1x93.o
  CC [M]  drivers/media/dvb-frontends/tda1004x.o
  CC [M]  drivers/media/dvb-frontends/sp887x.o
  CC [M]  drivers/media/dvb-frontends/nxt6000.o
  CC [M]  drivers/media/dvb-frontends/mt352.o
  CC [M]  drivers/media/dvb-frontends/zl10036.o
  CC [M]  drivers/media/dvb-frontends/zl10039.o
  CC [M]  drivers/media/dvb-frontends/zl10353.o
  CC [M]  drivers/media/dvb-frontends/cx22702.o
  CC [M]  drivers/media/dvb-frontends/drxd_firm.o
  CC [M]  drivers/media/dvb-frontends/drxd_hard.o
  CC [M]  drivers/media/dvb-frontends/tda10021.o
  CC [M]  drivers/media/dvb-frontends/tda10023.o
  CC [M]  drivers/media/dvb-frontends/stv0297.o
  CC [M]  drivers/media/dvb-frontends/nxt200x.o
  CC [M]  drivers/media/dvb-frontends/or51211.o
  CC [M]  drivers/media/dvb-frontends/or51132.o
  CC [M]  drivers/media/dvb-frontends/bcm3510.o
  CC [M]  drivers/media/dvb-frontends/s5h1420.o
  CC [M]  drivers/media/dvb-frontends/lgdt330x.o
  CC [M]  drivers/media/dvb-frontends/lgdt3305.o
  CC [M]  drivers/media/dvb-frontends/lgdt3306a.o
  CC [M]  drivers/media/dvb-frontends/lg2160.o
  CC [M]  drivers/media/dvb-frontends/cx24123.o
  CC [M]  drivers/media/dvb-frontends/lnbh25.o
  CC [M]  drivers/media/dvb-frontends/lnbp21.o
  CC [M]  drivers/media/dvb-frontends/lnbp22.o
  CC [M]  drivers/media/dvb-frontends/isl6405.o
  CC [M]  drivers/media/dvb-frontends/isl6421.o
  CC [M]  drivers/media/dvb-frontends/tda10086.o
  CC [M]  drivers/media/dvb-frontends/tda826x.o
  CC [M]  drivers/media/dvb-frontends/tda8261.o
  CC [M]  drivers/media/dvb-frontends/dib0070.o
  CC [M]  drivers/media/dvb-frontends/dib0090.o
  CC [M]  drivers/media/dvb-frontends/tua6100.o
  CC [M]  drivers/media/dvb-frontends/s5h1409.o
  CC [M]  drivers/media/dvb-frontends/itd1000.o
  CC [M]  drivers/media/dvb-frontends/au8522_common.o
  CC [M]  drivers/media/dvb-frontends/au8522_dig.o
  CC [M]  drivers/media/dvb-frontends/au8522_decoder.o
  CC [M]  drivers/media/dvb-frontends/tda10048.o
  CC [M]  drivers/media/dvb-frontends/cx24113.o
  CC [M]  drivers/media/dvb-frontends/s5h1411.o
  CC [M]  drivers/media/dvb-frontends/tda665x.o
  CC [M]  drivers/media/dvb-frontends/lgs8gxx.o
  CC [M]  drivers/media/dvb-frontends/atbm8830.o
  CC [M]  drivers/media/dvb-frontends/af9013.o
  CC [M]  drivers/media/dvb-frontends/cx24116.o
  CC [M]  drivers/media/dvb-frontends/cx24117.o
  CC [M]  drivers/media/dvb-frontends/cx24120.o
  CC [M]  drivers/media/dvb-frontends/si21xx.o
  CC [M]  drivers/media/dvb-frontends/si2168.o
  CC [M]  drivers/media/dvb-frontends/stv0288.o
  CC [M]  drivers/media/dvb-frontends/stb6000.o
  CC [M]  drivers/media/dvb-frontends/s921.o
  CC [M]  drivers/media/dvb-frontends/stv6110.o
  CC [M]  drivers/media/dvb-frontends/stv0900_core.o
  CC [M]  drivers/media/dvb-frontends/stv0900_sw.o
  CC [M]  drivers/media/dvb-frontends/stv090x.o
  CC [M]  drivers/media/dvb-frontends/stv6110x.o
  CC [M]  drivers/media/dvb-frontends/m88ds3103.o
  CC [M]  drivers/media/dvb-frontends/mn88472.o
  CC [M]  drivers/media/dvb-frontends/mn88473.o
  CC [M]  drivers/media/dvb-frontends/isl6423.o
  CC [M]  drivers/media/dvb-frontends/ec100.o
  CC [M]  drivers/media/dvb-frontends/ds3000.o
  CC [M]  drivers/media/dvb-frontends/ts2020.o
  CC [M]  drivers/media/dvb-frontends/mb86a16.o
  CC [M]  drivers/media/dvb-frontends/mb86a20s.o
  CC [M]  drivers/media/dvb-frontends/ix2505v.o
  CC [M]  drivers/media/dvb-frontends/stv0367.o
  CC [M]  drivers/media/dvb-frontends/cxd2820r_core.o
  CC [M]  drivers/media/dvb-frontends/cxd2820r_c.o
  CC [M]  drivers/media/dvb-frontends/cxd2820r_t.o
  CC [M]  drivers/media/dvb-frontends/cxd2820r_t2.o
  CC [M]  drivers/media/dvb-frontends/cxd2841er.o
  CC [M]  drivers/media/dvb-frontends/drxk_hard.o
  CC [M]  drivers/media/dvb-frontends/tda18271c2dd.o
  CC [M]  drivers/media/dvb-frontends/si2165.o
  CC [M]  drivers/media/dvb-frontends/a8293.o
  CC [M]  drivers/media/dvb-frontends/sp2.o
  CC [M]  drivers/media/dvb-frontends/tda10071.o
  CC [M]  drivers/media/dvb-frontends/rtl2830.o
  CC [M]  drivers/media/dvb-frontends/rtl2832.o
  CC [M]  drivers/media/dvb-frontends/rtl2832_sdr.o
  CC [M]  drivers/media/dvb-frontends/m88rs2000.o
  CC [M]  drivers/media/dvb-frontends/af9033.o
  CC [M]  drivers/media/dvb-frontends/as102_fe.o
  CC [M]  drivers/media/dvb-frontends/gp8psk-fe.o
  CC [M]  drivers/media/dvb-frontends/tc90522.o
  CC [M]  drivers/media/dvb-frontends/horus3a.o
  CC [M]  drivers/media/dvb-frontends/ascot2e.o
  CC [M]  drivers/media/dvb-frontends/helene.o
  LD      drivers/media/dvb-frontends/drx39xyj/built-in.o
  CC [M]  drivers/media/dvb-frontends/drx39xyj/drxj.o
  LD [M]  drivers/media/dvb-frontends/drx39xyj/drx39xyj.o
  LD [M]  drivers/media/dvb-frontends/stb0899.o
  LD [M]  drivers/media/dvb-frontends/drxd.o
  LD [M]  drivers/media/dvb-frontends/stv0900.o
  LD [M]  drivers/media/dvb-frontends/cxd2820r.o
  LD [M]  drivers/media/dvb-frontends/drxk.o
  LD      drivers/media/firewire/built-in.o
  CC [M]  drivers/media/firewire/firedtv-avc.o
  CC [M]  drivers/media/firewire/firedtv-ci.o
  CC [M]  drivers/media/firewire/firedtv-dvb.o
  CC [M]  drivers/media/firewire/firedtv-fe.o
  CC [M]  drivers/media/firewire/firedtv-fw.o
  CC [M]  drivers/media/firewire/firedtv-rc.o
  LD [M]  drivers/media/firewire/firedtv.o
  LD      drivers/media/i2c/cx25840/built-in.o
  CC [M]  drivers/media/i2c/cx25840/cx25840-core.o
  CC [M]  drivers/media/i2c/cx25840/cx25840-audio.o
  CC [M]  drivers/media/i2c/cx25840/cx25840-firmware.o
  CC [M]  drivers/media/i2c/cx25840/cx25840-vbi.o
  CC [M]  drivers/media/i2c/cx25840/cx25840-ir.o
  LD [M]  drivers/media/i2c/cx25840/cx25840.o
  LD      drivers/media/i2c/soc_camera/built-in.o
  CC [M]  drivers/media/i2c/msp3400-driver.o
  CC [M]  drivers/media/i2c/msp3400-kthreads.o
  CC [M]  drivers/media/i2c/tvaudio.o
  CC [M]  drivers/media/i2c/tda7432.o
  CC [M]  drivers/media/i2c/saa6588.o
  CC [M]  drivers/media/i2c/tda9840.o
  CC [M]  drivers/media/i2c/tea6415c.o
  CC [M]  drivers/media/i2c/tea6420.o
  CC [M]  drivers/media/i2c/saa7110.o
  CC [M]  drivers/media/i2c/saa7115.o
  CC [M]  drivers/media/i2c/saa717x.o
  CC [M]  drivers/media/i2c/saa7127.o
  CC [M]  drivers/media/i2c/saa7185.o
  CC [M]  drivers/media/i2c/saa6752hs.o
  CC [M]  drivers/media/i2c/adv7170.o
  CC [M]  drivers/media/i2c/adv7175.o
  CC [M]  drivers/media/i2c/adv7604.o
  CC [M]  drivers/media/i2c/adv7842.o
  CC [M]  drivers/media/i2c/adv7511.o
  CC [M]  drivers/media/i2c/vpx3220.o
  CC [M]  drivers/media/i2c/bt819.o
  CC [M]  drivers/media/i2c/bt856.o
  CC [M]  drivers/media/i2c/bt866.o
  CC [M]  drivers/media/i2c/ks0127.o
  CC [M]  drivers/media/i2c/tvp5150.o
  CC [M]  drivers/media/i2c/tw2804.o
  CC [M]  drivers/media/i2c/tw9903.o
  CC [M]  drivers/media/i2c/tw9906.o
  CC [M]  drivers/media/i2c/cs3308.o
  CC [M]  drivers/media/i2c/cs5345.o
  CC [M]  drivers/media/i2c/cs53l32a.o
  CC [M]  drivers/media/i2c/m52790.o
  CC [M]  drivers/media/i2c/uda1342.o
  CC [M]  drivers/media/i2c/wm8775.o
  CC [M]  drivers/media/i2c/wm8739.o
  CC [M]  drivers/media/i2c/vp27smpx.o
  CC [M]  drivers/media/i2c/sony-btf-mpx.o
  CC [M]  drivers/media/i2c/upd64031a.o
  CC [M]  drivers/media/i2c/upd64083.o
  CC [M]  drivers/media/i2c/ov7640.o
  CC [M]  drivers/media/i2c/mt9v011.o
  CC [M]  drivers/media/i2c/ir-kbd-i2c.o
  LD      drivers/media/i2c/built-in.o
  LD [M]  drivers/media/i2c/msp3400.o
  LD      drivers/media/mmc/siano/built-in.o
  CC [M]  drivers/media/mmc/siano/smssdio.o
  LD      drivers/media/mmc/built-in.o
  LD      drivers/media/pci/b2c2/built-in.o
  CC [M]  drivers/media/pci/b2c2/flexcop-dma.o
  CC [M]  drivers/media/pci/b2c2/flexcop-pci.o
  LD [M]  drivers/media/pci/b2c2/b2c2-flexcop-pci.o
  LD      drivers/media/pci/bt8xx/built-in.o
  CC [M]  drivers/media/pci/bt8xx/bttv-driver.o
  CC [M]  drivers/media/pci/bt8xx/bttv-cards.o
  CC [M]  drivers/media/pci/bt8xx/bttv-if.o
  CC [M]  drivers/media/pci/bt8xx/bttv-risc.o
  CC [M]  drivers/media/pci/bt8xx/bttv-vbi.o
  CC [M]  drivers/media/pci/bt8xx/bttv-i2c.o
  CC [M]  drivers/media/pci/bt8xx/bttv-gpio.o
  CC [M]  drivers/media/pci/bt8xx/bttv-input.o
  CC [M]  drivers/media/pci/bt8xx/bttv-audio-hook.o
  CC [M]  drivers/media/pci/bt8xx/btcx-risc.o
  CC [M]  drivers/media/pci/bt8xx/bt878.o
  CC [M]  drivers/media/pci/bt8xx/dvb-bt8xx.o
  CC [M]  drivers/media/pci/bt8xx/dst.o
  CC [M]  drivers/media/pci/bt8xx/dst_ca.o
  LD [M]  drivers/media/pci/bt8xx/bttv.o
  LD      drivers/media/pci/cobalt/built-in.o
  CC [M]  drivers/media/pci/cobalt/cobalt-driver.o
  CC [M]  drivers/media/pci/cobalt/cobalt-irq.o
  CC [M]  drivers/media/pci/cobalt/cobalt-v4l2.o
  CC [M]  drivers/media/pci/cobalt/cobalt-i2c.o
  CC [M]  drivers/media/pci/cobalt/cobalt-omnitek.o
  CC [M]  drivers/media/pci/cobalt/cobalt-flash.o
  CC [M]  drivers/media/pci/cobalt/cobalt-cpld.o
  CC [M]  drivers/media/pci/cobalt/cobalt-alsa-main.o
  CC [M]  drivers/media/pci/cobalt/cobalt-alsa-pcm.o
  LD [M]  drivers/media/pci/cobalt/cobalt.o
  LD      drivers/media/pci/cx18/built-in.o
  CC [M]  drivers/media/pci/cx18/cx18-driver.o
  CC [M]  drivers/media/pci/cx18/cx18-cards.o
  CC [M]  drivers/media/pci/cx18/cx18-i2c.o
  CC [M]  drivers/media/pci/cx18/cx18-firmware.o
  CC [M]  drivers/media/pci/cx18/cx18-gpio.o
  CC [M]  drivers/media/pci/cx18/cx18-queue.o
  CC [M]  drivers/media/pci/cx18/cx18-streams.o
  CC [M]  drivers/media/pci/cx18/cx18-fileops.o
  CC [M]  drivers/media/pci/cx18/cx18-ioctl.o
  CC [M]  drivers/media/pci/cx18/cx18-controls.o
  CC [M]  drivers/media/pci/cx18/cx18-mailbox.o
  CC [M]  drivers/media/pci/cx18/cx18-vbi.o
  CC [M]  drivers/media/pci/cx18/cx18-audio.o
  CC [M]  drivers/media/pci/cx18/cx18-video.o
  CC [M]  drivers/media/pci/cx18/cx18-irq.o
  CC [M]  drivers/media/pci/cx18/cx18-av-core.o
  CC [M]  drivers/media/pci/cx18/cx18-av-audio.o
  CC [M]  drivers/media/pci/cx18/cx18-av-firmware.o
  CC [M]  drivers/media/pci/cx18/cx18-av-vbi.o
  CC [M]  drivers/media/pci/cx18/cx18-scb.o
  CC [M]  drivers/media/pci/cx18/cx18-dvb.o
  CC [M]  drivers/media/pci/cx18/cx18-io.o
  CC [M]  drivers/media/pci/cx18/cx18-alsa-main.o
  CC [M]  drivers/media/pci/cx18/cx18-alsa-pcm.o
  LD [M]  drivers/media/pci/cx18/cx18.o
  LD [M]  drivers/media/pci/cx18/cx18-alsa.o
  LD      drivers/media/pci/cx23885/built-in.o
  CC [M]  drivers/media/pci/cx23885/cx23885-cards.o
  CC [M]  drivers/media/pci/cx23885/cx23885-video.o
  CC [M]  drivers/media/pci/cx23885/cx23885-vbi.o
  CC [M]  drivers/media/pci/cx23885/cx23885-core.o
  CC [M]  drivers/media/pci/cx23885/cx23885-i2c.o
  CC [M]  drivers/media/pci/cx23885/cx23885-dvb.o
  CC [M]  drivers/media/pci/cx23885/cx23885-417.o
  CC [M]  drivers/media/pci/cx23885/cx23885-ioctl.o
  CC [M]  drivers/media/pci/cx23885/cx23885-ir.o
  CC [M]  drivers/media/pci/cx23885/cx23885-av.o
  CC [M]  drivers/media/pci/cx23885/cx23885-input.o
  CC [M]  drivers/media/pci/cx23885/cx23888-ir.o
  CC [M]  drivers/media/pci/cx23885/netup-init.o
  CC [M]  drivers/media/pci/cx23885/cimax2.o
  CC [M]  drivers/media/pci/cx23885/netup-eeprom.o
  CC [M]  drivers/media/pci/cx23885/cx23885-f300.o
  CC [M]  drivers/media/pci/cx23885/cx23885-alsa.o
  CC [M]  drivers/media/pci/cx23885/altera-ci.o
  LD [M]  drivers/media/pci/cx23885/cx23885.o
  LD      drivers/media/pci/cx25821/built-in.o
  CC [M]  drivers/media/pci/cx25821/cx25821-core.o
  CC [M]  drivers/media/pci/cx25821/cx25821-cards.o
  CC [M]  drivers/media/pci/cx25821/cx25821-i2c.o
  CC [M]  drivers/media/pci/cx25821/cx25821-gpio.o
  CC [M]  drivers/media/pci/cx25821/cx25821-medusa-video.o
  CC [M]  drivers/media/pci/cx25821/cx25821-video.o
  CC [M]  drivers/media/pci/cx25821/cx25821-alsa.o
  LD [M]  drivers/media/pci/cx25821/cx25821.o
  LD      drivers/media/pci/cx88/built-in.o
  CC [M]  drivers/media/pci/cx88/cx88-cards.o
  CC [M]  drivers/media/pci/cx88/cx88-core.o
  CC [M]  drivers/media/pci/cx88/cx88-i2c.o
  CC [M]  drivers/media/pci/cx88/cx88-tvaudio.o
  CC [M]  drivers/media/pci/cx88/cx88-dsp.o
  CC [M]  drivers/media/pci/cx88/cx88-input.o
  CC [M]  drivers/media/pci/cx88/cx88-video.o
  CC [M]  drivers/media/pci/cx88/cx88-vbi.o
  CC [M]  drivers/media/pci/cx88/cx88-mpeg.o
  CC [M]  drivers/media/pci/cx88/cx88-alsa.o
  CC [M]  drivers/media/pci/cx88/cx88-blackbird.o
  CC [M]  drivers/media/pci/cx88/cx88-dvb.o
  CC [M]  drivers/media/pci/cx88/cx88-vp3054-i2c.o
  LD [M]  drivers/media/pci/cx88/cx88xx.o
  LD [M]  drivers/media/pci/cx88/cx8800.o
  LD [M]  drivers/media/pci/cx88/cx8802.o
  LD      drivers/media/pci/ddbridge/built-in.o
  CC [M]  drivers/media/pci/ddbridge/ddbridge-core.o
  LD [M]  drivers/media/pci/ddbridge/ddbridge.o
  LD      drivers/media/pci/dm1105/built-in.o
  CC [M]  drivers/media/pci/dm1105/dm1105.o
  LD      drivers/media/pci/dt3155/built-in.o
  CC [M]  drivers/media/pci/dt3155/dt3155.o
  LD      drivers/media/pci/ivtv/built-in.o
  CC [M]  drivers/media/pci/ivtv/ivtv-routing.o
  CC [M]  drivers/media/pci/ivtv/ivtv-cards.o
  CC [M]  drivers/media/pci/ivtv/ivtv-controls.o
  CC [M]  drivers/media/pci/ivtv/ivtv-driver.o
  CC [M]  drivers/media/pci/ivtv/ivtv-fileops.o
  CC [M]  drivers/media/pci/ivtv/ivtv-firmware.o
  CC [M]  drivers/media/pci/ivtv/ivtv-gpio.o
  CC [M]  drivers/media/pci/ivtv/ivtv-i2c.o
  CC [M]  drivers/media/pci/ivtv/ivtv-ioctl.o
  CC [M]  drivers/media/pci/ivtv/ivtv-irq.o
  CC [M]  drivers/media/pci/ivtv/ivtv-mailbox.o
  CC [M]  drivers/media/pci/ivtv/ivtv-queue.o
  CC [M]  drivers/media/pci/ivtv/ivtv-streams.o
  CC [M]  drivers/media/pci/ivtv/ivtv-udma.o
  CC [M]  drivers/media/pci/ivtv/ivtv-vbi.o
  CC [M]  drivers/media/pci/ivtv/ivtv-yuv.o
  CC [M]  drivers/media/pci/ivtv/ivtv-alsa-main.o
  CC [M]  drivers/media/pci/ivtv/ivtv-alsa-pcm.o
  CC [M]  drivers/media/pci/ivtv/ivtvfb.o
  LD [M]  drivers/media/pci/ivtv/ivtv.o
  LD [M]  drivers/media/pci/ivtv/ivtv-alsa.o
  LD      drivers/media/pci/mantis/built-in.o
  CC [M]  drivers/media/pci/mantis/mantis_ioc.o
  CC [M]  drivers/media/pci/mantis/mantis_uart.o
  CC [M]  drivers/media/pci/mantis/mantis_dma.o
  CC [M]  drivers/media/pci/mantis/mantis_pci.o
  CC [M]  drivers/media/pci/mantis/mantis_i2c.o
  CC [M]  drivers/media/pci/mantis/mantis_dvb.o
  CC [M]  drivers/media/pci/mantis/mantis_evm.o
  CC [M]  drivers/media/pci/mantis/mantis_hif.o
  CC [M]  drivers/media/pci/mantis/mantis_ca.o
  CC [M]  drivers/media/pci/mantis/mantis_pcmcia.o
  CC [M]  drivers/media/pci/mantis/mantis_input.o
  CC [M]  drivers/media/pci/mantis/mantis_cards.o
  CC [M]  drivers/media/pci/mantis/mantis_vp1033.o
  CC [M]  drivers/media/pci/mantis/mantis_vp1034.o
  CC [M]  drivers/media/pci/mantis/mantis_vp1041.o
  CC [M]  drivers/media/pci/mantis/mantis_vp2033.o
  CC [M]  drivers/media/pci/mantis/mantis_vp2040.o
  CC [M]  drivers/media/pci/mantis/mantis_vp3030.o
  CC [M]  drivers/media/pci/mantis/hopper_cards.o
  CC [M]  drivers/media/pci/mantis/hopper_vp3028.o
  LD [M]  drivers/media/pci/mantis/mantis_core.o
  LD [M]  drivers/media/pci/mantis/mantis.o
  LD [M]  drivers/media/pci/mantis/hopper.o
  LD      drivers/media/pci/meye/built-in.o
  CC [M]  drivers/media/pci/meye/meye.o
  LD      drivers/media/pci/netup_unidvb/built-in.o
  CC [M]  drivers/media/pci/netup_unidvb/netup_unidvb_core.o
  CC [M]  drivers/media/pci/netup_unidvb/netup_unidvb_i2c.o
  CC [M]  drivers/media/pci/netup_unidvb/netup_unidvb_ci.o
  CC [M]  drivers/media/pci/netup_unidvb/netup_unidvb_spi.o
  LD [M]  drivers/media/pci/netup_unidvb/netup-unidvb.o
  LD      drivers/media/pci/ngene/built-in.o
  CC [M]  drivers/media/pci/ngene/ngene-core.o
  CC [M]  drivers/media/pci/ngene/ngene-i2c.o
  CC [M]  drivers/media/pci/ngene/ngene-cards.o
  CC [M]  drivers/media/pci/ngene/ngene-dvb.o
  LD [M]  drivers/media/pci/ngene/ngene.o
  LD      drivers/media/pci/pluto2/built-in.o
  CC [M]  drivers/media/pci/pluto2/pluto2.o
  LD      drivers/media/pci/pt1/built-in.o
  CC [M]  drivers/media/pci/pt1/pt1.o
  CC [M]  drivers/media/pci/pt1/va1j5jf8007s.o
  CC [M]  drivers/media/pci/pt1/va1j5jf8007t.o
  LD [M]  drivers/media/pci/pt1/earth-pt1.o
  LD      drivers/media/pci/pt3/built-in.o
  CC [M]  drivers/media/pci/pt3/pt3.o
  CC [M]  drivers/media/pci/pt3/pt3_i2c.o
  CC [M]  drivers/media/pci/pt3/pt3_dma.o
  LD [M]  drivers/media/pci/pt3/earth-pt3.o
  LD      drivers/media/pci/saa7134/built-in.o
  CC [M]  drivers/media/pci/saa7134/saa7134-cards.o
  CC [M]  drivers/media/pci/saa7134/saa7134-core.o
  CC [M]  drivers/media/pci/saa7134/saa7134-i2c.o
  CC [M]  drivers/media/pci/saa7134/saa7134-ts.o
  CC [M]  drivers/media/pci/saa7134/saa7134-tvaudio.o
  CC [M]  drivers/media/pci/saa7134/saa7134-vbi.o
  CC [M]  drivers/media/pci/saa7134/saa7134-video.o
  CC [M]  drivers/media/pci/saa7134/saa7134-input.o
  CC [M]  drivers/media/pci/saa7134/saa7134-empress.o
  CC [M]  drivers/media/pci/saa7134/saa7134-go7007.o
  CC [M]  drivers/media/pci/saa7134/saa7134-alsa.o
  CC [M]  drivers/media/pci/saa7134/saa7134-dvb.o
  LD [M]  drivers/media/pci/saa7134/saa7134.o
  LD      drivers/media/pci/saa7146/built-in.o
  CC [M]  drivers/media/pci/saa7146/mxb.o
  CC [M]  drivers/media/pci/saa7146/hexium_orion.o
  CC [M]  drivers/media/pci/saa7146/hexium_gemini.o
  LD      drivers/media/pci/saa7164/built-in.o
  CC [M]  drivers/media/pci/saa7164/saa7164-cards.o
  CC [M]  drivers/media/pci/saa7164/saa7164-core.o
  CC [M]  drivers/media/pci/saa7164/saa7164-i2c.o
  CC [M]  drivers/media/pci/saa7164/saa7164-dvb.o
  CC [M]  drivers/media/pci/saa7164/saa7164-fw.o
  CC [M]  drivers/media/pci/saa7164/saa7164-bus.o
  CC [M]  drivers/media/pci/saa7164/saa7164-cmd.o
  CC [M]  drivers/media/pci/saa7164/saa7164-api.o
  CC [M]  drivers/media/pci/saa7164/saa7164-buffer.o
  CC [M]  drivers/media/pci/saa7164/saa7164-encoder.o
  CC [M]  drivers/media/pci/saa7164/saa7164-vbi.o
  LD [M]  drivers/media/pci/saa7164/saa7164.o
  LD      drivers/media/pci/smipcie/built-in.o
  CC [M]  drivers/media/pci/smipcie/smipcie-main.o
  CC [M]  drivers/media/pci/smipcie/smipcie-ir.o
  LD [M]  drivers/media/pci/smipcie/smipcie.o
  LD      drivers/media/pci/solo6x10/built-in.o
  CC [M]  drivers/media/pci/solo6x10/solo6x10-core.o
  CC [M]  drivers/media/pci/solo6x10/solo6x10-i2c.o
  CC [M]  drivers/media/pci/solo6x10/solo6x10-p2m.o
  CC [M]  drivers/media/pci/solo6x10/solo6x10-v4l2.o
  CC [M]  drivers/media/pci/solo6x10/solo6x10-tw28.o
  CC [M]  drivers/media/pci/solo6x10/solo6x10-gpio.o
  CC [M]  drivers/media/pci/solo6x10/solo6x10-disp.o
  CC [M]  drivers/media/pci/solo6x10/solo6x10-enc.o
  CC [M]  drivers/media/pci/solo6x10/solo6x10-v4l2-enc.o
  CC [M]  drivers/media/pci/solo6x10/solo6x10-g723.o
  CC [M]  drivers/media/pci/solo6x10/solo6x10-eeprom.o
  LD [M]  drivers/media/pci/solo6x10/solo6x10.o
  LD      drivers/media/pci/ttpci/built-in.o
  CC [M]  drivers/media/pci/ttpci/ttpci-eeprom.o
  CC [M]  drivers/media/pci/ttpci/budget-core.o
  CC [M]  drivers/media/pci/ttpci/budget.o
  CC [M]  drivers/media/pci/ttpci/budget-av.o
  CC [M]  drivers/media/pci/ttpci/budget-ci.o
  CC [M]  drivers/media/pci/ttpci/budget-patch.o
  CC [M]  drivers/media/pci/ttpci/av7110_hw.o
  CC [M]  drivers/media/pci/ttpci/av7110_v4l.o
  CC [M]  drivers/media/pci/ttpci/av7110_av.o
  CC [M]  drivers/media/pci/ttpci/av7110_ca.o
  CC [M]  drivers/media/pci/ttpci/av7110.o
  CC [M]  drivers/media/pci/ttpci/av7110_ipack.o
  CC [M]  drivers/media/pci/ttpci/dvb_filter.o
  CC [M]  drivers/media/pci/ttpci/av7110_ir.o
  LD [M]  drivers/media/pci/ttpci/dvb-ttpci.o
  LD      drivers/media/pci/tw68/built-in.o
  CC [M]  drivers/media/pci/tw68/tw68-core.o
  CC [M]  drivers/media/pci/tw68/tw68-video.o
  CC [M]  drivers/media/pci/tw68/tw68-risc.o
  LD [M]  drivers/media/pci/tw68/tw68.o
  LD      drivers/media/pci/tw686x/built-in.o
  CC [M]  drivers/media/pci/tw686x/tw686x-core.o
  CC [M]  drivers/media/pci/tw686x/tw686x-video.o
  CC [M]  drivers/media/pci/tw686x/tw686x-audio.o
  LD [M]  drivers/media/pci/tw686x/tw686x.o
  LD      drivers/media/pci/zoran/built-in.o
  CC [M]  drivers/media/pci/zoran/zoran_procfs.o
  CC [M]  drivers/media/pci/zoran/zoran_device.o
  CC [M]  drivers/media/pci/zoran/zoran_driver.o
  CC [M]  drivers/media/pci/zoran/zoran_card.o
  CC [M]  drivers/media/pci/zoran/videocodec.o
  CC [M]  drivers/media/pci/zoran/zr36050.o
  CC [M]  drivers/media/pci/zoran/zr36016.o
  CC [M]  drivers/media/pci/zoran/zr36060.o
  LD [M]  drivers/media/pci/zoran/zr36067.o
  LD      drivers/media/pci/built-in.o
  LD      drivers/media/platform/omap/built-in.o
  CC [M]  drivers/media/platform/sh_veu.o
  CC [M]  drivers/media/platform/m2m-deinterlace.o
  LD      drivers/media/platform/built-in.o
  LD      drivers/media/radio/si470x/built-in.o
  CC [M]  drivers/media/radio/si470x/radio-si470x-usb.o
  CC [M]  drivers/media/radio/si470x/radio-si470x-common.o
  CC [M]  drivers/media/radio/si470x/radio-si470x-i2c.o
  LD [M]  drivers/media/radio/si470x/radio-usb-si470x.o
  LD [M]  drivers/media/radio/si470x/radio-i2c-si470x.o
  LD      drivers/media/radio/si4713/built-in.o
  CC [M]  drivers/media/radio/si4713/si4713.o
  CC [M]  drivers/media/radio/si4713/radio-usb-si4713.o
  CC [M]  drivers/media/radio/si4713/radio-platform-si4713.o
  LD      drivers/media/radio/wl128x/built-in.o
  CC [M]  drivers/media/radio/wl128x/fmdrv_common.o
  CC [M]  drivers/media/radio/wl128x/fmdrv_rx.o
  CC [M]  drivers/media/radio/wl128x/fmdrv_tx.o
  CC [M]  drivers/media/radio/wl128x/fmdrv_v4l2.o
  LD [M]  drivers/media/radio/wl128x/fm_drv.o
  CC [M]  drivers/media/radio/radio-maxiradio.o
  CC [M]  drivers/media/radio/radio-shark.o
  CC [M]  drivers/media/radio/radio-shark2.o
  CC [M]  drivers/media/radio/radio-tea5777.o
  CC [M]  drivers/media/radio/radio-si476x.o
  CC [M]  drivers/media/radio/dsbr100.o
  CC [M]  drivers/media/radio/radio-mr800.o
  CC [M]  drivers/media/radio/radio-keene.o
  CC [M]  drivers/media/radio/radio-ma901.o
  CC [M]  drivers/media/radio/radio-tea5764.o
  CC [M]  drivers/media/radio/saa7706h.o
  CC [M]  drivers/media/radio/tef6862.o
  CC [M]  drivers/media/radio/radio-wl1273.o
  CC [M]  drivers/media/radio/tea575x.o
  CC [M]  drivers/media/radio/radio-raremono.o
  LD      drivers/media/radio/built-in.o
  LD [M]  drivers/media/radio/shark2.o
  LD      drivers/media/rc/keymaps/built-in.o
  CC [M]  drivers/media/rc/keymaps/rc-adstech-dvb-t-pci.o
  CC [M]  drivers/media/rc/keymaps/rc-alink-dtu-m.o
  CC [M]  drivers/media/rc/keymaps/rc-anysee.o
  CC [M]  drivers/media/rc/keymaps/rc-apac-viewcomp.o
  CC [M]  drivers/media/rc/keymaps/rc-asus-pc39.o
  CC [M]  drivers/media/rc/keymaps/rc-asus-ps3-100.o
  CC [M]  drivers/media/rc/keymaps/rc-ati-tv-wonder-hd-600.o
  CC [M]  drivers/media/rc/keymaps/rc-ati-x10.o
  CC [M]  drivers/media/rc/keymaps/rc-avermedia-a16d.o
  CC [M]  drivers/media/rc/keymaps/rc-avermedia.o
  CC [M]  drivers/media/rc/keymaps/rc-avermedia-cardbus.o
  CC [M]  drivers/media/rc/keymaps/rc-avermedia-dvbt.o
  CC [M]  drivers/media/rc/keymaps/rc-avermedia-m135a.o
  CC [M]  drivers/media/rc/keymaps/rc-avermedia-m733a-rm-k6.o
  CC [M]  drivers/media/rc/keymaps/rc-avermedia-rm-ks.o
  CC [M]  drivers/media/rc/keymaps/rc-avertv-303.o
  CC [M]  drivers/media/rc/keymaps/rc-azurewave-ad-tu700.o
  CC [M]  drivers/media/rc/keymaps/rc-behold.o
  CC [M]  drivers/media/rc/keymaps/rc-behold-columbus.o
  CC [M]  drivers/media/rc/keymaps/rc-budget-ci-old.o
  CC [M]  drivers/media/rc/keymaps/rc-cec.o
  CC [M]  drivers/media/rc/keymaps/rc-cinergy-1400.o
  CC [M]  drivers/media/rc/keymaps/rc-cinergy.o
  CC [M]  drivers/media/rc/keymaps/rc-delock-61959.o
  CC [M]  drivers/media/rc/keymaps/rc-dib0700-nec.o
  CC [M]  drivers/media/rc/keymaps/rc-dib0700-rc5.o
  CC [M]  drivers/media/rc/keymaps/rc-digitalnow-tinytwin.o
  CC [M]  drivers/media/rc/keymaps/rc-digittrade.o
  CC [M]  drivers/media/rc/keymaps/rc-dm1105-nec.o
  CC [M]  drivers/media/rc/keymaps/rc-dntv-live-dvb-t.o
  CC [M]  drivers/media/rc/keymaps/rc-dntv-live-dvbt-pro.o
  CC [M]  drivers/media/rc/keymaps/rc-dtt200u.o
  CC [M]  drivers/media/rc/keymaps/rc-dvbsky.o
  CC [M]  drivers/media/rc/keymaps/rc-em-terratec.o
  CC [M]  drivers/media/rc/keymaps/rc-encore-enltv2.o
  CC [M]  drivers/media/rc/keymaps/rc-encore-enltv.o
  CC [M]  drivers/media/rc/keymaps/rc-encore-enltv-fm53.o
  CC [M]  drivers/media/rc/keymaps/rc-evga-indtube.o
  CC [M]  drivers/media/rc/keymaps/rc-eztv.o
  CC [M]  drivers/media/rc/keymaps/rc-flydvb.o
  CC [M]  drivers/media/rc/keymaps/rc-flyvideo.o
  CC [M]  drivers/media/rc/keymaps/rc-fusionhdtv-mce.o
  CC [M]  drivers/media/rc/keymaps/rc-gadmei-rm008z.o
  CC [M]  drivers/media/rc/keymaps/rc-genius-tvgo-a11mce.o
  CC [M]  drivers/media/rc/keymaps/rc-gotview7135.o
  CC [M]  drivers/media/rc/keymaps/rc-imon-mce.o
  CC [M]  drivers/media/rc/keymaps/rc-imon-pad.o
  CC [M]  drivers/media/rc/keymaps/rc-iodata-bctv7e.o
  CC [M]  drivers/media/rc/keymaps/rc-it913x-v1.o
  CC [M]  drivers/media/rc/keymaps/rc-it913x-v2.o
  CC [M]  drivers/media/rc/keymaps/rc-kaiomy.o
  CC [M]  drivers/media/rc/keymaps/rc-kworld-315u.o
  CC [M]  drivers/media/rc/keymaps/rc-kworld-pc150u.o
  CC [M]  drivers/media/rc/keymaps/rc-kworld-plus-tv-analog.o
  CC [M]  drivers/media/rc/keymaps/rc-leadtek-y04g0051.o
  CC [M]  drivers/media/rc/keymaps/rc-lirc.o
  CC [M]  drivers/media/rc/keymaps/rc-lme2510.o
  CC [M]  drivers/media/rc/keymaps/rc-manli.o
  CC [M]  drivers/media/rc/keymaps/rc-medion-x10.o
  CC [M]  drivers/media/rc/keymaps/rc-medion-x10-digitainer.o
  CC [M]  drivers/media/rc/keymaps/rc-medion-x10-or2x.o
  CC [M]  drivers/media/rc/keymaps/rc-msi-digivox-ii.o
  CC [M]  drivers/media/rc/keymaps/rc-msi-digivox-iii.o
  CC [M]  drivers/media/rc/keymaps/rc-msi-tvanywhere.o
  CC [M]  drivers/media/rc/keymaps/rc-msi-tvanywhere-plus.o
  CC [M]  drivers/media/rc/keymaps/rc-nebula.o
  CC [M]  drivers/media/rc/keymaps/rc-nec-terratec-cinergy-xs.o
  CC [M]  drivers/media/rc/keymaps/rc-norwood.o
  CC [M]  drivers/media/rc/keymaps/rc-npgtech.o
  CC [M]  drivers/media/rc/keymaps/rc-pctv-sedna.o
  CC [M]  drivers/media/rc/keymaps/rc-pinnacle-color.o
  CC [M]  drivers/media/rc/keymaps/rc-pinnacle-grey.o
  CC [M]  drivers/media/rc/keymaps/rc-pinnacle-pctv-hd.o
  CC [M]  drivers/media/rc/keymaps/rc-pixelview.o
  CC [M]  drivers/media/rc/keymaps/rc-pixelview-mk12.o
  CC [M]  drivers/media/rc/keymaps/rc-pixelview-002t.o
  CC [M]  drivers/media/rc/keymaps/rc-pixelview-new.o
  CC [M]  drivers/media/rc/keymaps/rc-powercolor-real-angel.o
  CC [M]  drivers/media/rc/keymaps/rc-proteus-2309.o
  CC [M]  drivers/media/rc/keymaps/rc-purpletv.o
  CC [M]  drivers/media/rc/keymaps/rc-pv951.o
  CC [M]  drivers/media/rc/keymaps/rc-hauppauge.o
  CC [M]  drivers/media/rc/keymaps/rc-rc6-mce.o
  CC [M]  drivers/media/rc/keymaps/rc-real-audio-220-32-keys.o
  CC [M]  drivers/media/rc/keymaps/rc-reddo.o
  CC [M]  drivers/media/rc/keymaps/rc-snapstream-firefly.o
  CC [M]  drivers/media/rc/keymaps/rc-streamzap.o
  CC [M]  drivers/media/rc/keymaps/rc-tbs-nec.o
  CC [M]  drivers/media/rc/keymaps/rc-technisat-ts35.o
  CC [M]  drivers/media/rc/keymaps/rc-technisat-usb2.o
  CC [M]  drivers/media/rc/keymaps/rc-terratec-cinergy-c-pci.o
  CC [M]  drivers/media/rc/keymaps/rc-terratec-cinergy-s2-hd.o
  CC [M]  drivers/media/rc/keymaps/rc-terratec-cinergy-xs.o
  CC [M]  drivers/media/rc/keymaps/rc-terratec-slim.o
  CC [M]  drivers/media/rc/keymaps/rc-terratec-slim-2.o
  CC [M]  drivers/media/rc/keymaps/rc-tevii-nec.o
  CC [M]  drivers/media/rc/keymaps/rc-tivo.o
  CC [M]  drivers/media/rc/keymaps/rc-total-media-in-hand.o
  CC [M]  drivers/media/rc/keymaps/rc-total-media-in-hand-02.o
  CC [M]  drivers/media/rc/keymaps/rc-trekstor.o
  CC [M]  drivers/media/rc/keymaps/rc-tt-1500.o
  CC [M]  drivers/media/rc/keymaps/rc-twinhan-dtv-cab-ci.o
  CC [M]  drivers/media/rc/keymaps/rc-twinhan1027.o
  CC [M]  drivers/media/rc/keymaps/rc-videomate-m1f.o
  CC [M]  drivers/media/rc/keymaps/rc-videomate-s350.o
  CC [M]  drivers/media/rc/keymaps/rc-videomate-tv-pvr.o
  CC [M]  drivers/media/rc/keymaps/rc-winfast.o
  CC [M]  drivers/media/rc/keymaps/rc-winfast-usbii-deluxe.o
  CC [M]  drivers/media/rc/keymaps/rc-su3000.o
  CC [M]  drivers/media/rc/rc-main.o
  CC [M]  drivers/media/rc/rc-ir-raw.o
  CC [M]  drivers/media/rc/lirc_dev.o
  CC [M]  drivers/media/rc/ir-nec-decoder.o
  CC [M]  drivers/media/rc/ir-rc5-decoder.o
  CC [M]  drivers/media/rc/ir-rc6-decoder.o
  CC [M]  drivers/media/rc/ir-jvc-decoder.o
  CC [M]  drivers/media/rc/ir-sony-decoder.o
  CC [M]  drivers/media/rc/ir-sanyo-decoder.o
  CC [M]  drivers/media/rc/ir-sharp-decoder.o
  CC [M]  drivers/media/rc/ir-mce_kbd-decoder.o
  CC [M]  drivers/media/rc/ir-lirc-codec.o
  CC [M]  drivers/media/rc/ir-xmp-decoder.o
  CC [M]  drivers/media/rc/ati_remote.o
  CC [M]  drivers/media/rc/ir-hix5hd2.o
  CC [M]  drivers/media/rc/imon.o
  CC [M]  drivers/media/rc/ite-cir.o
  CC [M]  drivers/media/rc/mceusb.o
  CC [M]  drivers/media/rc/fintek-cir.o
  CC [M]  drivers/media/rc/nuvoton-cir.o
  CC [M]  drivers/media/rc/ene_ir.o
  CC [M]  drivers/media/rc/redrat3.o
  CC [M]  drivers/media/rc/streamzap.o
  CC [M]  drivers/media/rc/winbond-cir.o
  CC [M]  drivers/media/rc/rc-loopback.o
  CC [M]  drivers/media/rc/gpio-ir-recv.o
  CC [M]  drivers/media/rc/igorplugusb.o
  CC [M]  drivers/media/rc/iguanair.o
  CC [M]  drivers/media/rc/ttusbir.o
  LD      drivers/media/rc/built-in.o
  LD [M]  drivers/media/rc/rc-core.o
  LD      drivers/media/spi/built-in.o
  LD      drivers/media/tuners/built-in.o
  CC [M]  drivers/media/tuners/tuner-xc2028.o
  CC [M]  drivers/media/tuners/tuner-simple.o
  CC [M]  drivers/media/tuners/tuner-types.o
  CC [M]  drivers/media/tuners/mt20xx.o
  CC [M]  drivers/media/tuners/tda8290.o
  CC [M]  drivers/media/tuners/tea5767.o
  CC [M]  drivers/media/tuners/tea5761.o
  CC [M]  drivers/media/tuners/tda9887.o
  CC [M]  drivers/media/tuners/tda827x.o
  CC [M]  drivers/media/tuners/tda18271-maps.o
  CC [M]  drivers/media/tuners/tda18271-common.o
  CC [M]  drivers/media/tuners/tda18271-fe.o
  CC [M]  drivers/media/tuners/xc5000.o
  CC [M]  drivers/media/tuners/xc4000.o
  CC [M]  drivers/media/tuners/msi001.o
  CC [M]  drivers/media/tuners/mt2060.o
  CC [M]  drivers/media/tuners/mt2063.o
  CC [M]  drivers/media/tuners/mt2266.o
  CC [M]  drivers/media/tuners/qt1010.o
  CC [M]  drivers/media/tuners/mt2131.o
  CC [M]  drivers/media/tuners/mxl5005s.o
  CC [M]  drivers/media/tuners/mxl5007t.o
  CC [M]  drivers/media/tuners/mc44s803.o
  CC [M]  drivers/media/tuners/max2165.o
  CC [M]  drivers/media/tuners/tda18218.o
  CC [M]  drivers/media/tuners/tda18212.o
  CC [M]  drivers/media/tuners/e4000.o
  CC [M]  drivers/media/tuners/fc2580.o
  CC [M]  drivers/media/tuners/tua9001.o
  CC [M]  drivers/media/tuners/si2157.o
  CC [M]  drivers/media/tuners/fc0011.o
  CC [M]  drivers/media/tuners/fc0012.o
  CC [M]  drivers/media/tuners/fc0013.o
  CC [M]  drivers/media/tuners/it913x.o
  CC [M]  drivers/media/tuners/r820t.o
  CC [M]  drivers/media/tuners/mxl301rf.o
  CC [M]  drivers/media/tuners/qm1d1c0042.o
  CC [M]  drivers/media/tuners/m88rs6000t.o
  LD [M]  drivers/media/tuners/tda18271.o
  LD      drivers/media/usb/airspy/built-in.o
  CC [M]  drivers/media/usb/airspy/airspy.o
  LD      drivers/media/usb/as102/built-in.o
  CC [M]  drivers/media/usb/as102/as102_drv.o
  CC [M]  drivers/media/usb/as102/as102_fw.o
  CC [M]  drivers/media/usb/as102/as10x_cmd.o
  CC [M]  drivers/media/usb/as102/as10x_cmd_stream.o
  CC [M]  drivers/media/usb/as102/as102_usb_drv.o
  CC [M]  drivers/media/usb/as102/as10x_cmd_cfg.o
  LD [M]  drivers/media/usb/as102/dvb-as102.o
  LD      drivers/media/usb/au0828/built-in.o
  CC [M]  drivers/media/usb/au0828/au0828-core.o
  CC [M]  drivers/media/usb/au0828/au0828-i2c.o
  CC [M]  drivers/media/usb/au0828/au0828-cards.o
  CC [M]  drivers/media/usb/au0828/au0828-dvb.o
  CC [M]  drivers/media/usb/au0828/au0828-video.o
  CC [M]  drivers/media/usb/au0828/au0828-vbi.o
  CC [M]  drivers/media/usb/au0828/au0828-input.o
  LD [M]  drivers/media/usb/au0828/au0828.o
  LD      drivers/media/usb/b2c2/built-in.o
  CC [M]  drivers/media/usb/b2c2/flexcop-usb.o
  LD [M]  drivers/media/usb/b2c2/b2c2-flexcop-usb.o
  LD      drivers/media/usb/cpia2/built-in.o
  CC [M]  drivers/media/usb/cpia2/cpia2_v4l.o
  CC [M]  drivers/media/usb/cpia2/cpia2_usb.o
  CC [M]  drivers/media/usb/cpia2/cpia2_core.o
  LD [M]  drivers/media/usb/cpia2/cpia2.o
  LD      drivers/media/usb/cx231xx/built-in.o
  CC [M]  drivers/media/usb/cx231xx/cx231xx-video.o
  CC [M]  drivers/media/usb/cx231xx/cx231xx-i2c.o
  CC [M]  drivers/media/usb/cx231xx/cx231xx-cards.o
  CC [M]  drivers/media/usb/cx231xx/cx231xx-core.o
  CC [M]  drivers/media/usb/cx231xx/cx231xx-avcore.o
  CC [M]  drivers/media/usb/cx231xx/cx231xx-417.o
  CC [M]  drivers/media/usb/cx231xx/cx231xx-pcb-cfg.o
  CC [M]  drivers/media/usb/cx231xx/cx231xx-vbi.o
  CC [M]  drivers/media/usb/cx231xx/cx231xx-input.o
  CC [M]  drivers/media/usb/cx231xx/cx231xx-audio.o
  CC [M]  drivers/media/usb/cx231xx/cx231xx-dvb.o
  LD [M]  drivers/media/usb/cx231xx/cx231xx.o
  LD [M]  drivers/media/usb/cx231xx/cx231xx-alsa.o
  LD      drivers/media/usb/dvb-usb/built-in.o
  CC [M]  drivers/media/usb/dvb-usb/dvb-usb-firmware.o
  CC [M]  drivers/media/usb/dvb-usb/dvb-usb-init.o
  CC [M]  drivers/media/usb/dvb-usb/dvb-usb-urb.o
  CC [M]  drivers/media/usb/dvb-usb/dvb-usb-i2c.o
  CC [M]  drivers/media/usb/dvb-usb/dvb-usb-dvb.o
  CC [M]  drivers/media/usb/dvb-usb/dvb-usb-remote.o
  CC [M]  drivers/media/usb/dvb-usb/usb-urb.o
  CC [M]  drivers/media/usb/dvb-usb/vp7045.o
  CC [M]  drivers/media/usb/dvb-usb/vp7045-fe.o
  CC [M]  drivers/media/usb/dvb-usb/vp702x.o
  CC [M]  drivers/media/usb/dvb-usb/vp702x-fe.o
  CC [M]  drivers/media/usb/dvb-usb/gp8psk.o
  CC [M]  drivers/media/usb/dvb-usb/dtt200u.o
  CC [M]  drivers/media/usb/dvb-usb/dtt200u-fe.o
  CC [M]  drivers/media/usb/dvb-usb/dibusb-common.o
  CC [M]  drivers/media/usb/dvb-usb/dibusb-mc-common.o
  CC [M]  drivers/media/usb/dvb-usb/a800.o
  CC [M]  drivers/media/usb/dvb-usb/dibusb-mb.o
  CC [M]  drivers/media/usb/dvb-usb/dibusb-mc.o
  CC [M]  drivers/media/usb/dvb-usb/nova-t-usb2.o
  CC [M]  drivers/media/usb/dvb-usb/umt-010.o
  CC [M]  drivers/media/usb/dvb-usb/m920x.o
  CC [M]  drivers/media/usb/dvb-usb/digitv.o
  CC [M]  drivers/media/usb/dvb-usb/cxusb.o
  CC [M]  drivers/media/usb/dvb-usb/ttusb2.o
  CC [M]  drivers/media/usb/dvb-usb/dib0700_core.o
  CC [M]  drivers/media/usb/dvb-usb/dib0700_devices.o
  CC [M]  drivers/media/usb/dvb-usb/opera1.o
  CC [M]  drivers/media/usb/dvb-usb/af9005.o
  CC [M]  drivers/media/usb/dvb-usb/af9005-fe.o
  CC [M]  drivers/media/usb/dvb-usb/af9005-remote.o
  CC [M]  drivers/media/usb/dvb-usb/pctv452e.o
  CC [M]  drivers/media/usb/dvb-usb/dw2102.o
  CC [M]  drivers/media/usb/dvb-usb/dtv5100.o
  CC [M]  drivers/media/usb/dvb-usb/cinergyT2-core.o
  CC [M]  drivers/media/usb/dvb-usb/cinergyT2-fe.o
  CC [M]  drivers/media/usb/dvb-usb/friio.o
  CC [M]  drivers/media/usb/dvb-usb/friio-fe.o
  CC [M]  drivers/media/usb/dvb-usb/az6027.o
  CC [M]  drivers/media/usb/dvb-usb/technisat-usb2.o
  LD [M]  drivers/media/usb/dvb-usb/dvb-usb.o
  LD [M]  drivers/media/usb/dvb-usb/dvb-usb-vp7045.o
  LD [M]  drivers/media/usb/dvb-usb/dvb-usb-vp702x.o
  LD [M]  drivers/media/usb/dvb-usb/dvb-usb-gp8psk.o
  LD [M]  drivers/media/usb/dvb-usb/dvb-usb-dtt200u.o
  LD [M]  drivers/media/usb/dvb-usb/dvb-usb-dibusb-common.o
  LD [M]  drivers/media/usb/dvb-usb/dvb-usb-dibusb-mc-common.o
  LD [M]  drivers/media/usb/dvb-usb/dvb-usb-a800.o
  LD [M]  drivers/media/usb/dvb-usb/dvb-usb-dibusb-mb.o
  LD [M]  drivers/media/usb/dvb-usb/dvb-usb-dibusb-mc.o
  LD [M]  drivers/media/usb/dvb-usb/dvb-usb-nova-t-usb2.o
  LD [M]  drivers/media/usb/dvb-usb/dvb-usb-umt-010.o
  LD [M]  drivers/media/usb/dvb-usb/dvb-usb-m920x.o
  LD [M]  drivers/media/usb/dvb-usb/dvb-usb-digitv.o
  LD [M]  drivers/media/usb/dvb-usb/dvb-usb-cxusb.o
  LD [M]  drivers/media/usb/dvb-usb/dvb-usb-ttusb2.o
  LD [M]  drivers/media/usb/dvb-usb/dvb-usb-dib0700.o
  LD [M]  drivers/media/usb/dvb-usb/dvb-usb-opera.o
  LD [M]  drivers/media/usb/dvb-usb/dvb-usb-af9005.o
  LD [M]  drivers/media/usb/dvb-usb/dvb-usb-af9005-remote.o
  LD [M]  drivers/media/usb/dvb-usb/dvb-usb-pctv452e.o
  LD [M]  drivers/media/usb/dvb-usb/dvb-usb-dw2102.o
  LD [M]  drivers/media/usb/dvb-usb/dvb-usb-dtv5100.o
  LD [M]  drivers/media/usb/dvb-usb/dvb-usb-cinergyT2.o
  LD [M]  drivers/media/usb/dvb-usb/dvb-usb-friio.o
  LD [M]  drivers/media/usb/dvb-usb/dvb-usb-az6027.o
  LD [M]  drivers/media/usb/dvb-usb/dvb-usb-technisat-usb2.o
  LD      drivers/media/usb/dvb-usb-v2/built-in.o
  CC [M]  drivers/media/usb/dvb-usb-v2/dvb_usb_core.o
  CC [M]  drivers/media/usb/dvb-usb-v2/dvb_usb_urb.o
  CC [M]  drivers/media/usb/dvb-usb-v2/usb_urb.o
  CC [M]  drivers/media/usb/dvb-usb-v2/af9015.o
  CC [M]  drivers/media/usb/dvb-usb-v2/af9035.o
  CC [M]  drivers/media/usb/dvb-usb-v2/anysee.o
  CC [M]  drivers/media/usb/dvb-usb-v2/au6610.o
  CC [M]  drivers/media/usb/dvb-usb-v2/az6007.o
  CC [M]  drivers/media/usb/dvb-usb-v2/ce6230.o
  CC [M]  drivers/media/usb/dvb-usb-v2/ec168.o
  CC [M]  drivers/media/usb/dvb-usb-v2/lmedm04.o
  CC [M]  drivers/media/usb/dvb-usb-v2/gl861.o
  CC [M]  drivers/media/usb/dvb-usb-v2/mxl111sf.o
  CC [M]  drivers/media/usb/dvb-usb-v2/mxl111sf-phy.o
  CC [M]  drivers/media/usb/dvb-usb-v2/mxl111sf-i2c.o
  CC [M]  drivers/media/usb/dvb-usb-v2/mxl111sf-gpio.o
  CC [M]  drivers/media/usb/dvb-usb-v2/mxl111sf-demod.o
  CC [M]  drivers/media/usb/dvb-usb-v2/mxl111sf-tuner.o
  CC [M]  drivers/media/usb/dvb-usb-v2/rtl28xxu.o
  CC [M]  drivers/media/usb/dvb-usb-v2/dvbsky.o
  LD [M]  drivers/media/usb/dvb-usb-v2/dvb_usb_v2.o
  LD [M]  drivers/media/usb/dvb-usb-v2/dvb-usb-af9015.o
  LD [M]  drivers/media/usb/dvb-usb-v2/dvb-usb-af9035.o
  LD [M]  drivers/media/usb/dvb-usb-v2/dvb-usb-anysee.o
  LD [M]  drivers/media/usb/dvb-usb-v2/dvb-usb-au6610.o
  LD [M]  drivers/media/usb/dvb-usb-v2/dvb-usb-az6007.o
  LD [M]  drivers/media/usb/dvb-usb-v2/dvb-usb-ce6230.o
  LD [M]  drivers/media/usb/dvb-usb-v2/dvb-usb-ec168.o
  LD [M]  drivers/media/usb/dvb-usb-v2/dvb-usb-lmedm04.o
  LD [M]  drivers/media/usb/dvb-usb-v2/dvb-usb-gl861.o
  LD [M]  drivers/media/usb/dvb-usb-v2/dvb-usb-mxl111sf.o
  LD [M]  drivers/media/usb/dvb-usb-v2/dvb-usb-rtl28xxu.o
  LD [M]  drivers/media/usb/dvb-usb-v2/dvb-usb-dvbsky.o
  LD      drivers/media/usb/em28xx/built-in.o
  CC [M]  drivers/media/usb/em28xx/em28xx-core.o
  CC [M]  drivers/media/usb/em28xx/em28xx-i2c.o
  CC [M]  drivers/media/usb/em28xx/em28xx-cards.o
  CC [M]  drivers/media/usb/em28xx/em28xx-camera.o
  CC [M]  drivers/media/usb/em28xx/em28xx-video.o
  CC [M]  drivers/media/usb/em28xx/em28xx-vbi.o
  CC [M]  drivers/media/usb/em28xx/em28xx-audio.o
  CC [M]  drivers/media/usb/em28xx/em28xx-dvb.o
  CC [M]  drivers/media/usb/em28xx/em28xx-input.o
  LD [M]  drivers/media/usb/em28xx/em28xx.o
  LD [M]  drivers/media/usb/em28xx/em28xx-v4l.o
  LD [M]  drivers/media/usb/em28xx/em28xx-alsa.o
  LD [M]  drivers/media/usb/em28xx/em28xx-rc.o
  LD      drivers/media/usb/go7007/built-in.o
  CC [M]  drivers/media/usb/go7007/go7007-v4l2.o
  CC [M]  drivers/media/usb/go7007/go7007-driver.o
  CC [M]  drivers/media/usb/go7007/go7007-i2c.o
  CC [M]  drivers/media/usb/go7007/go7007-fw.o
  CC [M]  drivers/media/usb/go7007/snd-go7007.o
  CC [M]  drivers/media/usb/go7007/go7007-usb.o
  CC [M]  drivers/media/usb/go7007/go7007-loader.o
  LD [M]  drivers/media/usb/go7007/go7007.o
  LD      drivers/media/usb/gspca/built-in.o
  CC [M]  drivers/media/usb/gspca/gspca.o
  CC [M]  drivers/media/usb/gspca/autogain_functions.o
  CC [M]  drivers/media/usb/gspca/benq.o
  CC [M]  drivers/media/usb/gspca/conex.o
  CC [M]  drivers/media/usb/gspca/cpia1.o
  CC [M]  drivers/media/usb/gspca/dtcs033.o
  CC [M]  drivers/media/usb/gspca/etoms.o
  CC [M]  drivers/media/usb/gspca/finepix.o
  CC [M]  drivers/media/usb/gspca/jeilinj.o
  CC [M]  drivers/media/usb/gspca/jl2005bcd.o
  CC [M]  drivers/media/usb/gspca/kinect.o
  CC [M]  drivers/media/usb/gspca/konica.o
  CC [M]  drivers/media/usb/gspca/mars.o
  CC [M]  drivers/media/usb/gspca/mr97310a.o
  CC [M]  drivers/media/usb/gspca/nw80x.o
  CC [M]  drivers/media/usb/gspca/ov519.o
  CC [M]  drivers/media/usb/gspca/ov534.o
  CC [M]  drivers/media/usb/gspca/ov534_9.o
  CC [M]  drivers/media/usb/gspca/pac207.o
  CC [M]  drivers/media/usb/gspca/pac7302.o
  CC [M]  drivers/media/usb/gspca/pac7311.o
  CC [M]  drivers/media/usb/gspca/se401.o
  CC [M]  drivers/media/usb/gspca/sn9c2028.o
  CC [M]  drivers/media/usb/gspca/sn9c20x.o
  CC [M]  drivers/media/usb/gspca/sonixb.o
  CC [M]  drivers/media/usb/gspca/sonixj.o
  CC [M]  drivers/media/usb/gspca/spca500.o
  CC [M]  drivers/media/usb/gspca/spca501.o
  CC [M]  drivers/media/usb/gspca/spca505.o
  CC [M]  drivers/media/usb/gspca/spca506.o
  CC [M]  drivers/media/usb/gspca/spca508.o
  CC [M]  drivers/media/usb/gspca/spca561.o
  CC [M]  drivers/media/usb/gspca/spca1528.o
  CC [M]  drivers/media/usb/gspca/sq905.o
  CC [M]  drivers/media/usb/gspca/sq905c.o
  CC [M]  drivers/media/usb/gspca/sq930x.o
  CC [M]  drivers/media/usb/gspca/sunplus.o
  CC [M]  drivers/media/usb/gspca/stk014.o
  CC [M]  drivers/media/usb/gspca/stk1135.o
  CC [M]  drivers/media/usb/gspca/stv0680.o
  CC [M]  drivers/media/usb/gspca/t613.o
  CC [M]  drivers/media/usb/gspca/topro.o
  CC [M]  drivers/media/usb/gspca/touptek.o
  CC [M]  drivers/media/usb/gspca/tv8532.o
  CC [M]  drivers/media/usb/gspca/vc032x.o
  CC [M]  drivers/media/usb/gspca/vicam.o
  CC [M]  drivers/media/usb/gspca/xirlink_cit.o
  CC [M]  drivers/media/usb/gspca/zc3xx.o
  LD      drivers/media/usb/gspca/gl860/built-in.o
  CC [M]  drivers/media/usb/gspca/gl860/gl860.o
  CC [M]  drivers/media/usb/gspca/gl860/gl860-mi1320.o
  CC [M]  drivers/media/usb/gspca/gl860/gl860-ov2640.o
  CC [M]  drivers/media/usb/gspca/gl860/gl860-ov9655.o
  CC [M]  drivers/media/usb/gspca/gl860/gl860-mi2020.o
  LD [M]  drivers/media/usb/gspca/gl860/gspca_gl860.o
  LD      drivers/media/usb/gspca/m5602/built-in.o
  CC [M]  drivers/media/usb/gspca/m5602/m5602_core.o
  CC [M]  drivers/media/usb/gspca/m5602/m5602_ov9650.o
  CC [M]  drivers/media/usb/gspca/m5602/m5602_ov7660.o
  CC [M]  drivers/media/usb/gspca/m5602/m5602_mt9m111.o
  CC [M]  drivers/media/usb/gspca/m5602/m5602_po1030.o
  CC [M]  drivers/media/usb/gspca/m5602/m5602_s5k83a.o
  CC [M]  drivers/media/usb/gspca/m5602/m5602_s5k4aa.o
  LD [M]  drivers/media/usb/gspca/m5602/gspca_m5602.o
  LD      drivers/media/usb/gspca/stv06xx/built-in.o
  CC [M]  drivers/media/usb/gspca/stv06xx/stv06xx.o
  CC [M]  drivers/media/usb/gspca/stv06xx/stv06xx_vv6410.o
  CC [M]  drivers/media/usb/gspca/stv06xx/stv06xx_hdcs.o
  CC [M]  drivers/media/usb/gspca/stv06xx/stv06xx_pb0100.o
  CC [M]  drivers/media/usb/gspca/stv06xx/stv06xx_st6422.o
  LD [M]  drivers/media/usb/gspca/stv06xx/gspca_stv06xx.o
  LD [M]  drivers/media/usb/gspca/gspca_main.o
  LD [M]  drivers/media/usb/gspca/gspca_benq.o
  LD [M]  drivers/media/usb/gspca/gspca_conex.o
  LD [M]  drivers/media/usb/gspca/gspca_cpia1.o
  LD [M]  drivers/media/usb/gspca/gspca_dtcs033.o
  LD [M]  drivers/media/usb/gspca/gspca_etoms.o
  LD [M]  drivers/media/usb/gspca/gspca_finepix.o
  LD [M]  drivers/media/usb/gspca/gspca_jeilinj.o
  LD [M]  drivers/media/usb/gspca/gspca_jl2005bcd.o
  LD [M]  drivers/media/usb/gspca/gspca_kinect.o
  LD [M]  drivers/media/usb/gspca/gspca_konica.o
  LD [M]  drivers/media/usb/gspca/gspca_mars.o
  LD [M]  drivers/media/usb/gspca/gspca_mr97310a.o
  LD [M]  drivers/media/usb/gspca/gspca_nw80x.o
  LD [M]  drivers/media/usb/gspca/gspca_ov519.o
  LD [M]  drivers/media/usb/gspca/gspca_ov534.o
  LD [M]  drivers/media/usb/gspca/gspca_ov534_9.o
  LD [M]  drivers/media/usb/gspca/gspca_pac207.o
  LD [M]  drivers/media/usb/gspca/gspca_pac7302.o
  LD [M]  drivers/media/usb/gspca/gspca_pac7311.o
  LD [M]  drivers/media/usb/gspca/gspca_se401.o
  LD [M]  drivers/media/usb/gspca/gspca_sn9c2028.o
  LD [M]  drivers/media/usb/gspca/gspca_sn9c20x.o
  LD [M]  drivers/media/usb/gspca/gspca_sonixb.o
  LD [M]  drivers/media/usb/gspca/gspca_sonixj.o
  LD [M]  drivers/media/usb/gspca/gspca_spca500.o
  LD [M]  drivers/media/usb/gspca/gspca_spca501.o
  LD [M]  drivers/media/usb/gspca/gspca_spca505.o
  LD [M]  drivers/media/usb/gspca/gspca_spca506.o
  LD [M]  drivers/media/usb/gspca/gspca_spca508.o
  LD [M]  drivers/media/usb/gspca/gspca_spca561.o
  LD [M]  drivers/media/usb/gspca/gspca_spca1528.o
  LD [M]  drivers/media/usb/gspca/gspca_sq905.o
  LD [M]  drivers/media/usb/gspca/gspca_sq905c.o
  LD [M]  drivers/media/usb/gspca/gspca_sq930x.o
  LD [M]  drivers/media/usb/gspca/gspca_sunplus.o
  LD [M]  drivers/media/usb/gspca/gspca_stk014.o
  LD [M]  drivers/media/usb/gspca/gspca_stk1135.o
  LD [M]  drivers/media/usb/gspca/gspca_stv0680.o
  LD [M]  drivers/media/usb/gspca/gspca_t613.o
  LD [M]  drivers/media/usb/gspca/gspca_topro.o
  LD [M]  drivers/media/usb/gspca/gspca_touptek.o
  LD [M]  drivers/media/usb/gspca/gspca_tv8532.o
  LD [M]  drivers/media/usb/gspca/gspca_vc032x.o
  LD [M]  drivers/media/usb/gspca/gspca_vicam.o
  LD [M]  drivers/media/usb/gspca/gspca_xirlink_cit.o
  LD [M]  drivers/media/usb/gspca/gspca_zc3xx.o
  LD      drivers/media/usb/hackrf/built-in.o
  CC [M]  drivers/media/usb/hackrf/hackrf.o
  LD      drivers/media/usb/hdpvr/built-in.o
  CC [M]  drivers/media/usb/hdpvr/hdpvr-control.o
  CC [M]  drivers/media/usb/hdpvr/hdpvr-core.o
  CC [M]  drivers/media/usb/hdpvr/hdpvr-video.o
  CC [M]  drivers/media/usb/hdpvr/hdpvr-i2c.o
  LD [M]  drivers/media/usb/hdpvr/hdpvr.o
  LD      drivers/media/usb/msi2500/built-in.o
  CC [M]  drivers/media/usb/msi2500/msi2500.o
  LD      drivers/media/usb/pvrusb2/built-in.o
  CC [M]  drivers/media/usb/pvrusb2/pvrusb2-i2c-core.o
  CC [M]  drivers/media/usb/pvrusb2/pvrusb2-audio.o
  CC [M]  drivers/media/usb/pvrusb2/pvrusb2-encoder.o
  CC [M]  drivers/media/usb/pvrusb2/pvrusb2-video-v4l.o
  CC [M]  drivers/media/usb/pvrusb2/pvrusb2-eeprom.o
  CC [M]  drivers/media/usb/pvrusb2/pvrusb2-main.o
  CC [M]  drivers/media/usb/pvrusb2/pvrusb2-hdw.o
  CC [M]  drivers/media/usb/pvrusb2/pvrusb2-v4l2.o
  CC [M]  drivers/media/usb/pvrusb2/pvrusb2-ctrl.o
  CC [M]  drivers/media/usb/pvrusb2/pvrusb2-std.o
  CC [M]  drivers/media/usb/pvrusb2/pvrusb2-devattr.o
  CC [M]  drivers/media/usb/pvrusb2/pvrusb2-context.o
  CC [M]  drivers/media/usb/pvrusb2/pvrusb2-io.o
  CC [M]  drivers/media/usb/pvrusb2/pvrusb2-ioread.o
  CC [M]  drivers/media/usb/pvrusb2/pvrusb2-cx2584x-v4l.o
  CC [M]  drivers/media/usb/pvrusb2/pvrusb2-wm8775.o
  CC [M]  drivers/media/usb/pvrusb2/pvrusb2-cs53l32a.o
  CC [M]  drivers/media/usb/pvrusb2/pvrusb2-dvb.o
  CC [M]  drivers/media/usb/pvrusb2/pvrusb2-sysfs.o
  LD [M]  drivers/media/usb/pvrusb2/pvrusb2.o
  LD      drivers/media/usb/pwc/built-in.o
  CC [M]  drivers/media/usb/pwc/pwc-if.o
  CC [M]  drivers/media/usb/pwc/pwc-misc.o
  CC [M]  drivers/media/usb/pwc/pwc-ctrl.o
  CC [M]  drivers/media/usb/pwc/pwc-v4l.o
  CC [M]  drivers/media/usb/pwc/pwc-uncompress.o
  CC [M]  drivers/media/usb/pwc/pwc-dec1.o
  CC [M]  drivers/media/usb/pwc/pwc-dec23.o
  CC [M]  drivers/media/usb/pwc/pwc-kiara.o
  CC [M]  drivers/media/usb/pwc/pwc-timon.o
  LD [M]  drivers/media/usb/pwc/pwc.o
  LD      drivers/media/usb/s2255/built-in.o
  CC [M]  drivers/media/usb/s2255/s2255drv.o
  LD      drivers/media/usb/siano/built-in.o
  CC [M]  drivers/media/usb/siano/smsusb.o
  LD      drivers/media/usb/stk1160/built-in.o
  CC [M]  drivers/media/usb/stk1160/stk1160-core.o
  CC [M]  drivers/media/usb/stk1160/stk1160-v4l.o
  CC [M]  drivers/media/usb/stk1160/stk1160-video.o
  CC [M]  drivers/media/usb/stk1160/stk1160-i2c.o
  CC [M]  drivers/media/usb/stk1160/stk1160-ac97.o
  LD [M]  drivers/media/usb/stk1160/stk1160.o
  LD      drivers/media/usb/stkwebcam/built-in.o
  CC [M]  drivers/media/usb/stkwebcam/stk-webcam.o
  CC [M]  drivers/media/usb/stkwebcam/stk-sensor.o
  LD [M]  drivers/media/usb/stkwebcam/stkwebcam.o
  LD      drivers/media/usb/tm6000/built-in.o
  CC [M]  drivers/media/usb/tm6000/tm6000-cards.o
  CC [M]  drivers/media/usb/tm6000/tm6000-core.o
  CC [M]  drivers/media/usb/tm6000/tm6000-i2c.o
  CC [M]  drivers/media/usb/tm6000/tm6000-video.o
  CC [M]  drivers/media/usb/tm6000/tm6000-stds.o
  CC [M]  drivers/media/usb/tm6000/tm6000-input.o
  CC [M]  drivers/media/usb/tm6000/tm6000-alsa.o
  CC [M]  drivers/media/usb/tm6000/tm6000-dvb.o
  LD [M]  drivers/media/usb/tm6000/tm6000.o
  LD      drivers/media/usb/ttusb-budget/built-in.o
  CC [M]  drivers/media/usb/ttusb-budget/dvb-ttusb-budget.o
  LD      drivers/media/usb/ttusb-dec/built-in.o
  CC [M]  drivers/media/usb/ttusb-dec/ttusb_dec.o
  CC [M]  drivers/media/usb/ttusb-dec/ttusbdecfe.o
  LD      drivers/media/usb/usbtv/built-in.o
  CC [M]  drivers/media/usb/usbtv/usbtv-core.o
  CC [M]  drivers/media/usb/usbtv/usbtv-video.o
  CC [M]  drivers/media/usb/usbtv/usbtv-audio.o
  LD [M]  drivers/media/usb/usbtv/usbtv.o
  LD      drivers/media/usb/usbvision/built-in.o
  CC [M]  drivers/media/usb/usbvision/usbvision-core.o
  CC [M]  drivers/media/usb/usbvision/usbvision-video.o
  CC [M]  drivers/media/usb/usbvision/usbvision-i2c.o
  CC [M]  drivers/media/usb/usbvision/usbvision-cards.o
  LD [M]  drivers/media/usb/usbvision/usbvision.o
  LD      drivers/media/usb/uvc/built-in.o
  CC [M]  drivers/media/usb/uvc/uvc_driver.o
  CC [M]  drivers/media/usb/uvc/uvc_queue.o
  CC [M]  drivers/media/usb/uvc/uvc_v4l2.o
  CC [M]  drivers/media/usb/uvc/uvc_video.o
  CC [M]  drivers/media/usb/uvc/uvc_ctrl.o
  CC [M]  drivers/media/usb/uvc/uvc_status.o
  CC [M]  drivers/media/usb/uvc/uvc_isight.o
  CC [M]  drivers/media/usb/uvc/uvc_debugfs.o
  CC [M]  drivers/media/usb/uvc/uvc_entity.o
  LD [M]  drivers/media/usb/uvc/uvcvideo.o
  LD      drivers/media/usb/zr364xx/built-in.o
  CC [M]  drivers/media/usb/zr364xx/zr364xx.o
  LD      drivers/media/usb/built-in.o
  LD      drivers/media/v4l2-core/built-in.o
  CC [M]  drivers/media/v4l2-core/v4l2-dev.o
  CC [M]  drivers/media/v4l2-core/v4l2-ioctl.o
  CC [M]  drivers/media/v4l2-core/v4l2-device.o
  CC [M]  drivers/media/v4l2-core/v4l2-fh.o
  CC [M]  drivers/media/v4l2-core/v4l2-event.o
  CC [M]  drivers/media/v4l2-core/v4l2-ctrls.o
  CC [M]  drivers/media/v4l2-core/v4l2-subdev.o
  CC [M]  drivers/media/v4l2-core/v4l2-clk.o
  CC [M]  drivers/media/v4l2-core/v4l2-async.o
  CC [M]  drivers/media/v4l2-core/v4l2-compat-ioctl32.o
  CC [M]  drivers/media/v4l2-core/vb2-trace.o
  CC [M]  drivers/media/v4l2-core/v4l2-trace.o
  CC [M]  drivers/media/v4l2-core/v4l2-mc.o
  CC [M]  drivers/media/v4l2-core/v4l2-common.o
  CC [M]  drivers/media/v4l2-core/v4l2-dv-timings.o
  CC [M]  drivers/media/v4l2-core/tuner-core.o
  CC [M]  drivers/media/v4l2-core/v4l2-mem2mem.o
  CC [M]  drivers/media/v4l2-core/videobuf-core.o
  CC [M]  drivers/media/v4l2-core/videobuf-dma-sg.o
  CC [M]  drivers/media/v4l2-core/videobuf-vmalloc.o
  CC [M]  drivers/media/v4l2-core/videobuf-dvb.o
  CC [M]  drivers/media/v4l2-core/videobuf2-core.o
  CC [M]  drivers/media/v4l2-core/videobuf2-v4l2.o
  CC [M]  drivers/media/v4l2-core/videobuf2-memops.o
  CC [M]  drivers/media/v4l2-core/videobuf2-vmalloc.o
  CC [M]  drivers/media/v4l2-core/videobuf2-dma-contig.o
  CC [M]  drivers/media/v4l2-core/videobuf2-dma-sg.o
  CC [M]  drivers/media/v4l2-core/videobuf2-dvb.o
  LD [M]  drivers/media/v4l2-core/videodev.o
  LD [M]  drivers/media/v4l2-core/tuner.o
  CC [M]  drivers/media/cec-edid.o
  CC [M]  drivers/media/media-device.o
  CC [M]  drivers/media/media-devnode.o
  CC [M]  drivers/media/media-entity.o
  LD      drivers/media/built-in.o
  LD [M]  drivers/media/media.o
  LD      drivers/memory/built-in.o
  LD      drivers/memstick/built-in.o
  LD      drivers/memstick/core/built-in.o
  CC [M]  drivers/memstick/core/memstick.o
  CC [M]  drivers/memstick/core/ms_block.o
  CC [M]  drivers/memstick/core/mspro_block.o
  LD      drivers/memstick/host/built-in.o
  CC [M]  drivers/memstick/host/tifm_ms.o
  CC [M]  drivers/memstick/host/jmb38x_ms.o
  CC [M]  drivers/memstick/host/r592.o
  CC [M]  drivers/memstick/host/rtsx_pci_ms.o
  CC [M]  drivers/memstick/host/rtsx_usb_ms.o
  LD      drivers/message/fusion/built-in.o
  CC [M]  drivers/message/fusion/mptbase.o
  CC [M]  drivers/message/fusion/mptscsih.o
  CC [M]  drivers/message/fusion/mptspi.o
  CC [M]  drivers/message/fusion/mptfc.o
  CC [M]  drivers/message/fusion/mptsas.o
  CC [M]  drivers/message/fusion/mptctl.o
  LD      drivers/message/built-in.o
  CC      drivers/mfd/arizona-core.o
  CC      drivers/mfd/arizona-irq.o
  CC      drivers/mfd/wm5102-tables.o
  CC      drivers/mfd/wm5110-tables.o
  CC      drivers/mfd/mfd-core.o
  CC      drivers/mfd/abx500-core.o
  CC      drivers/mfd/syscon.o
  CC      drivers/mfd/intel_soc_pmic_core.o
  CC      drivers/mfd/intel_soc_pmic_crc.o
  CC [M]  drivers/mfd/sm501.o
  CC [M]  drivers/mfd/bcm590xx.o
  CC [M]  drivers/mfd/cros_ec.o
  CC [M]  drivers/mfd/cros_ec_i2c.o
  CC [M]  drivers/mfd/rtsx_pcr.o
  CC [M]  drivers/mfd/rts5209.o
  CC [M]  drivers/mfd/rts5229.o
  CC [M]  drivers/mfd/rtl8411.o
  CC [M]  drivers/mfd/rts5227.o
  CC [M]  drivers/mfd/rts5249.o
  CC [M]  drivers/mfd/rtsx_usb.o
  CC [M]  drivers/mfd/htc-pasic3.o
  CC [M]  drivers/mfd/ti_am335x_tscadc.o
  CC [M]  drivers/mfd/arizona-i2c.o
  CC [M]  drivers/mfd/tps65010.o
  CC [M]  drivers/mfd/tps6507x.o
  CC [M]  drivers/mfd/tps65217.o
  CC [M]  drivers/mfd/tps65218.o
  CC [M]  drivers/mfd/mc13xxx-core.o
  CC [M]  drivers/mfd/mc13xxx-i2c.o
  CC [M]  drivers/mfd/ucb1400_core.o
  CC [M]  drivers/mfd/lp3943.o
  CC [M]  drivers/mfd/pcf50633-core.o
  CC [M]  drivers/mfd/pcf50633-irq.o
  CC [M]  drivers/mfd/pcf50633-adc.o
  CC [M]  drivers/mfd/pcf50633-gpio.o
  CC [M]  drivers/mfd/lpc_sch.o
  CC [M]  drivers/mfd/lpc_ich.o
  CC [M]  drivers/mfd/rdc321x-southbridge.o
  CC [M]  drivers/mfd/vx855.o
  CC [M]  drivers/mfd/wl1273-core.o
  CC [M]  drivers/mfd/si476x-cmd.o
  CC [M]  drivers/mfd/si476x-prop.o
  CC [M]  drivers/mfd/si476x-i2c.o
  CC [M]  drivers/mfd/intel-lpss.o
  CC [M]  drivers/mfd/intel-lpss-pci.o
  CC [M]  drivers/mfd/intel-lpss-acpi.o
  CC [M]  drivers/mfd/viperboard.o
  CC [M]  drivers/mfd/lm3533-core.o
  CC [M]  drivers/mfd/lm3533-ctrlbank.o
  CC [M]  drivers/mfd/retu-mfd.o
  CC [M]  drivers/mfd/rt5033.o
  LD      drivers/mfd/intel-soc-pmic.o
  LD [M]  drivers/mfd/rtsx_pci.o
  LD [M]  drivers/mfd/pcf50633.o
  LD [M]  drivers/mfd/si476x-core.o
  LD      drivers/mfd/built-in.o
  LD      drivers/misc/altera-stapl/built-in.o
  CC [M]  drivers/misc/altera-stapl/altera-lpt.o
  CC [M]  drivers/misc/altera-stapl/altera-jtag.o
  CC [M]  drivers/misc/altera-stapl/altera-comp.o
  CC [M]  drivers/misc/altera-stapl/altera.o
  LD [M]  drivers/misc/altera-stapl/altera-stapl.o
  LD      drivers/misc/c2port/built-in.o
  CC [M]  drivers/misc/c2port/core.o
  CC [M]  drivers/misc/c2port/c2port-duramar2150.o
  LD      drivers/misc/cb710/built-in.o
  CC [M]  drivers/misc/cb710/core.o
  CC [M]  drivers/misc/cb710/sgbuf2.o
  LD [M]  drivers/misc/cb710/cb710.o
  LD      drivers/misc/echo/built-in.o
  CC [M]  drivers/misc/echo/echo.o
  LD      drivers/misc/eeprom/built-in.o
  CC [M]  drivers/misc/eeprom/at24.o
  CC [M]  drivers/misc/eeprom/eeprom.o
  CC [M]  drivers/misc/eeprom/max6875.o
  CC [M]  drivers/misc/eeprom/eeprom_93cx6.o
  LD      drivers/misc/genwqe/built-in.o
  CC [M]  drivers/misc/genwqe/card_base.o
  CC [M]  drivers/misc/genwqe/card_dev.o
  CC [M]  drivers/misc/genwqe/card_ddcb.o
  CC [M]  drivers/misc/genwqe/card_sysfs.o
  CC [M]  drivers/misc/genwqe/card_debugfs.o
  CC [M]  drivers/misc/genwqe/card_utils.o
  LD [M]  drivers/misc/genwqe/genwqe_card.o
  LD      drivers/misc/lis3lv02d/built-in.o
  CC [M]  drivers/misc/lis3lv02d/lis3lv02d.o
  CC [M]  drivers/misc/lis3lv02d/lis3lv02d_i2c.o
  LD      drivers/misc/mei/built-in.o
  CC [M]  drivers/misc/mei/init.o
  CC [M]  drivers/misc/mei/hbm.o
  CC [M]  drivers/misc/mei/interrupt.o
  CC [M]  drivers/misc/mei/client.o
  CC [M]  drivers/misc/mei/main.o
  CC [M]  drivers/misc/mei/amthif.o
  CC [M]  drivers/misc/mei/bus.o
  CC [M]  drivers/misc/mei/bus-fixup.o
  CC [M]  drivers/misc/mei/debugfs.o
  CC [M]  drivers/misc/mei/mei-trace.o
  CC [M]  drivers/misc/mei/pci-me.o
  CC [M]  drivers/misc/mei/hw-me.o
  CC [M]  drivers/misc/mei/pci-txe.o
  CC [M]  drivers/misc/mei/hw-txe.o
  LD [M]  drivers/misc/mei/mei.o
  LD [M]  drivers/misc/mei/mei-me.o
  LD [M]  drivers/misc/mei/mei-txe.o
  LD      drivers/misc/mic/bus/built-in.o
  CC [M]  drivers/misc/mic/bus/mic_bus.o
  CC [M]  drivers/misc/mic/bus/scif_bus.o
  CC [M]  drivers/misc/mic/bus/cosm_bus.o
  CC [M]  drivers/misc/mic/bus/vop_bus.o
  LD      drivers/misc/mic/card/built-in.o
  CC [M]  drivers/misc/mic/card/mic_x100.o
  CC [M]  drivers/misc/mic/card/mic_device.o
  CC [M]  drivers/misc/mic/card/mic_debugfs.o
  LD [M]  drivers/misc/mic/card/mic_card.o
  LD      drivers/misc/mic/cosm/built-in.o
  CC [M]  drivers/misc/mic/cosm/cosm_main.o
  CC [M]  drivers/misc/mic/cosm/cosm_debugfs.o
  CC [M]  drivers/misc/mic/cosm/cosm_sysfs.o
  CC [M]  drivers/misc/mic/cosm/cosm_scif_server.o
  LD [M]  drivers/misc/mic/cosm/mic_cosm.o
  LD      drivers/misc/mic/cosm_client/built-in.o
  CC [M]  drivers/misc/mic/cosm_client/cosm_scif_client.o
  LD [M]  drivers/misc/mic/cosm_client/cosm_client.o
  LD      drivers/misc/mic/host/built-in.o
  CC [M]  drivers/misc/mic/host/mic_main.o
  CC [M]  drivers/misc/mic/host/mic_x100.o
  CC [M]  drivers/misc/mic/host/mic_smpt.o
  CC [M]  drivers/misc/mic/host/mic_intr.o
  CC [M]  drivers/misc/mic/host/mic_boot.o
  CC [M]  drivers/misc/mic/host/mic_debugfs.o
  LD [M]  drivers/misc/mic/host/mic_host.o
  LD      drivers/misc/mic/scif/built-in.o
  CC [M]  drivers/misc/mic/scif/scif_main.o
  CC [M]  drivers/misc/mic/scif/scif_peer_bus.o
  CC [M]  drivers/misc/mic/scif/scif_ports.o
  CC [M]  drivers/misc/mic/scif/scif_debugfs.o
  CC [M]  drivers/misc/mic/scif/scif_fd.o
  CC [M]  drivers/misc/mic/scif/scif_api.o
  CC [M]  drivers/misc/mic/scif/scif_epd.o
  CC [M]  drivers/misc/mic/scif/scif_rb.o
  CC [M]  drivers/misc/mic/scif/scif_nodeqp.o
  CC [M]  drivers/misc/mic/scif/scif_nm.o
  CC [M]  drivers/misc/mic/scif/scif_dma.o
  CC [M]  drivers/misc/mic/scif/scif_fence.o
  CC [M]  drivers/misc/mic/scif/scif_mmap.o
  CC [M]  drivers/misc/mic/scif/scif_rma.o
  CC [M]  drivers/misc/mic/scif/scif_rma_list.o
  LD [M]  drivers/misc/mic/scif/scif.o
  LD      drivers/misc/mic/vop/built-in.o
  CC [M]  drivers/misc/mic/vop/vop_main.o
  CC [M]  drivers/misc/mic/vop/vop_debugfs.o
  CC [M]  drivers/misc/mic/vop/vop_vringh.o
  LD [M]  drivers/misc/mic/vop/vop.o
  LD      drivers/misc/mic/built-in.o
  LD      drivers/misc/ti-st/built-in.o
  CC [M]  drivers/misc/ti-st/st_core.o
  CC [M]  drivers/misc/ti-st/st_kim.o
  CC [M]  drivers/misc/ti-st/st_ll.o
  LD [M]  drivers/misc/ti-st/st_drv.o
  LD      drivers/misc/vmw_vmci/built-in.o
  CC [M]  drivers/misc/vmw_vmci/vmci_context.o
  CC [M]  drivers/misc/vmw_vmci/vmci_datagram.o
  CC [M]  drivers/misc/vmw_vmci/vmci_doorbell.o
  CC [M]  drivers/misc/vmw_vmci/vmci_driver.o
  CC [M]  drivers/misc/vmw_vmci/vmci_event.o
  CC [M]  drivers/misc/vmw_vmci/vmci_guest.o
  CC [M]  drivers/misc/vmw_vmci/vmci_handle_array.o
  CC [M]  drivers/misc/vmw_vmci/vmci_host.o
  CC [M]  drivers/misc/vmw_vmci/vmci_queue_pair.o
  CC [M]  drivers/misc/vmw_vmci/vmci_resource.o
  CC [M]  drivers/misc/vmw_vmci/vmci_route.o
  LD [M]  drivers/misc/vmw_vmci/vmw_vmci.o
  CC [M]  drivers/misc/ad525x_dpot.o
  CC [M]  drivers/misc/ad525x_dpot-i2c.o
  CC [M]  drivers/misc/ics932s401.o
  CC [M]  drivers/misc/lkdtm_core.o
  CC [M]  drivers/misc/lkdtm_bugs.o
  CC [M]  drivers/misc/lkdtm_heap.o
  CC [M]  drivers/misc/lkdtm_perms.o
  CC [M]  drivers/misc/lkdtm_rodata.o
  CC [M]  drivers/misc/lkdtm_usercopy.o
  CC [M]  drivers/misc/tifm_core.o
  CC [M]  drivers/misc/tifm_7xx1.o
  CC [M]  drivers/misc/phantom.o
  CC [M]  drivers/misc/bh1770glc.o
  CC [M]  drivers/misc/apds990x.o
  CC [M]  drivers/misc/ioc4.o
  CC [M]  drivers/misc/enclosure.o
  CC [M]  drivers/misc/hpilo.o
  CC [M]  drivers/misc/apds9802als.o
  CC [M]  drivers/misc/isl29003.o
  CC [M]  drivers/misc/isl29020.o
  CC [M]  drivers/misc/tsl2550.o
  CC [M]  drivers/misc/ds1682.o
  CC [M]  drivers/misc/hmc6352.o
  CC [M]  drivers/misc/vmw_balloon.o
  CC [M]  drivers/misc/fsa9480.o
  LD      drivers/misc/built-in.o
  OBJCOPY drivers/misc/lkdtm_rodata_objcopy.o
  LD [M]  drivers/misc/lkdtm.o
  LD      drivers/mmc/core/built-in.o
  CC [M]  drivers/mmc/core/core.o
  CC [M]  drivers/mmc/core/bus.o
  CC [M]  drivers/mmc/core/host.o
  CC [M]  drivers/mmc/core/mmc.o
  CC [M]  drivers/mmc/core/mmc_ops.o
  CC [M]  drivers/mmc/core/sd.o
  CC [M]  drivers/mmc/core/sd_ops.o
  CC [M]  drivers/mmc/core/sdio.o
  CC [M]  drivers/mmc/core/sdio_ops.o
  CC [M]  drivers/mmc/core/sdio_bus.o
  CC [M]  drivers/mmc/core/sdio_cis.o
  CC [M]  drivers/mmc/core/sdio_io.o
  CC [M]  drivers/mmc/core/sdio_irq.o
  CC [M]  drivers/mmc/core/quirks.o
  CC [M]  drivers/mmc/core/slot-gpio.o
  CC [M]  drivers/mmc/core/debugfs.o
  CC [M]  drivers/mmc/core/block.o
  CC [M]  drivers/mmc/core/queue.o
  CC [M]  drivers/mmc/core/sdio_uart.o
  LD [M]  drivers/mmc/core/mmc_core.o
  LD [M]  drivers/mmc/core/mmc_block.o
  CC      drivers/mmc/host/sdhci-pci-data.o
  CC [M]  drivers/mmc/host/sdhci.o
  CC [M]  drivers/mmc/host/sdhci-pci-core.o
  CC [M]  drivers/mmc/host/sdhci-pci-o2micro.o
  CC [M]  drivers/mmc/host/sdhci-acpi.o
  CC [M]  drivers/mmc/host/wbsd.o
  CC [M]  drivers/mmc/host/mtk-sd.o
  CC [M]  drivers/mmc/host/tifm_sd.o
  CC [M]  drivers/mmc/host/mmc_spi.o
  CC [M]  drivers/mmc/host/sdricoh_cs.o
  CC [M]  drivers/mmc/host/cb710-mmc.o
  CC [M]  drivers/mmc/host/via-sdmmc.o
  CC [M]  drivers/mmc/host/vub300.o
  CC [M]  drivers/mmc/host/ushc.o
  CC [M]  drivers/mmc/host/usdhi6rol0.o
  CC [M]  drivers/mmc/host/toshsd.o
  CC [M]  drivers/mmc/host/rtsx_pci_sdmmc.o
  CC [M]  drivers/mmc/host/rtsx_usb_sdmmc.o
  CC [M]  drivers/mmc/host/sdhci-pltfm.o
  LD      drivers/mmc/host/built-in.o
  LD [M]  drivers/mmc/host/sdhci-pci.o
  LD      drivers/mmc/built-in.o
  LD      drivers/mtd/chips/built-in.o
  CC [M]  drivers/mtd/chips/chipreg.o
  CC [M]  drivers/mtd/chips/cfi_probe.o
  CC [M]  drivers/mtd/chips/cfi_util.o
  CC [M]  drivers/mtd/chips/cfi_cmdset_0020.o
  CC [M]  drivers/mtd/chips/cfi_cmdset_0002.o
  CC [M]  drivers/mtd/chips/cfi_cmdset_0001.o
  CC [M]  drivers/mtd/chips/gen_probe.o
  CC [M]  drivers/mtd/chips/jedec_probe.o
  CC [M]  drivers/mtd/chips/map_ram.o
  CC [M]  drivers/mtd/chips/map_rom.o
  CC [M]  drivers/mtd/chips/map_absent.o
  LD      drivers/mtd/devices/built-in.o
  CC [M]  drivers/mtd/devices/slram.o
  CC [M]  drivers/mtd/devices/phram.o
  CC [M]  drivers/mtd/devices/pmc551.o
  CC [M]  drivers/mtd/devices/mtdram.o
  CC [M]  drivers/mtd/devices/block2mtd.o
  LD      drivers/mtd/lpddr/built-in.o
  CC [M]  drivers/mtd/lpddr/qinfo_probe.o
  CC [M]  drivers/mtd/lpddr/lpddr_cmds.o
  LD      drivers/mtd/maps/built-in.o
  CC [M]  drivers/mtd/maps/map_funcs.o
  CC [M]  drivers/mtd/maps/pcmciamtd.o
  CC [M]  drivers/mtd/maps/pci.o
  CC [M]  drivers/mtd/maps/scb2_flash.o
  CC [M]  drivers/mtd/maps/plat-ram.o
  LD      drivers/mtd/nand/built-in.o
  LD      drivers/mtd/onenand/built-in.o
  LD      drivers/mtd/tests/built-in.o
  CC [M]  drivers/mtd/tests/oobtest.o
  CC [M]  drivers/mtd/tests/mtd_test.o
  CC [M]  drivers/mtd/tests/pagetest.o
  CC [M]  drivers/mtd/tests/readtest.o
  CC [M]  drivers/mtd/tests/speedtest.o
  CC [M]  drivers/mtd/tests/stresstest.o
  CC [M]  drivers/mtd/tests/subpagetest.o
  CC [M]  drivers/mtd/tests/torturetest.o
  CC [M]  drivers/mtd/tests/mtd_nandecctest.o
  CC [M]  drivers/mtd/tests/nandbiterrs.o
  LD [M]  drivers/mtd/tests/mtd_oobtest.o
  LD [M]  drivers/mtd/tests/mtd_pagetest.o
  LD [M]  drivers/mtd/tests/mtd_readtest.o
  LD [M]  drivers/mtd/tests/mtd_speedtest.o
  LD [M]  drivers/mtd/tests/mtd_stresstest.o
  LD [M]  drivers/mtd/tests/mtd_subpagetest.o
  LD [M]  drivers/mtd/tests/mtd_torturetest.o
  LD [M]  drivers/mtd/tests/mtd_nandbiterrs.o
  LD      drivers/mtd/ubi/built-in.o
  CC [M]  drivers/mtd/ubi/vtbl.o
  CC [M]  drivers/mtd/ubi/vmt.o
  CC [M]  drivers/mtd/ubi/upd.o
  CC [M]  drivers/mtd/ubi/build.o
  CC [M]  drivers/mtd/ubi/cdev.o
  CC [M]  drivers/mtd/ubi/kapi.o
  CC [M]  drivers/mtd/ubi/eba.o
  CC [M]  drivers/mtd/ubi/io.o
  CC [M]  drivers/mtd/ubi/wl.o
  CC [M]  drivers/mtd/ubi/attach.o
  CC [M]  drivers/mtd/ubi/misc.o
  CC [M]  drivers/mtd/ubi/debug.o
  CC [M]  drivers/mtd/ubi/block.o
  LD [M]  drivers/mtd/ubi/ubi.o
  CC [M]  drivers/mtd/mtdcore.o
  CC [M]  drivers/mtd/mtdsuper.o
  CC [M]  drivers/mtd/mtdconcat.o
  CC [M]  drivers/mtd/mtdpart.o
  CC [M]  drivers/mtd/mtdchar.o
  CC [M]  drivers/mtd/redboot.o
  CC [M]  drivers/mtd/cmdlinepart.o
  CC [M]  drivers/mtd/ar7part.o
  CC [M]  drivers/mtd/mtd_blkdevs.o
  CC [M]  drivers/mtd/mtdblock.o
  CC [M]  drivers/mtd/mtdblock_ro.o
  CC [M]  drivers/mtd/ftl.o
  CC [M]  drivers/mtd/nftlcore.o
  CC [M]  drivers/mtd/nftlmount.o
  CC [M]  drivers/mtd/inftlcore.o
  CC [M]  drivers/mtd/inftlmount.o
  CC [M]  drivers/mtd/rfd_ftl.o
  CC [M]  drivers/mtd/ssfdc.o
  CC [M]  drivers/mtd/mtdoops.o
  CC [M]  drivers/mtd/mtdswap.o
  LD      drivers/mtd/built-in.o
  LD [M]  drivers/mtd/mtd.o
  LD [M]  drivers/mtd/nftl.o
  LD [M]  drivers/mtd/inftl.o
  CC      drivers/net/Space.o
  CC      drivers/net/loopback.o
  LD      drivers/net/bonding/built-in.o
  CC [M]  drivers/net/bonding/bond_main.o
  CC [M]  drivers/net/bonding/bond_3ad.o
  CC [M]  drivers/net/bonding/bond_alb.o
  CC [M]  drivers/net/bonding/bond_sysfs.o
  CC [M]  drivers/net/bonding/bond_sysfs_slave.o
  CC [M]  drivers/net/bonding/bond_debugfs.o
  CC [M]  drivers/net/bonding/bond_netlink.o
  CC [M]  drivers/net/bonding/bond_options.o
  CC [M]  drivers/net/bonding/bond_procfs.o
  LD [M]  drivers/net/bonding/bonding.o
  LD      drivers/net/caif/built-in.o
  CC [M]  drivers/net/caif/caif_serial.o
  CC [M]  drivers/net/caif/caif_spi.o
  CC [M]  drivers/net/caif/caif_spi_slave.o
  CC [M]  drivers/net/caif/caif_hsi.o
  CC [M]  drivers/net/caif/caif_virtio.o
  LD [M]  drivers/net/caif/cfspi_slave.o
  LD      drivers/net/can/c_can/built-in.o
  CC [M]  drivers/net/can/c_can/c_can.o
  CC [M]  drivers/net/can/c_can/c_can_platform.o
  CC [M]  drivers/net/can/c_can/c_can_pci.o
  LD      drivers/net/can/cc770/built-in.o
  CC [M]  drivers/net/can/cc770/cc770.o
  CC [M]  drivers/net/can/cc770/cc770_platform.o
  LD      drivers/net/can/ifi_canfd/built-in.o
  CC [M]  drivers/net/can/ifi_canfd/ifi_canfd.o
  LD      drivers/net/can/m_can/built-in.o
  CC [M]  drivers/net/can/m_can/m_can.o
  LD      drivers/net/can/rcar/built-in.o
  LD      drivers/net/can/sja1000/built-in.o
  CC [M]  drivers/net/can/sja1000/sja1000.o
  CC [M]  drivers/net/can/sja1000/sja1000_platform.o
  CC [M]  drivers/net/can/sja1000/ems_pci.o
  CC [M]  drivers/net/can/sja1000/kvaser_pci.o
  CC [M]  drivers/net/can/sja1000/peak_pci.o
  CC [M]  drivers/net/can/sja1000/plx_pci.o
  LD      drivers/net/can/softing/built-in.o
  CC [M]  drivers/net/can/softing/softing_main.o
  CC [M]  drivers/net/can/softing/softing_fw.o
  LD [M]  drivers/net/can/softing/softing.o
  LD      drivers/net/can/spi/built-in.o
  LD      drivers/net/can/usb/built-in.o
  CC [M]  drivers/net/can/usb/ems_usb.o
  CC [M]  drivers/net/can/usb/esd_usb2.o
  CC [M]  drivers/net/can/usb/gs_usb.o
  CC [M]  drivers/net/can/usb/kvaser_usb.o
  CC [M]  drivers/net/can/usb/usb_8dev.o
  LD      drivers/net/can/usb/peak_usb/built-in.o
  CC [M]  drivers/net/can/usb/peak_usb/pcan_usb_core.o
  CC [M]  drivers/net/can/usb/peak_usb/pcan_usb.o
  CC [M]  drivers/net/can/usb/peak_usb/pcan_usb_pro.o
  CC [M]  drivers/net/can/usb/peak_usb/pcan_usb_fd.o
  LD [M]  drivers/net/can/usb/peak_usb/peak_usb.o
  CC [M]  drivers/net/can/vcan.o
  CC [M]  drivers/net/can/slcan.o
  CC [M]  drivers/net/can/dev.o
  CC [M]  drivers/net/can/led.o
  LD      drivers/net/can/built-in.o
  LD [M]  drivers/net/can/can-dev.o
  LD      drivers/net/dsa/b53/built-in.o
  CC [M]  drivers/net/dsa/b53/b53_common.o
  CC [M]  drivers/net/dsa/b53/b53_spi.o
  CC [M]  drivers/net/dsa/b53/b53_mdio.o
  CC [M]  drivers/net/dsa/b53/b53_mmap.o
  CC [M]  drivers/net/dsa/b53/b53_srab.o
  LD      drivers/net/dsa/mv88e6xxx/built-in.o
  CC [M]  drivers/net/dsa/mv88e6xxx/chip.o
  CC [M]  drivers/net/dsa/mv88e6xxx/global1.o
  CC [M]  drivers/net/dsa/mv88e6xxx/port.o
  CC [M]  drivers/net/dsa/mv88e6xxx/global2.o
  LD [M]  drivers/net/dsa/mv88e6xxx/mv88e6xxx.o
  CC [M]  drivers/net/dsa/mv88e6060.o
  CC [M]  drivers/net/dsa/bcm_sf2.o
  LD      drivers/net/dsa/built-in.o
  LD      drivers/net/ethernet/3com/built-in.o
  CC [M]  drivers/net/ethernet/3com/3c589_cs.o
  CC [M]  drivers/net/ethernet/3com/3c574_cs.o
  CC [M]  drivers/net/ethernet/3com/3c59x.o
  CC [M]  drivers/net/ethernet/3com/typhoon.o
  LD      drivers/net/ethernet/8390/built-in.o
  CC [M]  drivers/net/ethernet/8390/ne2k-pci.o
  CC [M]  drivers/net/ethernet/8390/8390.o
  CC [M]  drivers/net/ethernet/8390/axnet_cs.o
  CC [M]  drivers/net/ethernet/8390/pcnet_cs.o
  LD      drivers/net/ethernet/adaptec/built-in.o
  CC [M]  drivers/net/ethernet/adaptec/starfire.o
  LD      drivers/net/ethernet/agere/built-in.o
  CC [M]  drivers/net/ethernet/agere/et131x.o
  LD      drivers/net/ethernet/alacritech/built-in.o
  CC [M]  drivers/net/ethernet/alacritech/slicoss.o
  LD      drivers/net/ethernet/alteon/built-in.o
  CC [M]  drivers/net/ethernet/alteon/acenic.o
  LD      drivers/net/ethernet/altera/built-in.o
  CC [M]  drivers/net/ethernet/altera/altera_tse_main.o
  CC [M]  drivers/net/ethernet/altera/altera_tse_ethtool.o
  CC [M]  drivers/net/ethernet/altera/altera_msgdma.o
  CC [M]  drivers/net/ethernet/altera/altera_sgdma.o
  CC [M]  drivers/net/ethernet/altera/altera_utils.o
  LD [M]  drivers/net/ethernet/altera/altera_tse.o
  LD      drivers/net/ethernet/amazon/built-in.o
  LD      drivers/net/ethernet/amd/built-in.o
  CC [M]  drivers/net/ethernet/amd/amd8111e.o
  CC [M]  drivers/net/ethernet/amd/nmclan_cs.o
  CC [M]  drivers/net/ethernet/amd/pcnet32.o
  LD      drivers/net/ethernet/arc/built-in.o
  LD      drivers/net/ethernet/atheros/built-in.o
  LD      drivers/net/ethernet/atheros/alx/built-in.o
  CC [M]  drivers/net/ethernet/atheros/alx/main.o
  CC [M]  drivers/net/ethernet/atheros/alx/ethtool.o
  CC [M]  drivers/net/ethernet/atheros/alx/hw.o
  LD [M]  drivers/net/ethernet/atheros/alx/alx.o
  LD      drivers/net/ethernet/atheros/atl1c/built-in.o
  CC [M]  drivers/net/ethernet/atheros/atl1c/atl1c_main.o
  CC [M]  drivers/net/ethernet/atheros/atl1c/atl1c_hw.o
  CC [M]  drivers/net/ethernet/atheros/atl1c/atl1c_ethtool.o
  LD [M]  drivers/net/ethernet/atheros/atl1c/atl1c.o
  LD      drivers/net/ethernet/atheros/atl1e/built-in.o
  CC [M]  drivers/net/ethernet/atheros/atl1e/atl1e_main.o
  CC [M]  drivers/net/ethernet/atheros/atl1e/atl1e_hw.o
  CC [M]  drivers/net/ethernet/atheros/atl1e/atl1e_ethtool.o
  CC [M]  drivers/net/ethernet/atheros/atl1e/atl1e_param.o
  LD [M]  drivers/net/ethernet/atheros/atl1e/atl1e.o
  LD      drivers/net/ethernet/atheros/atlx/built-in.o
  CC [M]  drivers/net/ethernet/atheros/atlx/atl1.o
  CC [M]  drivers/net/ethernet/atheros/atlx/atl2.o
  LD      drivers/net/ethernet/aurora/built-in.o
  CC [M]  drivers/net/ethernet/aurora/nb8800.o
  LD      drivers/net/ethernet/broadcom/built-in.o
  CC [M]  drivers/net/ethernet/broadcom/b44.o
  CC [M]  drivers/net/ethernet/broadcom/bnx2.o
  CC [M]  drivers/net/ethernet/broadcom/cnic.o
  CC [M]  drivers/net/ethernet/broadcom/tg3.o
  LD      drivers/net/ethernet/broadcom/bnx2x/built-in.o
  CC [M]  drivers/net/ethernet/broadcom/bnx2x/bnx2x_main.o
  CC [M]  drivers/net/ethernet/broadcom/bnx2x/bnx2x_link.o
  CC [M]  drivers/net/ethernet/broadcom/bnx2x/bnx2x_cmn.o
  CC [M]  drivers/net/ethernet/broadcom/bnx2x/bnx2x_ethtool.o
  CC [M]  drivers/net/ethernet/broadcom/bnx2x/bnx2x_stats.o
  CC [M]  drivers/net/ethernet/broadcom/bnx2x/bnx2x_dcb.o
  CC [M]  drivers/net/ethernet/broadcom/bnx2x/bnx2x_sp.o
  CC [M]  drivers/net/ethernet/broadcom/bnx2x/bnx2x_vfpf.o
  CC [M]  drivers/net/ethernet/broadcom/bnx2x/bnx2x_sriov.o
  LD [M]  drivers/net/ethernet/broadcom/bnx2x/bnx2x.o
  LD      drivers/net/ethernet/broadcom/bnxt/built-in.o
  CC [M]  drivers/net/ethernet/broadcom/bnxt/bnxt.o
  CC [M]  drivers/net/ethernet/broadcom/bnxt/bnxt_sriov.o
  CC [M]  drivers/net/ethernet/broadcom/bnxt/bnxt_ethtool.o
  CC [M]  drivers/net/ethernet/broadcom/bnxt/bnxt_dcb.o
  CC [M]  drivers/net/ethernet/broadcom/bnxt/bnxt_ulp.o
  LD [M]  drivers/net/ethernet/broadcom/bnxt/bnxt_en.o
  LD      drivers/net/ethernet/broadcom/genet/built-in.o
  CC [M]  drivers/net/ethernet/broadcom/genet/bcmgenet.o
  CC [M]  drivers/net/ethernet/broadcom/genet/bcmmii.o
  CC [M]  drivers/net/ethernet/broadcom/genet/bcmgenet_wol.o
  LD [M]  drivers/net/ethernet/broadcom/genet/genet.o
  LD      drivers/net/ethernet/brocade/built-in.o
  LD      drivers/net/ethernet/brocade/bna/built-in.o
  CC [M]  drivers/net/ethernet/brocade/bna/bnad.o
  CC [M]  drivers/net/ethernet/brocade/bna/bnad_ethtool.o
  CC [M]  drivers/net/ethernet/brocade/bna/bnad_debugfs.o
  CC [M]  drivers/net/ethernet/brocade/bna/bna_enet.o
  CC [M]  drivers/net/ethernet/brocade/bna/bna_tx_rx.o
  CC [M]  drivers/net/ethernet/brocade/bna/bfa_msgq.o
  CC [M]  drivers/net/ethernet/brocade/bna/bfa_ioc.o
  CC [M]  drivers/net/ethernet/brocade/bna/bfa_ioc_ct.o
  CC [M]  drivers/net/ethernet/brocade/bna/bfa_cee.o
  CC [M]  drivers/net/ethernet/brocade/bna/cna_fwimg.o
  LD [M]  drivers/net/ethernet/brocade/bna/bna.o
  LD      drivers/net/ethernet/cadence/built-in.o
  CC [M]  drivers/net/ethernet/cadence/macb.o
  LD      drivers/net/ethernet/chelsio/built-in.o
  LD      drivers/net/ethernet/chelsio/cxgb/built-in.o
  CC [M]  drivers/net/ethernet/chelsio/cxgb/cxgb2.o
  CC [M]  drivers/net/ethernet/chelsio/cxgb/espi.o
  CC [M]  drivers/net/ethernet/chelsio/cxgb/tp.o
  CC [M]  drivers/net/ethernet/chelsio/cxgb/pm3393.o
  CC [M]  drivers/net/ethernet/chelsio/cxgb/sge.o
  CC [M]  drivers/net/ethernet/chelsio/cxgb/subr.o
  CC [M]  drivers/net/ethernet/chelsio/cxgb/mv88x201x.o
  CC [M]  drivers/net/ethernet/chelsio/cxgb/my3126.o
  CC [M]  drivers/net/ethernet/chelsio/cxgb/mv88e1xxx.o
  CC [M]  drivers/net/ethernet/chelsio/cxgb/vsc7326.o
  LD [M]  drivers/net/ethernet/chelsio/cxgb/cxgb.o
  LD      drivers/net/ethernet/chelsio/cxgb3/built-in.o
  CC [M]  drivers/net/ethernet/chelsio/cxgb3/cxgb3_main.o
  CC [M]  drivers/net/ethernet/chelsio/cxgb3/ael1002.o
  CC [M]  drivers/net/ethernet/chelsio/cxgb3/vsc8211.o
  CC [M]  drivers/net/ethernet/chelsio/cxgb3/t3_hw.o
  CC [M]  drivers/net/ethernet/chelsio/cxgb3/mc5.o
  CC [M]  drivers/net/ethernet/chelsio/cxgb3/xgmac.o
  CC [M]  drivers/net/ethernet/chelsio/cxgb3/sge.o
  CC [M]  drivers/net/ethernet/chelsio/cxgb3/l2t.o
  CC [M]  drivers/net/ethernet/chelsio/cxgb3/cxgb3_offload.o
  CC [M]  drivers/net/ethernet/chelsio/cxgb3/aq100x.o
  LD [M]  drivers/net/ethernet/chelsio/cxgb3/cxgb3.o
  LD      drivers/net/ethernet/chelsio/cxgb4/built-in.o
  CC [M]  drivers/net/ethernet/chelsio/cxgb4/cxgb4_main.o
  CC [M]  drivers/net/ethernet/chelsio/cxgb4/l2t.o
  CC [M]  drivers/net/ethernet/chelsio/cxgb4/t4_hw.o
  CC [M]  drivers/net/ethernet/chelsio/cxgb4/sge.o
  CC [M]  drivers/net/ethernet/chelsio/cxgb4/clip_tbl.o
  CC [M]  drivers/net/ethernet/chelsio/cxgb4/cxgb4_ethtool.o
  CC [M]  drivers/net/ethernet/chelsio/cxgb4/cxgb4_uld.o
  CC [M]  drivers/net/ethernet/chelsio/cxgb4/sched.o
  CC [M]  drivers/net/ethernet/chelsio/cxgb4/cxgb4_filter.o
  CC [M]  drivers/net/ethernet/chelsio/cxgb4/cxgb4_tc_u32.o
  CC [M]  drivers/net/ethernet/chelsio/cxgb4/cxgb4_debugfs.o
  LD [M]  drivers/net/ethernet/chelsio/cxgb4/cxgb4.o
  LD      drivers/net/ethernet/chelsio/cxgb4vf/built-in.o
  CC [M]  drivers/net/ethernet/chelsio/cxgb4vf/cxgb4vf_main.o
  CC [M]  drivers/net/ethernet/chelsio/cxgb4vf/t4vf_hw.o
  CC [M]  drivers/net/ethernet/chelsio/cxgb4vf/sge.o
  LD [M]  drivers/net/ethernet/chelsio/cxgb4vf/cxgb4vf.o
  LD      drivers/net/ethernet/chelsio/libcxgb/built-in.o
  CC [M]  drivers/net/ethernet/chelsio/libcxgb/libcxgb_ppm.o
  CC [M]  drivers/net/ethernet/chelsio/libcxgb/libcxgb_cm.o
  LD [M]  drivers/net/ethernet/chelsio/libcxgb/libcxgb.o
  LD      drivers/net/ethernet/cisco/built-in.o
  LD      drivers/net/ethernet/cisco/enic/built-in.o
  CC [M]  drivers/net/ethernet/cisco/enic/enic_main.o
  CC [M]  drivers/net/ethernet/cisco/enic/vnic_cq.o
  CC [M]  drivers/net/ethernet/cisco/enic/vnic_intr.o
  CC [M]  drivers/net/ethernet/cisco/enic/vnic_wq.o
  CC [M]  drivers/net/ethernet/cisco/enic/enic_res.o
  CC [M]  drivers/net/ethernet/cisco/enic/enic_dev.o
  CC [M]  drivers/net/ethernet/cisco/enic/enic_pp.o
  CC [M]  drivers/net/ethernet/cisco/enic/vnic_dev.o
  CC [M]  drivers/net/ethernet/cisco/enic/vnic_rq.o
  CC [M]  drivers/net/ethernet/cisco/enic/vnic_vic.o
  CC [M]  drivers/net/ethernet/cisco/enic/enic_ethtool.o
  CC [M]  drivers/net/ethernet/cisco/enic/enic_api.o
  CC [M]  drivers/net/ethernet/cisco/enic/enic_clsf.o
  LD [M]  drivers/net/ethernet/cisco/enic/enic.o
  LD      drivers/net/ethernet/dec/tulip/built-in.o
  CC [M]  drivers/net/ethernet/dec/tulip/xircom_cb.o
  CC [M]  drivers/net/ethernet/dec/tulip/dmfe.o
  CC [M]  drivers/net/ethernet/dec/tulip/winbond-840.o
  CC [M]  drivers/net/ethernet/dec/tulip/de2104x.o
  CC [M]  drivers/net/ethernet/dec/tulip/eeprom.o
  CC [M]  drivers/net/ethernet/dec/tulip/interrupt.o
  CC [M]  drivers/net/ethernet/dec/tulip/media.o
  CC [M]  drivers/net/ethernet/dec/tulip/timer.o
  CC [M]  drivers/net/ethernet/dec/tulip/tulip_core.o
  CC [M]  drivers/net/ethernet/dec/tulip/21142.o
  CC [M]  drivers/net/ethernet/dec/tulip/pnic.o
  CC [M]  drivers/net/ethernet/dec/tulip/pnic2.o
  CC [M]  drivers/net/ethernet/dec/tulip/de4x5.o
  CC [M]  drivers/net/ethernet/dec/tulip/uli526x.o
  LD [M]  drivers/net/ethernet/dec/tulip/tulip.o
  LD      drivers/net/ethernet/dec/built-in.o
  LD      drivers/net/ethernet/dlink/built-in.o
  CC [M]  drivers/net/ethernet/dlink/dl2k.o
  CC [M]  drivers/net/ethernet/dlink/sundance.o
  LD      drivers/net/ethernet/emulex/built-in.o
  LD      drivers/net/ethernet/emulex/benet/built-in.o
  CC [M]  drivers/net/ethernet/emulex/benet/be_main.o
  CC [M]  drivers/net/ethernet/emulex/benet/be_cmds.o
  CC [M]  drivers/net/ethernet/emulex/benet/be_ethtool.o
  CC [M]  drivers/net/ethernet/emulex/benet/be_roce.o
  LD [M]  drivers/net/ethernet/emulex/benet/be2net.o
  LD      drivers/net/ethernet/fujitsu/built-in.o
  CC [M]  drivers/net/ethernet/fujitsu/fmvj18x_cs.o
  LD      drivers/net/ethernet/hp/built-in.o
  CC [M]  drivers/net/ethernet/hp/hp100.o
  LD      drivers/net/ethernet/i825xx/built-in.o
  LD      drivers/net/ethernet/intel/built-in.o
  CC [M]  drivers/net/ethernet/intel/e100.o
  LD      drivers/net/ethernet/intel/e1000/built-in.o
  CC [M]  drivers/net/ethernet/intel/e1000/e1000_main.o
  CC [M]  drivers/net/ethernet/intel/e1000/e1000_hw.o
  CC [M]  drivers/net/ethernet/intel/e1000/e1000_ethtool.o
  CC [M]  drivers/net/ethernet/intel/e1000/e1000_param.o
  LD [M]  drivers/net/ethernet/intel/e1000/e1000.o
  LD      drivers/net/ethernet/intel/e1000e/built-in.o
  CC [M]  drivers/net/ethernet/intel/e1000e/82571.o
  CC [M]  drivers/net/ethernet/intel/e1000e/ich8lan.o
  CC [M]  drivers/net/ethernet/intel/e1000e/80003es2lan.o
  CC [M]  drivers/net/ethernet/intel/e1000e/mac.o
  CC [M]  drivers/net/ethernet/intel/e1000e/manage.o
  CC [M]  drivers/net/ethernet/intel/e1000e/nvm.o
  CC [M]  drivers/net/ethernet/intel/e1000e/phy.o
  CC [M]  drivers/net/ethernet/intel/e1000e/param.o
  CC [M]  drivers/net/ethernet/intel/e1000e/ethtool.o
  CC [M]  drivers/net/ethernet/intel/e1000e/netdev.o
  CC [M]  drivers/net/ethernet/intel/e1000e/ptp.o
  LD [M]  drivers/net/ethernet/intel/e1000e/e1000e.o
  LD      drivers/net/ethernet/intel/fm10k/built-in.o
  CC [M]  drivers/net/ethernet/intel/fm10k/fm10k_main.o
  CC [M]  drivers/net/ethernet/intel/fm10k/fm10k_common.o
  CC [M]  drivers/net/ethernet/intel/fm10k/fm10k_pci.o
  CC [M]  drivers/net/ethernet/intel/fm10k/fm10k_netdev.o
  CC [M]  drivers/net/ethernet/intel/fm10k/fm10k_ethtool.o
  CC [M]  drivers/net/ethernet/intel/fm10k/fm10k_pf.o
  CC [M]  drivers/net/ethernet/intel/fm10k/fm10k_vf.o
  CC [M]  drivers/net/ethernet/intel/fm10k/fm10k_mbx.o
  CC [M]  drivers/net/ethernet/intel/fm10k/fm10k_iov.o
  CC [M]  drivers/net/ethernet/intel/fm10k/fm10k_tlv.o
  CC [M]  drivers/net/ethernet/intel/fm10k/fm10k_debugfs.o
  LD [M]  drivers/net/ethernet/intel/fm10k/fm10k.o
  LD      drivers/net/ethernet/intel/i40e/built-in.o
  CC [M]  drivers/net/ethernet/intel/i40e/i40e_main.o
  CC [M]  drivers/net/ethernet/intel/i40e/i40e_ethtool.o
  CC [M]  drivers/net/ethernet/intel/i40e/i40e_adminq.o
  CC [M]  drivers/net/ethernet/intel/i40e/i40e_common.o
  CC [M]  drivers/net/ethernet/intel/i40e/i40e_hmc.o
  CC [M]  drivers/net/ethernet/intel/i40e/i40e_lan_hmc.o
  CC [M]  drivers/net/ethernet/intel/i40e/i40e_nvm.o
  CC [M]  drivers/net/ethernet/intel/i40e/i40e_debugfs.o
  CC [M]  drivers/net/ethernet/intel/i40e/i40e_diag.o
  CC [M]  drivers/net/ethernet/intel/i40e/i40e_txrx.o
  CC [M]  drivers/net/ethernet/intel/i40e/i40e_ptp.o
  CC [M]  drivers/net/ethernet/intel/i40e/i40e_client.o
  CC [M]  drivers/net/ethernet/intel/i40e/i40e_virtchnl_pf.o
  LD [M]  drivers/net/ethernet/intel/i40e/i40e.o
  LD      drivers/net/ethernet/intel/i40evf/built-in.o
  CC [M]  drivers/net/ethernet/intel/i40evf/i40evf_main.o
  CC [M]  drivers/net/ethernet/intel/i40evf/i40evf_ethtool.o
  CC [M]  drivers/net/ethernet/intel/i40evf/i40evf_virtchnl.o
  CC [M]  drivers/net/ethernet/intel/i40evf/i40e_txrx.o
  CC [M]  drivers/net/ethernet/intel/i40evf/i40e_common.o
  CC [M]  drivers/net/ethernet/intel/i40evf/i40e_adminq.o
  LD [M]  drivers/net/ethernet/intel/i40evf/i40evf.o
  LD      drivers/net/ethernet/intel/igb/built-in.o
  CC [M]  drivers/net/ethernet/intel/igb/igb_main.o
  CC [M]  drivers/net/ethernet/intel/igb/igb_ethtool.o
  CC [M]  drivers/net/ethernet/intel/igb/e1000_82575.o
  CC [M]  drivers/net/ethernet/intel/igb/e1000_mac.o
  CC [M]  drivers/net/ethernet/intel/igb/e1000_nvm.o
  CC [M]  drivers/net/ethernet/intel/igb/e1000_phy.o
  CC [M]  drivers/net/ethernet/intel/igb/e1000_mbx.o
  CC [M]  drivers/net/ethernet/intel/igb/e1000_i210.o
  CC [M]  drivers/net/ethernet/intel/igb/igb_ptp.o
  CC [M]  drivers/net/ethernet/intel/igb/igb_hwmon.o
  LD [M]  drivers/net/ethernet/intel/igb/igb.o
  LD      drivers/net/ethernet/intel/igbvf/built-in.o
  CC [M]  drivers/net/ethernet/intel/igbvf/vf.o
  CC [M]  drivers/net/ethernet/intel/igbvf/mbx.o
  CC [M]  drivers/net/ethernet/intel/igbvf/ethtool.o
  CC [M]  drivers/net/ethernet/intel/igbvf/netdev.o
  LD [M]  drivers/net/ethernet/intel/igbvf/igbvf.o
  LD      drivers/net/ethernet/intel/ixgb/built-in.o
  CC [M]  drivers/net/ethernet/intel/ixgb/ixgb_main.o
  CC [M]  drivers/net/ethernet/intel/ixgb/ixgb_hw.o
  CC [M]  drivers/net/ethernet/intel/ixgb/ixgb_ee.o
  CC [M]  drivers/net/ethernet/intel/ixgb/ixgb_ethtool.o
  CC [M]  drivers/net/ethernet/intel/ixgb/ixgb_param.o
  LD [M]  drivers/net/ethernet/intel/ixgb/ixgb.o
  LD      drivers/net/ethernet/intel/ixgbe/built-in.o
  CC [M]  drivers/net/ethernet/intel/ixgbe/ixgbe_main.o
  CC [M]  drivers/net/ethernet/intel/ixgbe/ixgbe_common.o
  CC [M]  drivers/net/ethernet/intel/ixgbe/ixgbe_ethtool.o
  CC [M]  drivers/net/ethernet/intel/ixgbe/ixgbe_82599.o
  CC [M]  drivers/net/ethernet/intel/ixgbe/ixgbe_82598.o
  CC [M]  drivers/net/ethernet/intel/ixgbe/ixgbe_phy.o
  CC [M]  drivers/net/ethernet/intel/ixgbe/ixgbe_sriov.o
  CC [M]  drivers/net/ethernet/intel/ixgbe/ixgbe_mbx.o
  CC [M]  drivers/net/ethernet/intel/ixgbe/ixgbe_x540.o
  CC [M]  drivers/net/ethernet/intel/ixgbe/ixgbe_x550.o
  CC [M]  drivers/net/ethernet/intel/ixgbe/ixgbe_lib.o
  CC [M]  drivers/net/ethernet/intel/ixgbe/ixgbe_ptp.o
  CC [M]  drivers/net/ethernet/intel/ixgbe/ixgbe_sysfs.o
  CC [M]  drivers/net/ethernet/intel/ixgbe/ixgbe_debugfs.o
  CC [M]  drivers/net/ethernet/intel/ixgbe/ixgbe_fcoe.o
  LD [M]  drivers/net/ethernet/intel/ixgbe/ixgbe.o
  LD      drivers/net/ethernet/intel/ixgbevf/built-in.o
  CC [M]  drivers/net/ethernet/intel/ixgbevf/vf.o
  CC [M]  drivers/net/ethernet/intel/ixgbevf/mbx.o
  CC [M]  drivers/net/ethernet/intel/ixgbevf/ethtool.o
  CC [M]  drivers/net/ethernet/intel/ixgbevf/ixgbevf_main.o
  LD [M]  drivers/net/ethernet/intel/ixgbevf/ixgbevf.o
  LD      drivers/net/ethernet/marvell/built-in.o
  CC [M]  drivers/net/ethernet/marvell/mvmdio.o
  CC [M]  drivers/net/ethernet/marvell/skge.o
  CC [M]  drivers/net/ethernet/marvell/sky2.o
  LD      drivers/net/ethernet/mellanox/built-in.o
  LD      drivers/net/ethernet/mellanox/mlx4/built-in.o
  CC [M]  drivers/net/ethernet/mellanox/mlx4/alloc.o
  CC [M]  drivers/net/ethernet/mellanox/mlx4/catas.o
  CC [M]  drivers/net/ethernet/mellanox/mlx4/cmd.o
  CC [M]  drivers/net/ethernet/mellanox/mlx4/cq.o
  CC [M]  drivers/net/ethernet/mellanox/mlx4/eq.o
  CC [M]  drivers/net/ethernet/mellanox/mlx4/fw.o
  CC [M]  drivers/net/ethernet/mellanox/mlx4/fw_qos.o
  CC [M]  drivers/net/ethernet/mellanox/mlx4/icm.o
  CC [M]  drivers/net/ethernet/mellanox/mlx4/intf.o
  CC [M]  drivers/net/ethernet/mellanox/mlx4/main.o
  CC [M]  drivers/net/ethernet/mellanox/mlx4/mcg.o
  CC [M]  drivers/net/ethernet/mellanox/mlx4/mr.o
  CC [M]  drivers/net/ethernet/mellanox/mlx4/pd.o
  CC [M]  drivers/net/ethernet/mellanox/mlx4/port.o
  CC [M]  drivers/net/ethernet/mellanox/mlx4/profile.o
  CC [M]  drivers/net/ethernet/mellanox/mlx4/qp.o
  CC [M]  drivers/net/ethernet/mellanox/mlx4/reset.o
  CC [M]  drivers/net/ethernet/mellanox/mlx4/sense.o
  CC [M]  drivers/net/ethernet/mellanox/mlx4/srq.o
  CC [M]  drivers/net/ethernet/mellanox/mlx4/resource_tracker.o
  CC [M]  drivers/net/ethernet/mellanox/mlx4/en_main.o
  CC [M]  drivers/net/ethernet/mellanox/mlx4/en_tx.o
  CC [M]  drivers/net/ethernet/mellanox/mlx4/en_rx.o
  CC [M]  drivers/net/ethernet/mellanox/mlx4/en_ethtool.o
  CC [M]  drivers/net/ethernet/mellanox/mlx4/en_port.o
  CC [M]  drivers/net/ethernet/mellanox/mlx4/en_cq.o
  CC [M]  drivers/net/ethernet/mellanox/mlx4/en_resources.o
  CC [M]  drivers/net/ethernet/mellanox/mlx4/en_netdev.o
  CC [M]  drivers/net/ethernet/mellanox/mlx4/en_selftest.o
  CC [M]  drivers/net/ethernet/mellanox/mlx4/en_clock.o
  LD [M]  drivers/net/ethernet/mellanox/mlx4/mlx4_core.o
  LD [M]  drivers/net/ethernet/mellanox/mlx4/mlx4_en.o
  LD      drivers/net/ethernet/mellanox/mlx5/core/built-in.o
  CC [M]  drivers/net/ethernet/mellanox/mlx5/core/main.o
  CC [M]  drivers/net/ethernet/mellanox/mlx5/core/cmd.o
  CC [M]  drivers/net/ethernet/mellanox/mlx5/core/debugfs.o
  CC [M]  drivers/net/ethernet/mellanox/mlx5/core/fw.o
  CC [M]  drivers/net/ethernet/mellanox/mlx5/core/eq.o
  CC [M]  drivers/net/ethernet/mellanox/mlx5/core/uar.o
  CC [M]  drivers/net/ethernet/mellanox/mlx5/core/pagealloc.o
  CC [M]  drivers/net/ethernet/mellanox/mlx5/core/health.o
  CC [M]  drivers/net/ethernet/mellanox/mlx5/core/mcg.o
  CC [M]  drivers/net/ethernet/mellanox/mlx5/core/cq.o
  CC [M]  drivers/net/ethernet/mellanox/mlx5/core/srq.o
  CC [M]  drivers/net/ethernet/mellanox/mlx5/core/alloc.o
  CC [M]  drivers/net/ethernet/mellanox/mlx5/core/qp.o
  CC [M]  drivers/net/ethernet/mellanox/mlx5/core/port.o
  CC [M]  drivers/net/ethernet/mellanox/mlx5/core/mr.o
  CC [M]  drivers/net/ethernet/mellanox/mlx5/core/pd.o
  CC [M]  drivers/net/ethernet/mellanox/mlx5/core/mad.o
  CC [M]  drivers/net/ethernet/mellanox/mlx5/core/transobj.o
  CC [M]  drivers/net/ethernet/mellanox/mlx5/core/vport.o
  CC [M]  drivers/net/ethernet/mellanox/mlx5/core/sriov.o
  CC [M]  drivers/net/ethernet/mellanox/mlx5/core/fs_cmd.o
  CC [M]  drivers/net/ethernet/mellanox/mlx5/core/fs_core.o
  CC [M]  drivers/net/ethernet/mellanox/mlx5/core/fs_counters.o
  CC [M]  drivers/net/ethernet/mellanox/mlx5/core/rl.o
  CC [M]  drivers/net/ethernet/mellanox/mlx5/core/lag.o
  CC [M]  drivers/net/ethernet/mellanox/mlx5/core/dev.o
  CC [M]  drivers/net/ethernet/mellanox/mlx5/core/wq.o
  CC [M]  drivers/net/ethernet/mellanox/mlx5/core/eswitch.o
  CC [M]  drivers/net/ethernet/mellanox/mlx5/core/eswitch_offloads.o
  CC [M]  drivers/net/ethernet/mellanox/mlx5/core/en_main.o
  CC [M]  drivers/net/ethernet/mellanox/mlx5/core/en_common.o
  CC [M]  drivers/net/ethernet/mellanox/mlx5/core/en_fs.o
  CC [M]  drivers/net/ethernet/mellanox/mlx5/core/en_ethtool.o
  CC [M]  drivers/net/ethernet/mellanox/mlx5/core/en_tx.o
  CC [M]  drivers/net/ethernet/mellanox/mlx5/core/en_rx.o
  CC [M]  drivers/net/ethernet/mellanox/mlx5/core/en_rx_am.o
  CC [M]  drivers/net/ethernet/mellanox/mlx5/core/en_txrx.o
  CC [M]  drivers/net/ethernet/mellanox/mlx5/core/en_clock.o
  CC [M]  drivers/net/ethernet/mellanox/mlx5/core/vxlan.o
  CC [M]  drivers/net/ethernet/mellanox/mlx5/core/en_tc.o
  CC [M]  drivers/net/ethernet/mellanox/mlx5/core/en_arfs.o
  CC [M]  drivers/net/ethernet/mellanox/mlx5/core/en_rep.o
  CC [M]  drivers/net/ethernet/mellanox/mlx5/core/en_fs_ethtool.o
  CC [M]  drivers/net/ethernet/mellanox/mlx5/core/en_selftest.o
  LD [M]  drivers/net/ethernet/mellanox/mlx5/core/mlx5_core.o
  LD      drivers/net/ethernet/mellanox/mlxsw/built-in.o
  CC [M]  drivers/net/ethernet/mellanox/mlxsw/core.o
  CC [M]  drivers/net/ethernet/mellanox/mlxsw/core_hwmon.o
  CC [M]  drivers/net/ethernet/mellanox/mlxsw/core_thermal.o
  CC [M]  drivers/net/ethernet/mellanox/mlxsw/pci.o
  CC [M]  drivers/net/ethernet/mellanox/mlxsw/i2c.o
  CC [M]  drivers/net/ethernet/mellanox/mlxsw/switchib.o
  CC [M]  drivers/net/ethernet/mellanox/mlxsw/switchx2.o
  CC [M]  drivers/net/ethernet/mellanox/mlxsw/spectrum.o
  CC [M]  drivers/net/ethernet/mellanox/mlxsw/spectrum_buffers.o
  CC [M]  drivers/net/ethernet/mellanox/mlxsw/spectrum_switchdev.o
  CC [M]  drivers/net/ethernet/mellanox/mlxsw/spectrum_router.o
  CC [M]  drivers/net/ethernet/mellanox/mlxsw/spectrum_kvdl.o
  CC [M]  drivers/net/ethernet/mellanox/mlxsw/minimal.o
  LD [M]  drivers/net/ethernet/mellanox/mlxsw/mlxsw_core.o
  LD [M]  drivers/net/ethernet/mellanox/mlxsw/mlxsw_pci.o
  LD [M]  drivers/net/ethernet/mellanox/mlxsw/mlxsw_i2c.o
  LD [M]  drivers/net/ethernet/mellanox/mlxsw/mlxsw_switchib.o
  LD [M]  drivers/net/ethernet/mellanox/mlxsw/mlxsw_switchx2.o
  LD [M]  drivers/net/ethernet/mellanox/mlxsw/mlxsw_spectrum.o
  LD [M]  drivers/net/ethernet/mellanox/mlxsw/mlxsw_minimal.o
  LD      drivers/net/ethernet/micrel/built-in.o
  CC [M]  drivers/net/ethernet/micrel/ks8842.o
  CC [M]  drivers/net/ethernet/micrel/ks8851.o
  CC [M]  drivers/net/ethernet/micrel/ks8851_mll.o
  CC [M]  drivers/net/ethernet/micrel/ksz884x.o
  LD      drivers/net/ethernet/microchip/built-in.o
  CC [M]  drivers/net/ethernet/microchip/enc28j60.o
  CC [M]  drivers/net/ethernet/microchip/encx24j600.o
  CC [M]  drivers/net/ethernet/microchip/encx24j600-regmap.o
  LD      drivers/net/ethernet/myricom/built-in.o
  LD      drivers/net/ethernet/myricom/myri10ge/built-in.o
  CC [M]  drivers/net/ethernet/myricom/myri10ge/myri10ge.o
  LD      drivers/net/ethernet/natsemi/built-in.o
  CC [M]  drivers/net/ethernet/natsemi/natsemi.o
  CC [M]  drivers/net/ethernet/natsemi/ns83820.o
  LD      drivers/net/ethernet/neterion/built-in.o
  CC [M]  drivers/net/ethernet/neterion/s2io.o
  LD      drivers/net/ethernet/neterion/vxge/built-in.o
  CC [M]  drivers/net/ethernet/neterion/vxge/vxge-config.o
  CC [M]  drivers/net/ethernet/neterion/vxge/vxge-traffic.o
  CC [M]  drivers/net/ethernet/neterion/vxge/vxge-ethtool.o
  CC [M]  drivers/net/ethernet/neterion/vxge/vxge-main.o
  LD [M]  drivers/net/ethernet/neterion/vxge/vxge.o
  LD      drivers/net/ethernet/netronome/built-in.o
  LD      drivers/net/ethernet/netronome/nfp/built-in.o
  CC [M]  drivers/net/ethernet/netronome/nfp/nfp_net_common.o
  CC [M]  drivers/net/ethernet/netronome/nfp/nfp_net_ethtool.o
  CC [M]  drivers/net/ethernet/netronome/nfp/nfp_net_offload.o
  CC [M]  drivers/net/ethernet/netronome/nfp/nfp_netvf_main.o
  CC [M]  drivers/net/ethernet/netronome/nfp/nfp_bpf_verifier.o
  CC [M]  drivers/net/ethernet/netronome/nfp/nfp_bpf_jit.o
  LD [M]  drivers/net/ethernet/netronome/nfp/nfp_netvf.o
  LD      drivers/net/ethernet/nvidia/built-in.o
  CC [M]  drivers/net/ethernet/nvidia/forcedeth.o
  LD      drivers/net/ethernet/oki-semi/built-in.o
  LD      drivers/net/ethernet/packetengines/built-in.o
  CC [M]  drivers/net/ethernet/packetengines/hamachi.o
  CC [M]  drivers/net/ethernet/packetengines/yellowfin.o
  LD      drivers/net/ethernet/qlogic/built-in.o
  CC [M]  drivers/net/ethernet/qlogic/qla3xxx.o
  LD      drivers/net/ethernet/qlogic/netxen/built-in.o
  CC [M]  drivers/net/ethernet/qlogic/netxen/netxen_nic_hw.o
  CC [M]  drivers/net/ethernet/qlogic/netxen/netxen_nic_main.o
  CC [M]  drivers/net/ethernet/qlogic/netxen/netxen_nic_init.o
  CC [M]  drivers/net/ethernet/qlogic/netxen/netxen_nic_ethtool.o
  CC [M]  drivers/net/ethernet/qlogic/netxen/netxen_nic_ctx.o
  LD [M]  drivers/net/ethernet/qlogic/netxen/netxen_nic.o
  LD      drivers/net/ethernet/qlogic/qed/built-in.o
  CC [M]  drivers/net/ethernet/qlogic/qed/qed_cxt.o
  CC [M]  drivers/net/ethernet/qlogic/qed/qed_dev.o
  CC [M]  drivers/net/ethernet/qlogic/qed/qed_hw.o
  CC [M]  drivers/net/ethernet/qlogic/qed/qed_init_fw_funcs.o
  CC [M]  drivers/net/ethernet/qlogic/qed/qed_init_ops.o
  CC [M]  drivers/net/ethernet/qlogic/qed/qed_int.o
  CC [M]  drivers/net/ethernet/qlogic/qed/qed_main.o
  CC [M]  drivers/net/ethernet/qlogic/qed/qed_mcp.o
  CC [M]  drivers/net/ethernet/qlogic/qed/qed_sp_commands.o
  CC [M]  drivers/net/ethernet/qlogic/qed/qed_spq.o
  CC [M]  drivers/net/ethernet/qlogic/qed/qed_l2.o
  CC [M]  drivers/net/ethernet/qlogic/qed/qed_selftest.o
  CC [M]  drivers/net/ethernet/qlogic/qed/qed_dcbx.o
  CC [M]  drivers/net/ethernet/qlogic/qed/qed_debug.o
  CC [M]  drivers/net/ethernet/qlogic/qed/qed_sriov.o
  CC [M]  drivers/net/ethernet/qlogic/qed/qed_vf.o
  LD [M]  drivers/net/ethernet/qlogic/qed/qed.o
  LD      drivers/net/ethernet/qlogic/qede/built-in.o
  CC [M]  drivers/net/ethernet/qlogic/qede/qede_main.o
  CC [M]  drivers/net/ethernet/qlogic/qede/qede_ethtool.o
  LD [M]  drivers/net/ethernet/qlogic/qede/qede.o
  LD      drivers/net/ethernet/qlogic/qlcnic/built-in.o
  CC [M]  drivers/net/ethernet/qlogic/qlcnic/qlcnic_hw.o
  CC [M]  drivers/net/ethernet/qlogic/qlcnic/qlcnic_main.o
  CC [M]  drivers/net/ethernet/qlogic/qlcnic/qlcnic_init.o
  CC [M]  drivers/net/ethernet/qlogic/qlcnic/qlcnic_ethtool.o
  CC [M]  drivers/net/ethernet/qlogic/qlcnic/qlcnic_ctx.o
  CC [M]  drivers/net/ethernet/qlogic/qlcnic/qlcnic_io.o
  CC [M]  drivers/net/ethernet/qlogic/qlcnic/qlcnic_sysfs.o
  CC [M]  drivers/net/ethernet/qlogic/qlcnic/qlcnic_minidump.o
  CC [M]  drivers/net/ethernet/qlogic/qlcnic/qlcnic_83xx_hw.o
  CC [M]  drivers/net/ethernet/qlogic/qlcnic/qlcnic_83xx_init.o
  CC [M]  drivers/net/ethernet/qlogic/qlcnic/qlcnic_83xx_vnic.o
  CC [M]  drivers/net/ethernet/qlogic/qlcnic/qlcnic_sriov_common.o
  CC [M]  drivers/net/ethernet/qlogic/qlcnic/qlcnic_sriov_pf.o
  LD [M]  drivers/net/ethernet/qlogic/qlcnic/qlcnic.o
  LD      drivers/net/ethernet/qlogic/qlge/built-in.o
  CC [M]  drivers/net/ethernet/qlogic/qlge/qlge_main.o
  CC [M]  drivers/net/ethernet/qlogic/qlge/qlge_dbg.o
  CC [M]  drivers/net/ethernet/qlogic/qlge/qlge_mpi.o
  CC [M]  drivers/net/ethernet/qlogic/qlge/qlge_ethtool.o
  LD [M]  drivers/net/ethernet/qlogic/qlge/qlge.o
  LD      drivers/net/ethernet/qualcomm/emac/built-in.o
  LD      drivers/net/ethernet/qualcomm/built-in.o
  LD      drivers/net/ethernet/rdc/built-in.o
  CC [M]  drivers/net/ethernet/rdc/r6040.o
  LD      drivers/net/ethernet/realtek/built-in.o
  CC [M]  drivers/net/ethernet/realtek/8139cp.o
  CC [M]  drivers/net/ethernet/realtek/8139too.o
  CC [M]  drivers/net/ethernet/realtek/atp.o
  CC [M]  drivers/net/ethernet/realtek/r8169.o
  LD      drivers/net/ethernet/rocker/built-in.o
  CC [M]  drivers/net/ethernet/rocker/rocker_main.o
  CC [M]  drivers/net/ethernet/rocker/rocker_tlv.o
  CC [M]  drivers/net/ethernet/rocker/rocker_ofdpa.o
  LD [M]  drivers/net/ethernet/rocker/rocker.o
  LD      drivers/net/ethernet/samsung/built-in.o
  LD      drivers/net/ethernet/samsung/sxgbe/built-in.o
  CC [M]  drivers/net/ethernet/samsung/sxgbe/sxgbe_platform.o
  CC [M]  drivers/net/ethernet/samsung/sxgbe/sxgbe_main.o
  CC [M]  drivers/net/ethernet/samsung/sxgbe/sxgbe_desc.o
  CC [M]  drivers/net/ethernet/samsung/sxgbe/sxgbe_dma.o
  CC [M]  drivers/net/ethernet/samsung/sxgbe/sxgbe_core.o
  CC [M]  drivers/net/ethernet/samsung/sxgbe/sxgbe_mtl.o
  CC [M]  drivers/net/ethernet/samsung/sxgbe/sxgbe_mdio.o
  CC [M]  drivers/net/ethernet/samsung/sxgbe/sxgbe_ethtool.o
  LD [M]  drivers/net/ethernet/samsung/sxgbe/samsung-sxgbe.o
  LD      drivers/net/ethernet/seeq/built-in.o
  LD      drivers/net/ethernet/sfc/built-in.o
  CC [M]  drivers/net/ethernet/sfc/efx.o
  CC [M]  drivers/net/ethernet/sfc/nic.o
  CC [M]  drivers/net/ethernet/sfc/farch.o
  CC [M]  drivers/net/ethernet/sfc/siena.o
  CC [M]  drivers/net/ethernet/sfc/ef10.o
  CC [M]  drivers/net/ethernet/sfc/tx.o
  CC [M]  drivers/net/ethernet/sfc/rx.o
  CC [M]  drivers/net/ethernet/sfc/selftest.o
  CC [M]  drivers/net/ethernet/sfc/ethtool.o
  CC [M]  drivers/net/ethernet/sfc/ptp.o
  CC [M]  drivers/net/ethernet/sfc/tx_tso.o
  CC [M]  drivers/net/ethernet/sfc/mcdi.o
  CC [M]  drivers/net/ethernet/sfc/mcdi_port.o
  CC [M]  drivers/net/ethernet/sfc/mcdi_mon.o
  CC [M]  drivers/net/ethernet/sfc/mtd.o
  CC [M]  drivers/net/ethernet/sfc/sriov.o
  CC [M]  drivers/net/ethernet/sfc/siena_sriov.o
  CC [M]  drivers/net/ethernet/sfc/ef10_sriov.o
  LD [M]  drivers/net/ethernet/sfc/sfc.o
  LD      drivers/net/ethernet/silan/built-in.o
  CC [M]  drivers/net/ethernet/silan/sc92031.o
  LD      drivers/net/ethernet/sis/built-in.o
  CC [M]  drivers/net/ethernet/sis/sis190.o
  CC [M]  drivers/net/ethernet/sis/sis900.o
  LD      drivers/net/ethernet/smsc/built-in.o
  CC [M]  drivers/net/ethernet/smsc/smc91c92_cs.o
  CC [M]  drivers/net/ethernet/smsc/epic100.o
  CC [M]  drivers/net/ethernet/smsc/smsc9420.o
  CC [M]  drivers/net/ethernet/smsc/smsc911x.o
  LD      drivers/net/ethernet/stmicro/built-in.o
  LD      drivers/net/ethernet/stmicro/stmmac/built-in.o
  CC [M]  drivers/net/ethernet/stmicro/stmmac/stmmac_main.o
  CC [M]  drivers/net/ethernet/stmicro/stmmac/stmmac_ethtool.o
  CC [M]  drivers/net/ethernet/stmicro/stmmac/stmmac_mdio.o
  CC [M]  drivers/net/ethernet/stmicro/stmmac/ring_mode.o
  CC [M]  drivers/net/ethernet/stmicro/stmmac/chain_mode.o
  CC [M]  drivers/net/ethernet/stmicro/stmmac/dwmac_lib.o
  CC [M]  drivers/net/ethernet/stmicro/stmmac/dwmac1000_core.o
  CC [M]  drivers/net/ethernet/stmicro/stmmac/dwmac1000_dma.o
  CC [M]  drivers/net/ethernet/stmicro/stmmac/dwmac100_core.o
  CC [M]  drivers/net/ethernet/stmicro/stmmac/dwmac100_dma.o
  CC [M]  drivers/net/ethernet/stmicro/stmmac/enh_desc.o
  CC [M]  drivers/net/ethernet/stmicro/stmmac/norm_desc.o
  CC [M]  drivers/net/ethernet/stmicro/stmmac/mmc_core.o
  CC [M]  drivers/net/ethernet/stmicro/stmmac/stmmac_hwtstamp.o
  CC [M]  drivers/net/ethernet/stmicro/stmmac/stmmac_ptp.o
  CC [M]  drivers/net/ethernet/stmicro/stmmac/dwmac4_descs.o
  CC [M]  drivers/net/ethernet/stmicro/stmmac/dwmac4_dma.o
  CC [M]  drivers/net/ethernet/stmicro/stmmac/dwmac4_lib.o
  CC [M]  drivers/net/ethernet/stmicro/stmmac/dwmac4_core.o
  CC [M]  drivers/net/ethernet/stmicro/stmmac/stmmac_pci.o
  LD [M]  drivers/net/ethernet/stmicro/stmmac/stmmac.o
  LD [M]  drivers/net/ethernet/stmicro/stmmac/stmmac-pci.o
  LD      drivers/net/ethernet/sun/built-in.o
  CC [M]  drivers/net/ethernet/sun/sunhme.o
  CC [M]  drivers/net/ethernet/sun/sungem.o
  CC [M]  drivers/net/ethernet/sun/cassini.o
  CC [M]  drivers/net/ethernet/sun/niu.o
  LD      drivers/net/ethernet/synopsys/built-in.o
  LD      drivers/net/ethernet/tehuti/built-in.o
  CC [M]  drivers/net/ethernet/tehuti/tehuti.o
  LD      drivers/net/ethernet/ti/built-in.o
  CC [M]  drivers/net/ethernet/ti/tlan.o
  CC [M]  drivers/net/ethernet/ti/cpsw_ale.o
  LD      drivers/net/ethernet/via/built-in.o
  CC [M]  drivers/net/ethernet/via/via-rhine.o
  CC [M]  drivers/net/ethernet/via/via-velocity.o
  LD      drivers/net/ethernet/wiznet/built-in.o
  CC [M]  drivers/net/ethernet/wiznet/w5100.o
  CC [M]  drivers/net/ethernet/wiznet/w5100-spi.o
  CC [M]  drivers/net/ethernet/wiznet/w5300.o
  LD      drivers/net/ethernet/xircom/built-in.o
  CC [M]  drivers/net/ethernet/xircom/xirc2ps_cs.o
  CC [M]  drivers/net/ethernet/ec_bhf.o
  CC [M]  drivers/net/ethernet/dnet.o
  CC [M]  drivers/net/ethernet/jme.o
  CC [M]  drivers/net/ethernet/fealnx.o
  CC [M]  drivers/net/ethernet/ethoc.o
  LD      drivers/net/ethernet/built-in.o
  LD      drivers/net/fjes/built-in.o
  CC [M]  drivers/net/fjes/fjes_main.o
  CC [M]  drivers/net/fjes/fjes_hw.o
  CC [M]  drivers/net/fjes/fjes_ethtool.o
  CC [M]  drivers/net/fjes/fjes_trace.o
  CC [M]  drivers/net/fjes/fjes_debugfs.o
  LD [M]  drivers/net/fjes/fjes.o
  LD      drivers/net/hamradio/built-in.o
  CC [M]  drivers/net/hamradio/mkiss.o
  CC [M]  drivers/net/hamradio/6pack.o
  CC [M]  drivers/net/hamradio/yam.o
  CC [M]  drivers/net/hamradio/bpqether.o
  CC [M]  drivers/net/hamradio/baycom_ser_fdx.o
  CC [M]  drivers/net/hamradio/hdlcdrv.o
  CC [M]  drivers/net/hamradio/baycom_ser_hdx.o
  CC [M]  drivers/net/hamradio/baycom_par.o
  LD      drivers/net/hyperv/built-in.o
  CC [M]  drivers/net/hyperv/netvsc_drv.o
  CC [M]  drivers/net/hyperv/netvsc.o
  CC [M]  drivers/net/hyperv/rndis_filter.o
  LD [M]  drivers/net/hyperv/hv_netvsc.o
  LD      drivers/net/ieee802154/built-in.o
  CC [M]  drivers/net/ieee802154/fakelb.o
  CC [M]  drivers/net/ieee802154/at86rf230.o
  CC [M]  drivers/net/ieee802154/atusb.o
  LD      drivers/net/ipvlan/built-in.o
  CC [M]  drivers/net/ipvlan/ipvlan_core.o
  CC [M]  drivers/net/ipvlan/ipvlan_main.o
  LD [M]  drivers/net/ipvlan/ipvlan.o
  LD      drivers/net/irda/built-in.o
  CC [M]  drivers/net/irda/irda-usb.o
  CC [M]  drivers/net/irda/stir4200.o
  CC [M]  drivers/net/irda/nsc-ircc.o
  CC [M]  drivers/net/irda/w83977af_ir.o
  CC [M]  drivers/net/irda/smsc-ircc2.o
  CC [M]  drivers/net/irda/ali-ircc.o
  CC [M]  drivers/net/irda/vlsi_ir.o
  CC [M]  drivers/net/irda/via-ircc.o
  CC [M]  drivers/net/irda/mcs7780.o
  CC [M]  drivers/net/irda/irtty-sir.o
  CC [M]  drivers/net/irda/sir_dev.o
  CC [M]  drivers/net/irda/sir_dongle.o
  CC [M]  drivers/net/irda/esi-sir.o
  CC [M]  drivers/net/irda/tekram-sir.o
  CC [M]  drivers/net/irda/actisys-sir.o
  CC [M]  drivers/net/irda/litelink-sir.o
  CC [M]  drivers/net/irda/girbil-sir.o
  CC [M]  drivers/net/irda/old_belkin-sir.o
  CC [M]  drivers/net/irda/mcp2120-sir.o
  CC [M]  drivers/net/irda/act200l-sir.o
  CC [M]  drivers/net/irda/ma600-sir.o
  CC [M]  drivers/net/irda/toim3232-sir.o
  CC [M]  drivers/net/irda/kingsun-sir.o
  CC [M]  drivers/net/irda/ksdazzle-sir.o
  CC [M]  drivers/net/irda/ks959-sir.o
  LD [M]  drivers/net/irda/sir-dev.o
  LD      drivers/net/phy/built-in.o
  CC [M]  drivers/net/phy/phy.o
  CC [M]  drivers/net/phy/phy_device.o
  CC [M]  drivers/net/phy/mdio_bus.o
  CC [M]  drivers/net/phy/mdio_device.o
  CC [M]  drivers/net/phy/swphy.o
  CC [M]  drivers/net/phy/mdio-bcm-unimac.o
  CC [M]  drivers/net/phy/mdio-bitbang.o
  CC [M]  drivers/net/phy/mdio-cavium.o
  CC [M]  drivers/net/phy/mdio-octeon.o
  CC [M]  drivers/net/phy/amd.o
  CC [M]  drivers/net/phy/aquantia.o
  CC [M]  drivers/net/phy/at803x.o
  CC [M]  drivers/net/phy/bcm7xxx.o
  CC [M]  drivers/net/phy/bcm87xx.o
  CC [M]  drivers/net/phy/bcm-phy-lib.o
  CC [M]  drivers/net/phy/broadcom.o
  CC [M]  drivers/net/phy/cicada.o
  CC [M]  drivers/net/phy/davicom.o
  CC [M]  drivers/net/phy/dp83640.o
  CC [M]  drivers/net/phy/dp83848.o
  CC [M]  drivers/net/phy/dp83867.o
  CC [M]  drivers/net/phy/fixed_phy.o
  CC [M]  drivers/net/phy/icplus.o
  CC [M]  drivers/net/phy/intel-xway.o
  CC [M]  drivers/net/phy/et1011c.o
  CC [M]  drivers/net/phy/lxt.o
  CC [M]  drivers/net/phy/marvell.o
  CC [M]  drivers/net/phy/micrel.o
  CC [M]  drivers/net/phy/microchip.o
  CC [M]  drivers/net/phy/national.o
  CC [M]  drivers/net/phy/qsemi.o
  CC [M]  drivers/net/phy/realtek.o
  CC [M]  drivers/net/phy/smsc.o
  CC [M]  drivers/net/phy/ste10Xp.o
  CC [M]  drivers/net/phy/teranetics.o
  CC [M]  drivers/net/phy/vitesse.o
  LD [M]  drivers/net/phy/libphy.o
  LD      drivers/net/plip/built-in.o
  CC [M]  drivers/net/plip/plip.o
  LD      drivers/net/ppp/built-in.o
  CC [M]  drivers/net/ppp/ppp_generic.o
  CC [M]  drivers/net/ppp/ppp_async.o
  CC [M]  drivers/net/ppp/bsd_comp.o
  CC [M]  drivers/net/ppp/ppp_deflate.o
  CC [M]  drivers/net/ppp/ppp_mppe.o
  CC [M]  drivers/net/ppp/ppp_synctty.o
  CC [M]  drivers/net/ppp/pppox.o
  CC [M]  drivers/net/ppp/pppoe.o
  CC [M]  drivers/net/ppp/pptp.o
  LD      drivers/net/slip/built-in.o
  CC [M]  drivers/net/slip/slip.o
  CC [M]  drivers/net/slip/slhc.o
  LD      drivers/net/team/built-in.o
  CC [M]  drivers/net/team/team.o
  CC [M]  drivers/net/team/team_mode_broadcast.o
  CC [M]  drivers/net/team/team_mode_roundrobin.o
  CC [M]  drivers/net/team/team_mode_random.o
  CC [M]  drivers/net/team/team_mode_activebackup.o
  CC [M]  drivers/net/team/team_mode_loadbalance.o
  LD      drivers/net/usb/built-in.o
  CC [M]  drivers/net/usb/catc.o
  CC [M]  drivers/net/usb/kaweth.o
  CC [M]  drivers/net/usb/pegasus.o
  CC [M]  drivers/net/usb/rtl8150.o
  CC [M]  drivers/net/usb/r8152.o
  CC [M]  drivers/net/usb/hso.o
  CC [M]  drivers/net/usb/lan78xx.o
  CC [M]  drivers/net/usb/asix_devices.o
  CC [M]  drivers/net/usb/asix_common.o
  CC [M]  drivers/net/usb/ax88172a.o
  CC [M]  drivers/net/usb/ax88179_178a.o
  CC [M]  drivers/net/usb/cdc_ether.o
  CC [M]  drivers/net/usb/cdc_eem.o
  CC [M]  drivers/net/usb/dm9601.o
  CC [M]  drivers/net/usb/sr9700.o
  CC [M]  drivers/net/usb/sr9800.o
  CC [M]  drivers/net/usb/smsc75xx.o
  CC [M]  drivers/net/usb/smsc95xx.o
  CC [M]  drivers/net/usb/gl620a.o
  CC [M]  drivers/net/usb/net1080.o
  CC [M]  drivers/net/usb/plusb.o
  CC [M]  drivers/net/usb/rndis_host.o
  CC [M]  drivers/net/usb/cdc_subset.o
  CC [M]  drivers/net/usb/zaurus.o
  CC [M]  drivers/net/usb/mcs7830.o
  CC [M]  drivers/net/usb/usbnet.o
  CC [M]  drivers/net/usb/int51x1.o
  CC [M]  drivers/net/usb/cdc-phonet.o
  CC [M]  drivers/net/usb/kalmia.o
  CC [M]  drivers/net/usb/ipheth.o
  CC [M]  drivers/net/usb/sierra_net.o
  CC [M]  drivers/net/usb/cx82310_eth.o
  CC [M]  drivers/net/usb/cdc_ncm.o
  CC [M]  drivers/net/usb/huawei_cdc_ncm.o
  CC [M]  drivers/net/usb/lg-vl600.o
  CC [M]  drivers/net/usb/qmi_wwan.o
  CC [M]  drivers/net/usb/cdc_mbim.o
  CC [M]  drivers/net/usb/ch9200.o
  LD [M]  drivers/net/usb/asix.o
  LD      drivers/net/vmxnet3/built-in.o
  CC [M]  drivers/net/vmxnet3/vmxnet3_drv.o
  CC [M]  drivers/net/vmxnet3/vmxnet3_ethtool.o
  LD [M]  drivers/net/vmxnet3/vmxnet3.o
  LD      drivers/net/wimax/built-in.o
  LD      drivers/net/wimax/i2400m/built-in.o
  CC [M]  drivers/net/wimax/i2400m/control.o
  CC [M]  drivers/net/wimax/i2400m/driver.o
  CC [M]  drivers/net/wimax/i2400m/fw.o
  CC [M]  drivers/net/wimax/i2400m/op-rfkill.o
  CC [M]  drivers/net/wimax/i2400m/sysfs.o
  CC [M]  drivers/net/wimax/i2400m/netdev.o
  CC [M]  drivers/net/wimax/i2400m/tx.o
  CC [M]  drivers/net/wimax/i2400m/rx.o
  CC [M]  drivers/net/wimax/i2400m/debugfs.o
  CC [M]  drivers/net/wimax/i2400m/usb-fw.o
  CC [M]  drivers/net/wimax/i2400m/usb-notif.o
  CC [M]  drivers/net/wimax/i2400m/usb-tx.o
  CC [M]  drivers/net/wimax/i2400m/usb-rx.o
  CC [M]  drivers/net/wimax/i2400m/usb.o
  LD [M]  drivers/net/wimax/i2400m/i2400m.o
  LD [M]  drivers/net/wimax/i2400m/i2400m-usb.o
  LD      drivers/net/wireless/admtek/built-in.o
  CC [M]  drivers/net/wireless/admtek/adm8211.o
  LD      drivers/net/wireless/ath/built-in.o
  CC [M]  drivers/net/wireless/ath/main.o
  CC [M]  drivers/net/wireless/ath/regd.o
  CC [M]  drivers/net/wireless/ath/hw.o
  CC [M]  drivers/net/wireless/ath/key.o
  CC [M]  drivers/net/wireless/ath/dfs_pattern_detector.o
  CC [M]  drivers/net/wireless/ath/dfs_pri_detector.o
  LD      drivers/net/wireless/ath/ar5523/built-in.o
  CC [M]  drivers/net/wireless/ath/ar5523/ar5523.o
  LD      drivers/net/wireless/ath/ath10k/built-in.o
  CC [M]  drivers/net/wireless/ath/ath10k/mac.o
  CC [M]  drivers/net/wireless/ath/ath10k/debug.o
  CC [M]  drivers/net/wireless/ath/ath10k/core.o
  CC [M]  drivers/net/wireless/ath/ath10k/htc.o
  CC [M]  drivers/net/wireless/ath/ath10k/htt.o
  CC [M]  drivers/net/wireless/ath/ath10k/htt_rx.o
  CC [M]  drivers/net/wireless/ath/ath10k/htt_tx.o
  CC [M]  drivers/net/wireless/ath/ath10k/txrx.o
  CC [M]  drivers/net/wireless/ath/ath10k/wmi.o
  CC [M]  drivers/net/wireless/ath/ath10k/wmi-tlv.o
  CC [M]  drivers/net/wireless/ath/ath10k/bmi.o
  CC [M]  drivers/net/wireless/ath/ath10k/hw.o
  CC [M]  drivers/net/wireless/ath/ath10k/p2p.o
  CC [M]  drivers/net/wireless/ath/ath10k/swap.o
  CC [M]  drivers/net/wireless/ath/ath10k/spectral.o
  CC [M]  drivers/net/wireless/ath/ath10k/thermal.o
  CC [M]  drivers/net/wireless/ath/ath10k/debugfs_sta.o
  CC [M]  drivers/net/wireless/ath/ath10k/wow.o
  CC [M]  drivers/net/wireless/ath/ath10k/pci.o
  CC [M]  drivers/net/wireless/ath/ath10k/ce.o
  LD [M]  drivers/net/wireless/ath/ath10k/ath10k_core.o
  LD [M]  drivers/net/wireless/ath/ath10k/ath10k_pci.o
  LD      drivers/net/wireless/ath/ath5k/built-in.o
  CC [M]  drivers/net/wireless/ath/ath5k/caps.o
  CC [M]  drivers/net/wireless/ath/ath5k/initvals.o
  CC [M]  drivers/net/wireless/ath/ath5k/eeprom.o
  CC [M]  drivers/net/wireless/ath/ath5k/gpio.o
  CC [M]  drivers/net/wireless/ath/ath5k/desc.o
  CC [M]  drivers/net/wireless/ath/ath5k/dma.o
  CC [M]  drivers/net/wireless/ath/ath5k/qcu.o
  CC [M]  drivers/net/wireless/ath/ath5k/pcu.o
  CC [M]  drivers/net/wireless/ath/ath5k/phy.o
  CC [M]  drivers/net/wireless/ath/ath5k/reset.o
  CC [M]  drivers/net/wireless/ath/ath5k/attach.o
  CC [M]  drivers/net/wireless/ath/ath5k/base.o
  CC [M]  drivers/net/wireless/ath/ath5k/led.o
  CC [M]  drivers/net/wireless/ath/ath5k/rfkill.o
  CC [M]  drivers/net/wireless/ath/ath5k/ani.o
  CC [M]  drivers/net/wireless/ath/ath5k/sysfs.o
  CC [M]  drivers/net/wireless/ath/ath5k/mac80211-ops.o
  CC [M]  drivers/net/wireless/ath/ath5k/pci.o
  LD [M]  drivers/net/wireless/ath/ath5k/ath5k.o
  LD      drivers/net/wireless/ath/ath6kl/built-in.o
  CC [M]  drivers/net/wireless/ath/ath6kl/debug.o
  CC [M]  drivers/net/wireless/ath/ath6kl/hif.o
  CC [M]  drivers/net/wireless/ath/ath6kl/htc_mbox.o
  CC [M]  drivers/net/wireless/ath/ath6kl/htc_pipe.o
  CC [M]  drivers/net/wireless/ath/ath6kl/bmi.o
  CC [M]  drivers/net/wireless/ath/ath6kl/cfg80211.o
  CC [M]  drivers/net/wireless/ath/ath6kl/init.o
  CC [M]  drivers/net/wireless/ath/ath6kl/main.o
  CC [M]  drivers/net/wireless/ath/ath6kl/txrx.o
  CC [M]  drivers/net/wireless/ath/ath6kl/wmi.o
  CC [M]  drivers/net/wireless/ath/ath6kl/core.o
  CC [M]  drivers/net/wireless/ath/ath6kl/recovery.o
  CC [M]  drivers/net/wireless/ath/ath6kl/sdio.o
  CC [M]  drivers/net/wireless/ath/ath6kl/usb.o
  LD [M]  drivers/net/wireless/ath/ath6kl/ath6kl_core.o
  LD [M]  drivers/net/wireless/ath/ath6kl/ath6kl_sdio.o
  LD [M]  drivers/net/wireless/ath/ath6kl/ath6kl_usb.o
  LD      drivers/net/wireless/ath/ath9k/built-in.o
  CC [M]  drivers/net/wireless/ath/ath9k/beacon.o
  CC [M]  drivers/net/wireless/ath/ath9k/gpio.o
  CC [M]  drivers/net/wireless/ath/ath9k/init.o
  CC [M]  drivers/net/wireless/ath/ath9k/main.o
  CC [M]  drivers/net/wireless/ath/ath9k/recv.o
  CC [M]  drivers/net/wireless/ath/ath9k/xmit.o
  CC [M]  drivers/net/wireless/ath/ath9k/link.o
  CC [M]  drivers/net/wireless/ath/ath9k/antenna.o
  CC [M]  drivers/net/wireless/ath/ath9k/channel.o
  CC [M]  drivers/net/wireless/ath/ath9k/mci.o
  CC [M]  drivers/net/wireless/ath/ath9k/pci.o
  CC [M]  drivers/net/wireless/ath/ath9k/ahb.o
  CC [M]  drivers/net/wireless/ath/ath9k/wow.o
  CC [M]  drivers/net/wireless/ath/ath9k/debug.o
  CC [M]  drivers/net/wireless/ath/ath9k/debug_sta.o
  CC [M]  drivers/net/wireless/ath/ath9k/ar9002_hw.o
  CC [M]  drivers/net/wireless/ath/ath9k/ar9003_hw.o
  CC [M]  drivers/net/wireless/ath/ath9k/hw.o
  CC [M]  drivers/net/wireless/ath/ath9k/ar9003_phy.o
  CC [M]  drivers/net/wireless/ath/ath9k/ar9002_phy.o
  CC [M]  drivers/net/wireless/ath/ath9k/ar5008_phy.o
  CC [M]  drivers/net/wireless/ath/ath9k/ar9002_calib.o
  CC [M]  drivers/net/wireless/ath/ath9k/ar9003_calib.o
  CC [M]  drivers/net/wireless/ath/ath9k/calib.o
  CC [M]  drivers/net/wireless/ath/ath9k/eeprom.o
  CC [M]  drivers/net/wireless/ath/ath9k/eeprom_def.o
  CC [M]  drivers/net/wireless/ath/ath9k/eeprom_4k.o
  CC [M]  drivers/net/wireless/ath/ath9k/eeprom_9287.o
  CC [M]  drivers/net/wireless/ath/ath9k/ani.o
  CC [M]  drivers/net/wireless/ath/ath9k/mac.o
  CC [M]  drivers/net/wireless/ath/ath9k/ar9002_mac.o
  CC [M]  drivers/net/wireless/ath/ath9k/ar9003_mac.o
  CC [M]  drivers/net/wireless/ath/ath9k/ar9003_eeprom.o
  CC [M]  drivers/net/wireless/ath/ath9k/ar9003_paprd.o
  CC [M]  drivers/net/wireless/ath/ath9k/ar9003_wow.o
  CC [M]  drivers/net/wireless/ath/ath9k/btcoex.o
  CC [M]  drivers/net/wireless/ath/ath9k/ar9003_mci.o
  CC [M]  drivers/net/wireless/ath/ath9k/ar9003_aic.o
  CC [M]  drivers/net/wireless/ath/ath9k/ar9003_rtt.o
  CC [M]  drivers/net/wireless/ath/ath9k/common.o
  CC [M]  drivers/net/wireless/ath/ath9k/common-init.o
  CC [M]  drivers/net/wireless/ath/ath9k/common-beacon.o
  CC [M]  drivers/net/wireless/ath/ath9k/common-debug.o
  CC [M]  drivers/net/wireless/ath/ath9k/common-spectral.o
  CC [M]  drivers/net/wireless/ath/ath9k/htc_hst.o
  CC [M]  drivers/net/wireless/ath/ath9k/hif_usb.o
  CC [M]  drivers/net/wireless/ath/ath9k/wmi.o
  CC [M]  drivers/net/wireless/ath/ath9k/htc_drv_txrx.o
  CC [M]  drivers/net/wireless/ath/ath9k/htc_drv_main.o
  CC [M]  drivers/net/wireless/ath/ath9k/htc_drv_beacon.o
  CC [M]  drivers/net/wireless/ath/ath9k/htc_drv_init.o
  CC [M]  drivers/net/wireless/ath/ath9k/htc_drv_gpio.o
  LD [M]  drivers/net/wireless/ath/ath9k/ath9k.o
  LD [M]  drivers/net/wireless/ath/ath9k/ath9k_hw.o
  LD [M]  drivers/net/wireless/ath/ath9k/ath9k_common.o
  LD [M]  drivers/net/wireless/ath/ath9k/ath9k_htc.o
  LD      drivers/net/wireless/ath/carl9170/built-in.o
  CC [M]  drivers/net/wireless/ath/carl9170/main.o
  CC [M]  drivers/net/wireless/ath/carl9170/usb.o
  CC [M]  drivers/net/wireless/ath/carl9170/cmd.o
  CC [M]  drivers/net/wireless/ath/carl9170/mac.o
  CC [M]  drivers/net/wireless/ath/carl9170/phy.o
  CC [M]  drivers/net/wireless/ath/carl9170/led.o
  CC [M]  drivers/net/wireless/ath/carl9170/fw.o
  CC [M]  drivers/net/wireless/ath/carl9170/tx.o
  CC [M]  drivers/net/wireless/ath/carl9170/rx.o
  LD [M]  drivers/net/wireless/ath/carl9170/carl9170.o
  LD      drivers/net/wireless/ath/wcn36xx/built-in.o
  CC [M]  drivers/net/wireless/ath/wcn36xx/main.o
  CC [M]  drivers/net/wireless/ath/wcn36xx/dxe.o
  CC [M]  drivers/net/wireless/ath/wcn36xx/txrx.o
  CC [M]  drivers/net/wireless/ath/wcn36xx/smd.o
  CC [M]  drivers/net/wireless/ath/wcn36xx/pmc.o
  CC [M]  drivers/net/wireless/ath/wcn36xx/debug.o
  LD [M]  drivers/net/wireless/ath/wcn36xx/wcn36xx.o
  LD      drivers/net/wireless/ath/wil6210/built-in.o
  CC [M]  drivers/net/wireless/ath/wil6210/main.o
  CC [M]  drivers/net/wireless/ath/wil6210/netdev.o
  CC [M]  drivers/net/wireless/ath/wil6210/cfg80211.o
  CC [M]  drivers/net/wireless/ath/wil6210/pcie_bus.o
  CC [M]  drivers/net/wireless/ath/wil6210/debugfs.o
  CC [M]  drivers/net/wireless/ath/wil6210/wmi.o
  CC [M]  drivers/net/wireless/ath/wil6210/interrupt.o
  CC [M]  drivers/net/wireless/ath/wil6210/txrx.o
  CC [M]  drivers/net/wireless/ath/wil6210/debug.o
  CC [M]  drivers/net/wireless/ath/wil6210/rx_reorder.o
  CC [M]  drivers/net/wireless/ath/wil6210/ioctl.o
  CC [M]  drivers/net/wireless/ath/wil6210/fw.o
  CC [M]  drivers/net/wireless/ath/wil6210/pm.o
  CC [M]  drivers/net/wireless/ath/wil6210/pmc.o
  CC [M]  drivers/net/wireless/ath/wil6210/wil_platform.o
  CC [M]  drivers/net/wireless/ath/wil6210/ethtool.o
  CC [M]  drivers/net/wireless/ath/wil6210/wil_crash_dump.o
  CC [M]  drivers/net/wireless/ath/wil6210/p2p.o
  LD [M]  drivers/net/wireless/ath/wil6210/wil6210.o
  LD [M]  drivers/net/wireless/ath/ath.o
  LD      drivers/net/wireless/atmel/built-in.o
  CC [M]  drivers/net/wireless/atmel/atmel.o
  CC [M]  drivers/net/wireless/atmel/atmel_pci.o
  CC [M]  drivers/net/wireless/atmel/atmel_cs.o
  CC [M]  drivers/net/wireless/atmel/at76c50x-usb.o
  LD      drivers/net/wireless/broadcom/built-in.o
  LD      drivers/net/wireless/broadcom/b43/built-in.o
  CC [M]  drivers/net/wireless/broadcom/b43/main.o
  CC [M]  drivers/net/wireless/broadcom/b43/bus.o
  CC [M]  drivers/net/wireless/broadcom/b43/phy_g.o
  CC [M]  drivers/net/wireless/broadcom/b43/tables.o
  CC [M]  drivers/net/wireless/broadcom/b43/lo.o
  CC [M]  drivers/net/wireless/broadcom/b43/wa.o
  CC [M]  drivers/net/wireless/broadcom/b43/tables_nphy.o
  CC [M]  drivers/net/wireless/broadcom/b43/radio_2055.o
  CC [M]  drivers/net/wireless/broadcom/b43/radio_2056.o
  CC [M]  drivers/net/wireless/broadcom/b43/radio_2057.o
  CC [M]  drivers/net/wireless/broadcom/b43/phy_common.o
  CC [M]  drivers/net/wireless/broadcom/b43/phy_n.o
  CC [M]  drivers/net/wireless/broadcom/b43/phy_lp.o
  CC [M]  drivers/net/wireless/broadcom/b43/tables_lpphy.o
  CC [M]  drivers/net/wireless/broadcom/b43/phy_ht.o
  CC [M]  drivers/net/wireless/broadcom/b43/tables_phy_ht.o
  CC [M]  drivers/net/wireless/broadcom/b43/radio_2059.o
  CC [M]  drivers/net/wireless/broadcom/b43/sysfs.o
  CC [M]  drivers/net/wireless/broadcom/b43/xmit.o
  CC [M]  drivers/net/wireless/broadcom/b43/dma.o
  CC [M]  drivers/net/wireless/broadcom/b43/pio.o
  CC [M]  drivers/net/wireless/broadcom/b43/rfkill.o
  CC [M]  drivers/net/wireless/broadcom/b43/ppr.o
  CC [M]  drivers/net/wireless/broadcom/b43/leds.o
  CC [M]  drivers/net/wireless/broadcom/b43/sdio.o
  LD [M]  drivers/net/wireless/broadcom/b43/b43.o
  LD      drivers/net/wireless/broadcom/b43legacy/built-in.o
  CC [M]  drivers/net/wireless/broadcom/b43legacy/main.o
  CC [M]  drivers/net/wireless/broadcom/b43legacy/ilt.o
  CC [M]  drivers/net/wireless/broadcom/b43legacy/phy.o
  CC [M]  drivers/net/wireless/broadcom/b43legacy/radio.o
  CC [M]  drivers/net/wireless/broadcom/b43legacy/sysfs.o
  CC [M]  drivers/net/wireless/broadcom/b43legacy/xmit.o
  CC [M]  drivers/net/wireless/broadcom/b43legacy/rfkill.o
  CC [M]  drivers/net/wireless/broadcom/b43legacy/leds.o
  CC [M]  drivers/net/wireless/broadcom/b43legacy/dma.o
  CC [M]  drivers/net/wireless/broadcom/b43legacy/pio.o
  LD [M]  drivers/net/wireless/broadcom/b43legacy/b43legacy.o
  LD      drivers/net/wireless/broadcom/brcm80211/built-in.o
  LD      drivers/net/wireless/broadcom/brcm80211/brcmfmac/built-in.o
  CC [M]  drivers/net/wireless/broadcom/brcm80211/brcmfmac/cfg80211.o
  CC [M]  drivers/net/wireless/broadcom/brcm80211/brcmfmac/chip.o
  CC [M]  drivers/net/wireless/broadcom/brcm80211/brcmfmac/fwil.o
  CC [M]  drivers/net/wireless/broadcom/brcm80211/brcmfmac/fweh.o
  CC [M]  drivers/net/wireless/broadcom/brcm80211/brcmfmac/fwsignal.o
  CC [M]  drivers/net/wireless/broadcom/brcm80211/brcmfmac/p2p.o
  CC [M]  drivers/net/wireless/broadcom/brcm80211/brcmfmac/proto.o
  CC [M]  drivers/net/wireless/broadcom/brcm80211/brcmfmac/common.o
  CC [M]  drivers/net/wireless/broadcom/brcm80211/brcmfmac/core.o
  CC [M]  drivers/net/wireless/broadcom/brcm80211/brcmfmac/firmware.o
  CC [M]  drivers/net/wireless/broadcom/brcm80211/brcmfmac/feature.o
  CC [M]  drivers/net/wireless/broadcom/brcm80211/brcmfmac/btcoex.o
  CC [M]  drivers/net/wireless/broadcom/brcm80211/brcmfmac/vendor.o
  CC [M]  drivers/net/wireless/broadcom/brcm80211/brcmfmac/pno.o
  CC [M]  drivers/net/wireless/broadcom/brcm80211/brcmfmac/bcdc.o
  CC [M]  drivers/net/wireless/broadcom/brcm80211/brcmfmac/commonring.o
  CC [M]  drivers/net/wireless/broadcom/brcm80211/brcmfmac/flowring.o
  CC [M]  drivers/net/wireless/broadcom/brcm80211/brcmfmac/msgbuf.o
  CC [M]  drivers/net/wireless/broadcom/brcm80211/brcmfmac/sdio.o
  CC [M]  drivers/net/wireless/broadcom/brcm80211/brcmfmac/bcmsdh.o
  CC [M]  drivers/net/wireless/broadcom/brcm80211/brcmfmac/usb.o
  CC [M]  drivers/net/wireless/broadcom/brcm80211/brcmfmac/pcie.o
  LD [M]  drivers/net/wireless/broadcom/brcm80211/brcmfmac/brcmfmac.o
  LD      drivers/net/wireless/broadcom/brcm80211/brcmsmac/built-in.o
  CC [M]  drivers/net/wireless/broadcom/brcm80211/brcmsmac/mac80211_if.o
  CC [M]  drivers/net/wireless/broadcom/brcm80211/brcmsmac/ucode_loader.o
  CC [M]  drivers/net/wireless/broadcom/brcm80211/brcmsmac/ampdu.o
  CC [M]  drivers/net/wireless/broadcom/brcm80211/brcmsmac/antsel.o
  CC [M]  drivers/net/wireless/broadcom/brcm80211/brcmsmac/channel.o
  CC [M]  drivers/net/wireless/broadcom/brcm80211/brcmsmac/main.o
  CC [M]  drivers/net/wireless/broadcom/brcm80211/brcmsmac/phy_shim.o
  CC [M]  drivers/net/wireless/broadcom/brcm80211/brcmsmac/pmu.o
  CC [M]  drivers/net/wireless/broadcom/brcm80211/brcmsmac/rate.o
  CC [M]  drivers/net/wireless/broadcom/brcm80211/brcmsmac/stf.o
  CC [M]  drivers/net/wireless/broadcom/brcm80211/brcmsmac/aiutils.o
  CC [M]  drivers/net/wireless/broadcom/brcm80211/brcmsmac/phy/phy_cmn.o
  CC [M]  drivers/net/wireless/broadcom/brcm80211/brcmsmac/phy/phy_lcn.o
  CC [M]  drivers/net/wireless/broadcom/brcm80211/brcmsmac/phy/phy_n.o
  CC [M]  drivers/net/wireless/broadcom/brcm80211/brcmsmac/phy/phytbl_lcn.o
  CC [M]  drivers/net/wireless/broadcom/brcm80211/brcmsmac/phy/phytbl_n.o
  CC [M]  drivers/net/wireless/broadcom/brcm80211/brcmsmac/phy/phy_qmath.o
  CC [M]  drivers/net/wireless/broadcom/brcm80211/brcmsmac/dma.o
  CC [M]  drivers/net/wireless/broadcom/brcm80211/brcmsmac/brcms_trace_events.o
  CC [M]  drivers/net/wireless/broadcom/brcm80211/brcmsmac/debug.o
  CC [M]  drivers/net/wireless/broadcom/brcm80211/brcmsmac/led.o
  LD [M]  drivers/net/wireless/broadcom/brcm80211/brcmsmac/brcmsmac.o
  LD      drivers/net/wireless/broadcom/brcm80211/brcmutil/built-in.o
  CC [M]  drivers/net/wireless/broadcom/brcm80211/brcmutil/utils.o
  CC [M]  drivers/net/wireless/broadcom/brcm80211/brcmutil/d11.o
  LD [M]  drivers/net/wireless/broadcom/brcm80211/brcmutil/brcmutil.o
  LD      drivers/net/wireless/cisco/built-in.o
  CC [M]  drivers/net/wireless/cisco/airo.o
  CC [M]  drivers/net/wireless/cisco/airo_cs.o
  LD      drivers/net/wireless/intel/built-in.o
  LD      drivers/net/wireless/intel/ipw2x00/built-in.o
  CC [M]  drivers/net/wireless/intel/ipw2x00/ipw2100.o
  CC [M]  drivers/net/wireless/intel/ipw2x00/ipw2200.o
  CC [M]  drivers/net/wireless/intel/ipw2x00/libipw_module.o
  CC [M]  drivers/net/wireless/intel/ipw2x00/libipw_tx.o
  CC [M]  drivers/net/wireless/intel/ipw2x00/libipw_rx.o
  CC [M]  drivers/net/wireless/intel/ipw2x00/libipw_wx.o
  CC [M]  drivers/net/wireless/intel/ipw2x00/libipw_geo.o
  LD [M]  drivers/net/wireless/intel/ipw2x00/libipw.o
  LD      drivers/net/wireless/intel/iwlegacy/built-in.o
  CC [M]  drivers/net/wireless/intel/iwlegacy/common.o
  CC [M]  drivers/net/wireless/intel/iwlegacy/4965.o
  CC [M]  drivers/net/wireless/intel/iwlegacy/4965-mac.o
  CC [M]  drivers/net/wireless/intel/iwlegacy/4965-rs.o
  CC [M]  drivers/net/wireless/intel/iwlegacy/4965-calib.o
  CC [M]  drivers/net/wireless/intel/iwlegacy/3945-mac.o
  CC [M]  drivers/net/wireless/intel/iwlegacy/3945.o
  CC [M]  drivers/net/wireless/intel/iwlegacy/3945-rs.o
  LD [M]  drivers/net/wireless/intel/iwlegacy/iwlegacy.o
  LD [M]  drivers/net/wireless/intel/iwlegacy/iwl4965.o
  LD [M]  drivers/net/wireless/intel/iwlegacy/iwl3945.o
  LD      drivers/net/wireless/intel/iwlwifi/built-in.o
  CC [M]  drivers/net/wireless/intel/iwlwifi/iwl-io.o
  CC [M]  drivers/net/wireless/intel/iwlwifi/iwl-drv.o
  CC [M]  drivers/net/wireless/intel/iwlwifi/iwl-debug.o
  CC [M]  drivers/net/wireless/intel/iwlwifi/iwl-notif-wait.o
  CC [M]  drivers/net/wireless/intel/iwlwifi/iwl-eeprom-read.o
  CC [M]  drivers/net/wireless/intel/iwlwifi/iwl-eeprom-parse.o
  CC [M]  drivers/net/wireless/intel/iwlwifi/iwl-phy-db.o
  CC [M]  drivers/net/wireless/intel/iwlwifi/iwl-nvm-parse.o
  CC [M]  drivers/net/wireless/intel/iwlwifi/pcie/drv.o
  CC [M]  drivers/net/wireless/intel/iwlwifi/pcie/rx.o
  CC [M]  drivers/net/wireless/intel/iwlwifi/pcie/tx.o
  CC [M]  drivers/net/wireless/intel/iwlwifi/pcie/trans.o
  CC [M]  drivers/net/wireless/intel/iwlwifi/iwl-trans.o
  CC [M]  drivers/net/wireless/intel/iwlwifi/iwl-1000.o
  CC [M]  drivers/net/wireless/intel/iwlwifi/iwl-2000.o
  CC [M]  drivers/net/wireless/intel/iwlwifi/iwl-5000.o
  CC [M]  drivers/net/wireless/intel/iwlwifi/iwl-6000.o
  CC [M]  drivers/net/wireless/intel/iwlwifi/iwl-7000.o
  CC [M]  drivers/net/wireless/intel/iwlwifi/iwl-8000.o
  CC [M]  drivers/net/wireless/intel/iwlwifi/iwl-9000.o
  CC [M]  drivers/net/wireless/intel/iwlwifi/iwl-a000.o
  CC [M]  drivers/net/wireless/intel/iwlwifi/iwl-devtrace.o
  LD      drivers/net/wireless/intel/iwlwifi/dvm/built-in.o
  CC [M]  drivers/net/wireless/intel/iwlwifi/dvm/main.o
  CC [M]  drivers/net/wireless/intel/iwlwifi/dvm/rs.o
  CC [M]  drivers/net/wireless/intel/iwlwifi/dvm/mac80211.o
  CC [M]  drivers/net/wireless/intel/iwlwifi/dvm/ucode.o
  CC [M]  drivers/net/wireless/intel/iwlwifi/dvm/tx.o
  CC [M]  drivers/net/wireless/intel/iwlwifi/dvm/lib.o
  CC [M]  drivers/net/wireless/intel/iwlwifi/dvm/calib.o
  CC [M]  drivers/net/wireless/intel/iwlwifi/dvm/tt.o
  CC [M]  drivers/net/wireless/intel/iwlwifi/dvm/sta.o
  CC [M]  drivers/net/wireless/intel/iwlwifi/dvm/rx.o
  CC [M]  drivers/net/wireless/intel/iwlwifi/dvm/power.o
  CC [M]  drivers/net/wireless/intel/iwlwifi/dvm/scan.o
  CC [M]  drivers/net/wireless/intel/iwlwifi/dvm/rxon.o
  CC [M]  drivers/net/wireless/intel/iwlwifi/dvm/devices.o
  CC [M]  drivers/net/wireless/intel/iwlwifi/dvm/led.o
  LD [M]  drivers/net/wireless/intel/iwlwifi/dvm/iwldvm.o
  LD      drivers/net/wireless/intel/iwlwifi/mvm/built-in.o
  CC [M]  drivers/net/wireless/intel/iwlwifi/mvm/fw.o
  CC [M]  drivers/net/wireless/intel/iwlwifi/mvm/mac80211.o
  CC [M]  drivers/net/wireless/intel/iwlwifi/mvm/nvm.o
  CC [M]  drivers/net/wireless/intel/iwlwifi/mvm/ops.o
  CC [M]  drivers/net/wireless/intel/iwlwifi/mvm/phy-ctxt.o
  CC [M]  drivers/net/wireless/intel/iwlwifi/mvm/mac-ctxt.o
  CC [M]  drivers/net/wireless/intel/iwlwifi/mvm/utils.o
  CC [M]  drivers/net/wireless/intel/iwlwifi/mvm/rx.o
  CC [M]  drivers/net/wireless/intel/iwlwifi/mvm/rxmq.o
  CC [M]  drivers/net/wireless/intel/iwlwifi/mvm/tx.o
  CC [M]  drivers/net/wireless/intel/iwlwifi/mvm/binding.o
  CC [M]  drivers/net/wireless/intel/iwlwifi/mvm/quota.o
  CC [M]  drivers/net/wireless/intel/iwlwifi/mvm/sta.o
  CC [M]  drivers/net/wireless/intel/iwlwifi/mvm/sf.o
  CC [M]  drivers/net/wireless/intel/iwlwifi/mvm/scan.o
  CC [M]  drivers/net/wireless/intel/iwlwifi/mvm/time-event.o
  CC [M]  drivers/net/wireless/intel/iwlwifi/mvm/rs.o
  CC [M]  drivers/net/wireless/intel/iwlwifi/mvm/power.o
  CC [M]  drivers/net/wireless/intel/iwlwifi/mvm/coex.o
  CC [M]  drivers/net/wireless/intel/iwlwifi/mvm/tt.o
  CC [M]  drivers/net/wireless/intel/iwlwifi/mvm/offloading.o
  CC [M]  drivers/net/wireless/intel/iwlwifi/mvm/tdls.o
  CC [M]  drivers/net/wireless/intel/iwlwifi/mvm/led.o
  CC [M]  drivers/net/wireless/intel/iwlwifi/mvm/tof.o
  CC [M]  drivers/net/wireless/intel/iwlwifi/mvm/fw-dbg.o
  CC [M]  drivers/net/wireless/intel/iwlwifi/mvm/d3.o
  LD [M]  drivers/net/wireless/intel/iwlwifi/mvm/iwlmvm.o
  LD [M]  drivers/net/wireless/intel/iwlwifi/iwlwifi.o
  LD      drivers/net/wireless/intersil/built-in.o
  LD      drivers/net/wireless/intersil/hostap/built-in.o
  CC [M]  drivers/net/wireless/intersil/hostap/hostap_80211_rx.o
  CC [M]  drivers/net/wireless/intersil/hostap/hostap_80211_tx.o
  CC [M]  drivers/net/wireless/intersil/hostap/hostap_ap.o
  CC [M]  drivers/net/wireless/intersil/hostap/hostap_info.o
  CC [M]  drivers/net/wireless/intersil/hostap/hostap_ioctl.o
  CC [M]  drivers/net/wireless/intersil/hostap/hostap_main.o
  CC [M]  drivers/net/wireless/intersil/hostap/hostap_proc.o
  CC [M]  drivers/net/wireless/intersil/hostap/hostap_cs.o
  CC [M]  drivers/net/wireless/intersil/hostap/hostap_plx.o
  CC [M]  drivers/net/wireless/intersil/hostap/hostap_pci.o
  LD [M]  drivers/net/wireless/intersil/hostap/hostap.o
  LD      drivers/net/wireless/intersil/orinoco/built-in.o
  CC [M]  drivers/net/wireless/intersil/orinoco/main.o
  CC [M]  drivers/net/wireless/intersil/orinoco/fw.o
  CC [M]  drivers/net/wireless/intersil/orinoco/hw.o
  CC [M]  drivers/net/wireless/intersil/orinoco/mic.o
  CC [M]  drivers/net/wireless/intersil/orinoco/scan.o
  CC [M]  drivers/net/wireless/intersil/orinoco/wext.o
  CC [M]  drivers/net/wireless/intersil/orinoco/hermes_dld.o
  CC [M]  drivers/net/wireless/intersil/orinoco/hermes.o
  CC [M]  drivers/net/wireless/intersil/orinoco/cfg.o
  CC [M]  drivers/net/wireless/intersil/orinoco/orinoco_cs.o
  CC [M]  drivers/net/wireless/intersil/orinoco/orinoco_plx.o
  CC [M]  drivers/net/wireless/intersil/orinoco/orinoco_pci.o
  CC [M]  drivers/net/wireless/intersil/orinoco/orinoco_tmd.o
  CC [M]  drivers/net/wireless/intersil/orinoco/orinoco_nortel.o
  CC [M]  drivers/net/wireless/intersil/orinoco/spectrum_cs.o
  CC [M]  drivers/net/wireless/intersil/orinoco/orinoco_usb.o
  LD [M]  drivers/net/wireless/intersil/orinoco/orinoco.o
  LD      drivers/net/wireless/intersil/p54/built-in.o
  CC [M]  drivers/net/wireless/intersil/p54/eeprom.o
  CC [M]  drivers/net/wireless/intersil/p54/fwio.o
  CC [M]  drivers/net/wireless/intersil/p54/txrx.o
  CC [M]  drivers/net/wireless/intersil/p54/main.o
  CC [M]  drivers/net/wireless/intersil/p54/led.o
  CC [M]  drivers/net/wireless/intersil/p54/p54usb.o
  CC [M]  drivers/net/wireless/intersil/p54/p54pci.o
  CC [M]  drivers/net/wireless/intersil/p54/p54spi.o
  LD [M]  drivers/net/wireless/intersil/p54/p54common.o
  LD      drivers/net/wireless/intersil/prism54/built-in.o
  CC [M]  drivers/net/wireless/intersil/prism54/islpci_eth.o
  CC [M]  drivers/net/wireless/intersil/prism54/islpci_mgt.o
  CC [M]  drivers/net/wireless/intersil/prism54/isl_38xx.o
  CC [M]  drivers/net/wireless/intersil/prism54/isl_ioctl.o
  CC [M]  drivers/net/wireless/intersil/prism54/islpci_dev.o
  CC [M]  drivers/net/wireless/intersil/prism54/islpci_hotplug.o
  CC [M]  drivers/net/wireless/intersil/prism54/oid_mgt.o
  LD [M]  drivers/net/wireless/intersil/prism54/prism54.o
  LD      drivers/net/wireless/marvell/built-in.o
  CC [M]  drivers/net/wireless/marvell/mwl8k.o
  LD      drivers/net/wireless/marvell/libertas/built-in.o
  CC [M]  drivers/net/wireless/marvell/libertas/cfg.o
  CC [M]  drivers/net/wireless/marvell/libertas/cmd.o
  CC [M]  drivers/net/wireless/marvell/libertas/cmdresp.o
  CC [M]  drivers/net/wireless/marvell/libertas/debugfs.o
  CC [M]  drivers/net/wireless/marvell/libertas/ethtool.o
  CC [M]  drivers/net/wireless/marvell/libertas/main.o
  CC [M]  drivers/net/wireless/marvell/libertas/rx.o
  CC [M]  drivers/net/wireless/marvell/libertas/tx.o
  CC [M]  drivers/net/wireless/marvell/libertas/firmware.o
  CC [M]  drivers/net/wireless/marvell/libertas/mesh.o
  CC [M]  drivers/net/wireless/marvell/libertas/if_usb.o
  CC [M]  drivers/net/wireless/marvell/libertas/if_cs.o
  CC [M]  drivers/net/wireless/marvell/libertas/if_sdio.o
  CC [M]  drivers/net/wireless/marvell/libertas/if_spi.o
  LD [M]  drivers/net/wireless/marvell/libertas/libertas.o
  LD [M]  drivers/net/wireless/marvell/libertas/usb8xxx.o
  LD [M]  drivers/net/wireless/marvell/libertas/libertas_cs.o
  LD [M]  drivers/net/wireless/marvell/libertas/libertas_sdio.o
  LD [M]  drivers/net/wireless/marvell/libertas/libertas_spi.o
  LD      drivers/net/wireless/marvell/libertas_tf/built-in.o
  CC [M]  drivers/net/wireless/marvell/libertas_tf/main.o
  CC [M]  drivers/net/wireless/marvell/libertas_tf/cmd.o
  CC [M]  drivers/net/wireless/marvell/libertas_tf/if_usb.o
  LD [M]  drivers/net/wireless/marvell/libertas_tf/libertas_tf.o
  LD [M]  drivers/net/wireless/marvell/libertas_tf/libertas_tf_usb.o
  LD      drivers/net/wireless/marvell/mwifiex/built-in.o
  CC [M]  drivers/net/wireless/marvell/mwifiex/main.o
  CC [M]  drivers/net/wireless/marvell/mwifiex/init.o
  CC [M]  drivers/net/wireless/marvell/mwifiex/cfp.o
  CC [M]  drivers/net/wireless/marvell/mwifiex/cmdevt.o
  CC [M]  drivers/net/wireless/marvell/mwifiex/util.o
  CC [M]  drivers/net/wireless/marvell/mwifiex/txrx.o
  CC [M]  drivers/net/wireless/marvell/mwifiex/wmm.o
  CC [M]  drivers/net/wireless/marvell/mwifiex/11n.o
  CC [M]  drivers/net/wireless/marvell/mwifiex/11ac.o
  CC [M]  drivers/net/wireless/marvell/mwifiex/11n_aggr.o
  CC [M]  drivers/net/wireless/marvell/mwifiex/11n_rxreorder.o
  CC [M]  drivers/net/wireless/marvell/mwifiex/scan.o
  CC [M]  drivers/net/wireless/marvell/mwifiex/join.o
  CC [M]  drivers/net/wireless/marvell/mwifiex/sta_ioctl.o
  CC [M]  drivers/net/wireless/marvell/mwifiex/sta_cmd.o
  CC [M]  drivers/net/wireless/marvell/mwifiex/uap_cmd.o
  CC [M]  drivers/net/wireless/marvell/mwifiex/ie.o
  CC [M]  drivers/net/wireless/marvell/mwifiex/sta_cmdresp.o
  CC [M]  drivers/net/wireless/marvell/mwifiex/sta_event.o
  CC [M]  drivers/net/wireless/marvell/mwifiex/uap_event.o
  CC [M]  drivers/net/wireless/marvell/mwifiex/sta_tx.o
  CC [M]  drivers/net/wireless/marvell/mwifiex/sta_rx.o
  CC [M]  drivers/net/wireless/marvell/mwifiex/uap_txrx.o
  CC [M]  drivers/net/wireless/marvell/mwifiex/cfg80211.o
  CC [M]  drivers/net/wireless/marvell/mwifiex/ethtool.o
  CC [M]  drivers/net/wireless/marvell/mwifiex/11h.o
  CC [M]  drivers/net/wireless/marvell/mwifiex/tdls.o
  CC [M]  drivers/net/wireless/marvell/mwifiex/debugfs.o
  CC [M]  drivers/net/wireless/marvell/mwifiex/sdio.o
  CC [M]  drivers/net/wireless/marvell/mwifiex/pcie.o
  CC [M]  drivers/net/wireless/marvell/mwifiex/usb.o
  LD [M]  drivers/net/wireless/marvell/mwifiex/mwifiex.o
  LD [M]  drivers/net/wireless/marvell/mwifiex/mwifiex_sdio.o
  LD [M]  drivers/net/wireless/marvell/mwifiex/mwifiex_pcie.o
  LD [M]  drivers/net/wireless/marvell/mwifiex/mwifiex_usb.o
  LD      drivers/net/wireless/mediatek/built-in.o
  LD      drivers/net/wireless/mediatek/mt7601u/built-in.o
  CC [M]  drivers/net/wireless/mediatek/mt7601u/usb.o
  CC [M]  drivers/net/wireless/mediatek/mt7601u/init.o
  CC [M]  drivers/net/wireless/mediatek/mt7601u/main.o
  CC [M]  drivers/net/wireless/mediatek/mt7601u/mcu.o
  CC [M]  drivers/net/wireless/mediatek/mt7601u/trace.o
  CC [M]  drivers/net/wireless/mediatek/mt7601u/dma.o
  CC [M]  drivers/net/wireless/mediatek/mt7601u/core.o
  CC [M]  drivers/net/wireless/mediatek/mt7601u/eeprom.o
  CC [M]  drivers/net/wireless/mediatek/mt7601u/phy.o
  CC [M]  drivers/net/wireless/mediatek/mt7601u/mac.o
  CC [M]  drivers/net/wireless/mediatek/mt7601u/util.o
  CC [M]  drivers/net/wireless/mediatek/mt7601u/debugfs.o
  CC [M]  drivers/net/wireless/mediatek/mt7601u/tx.o
  LD [M]  drivers/net/wireless/mediatek/mt7601u/mt7601u.o
  LD      drivers/net/wireless/ralink/built-in.o
  LD      drivers/net/wireless/ralink/rt2x00/built-in.o
  CC [M]  drivers/net/wireless/ralink/rt2x00/rt2x00dev.o
  CC [M]  drivers/net/wireless/ralink/rt2x00/rt2x00mac.o
  CC [M]  drivers/net/wireless/ralink/rt2x00/rt2x00config.o
  CC [M]  drivers/net/wireless/ralink/rt2x00/rt2x00queue.o
  CC [M]  drivers/net/wireless/ralink/rt2x00/rt2x00link.o
  CC [M]  drivers/net/wireless/ralink/rt2x00/rt2x00crypto.o
  CC [M]  drivers/net/wireless/ralink/rt2x00/rt2x00firmware.o
  CC [M]  drivers/net/wireless/ralink/rt2x00/rt2x00leds.o
  CC [M]  drivers/net/wireless/ralink/rt2x00/rt2x00mmio.o
  CC [M]  drivers/net/wireless/ralink/rt2x00/rt2x00pci.o
  CC [M]  drivers/net/wireless/ralink/rt2x00/rt2x00usb.o
  CC [M]  drivers/net/wireless/ralink/rt2x00/rt2800lib.o
  CC [M]  drivers/net/wireless/ralink/rt2x00/rt2800mmio.o
  CC [M]  drivers/net/wireless/ralink/rt2x00/rt2400pci.o
  CC [M]  drivers/net/wireless/ralink/rt2x00/rt2500pci.o
  CC [M]  drivers/net/wireless/ralink/rt2x00/rt61pci.o
  CC [M]  drivers/net/wireless/ralink/rt2x00/rt2800pci.o
  CC [M]  drivers/net/wireless/ralink/rt2x00/rt2500usb.o
  CC [M]  drivers/net/wireless/ralink/rt2x00/rt73usb.o
  CC [M]  drivers/net/wireless/ralink/rt2x00/rt2800usb.o
  LD [M]  drivers/net/wireless/ralink/rt2x00/rt2x00lib.o
  LD      drivers/net/wireless/realtek/built-in.o
  LD      drivers/net/wireless/realtek/rtl818x/built-in.o
  LD      drivers/net/wireless/realtek/rtl818x/rtl8180/built-in.o
  CC [M]  drivers/net/wireless/realtek/rtl818x/rtl8180/dev.o
  CC [M]  drivers/net/wireless/realtek/rtl818x/rtl8180/rtl8225.o
  CC [M]  drivers/net/wireless/realtek/rtl818x/rtl8180/sa2400.o
  CC [M]  drivers/net/wireless/realtek/rtl818x/rtl8180/max2820.o
  CC [M]  drivers/net/wireless/realtek/rtl818x/rtl8180/grf5101.o
  CC [M]  drivers/net/wireless/realtek/rtl818x/rtl8180/rtl8225se.o
  LD [M]  drivers/net/wireless/realtek/rtl818x/rtl8180/rtl818x_pci.o
  LD      drivers/net/wireless/realtek/rtl818x/rtl8187/built-in.o
  CC [M]  drivers/net/wireless/realtek/rtl818x/rtl8187/dev.o
  CC [M]  drivers/net/wireless/realtek/rtl818x/rtl8187/rtl8225.o
  CC [M]  drivers/net/wireless/realtek/rtl818x/rtl8187/leds.o
  CC [M]  drivers/net/wireless/realtek/rtl818x/rtl8187/rfkill.o
  LD [M]  drivers/net/wireless/realtek/rtl818x/rtl8187/rtl8187.o
  LD      drivers/net/wireless/realtek/rtl8xxxu/built-in.o
  CC [M]  drivers/net/wireless/realtek/rtl8xxxu/rtl8xxxu_core.o
  CC [M]  drivers/net/wireless/realtek/rtl8xxxu/rtl8xxxu_8192e.o
  CC [M]  drivers/net/wireless/realtek/rtl8xxxu/rtl8xxxu_8723b.o
  CC [M]  drivers/net/wireless/realtek/rtl8xxxu/rtl8xxxu_8723a.o
  CC [M]  drivers/net/wireless/realtek/rtl8xxxu/rtl8xxxu_8192c.o
  LD [M]  drivers/net/wireless/realtek/rtl8xxxu/rtl8xxxu.o
  LD      drivers/net/wireless/realtek/rtlwifi/built-in.o
  CC [M]  drivers/net/wireless/realtek/rtlwifi/base.o
  CC [M]  drivers/net/wireless/realtek/rtlwifi/cam.o
  CC [M]  drivers/net/wireless/realtek/rtlwifi/core.o
  CC [M]  drivers/net/wireless/realtek/rtlwifi/debug.o
  CC [M]  drivers/net/wireless/realtek/rtlwifi/efuse.o
  CC [M]  drivers/net/wireless/realtek/rtlwifi/ps.o
  CC [M]  drivers/net/wireless/realtek/rtlwifi/rc.o
  CC [M]  drivers/net/wireless/realtek/rtlwifi/regd.o
  CC [M]  drivers/net/wireless/realtek/rtlwifi/stats.o
  CC [M]  drivers/net/wireless/realtek/rtlwifi/pci.o
  CC [M]  drivers/net/wireless/realtek/rtlwifi/usb.o
  LD      drivers/net/wireless/realtek/rtlwifi/btcoexist/built-in.o
  CC [M]  drivers/net/wireless/realtek/rtlwifi/btcoexist/halbtc8723b2ant.o
  CC [M]  drivers/net/wireless/realtek/rtlwifi/btcoexist/halbtcoutsrc.o
  CC [M]  drivers/net/wireless/realtek/rtlwifi/btcoexist/rtl_btc.o
  LD [M]  drivers/net/wireless/realtek/rtlwifi/btcoexist/btcoexist.o
  LD      drivers/net/wireless/realtek/rtlwifi/rtl8188ee/built-in.o
  CC [M]  drivers/net/wireless/realtek/rtlwifi/rtl8188ee/dm.o
  CC [M]  drivers/net/wireless/realtek/rtlwifi/rtl8188ee/fw.o
  CC [M]  drivers/net/wireless/realtek/rtlwifi/rtl8188ee/hw.o
  CC [M]  drivers/net/wireless/realtek/rtlwifi/rtl8188ee/led.o
  CC [M]  drivers/net/wireless/realtek/rtlwifi/rtl8188ee/phy.o
  CC [M]  drivers/net/wireless/realtek/rtlwifi/rtl8188ee/pwrseq.o
  CC [M]  drivers/net/wireless/realtek/rtlwifi/rtl8188ee/rf.o
  CC [M]  drivers/net/wireless/realtek/rtlwifi/rtl8188ee/sw.o
  CC [M]  drivers/net/wireless/realtek/rtlwifi/rtl8188ee/table.o
  CC [M]  drivers/net/wireless/realtek/rtlwifi/rtl8188ee/trx.o
  LD [M]  drivers/net/wireless/realtek/rtlwifi/rtl8188ee/rtl8188ee.o
  LD      drivers/net/wireless/realtek/rtlwifi/rtl8192c/built-in.o
  CC [M]  drivers/net/wireless/realtek/rtlwifi/rtl8192c/main.o
  CC [M]  drivers/net/wireless/realtek/rtlwifi/rtl8192c/dm_common.o
  CC [M]  drivers/net/wireless/realtek/rtlwifi/rtl8192c/fw_common.o
  CC [M]  drivers/net/wireless/realtek/rtlwifi/rtl8192c/phy_common.o
  LD [M]  drivers/net/wireless/realtek/rtlwifi/rtl8192c/rtl8192c-common.o
  LD      drivers/net/wireless/realtek/rtlwifi/rtl8192ce/built-in.o
  CC [M]  drivers/net/wireless/realtek/rtlwifi/rtl8192ce/dm.o
  CC [M]  drivers/net/wireless/realtek/rtlwifi/rtl8192ce/hw.o
  CC [M]  drivers/net/wireless/realtek/rtlwifi/rtl8192ce/led.o
  CC [M]  drivers/net/wireless/realtek/rtlwifi/rtl8192ce/phy.o
  CC [M]  drivers/net/wireless/realtek/rtlwifi/rtl8192ce/rf.o
  CC [M]  drivers/net/wireless/realtek/rtlwifi/rtl8192ce/sw.o
  CC [M]  drivers/net/wireless/realtek/rtlwifi/rtl8192ce/table.o
  CC [M]  drivers/net/wireless/realtek/rtlwifi/rtl8192ce/trx.o
  LD [M]  drivers/net/wireless/realtek/rtlwifi/rtl8192ce/rtl8192ce.o
  LD      drivers/net/wireless/realtek/rtlwifi/rtl8192cu/built-in.o
  CC [M]  drivers/net/wireless/realtek/rtlwifi/rtl8192cu/dm.o
  CC [M]  drivers/net/wireless/realtek/rtlwifi/rtl8192cu/hw.o
  CC [M]  drivers/net/wireless/realtek/rtlwifi/rtl8192cu/led.o
  CC [M]  drivers/net/wireless/realtek/rtlwifi/rtl8192cu/mac.o
  CC [M]  drivers/net/wireless/realtek/rtlwifi/rtl8192cu/phy.o
  CC [M]  drivers/net/wireless/realtek/rtlwifi/rtl8192cu/rf.o
  CC [M]  drivers/net/wireless/realtek/rtlwifi/rtl8192cu/sw.o
  CC [M]  drivers/net/wireless/realtek/rtlwifi/rtl8192cu/table.o
  CC [M]  drivers/net/wireless/realtek/rtlwifi/rtl8192cu/trx.o
  LD [M]  drivers/net/wireless/realtek/rtlwifi/rtl8192cu/rtl8192cu.o
  LD      drivers/net/wireless/realtek/rtlwifi/rtl8192de/built-in.o
  CC [M]  drivers/net/wireless/realtek/rtlwifi/rtl8192de/dm.o
  CC [M]  drivers/net/wireless/realtek/rtlwifi/rtl8192de/fw.o
  CC [M]  drivers/net/wireless/realtek/rtlwifi/rtl8192de/hw.o
  CC [M]  drivers/net/wireless/realtek/rtlwifi/rtl8192de/led.o
  CC [M]  drivers/net/wireless/realtek/rtlwifi/rtl8192de/phy.o
  CC [M]  drivers/net/wireless/realtek/rtlwifi/rtl8192de/rf.o
  CC [M]  drivers/net/wireless/realtek/rtlwifi/rtl8192de/sw.o
  CC [M]  drivers/net/wireless/realtek/rtlwifi/rtl8192de/table.o
  CC [M]  drivers/net/wireless/realtek/rtlwifi/rtl8192de/trx.o
  LD [M]  drivers/net/wireless/realtek/rtlwifi/rtl8192de/rtl8192de.o
  LD      drivers/net/wireless/realtek/rtlwifi/rtl8192ee/built-in.o
  CC [M]  drivers/net/wireless/realtek/rtlwifi/rtl8192ee/dm.o
  CC [M]  drivers/net/wireless/realtek/rtlwifi/rtl8192ee/fw.o
  CC [M]  drivers/net/wireless/realtek/rtlwifi/rtl8192ee/hw.o
  CC [M]  drivers/net/wireless/realtek/rtlwifi/rtl8192ee/led.o
  CC [M]  drivers/net/wireless/realtek/rtlwifi/rtl8192ee/phy.o
  CC [M]  drivers/net/wireless/realtek/rtlwifi/rtl8192ee/pwrseq.o
  CC [M]  drivers/net/wireless/realtek/rtlwifi/rtl8192ee/rf.o
  CC [M]  drivers/net/wireless/realtek/rtlwifi/rtl8192ee/sw.o
  CC [M]  drivers/net/wireless/realtek/rtlwifi/rtl8192ee/table.o
  CC [M]  drivers/net/wireless/realtek/rtlwifi/rtl8192ee/trx.o
  LD [M]  drivers/net/wireless/realtek/rtlwifi/rtl8192ee/rtl8192ee.o
  LD      drivers/net/wireless/realtek/rtlwifi/rtl8192se/built-in.o
  CC [M]  drivers/net/wireless/realtek/rtlwifi/rtl8192se/dm.o
  CC [M]  drivers/net/wireless/realtek/rtlwifi/rtl8192se/fw.o
  CC [M]  drivers/net/wireless/realtek/rtlwifi/rtl8192se/hw.o
  CC [M]  drivers/net/wireless/realtek/rtlwifi/rtl8192se/led.o
  CC [M]  drivers/net/wireless/realtek/rtlwifi/rtl8192se/phy.o
  CC [M]  drivers/net/wireless/realtek/rtlwifi/rtl8192se/rf.o
  CC [M]  drivers/net/wireless/realtek/rtlwifi/rtl8192se/sw.o
  CC [M]  drivers/net/wireless/realtek/rtlwifi/rtl8192se/table.o
  CC [M]  drivers/net/wireless/realtek/rtlwifi/rtl8192se/trx.o
  LD [M]  drivers/net/wireless/realtek/rtlwifi/rtl8192se/rtl8192se.o
  LD      drivers/net/wireless/realtek/rtlwifi/rtl8723ae/built-in.o
  CC [M]  drivers/net/wireless/realtek/rtlwifi/rtl8723ae/dm.o
  CC [M]  drivers/net/wireless/realtek/rtlwifi/rtl8723ae/fw.o
  CC [M]  drivers/net/wireless/realtek/rtlwifi/rtl8723ae/hal_btc.o
  CC [M]  drivers/net/wireless/realtek/rtlwifi/rtl8723ae/hal_bt_coexist.o
  CC [M]  drivers/net/wireless/realtek/rtlwifi/rtl8723ae/hw.o
  CC [M]  drivers/net/wireless/realtek/rtlwifi/rtl8723ae/led.o
  CC [M]  drivers/net/wireless/realtek/rtlwifi/rtl8723ae/phy.o
  CC [M]  drivers/net/wireless/realtek/rtlwifi/rtl8723ae/pwrseq.o
  CC [M]  drivers/net/wireless/realtek/rtlwifi/rtl8723ae/rf.o
  CC [M]  drivers/net/wireless/realtek/rtlwifi/rtl8723ae/sw.o
  CC [M]  drivers/net/wireless/realtek/rtlwifi/rtl8723ae/table.o
  CC [M]  drivers/net/wireless/realtek/rtlwifi/rtl8723ae/trx.o
  LD [M]  drivers/net/wireless/realtek/rtlwifi/rtl8723ae/rtl8723ae.o
  LD      drivers/net/wireless/realtek/rtlwifi/rtl8723be/built-in.o
  CC [M]  drivers/net/wireless/realtek/rtlwifi/rtl8723be/dm.o
  CC [M]  drivers/net/wireless/realtek/rtlwifi/rtl8723be/fw.o
  CC [M]  drivers/net/wireless/realtek/rtlwifi/rtl8723be/hw.o
  CC [M]  drivers/net/wireless/realtek/rtlwifi/rtl8723be/led.o
  CC [M]  drivers/net/wireless/realtek/rtlwifi/rtl8723be/phy.o
  CC [M]  drivers/net/wireless/realtek/rtlwifi/rtl8723be/pwrseq.o
  CC [M]  drivers/net/wireless/realtek/rtlwifi/rtl8723be/rf.o
  CC [M]  drivers/net/wireless/realtek/rtlwifi/rtl8723be/sw.o
  CC [M]  drivers/net/wireless/realtek/rtlwifi/rtl8723be/table.o
  CC [M]  drivers/net/wireless/realtek/rtlwifi/rtl8723be/trx.o
  LD [M]  drivers/net/wireless/realtek/rtlwifi/rtl8723be/rtl8723be.o
  LD      drivers/net/wireless/realtek/rtlwifi/rtl8723com/built-in.o
  CC [M]  drivers/net/wireless/realtek/rtlwifi/rtl8723com/main.o
  CC [M]  drivers/net/wireless/realtek/rtlwifi/rtl8723com/dm_common.o
  CC [M]  drivers/net/wireless/realtek/rtlwifi/rtl8723com/fw_common.o
  CC [M]  drivers/net/wireless/realtek/rtlwifi/rtl8723com/phy_common.o
  LD [M]  drivers/net/wireless/realtek/rtlwifi/rtl8723com/rtl8723-common.o
  LD      drivers/net/wireless/realtek/rtlwifi/rtl8821ae/built-in.o
  CC [M]  drivers/net/wireless/realtek/rtlwifi/rtl8821ae/dm.o
  CC [M]  drivers/net/wireless/realtek/rtlwifi/rtl8821ae/fw.o
  CC [M]  drivers/net/wireless/realtek/rtlwifi/rtl8821ae/hw.o
  CC [M]  drivers/net/wireless/realtek/rtlwifi/rtl8821ae/led.o
  CC [M]  drivers/net/wireless/realtek/rtlwifi/rtl8821ae/phy.o
  CC [M]  drivers/net/wireless/realtek/rtlwifi/rtl8821ae/pwrseq.o
  CC [M]  drivers/net/wireless/realtek/rtlwifi/rtl8821ae/rf.o
  CC [M]  drivers/net/wireless/realtek/rtlwifi/rtl8821ae/sw.o
  CC [M]  drivers/net/wireless/realtek/rtlwifi/rtl8821ae/table.o
  CC [M]  drivers/net/wireless/realtek/rtlwifi/rtl8821ae/trx.o
  LD [M]  drivers/net/wireless/realtek/rtlwifi/rtl8821ae/rtl8821ae.o
  LD [M]  drivers/net/wireless/realtek/rtlwifi/rtlwifi.o
  LD [M]  drivers/net/wireless/realtek/rtlwifi/rtl_pci.o
  LD [M]  drivers/net/wireless/realtek/rtlwifi/rtl_usb.o
  LD      drivers/net/wireless/rsi/built-in.o
  CC [M]  drivers/net/wireless/rsi/rsi_91x_main.o
  CC [M]  drivers/net/wireless/rsi/rsi_91x_core.o
  CC [M]  drivers/net/wireless/rsi/rsi_91x_mac80211.o
  CC [M]  drivers/net/wireless/rsi/rsi_91x_mgmt.o
  CC [M]  drivers/net/wireless/rsi/rsi_91x_pkt.o
  CC [M]  drivers/net/wireless/rsi/rsi_91x_sdio.o
  CC [M]  drivers/net/wireless/rsi/rsi_91x_sdio_ops.o
  CC [M]  drivers/net/wireless/rsi/rsi_91x_usb.o
  CC [M]  drivers/net/wireless/rsi/rsi_91x_usb_ops.o
  LD [M]  drivers/net/wireless/rsi/rsi_91x.o
  LD [M]  drivers/net/wireless/rsi/rsi_sdio.o
  LD [M]  drivers/net/wireless/rsi/rsi_usb.o
  LD      drivers/net/wireless/st/built-in.o
  LD      drivers/net/wireless/st/cw1200/built-in.o
  CC [M]  drivers/net/wireless/st/cw1200/fwio.o
  CC [M]  drivers/net/wireless/st/cw1200/txrx.o
  CC [M]  drivers/net/wireless/st/cw1200/main.o
  CC [M]  drivers/net/wireless/st/cw1200/queue.o
  CC [M]  drivers/net/wireless/st/cw1200/hwio.o
  CC [M]  drivers/net/wireless/st/cw1200/bh.o
  CC [M]  drivers/net/wireless/st/cw1200/wsm.o
  CC [M]  drivers/net/wireless/st/cw1200/sta.o
  CC [M]  drivers/net/wireless/st/cw1200/scan.o
  CC [M]  drivers/net/wireless/st/cw1200/debug.o
  CC [M]  drivers/net/wireless/st/cw1200/pm.o
  CC [M]  drivers/net/wireless/st/cw1200/cw1200_sdio.o
  CC [M]  drivers/net/wireless/st/cw1200/cw1200_spi.o
  LD [M]  drivers/net/wireless/st/cw1200/cw1200_core.o
  LD [M]  drivers/net/wireless/st/cw1200/cw1200_wlan_sdio.o
  LD [M]  drivers/net/wireless/st/cw1200/cw1200_wlan_spi.o
  CC      drivers/net/wireless/ti/wilink_platform_data.o
  LD      drivers/net/wireless/ti/wl1251/built-in.o
  CC [M]  drivers/net/wireless/ti/wl1251/main.o
  CC [M]  drivers/net/wireless/ti/wl1251/event.o
  CC [M]  drivers/net/wireless/ti/wl1251/tx.o
  CC [M]  drivers/net/wireless/ti/wl1251/rx.o
  CC [M]  drivers/net/wireless/ti/wl1251/ps.o
  CC [M]  drivers/net/wireless/ti/wl1251/cmd.o
  CC [M]  drivers/net/wireless/ti/wl1251/acx.o
  CC [M]  drivers/net/wireless/ti/wl1251/boot.o
  CC [M]  drivers/net/wireless/ti/wl1251/init.o
  CC [M]  drivers/net/wireless/ti/wl1251/debugfs.o
  CC [M]  drivers/net/wireless/ti/wl1251/io.o
  CC [M]  drivers/net/wireless/ti/wl1251/sdio.o
  LD [M]  drivers/net/wireless/ti/wl1251/wl1251.o
  LD [M]  drivers/net/wireless/ti/wl1251/wl1251_sdio.o
  LD      drivers/net/wireless/ti/wl12xx/built-in.o
  CC [M]  drivers/net/wireless/ti/wl12xx/main.o
  CC [M]  drivers/net/wireless/ti/wl12xx/cmd.o
  CC [M]  drivers/net/wireless/ti/wl12xx/acx.o
  CC [M]  drivers/net/wireless/ti/wl12xx/debugfs.o
  CC [M]  drivers/net/wireless/ti/wl12xx/scan.o
  CC [M]  drivers/net/wireless/ti/wl12xx/event.o
  LD [M]  drivers/net/wireless/ti/wl12xx/wl12xx.o
  LD      drivers/net/wireless/ti/wl18xx/built-in.o
  CC [M]  drivers/net/wireless/ti/wl18xx/main.o
  CC [M]  drivers/net/wireless/ti/wl18xx/acx.o
  CC [M]  drivers/net/wireless/ti/wl18xx/tx.o
  CC [M]  drivers/net/wireless/ti/wl18xx/io.o
  CC [M]  drivers/net/wireless/ti/wl18xx/debugfs.o
  CC [M]  drivers/net/wireless/ti/wl18xx/scan.o
  CC [M]  drivers/net/wireless/ti/wl18xx/cmd.o
  CC [M]  drivers/net/wireless/ti/wl18xx/event.o
  LD [M]  drivers/net/wireless/ti/wl18xx/wl18xx.o
  LD      drivers/net/wireless/ti/wlcore/built-in.o
  CC [M]  drivers/net/wireless/ti/wlcore/main.o
  CC [M]  drivers/net/wireless/ti/wlcore/cmd.o
  CC [M]  drivers/net/wireless/ti/wlcore/io.o
  CC [M]  drivers/net/wireless/ti/wlcore/event.o
  CC [M]  drivers/net/wireless/ti/wlcore/tx.o
  CC [M]  drivers/net/wireless/ti/wlcore/rx.o
  CC [M]  drivers/net/wireless/ti/wlcore/ps.o
  CC [M]  drivers/net/wireless/ti/wlcore/acx.o
  CC [M]  drivers/net/wireless/ti/wlcore/boot.o
  CC [M]  drivers/net/wireless/ti/wlcore/init.o
  CC [M]  drivers/net/wireless/ti/wlcore/debugfs.o
  CC [M]  drivers/net/wireless/ti/wlcore/scan.o
  CC [M]  drivers/net/wireless/ti/wlcore/sysfs.o
  CC [M]  drivers/net/wireless/ti/wlcore/vendor_cmd.o
  CC [M]  drivers/net/wireless/ti/wlcore/sdio.o
  LD [M]  drivers/net/wireless/ti/wlcore/wlcore.o
  LD [M]  drivers/net/wireless/ti/wlcore/wlcore_sdio.o
  LD      drivers/net/wireless/ti/built-in.o
  LD      drivers/net/wireless/zydas/built-in.o
  CC [M]  drivers/net/wireless/zydas/zd1201.o
  LD      drivers/net/wireless/zydas/zd1211rw/built-in.o
  CC [M]  drivers/net/wireless/zydas/zd1211rw/zd_chip.o
  CC [M]  drivers/net/wireless/zydas/zd1211rw/zd_mac.o
  CC [M]  drivers/net/wireless/zydas/zd1211rw/zd_rf_al2230.o
  CC [M]  drivers/net/wireless/zydas/zd1211rw/zd_rf_rf2959.o
  CC [M]  drivers/net/wireless/zydas/zd1211rw/zd_rf_al7230b.o
  CC [M]  drivers/net/wireless/zydas/zd1211rw/zd_rf_uw2453.o
  CC [M]  drivers/net/wireless/zydas/zd1211rw/zd_rf.o
  CC [M]  drivers/net/wireless/zydas/zd1211rw/zd_usb.o
  LD [M]  drivers/net/wireless/zydas/zd1211rw/zd1211rw.o
  CC [M]  drivers/net/wireless/ray_cs.o
  CC [M]  drivers/net/wireless/wl3501_cs.o
  CC [M]  drivers/net/wireless/rndis_wlan.o
  LD      drivers/net/wireless/built-in.o
  LD      drivers/net/xen-netback/built-in.o
  CC [M]  drivers/net/xen-netback/netback.o
  CC [M]  drivers/net/xen-netback/xenbus.o
  CC [M]  drivers/net/xen-netback/interface.o
  CC [M]  drivers/net/xen-netback/hash.o
  CC [M]  drivers/net/xen-netback/rx.o
  LD [M]  drivers/net/xen-netback/xen-netback.o
  CC [M]  drivers/net/dummy.o
  CC [M]  drivers/net/eql.o
  CC [M]  drivers/net/ifb.o
  CC [M]  drivers/net/macsec.o
  CC [M]  drivers/net/macvlan.o
  CC [M]  drivers/net/macvtap.o
  CC [M]  drivers/net/mii.o
  CC [M]  drivers/net/mdio.o
  CC [M]  drivers/net/netconsole.o
  CC [M]  drivers/net/tun.o
  CC [M]  drivers/net/veth.o
  CC [M]  drivers/net/virtio_net.o
  CC [M]  drivers/net/vxlan.o
  CC [M]  drivers/net/geneve.o
  CC [M]  drivers/net/gtp.o
  CC [M]  drivers/net/nlmon.o
  CC [M]  drivers/net/vrf.o
  CC [M]  drivers/net/sb1000.o
  CC [M]  drivers/net/sungem_phy.o
  CC [M]  drivers/net/xen-netfront.o
  LD      drivers/net/built-in.o
  LD      drivers/nfc/built-in.o
  CC [M]  drivers/nfc/nfcwilink.o
  CC [M]  drivers/nfc/mei_phy.o
  CC [M]  drivers/nfc/nfcsim.o
  CC [M]  drivers/nfc/port100.o
  CC [M]  drivers/nfc/trf7970a.o
  LD      drivers/nfc/fdp/built-in.o
  CC [M]  drivers/nfc/fdp/fdp.o
  CC [M]  drivers/nfc/fdp/i2c.o
  LD [M]  drivers/nfc/fdp/fdp_i2c.o
  LD      drivers/nfc/microread/built-in.o
  CC [M]  drivers/nfc/microread/microread.o
  CC [M]  drivers/nfc/microread/mei.o
  LD [M]  drivers/nfc/microread/microread_mei.o
  LD      drivers/nfc/nfcmrvl/built-in.o
  CC [M]  drivers/nfc/nfcmrvl/main.o
  CC [M]  drivers/nfc/nfcmrvl/fw_dnld.o
  CC [M]  drivers/nfc/nfcmrvl/usb.o
  CC [M]  drivers/nfc/nfcmrvl/i2c.o
  LD [M]  drivers/nfc/nfcmrvl/nfcmrvl.o
  LD [M]  drivers/nfc/nfcmrvl/nfcmrvl_usb.o
  LD [M]  drivers/nfc/nfcmrvl/nfcmrvl_i2c.o
  LD      drivers/nfc/pn533/built-in.o
  CC [M]  drivers/nfc/pn533/pn533.o
  CC [M]  drivers/nfc/pn533/usb.o
  CC [M]  drivers/nfc/pn533/i2c.o
  LD [M]  drivers/nfc/pn533/pn533_usb.o
  LD [M]  drivers/nfc/pn533/pn533_i2c.o
  LD      drivers/nfc/pn544/built-in.o
  CC [M]  drivers/nfc/pn544/pn544.o
  CC [M]  drivers/nfc/pn544/mei.o
  LD [M]  drivers/nfc/pn544/pn544_mei.o
  LD      drivers/nfc/st-nci/built-in.o
  CC [M]  drivers/nfc/st-nci/ndlc.o
  CC [M]  drivers/nfc/st-nci/core.o
  CC [M]  drivers/nfc/st-nci/se.o
  CC [M]  drivers/nfc/st-nci/vendor_cmds.o
  CC [M]  drivers/nfc/st-nci/i2c.o
  LD [M]  drivers/nfc/st-nci/st-nci.o
  LD [M]  drivers/nfc/st-nci/st-nci_i2c.o
  CC      drivers/nvdimm/core.o
  CC      drivers/nvdimm/bus.o
  CC      drivers/nvdimm/dimm_devs.o
  CC      drivers/nvdimm/dimm.o
  CC      drivers/nvdimm/region_devs.o
  CC      drivers/nvdimm/region.o
  CC      drivers/nvdimm/namespace_devs.o
  CC      drivers/nvdimm/label.o
  CC      drivers/nvdimm/claim.o
  CC      drivers/nvdimm/btt_devs.o
  CC      drivers/nvdimm/pfn_devs.o
  CC      drivers/nvdimm/dax_devs.o
  CC      drivers/nvdimm/e820.o
  CC [M]  drivers/nvdimm/pmem.o
  CC [M]  drivers/nvdimm/btt.o
  CC [M]  drivers/nvdimm/blk.o
  LD      drivers/nvdimm/libnvdimm.o
  LD      drivers/nvdimm/nd_e820.o
  LD [M]  drivers/nvdimm/nd_pmem.o
  LD [M]  drivers/nvdimm/nd_btt.o
  LD [M]  drivers/nvdimm/nd_blk.o
  LD      drivers/nvdimm/built-in.o
  LD      drivers/nvme/host/built-in.o
  CC [M]  drivers/nvme/host/core.o
  CC [M]  drivers/nvme/host/pci.o
  CC [M]  drivers/nvme/host/fabrics.o
  CC [M]  drivers/nvme/host/rdma.o
  LD [M]  drivers/nvme/host/nvme-core.o
  LD [M]  drivers/nvme/host/nvme.o
  LD [M]  drivers/nvme/host/nvme-fabrics.o
  LD [M]  drivers/nvme/host/nvme-rdma.o
  LD      drivers/nvme/target/built-in.o
  CC [M]  drivers/nvme/target/core.o
  CC [M]  drivers/nvme/target/configfs.o
  CC [M]  drivers/nvme/target/admin-cmd.o
  CC [M]  drivers/nvme/target/io-cmd.o
  CC [M]  drivers/nvme/target/fabrics-cmd.o
  CC [M]  drivers/nvme/target/discovery.o
  CC [M]  drivers/nvme/target/loop.o
  CC [M]  drivers/nvme/target/rdma.o
  LD [M]  drivers/nvme/target/nvmet.o
  LD [M]  drivers/nvme/target/nvme-loop.o
  LD [M]  drivers/nvme/target/nvmet-rdma.o
  LD      drivers/nvme/built-in.o
  LD      drivers/nvmem/built-in.o
  CC [M]  drivers/nvmem/core.o
  LD [M]  drivers/nvmem/nvmem_core.o
  LD      drivers/parport/built-in.o
  CC [M]  drivers/parport/share.o
  CC [M]  drivers/parport/ieee1284.o
  CC [M]  drivers/parport/ieee1284_ops.o
  CC [M]  drivers/parport/procfs.o
  CC [M]  drivers/parport/daisy.o
  CC [M]  drivers/parport/probe.o
  CC [M]  drivers/parport/parport_pc.o
  CC [M]  drivers/parport/parport_serial.o
  CC [M]  drivers/parport/parport_cs.o
  CC [M]  drivers/parport/parport_ax88796.o
  LD [M]  drivers/parport/parport.o
  CC      drivers/pci/access.o
  CC      drivers/pci/bus.o
  CC      drivers/pci/probe.o
  CC      drivers/pci/host-bridge.o
  CC      drivers/pci/remove.o
  CC      drivers/pci/pci.o
  CC      drivers/pci/pci-driver.o
  CC      drivers/pci/search.o
  CC      drivers/pci/pci-sysfs.o
  CC      drivers/pci/rom.o
  CC      drivers/pci/setup-res.o
  CC      drivers/pci/irq.o
  CC      drivers/pci/vpd.o
  CC      drivers/pci/setup-bus.o
  CC      drivers/pci/vc.o
  CC      drivers/pci/proc.o
  CC      drivers/pci/slot.o
  CC      drivers/pci/quirks.o
  LD      drivers/pci/host/built-in.o
  CC [M]  drivers/pci/host/pci-hyperv.o
  CC [M]  drivers/pci/host/vmd.o
  CC      drivers/pci/hotplug/pci_hotplug_core.o
  CC      drivers/pci/hotplug/cpci_hotplug_core.o
  CC      drivers/pci/hotplug/cpci_hotplug_pci.o
  CC      drivers/pci/hotplug/acpi_pcihp.o
  CC      drivers/pci/hotplug/pciehp_core.o
  CC      drivers/pci/hotplug/pciehp_ctrl.o
  CC      drivers/pci/hotplug/pciehp_pci.o
  CC      drivers/pci/hotplug/pciehp_hpc.o
  CC      drivers/pci/hotplug/acpiphp_core.o
  CC      drivers/pci/hotplug/acpiphp_glue.o
  CC [M]  drivers/pci/hotplug/cpcihp_zt5550.o
  CC [M]  drivers/pci/hotplug/cpcihp_generic.o
  CC [M]  drivers/pci/hotplug/shpchp_core.o
  CC [M]  drivers/pci/hotplug/shpchp_ctrl.o
  CC [M]  drivers/pci/hotplug/shpchp_pci.o
  CC [M]  drivers/pci/hotplug/shpchp_sysfs.o
  CC [M]  drivers/pci/hotplug/shpchp_hpc.o
  CC [M]  drivers/pci/hotplug/acpiphp_ibm.o
  LD      drivers/pci/hotplug/pci_hotplug.o
  LD      drivers/pci/hotplug/pciehp.o
  LD      drivers/pci/hotplug/acpiphp.o
  LD [M]  drivers/pci/hotplug/shpchp.o
  LD      drivers/pci/hotplug/built-in.o
  CC      drivers/pci/pcie/aspm.o
  CC      drivers/pci/pcie/portdrv_core.o
  CC      drivers/pci/pcie/portdrv_pci.o
  CC      drivers/pci/pcie/portdrv_bus.o
  CC      drivers/pci/pcie/portdrv_acpi.o
  CC      drivers/pci/pcie/aer/aerdrv_errprint.o
  CC      drivers/pci/pcie/aer/aerdrv_core.o
  CC      drivers/pci/pcie/aer/aerdrv.o
  CC      drivers/pci/pcie/aer/aerdrv_acpi.o
  LD      drivers/pci/pcie/aer/aerdriver.o
  LD      drivers/pci/pcie/aer/built-in.o
  CC      drivers/pci/pcie/pme.o
  CC      drivers/pci/pcie/pcie-dpc.o
  LD      drivers/pci/pcie/pcieportdrv.o
  LD      drivers/pci/pcie/built-in.o
  CC      drivers/pci/hotplug-pci.o
  CC      drivers/pci/msi.o
  CC      drivers/pci/htirq.o
  CC      drivers/pci/ats.o
  CC      drivers/pci/iov.o
  CC      drivers/pci/pci-acpi.o
  CC      drivers/pci/pci-label.o
  CC [M]  drivers/pci/pci-stub.o
  CC [M]  drivers/pci/xen-pcifront.o
  LD      drivers/pci/built-in.o
  LD      drivers/pcmcia/built-in.o
  CC [M]  drivers/pcmcia/cs.o
  CC [M]  drivers/pcmcia/socket_sysfs.o
  CC [M]  drivers/pcmcia/cardbus.o
  CC [M]  drivers/pcmcia/ds.o
  CC [M]  drivers/pcmcia/pcmcia_resource.o
  CC [M]  drivers/pcmcia/cistpl.o
  CC [M]  drivers/pcmcia/pcmcia_cis.o
  CC [M]  drivers/pcmcia/rsrc_mgr.o
  CC [M]  drivers/pcmcia/rsrc_nonstatic.o
  CC [M]  drivers/pcmcia/yenta_socket.o
  CC [M]  drivers/pcmcia/pd6729.o
  CC [M]  drivers/pcmcia/i82092.o
  LD [M]  drivers/pcmcia/pcmcia_core.o
  LD [M]  drivers/pcmcia/pcmcia.o
  LD [M]  drivers/pcmcia/pcmcia_rsrc.o
  LD      drivers/perf/built-in.o
  CC      drivers/phy/phy-core.o
  CC [M]  drivers/phy/phy-bcm-kona-usb2.o
  LD      drivers/phy/built-in.o
  CC      drivers/pinctrl/core.o
  CC      drivers/pinctrl/pinctrl-utils.o
  CC      drivers/pinctrl/pinmux.o
  CC      drivers/pinctrl/pinconf.o
  CC      drivers/pinctrl/pinconf-generic.o
  LD      drivers/pinctrl/bcm/built-in.o
  LD      drivers/pinctrl/freescale/built-in.o
  CC      drivers/pinctrl/intel/pinctrl-baytrail.o
  CC      drivers/pinctrl/intel/pinctrl-cherryview.o
  CC      drivers/pinctrl/intel/pinctrl-intel.o
  CC      drivers/pinctrl/intel/pinctrl-broxton.o
  CC      drivers/pinctrl/intel/pinctrl-sunrisepoint.o
  LD      drivers/pinctrl/intel/built-in.o
  LD      drivers/pinctrl/nomadik/built-in.o
  LD      drivers/pinctrl/built-in.o
  CC      drivers/platform/chrome/cros_ec_proto.o
  CC [M]  drivers/platform/chrome/chromeos_laptop.o
  CC [M]  drivers/platform/chrome/chromeos_pstore.o
  CC [M]  drivers/platform/chrome/cros_ec_dev.o
  CC [M]  drivers/platform/chrome/cros_ec_sysfs.o
  CC [M]  drivers/platform/chrome/cros_ec_lightbar.o
  CC [M]  drivers/platform/chrome/cros_ec_vbc.o
  CC [M]  drivers/platform/chrome/cros_ec_lpc.o
  CC [M]  drivers/platform/chrome/cros_kbd_led_backlight.o
  LD      drivers/platform/chrome/built-in.o
  LD [M]  drivers/platform/chrome/cros_ec_devs.o
  CC      drivers/platform/x86/intel_pmc_core.o
  CC [M]  drivers/platform/x86/asus-laptop.o
  CC [M]  drivers/platform/x86/asus-wmi.o
  CC [M]  drivers/platform/x86/asus-nb-wmi.o
  CC [M]  drivers/platform/x86/asus-wireless.o
  CC [M]  drivers/platform/x86/eeepc-laptop.o
  CC [M]  drivers/platform/x86/eeepc-wmi.o
  CC [M]  drivers/platform/x86/msi-laptop.o
  CC [M]  drivers/platform/x86/classmate-laptop.o
  CC [M]  drivers/platform/x86/compal-laptop.o
  CC [M]  drivers/platform/x86/dell-smbios.o
  CC [M]  drivers/platform/x86/dell-laptop.o
  CC [M]  drivers/platform/x86/dell-wmi.o
  CC [M]  drivers/platform/x86/dell-wmi-aio.o
  CC [M]  drivers/platform/x86/dell-smo8800.o
  CC [M]  drivers/platform/x86/dell-rbtn.o
  CC [M]  drivers/platform/x86/acer-wmi.o
  CC [M]  drivers/platform/x86/acerhdf.o
  CC [M]  drivers/platform/x86/hp_accel.o
  CC [M]  drivers/platform/x86/hp-wireless.o
  CC [M]  drivers/platform/x86/hp-wmi.o
  CC [M]  drivers/platform/x86/amilo-rfkill.o
  CC [M]  drivers/platform/x86/sony-laptop.o
  CC [M]  drivers/platform/x86/ideapad-laptop.o
  CC [M]  drivers/platform/x86/thinkpad_acpi.o
  CC [M]  drivers/platform/x86/hdaps.o
  CC [M]  drivers/platform/x86/fujitsu-laptop.o
  CC [M]  drivers/platform/x86/fujitsu-tablet.o
  CC [M]  drivers/platform/x86/panasonic-laptop.o
  CC [M]  drivers/platform/x86/intel_menlow.o
  CC [M]  drivers/platform/x86/wmi.o
  CC [M]  drivers/platform/x86/msi-wmi.o
  CC [M]  drivers/platform/x86/topstar-laptop.o
  CC [M]  drivers/platform/x86/toshiba_acpi.o
  CC [M]  drivers/platform/x86/toshiba_bluetooth.o
  CC [M]  drivers/platform/x86/toshiba_haps.o
  CC [M]  drivers/platform/x86/toshiba-wmi.o
  CC [M]  drivers/platform/x86/intel-hid.o
  CC [M]  drivers/platform/x86/intel-vbtn.o
  CC [M]  drivers/platform/x86/intel_ips.o
  CC [M]  drivers/platform/x86/ibm_rtl.o
  CC [M]  drivers/platform/x86/samsung-laptop.o
  CC [M]  drivers/platform/x86/mxm-wmi.o
  CC [M]  drivers/platform/x86/intel_oaktrail.o
  CC [M]  drivers/platform/x86/samsung-q10.o
  CC [M]  drivers/platform/x86/apple-gmux.o
  CC [M]  drivers/platform/x86/intel-rst.o
  CC [M]  drivers/platform/x86/intel-smartconnect.o
  CC [M]  drivers/platform/x86/pvpanic.o
  CC [M]  drivers/platform/x86/alienware-wmi.o
  CC [M]  drivers/platform/x86/intel_pmc_ipc.o
  CC [M]  drivers/platform/x86/surfacepro3_button.o
  CC [M]  drivers/platform/x86/intel_punit_ipc.o
  CC [M]  drivers/platform/x86/intel_telemetry_core.o
  CC [M]  drivers/platform/x86/intel_telemetry_pltdrv.o
  CC [M]  drivers/platform/x86/intel_telemetry_debugfs.o
  LD      drivers/platform/x86/built-in.o
  LD      drivers/platform/built-in.o
  LD      net/llc/built-in.o
  CC [M]  net/llc/llc_core.o
  CC [M]  net/llc/llc_input.o
  CC [M]  net/llc/llc_output.o
  CC [M]  net/llc/llc_if.o
  CC [M]  net/llc/llc_c_ev.o
  CC [M]  net/llc/llc_c_ac.o
  CC [M]  net/llc/llc_conn.o
  CC [M]  net/llc/llc_c_st.o
  CC [M]  net/llc/llc_pdu.o
  CC [M]  net/llc/llc_sap.o
  CC [M]  net/llc/llc_s_ac.o
  CC [M]  net/llc/llc_s_ev.o
  CC [M]  net/llc/llc_s_st.o
  CC [M]  net/llc/af_llc.o
  CC [M]  net/llc/llc_station.o
  CC [M]  net/llc/llc_proc.o
  CC [M]  net/llc/sysctl_net_llc.o
  LD [M]  net/llc/llc.o
  LD [M]  net/llc/llc2.o
  LD      net/mac80211/built-in.o
  CC [M]  net/mac80211/main.o
  CC [M]  net/mac80211/status.o
  CC [M]  net/mac80211/driver-ops.o
  CC [M]  net/mac80211/sta_info.o
  CC [M]  net/mac80211/wep.o
  CC [M]  net/mac80211/wpa.o
  CC [M]  net/mac80211/scan.o
  CC [M]  net/mac80211/offchannel.o
  CC [M]  net/mac80211/ht.o
  CC [M]  net/mac80211/agg-tx.o
  CC [M]  net/mac80211/agg-rx.o
  CC [M]  net/mac80211/vht.o
  CC [M]  net/mac80211/ibss.o
  CC [M]  net/mac80211/iface.o
  CC [M]  net/mac80211/rate.o
  CC [M]  net/mac80211/michael.o
  CC [M]  net/mac80211/tkip.o
  CC [M]  net/mac80211/aes_ccm.o
  CC [M]  net/mac80211/aes_gcm.o
  CC [M]  net/mac80211/aes_cmac.o
  CC [M]  net/mac80211/aes_gmac.o
  CC [M]  net/mac80211/fils_aead.o
  CC [M]  net/mac80211/cfg.o
  CC [M]  net/mac80211/ethtool.o
  CC [M]  net/mac80211/rx.o
  CC [M]  net/mac80211/spectmgmt.o
  CC [M]  net/mac80211/tx.o
  CC [M]  net/mac80211/key.o
  CC [M]  net/mac80211/util.o
  CC [M]  net/mac80211/wme.o
  CC [M]  net/mac80211/chan.o
  CC [M]  net/mac80211/trace.o
  CC [M]  net/mac80211/mlme.o
  CC [M]  net/mac80211/tdls.o
  CC [M]  net/mac80211/ocb.o
  CC [M]  net/mac80211/led.o
  CC [M]  net/mac80211/debugfs.o
  CC [M]  net/mac80211/debugfs_sta.o
  CC [M]  net/mac80211/debugfs_netdev.o
  CC [M]  net/mac80211/debugfs_key.o
  CC [M]  net/mac80211/mesh.o
  CC [M]  net/mac80211/mesh_pathtbl.o
  CC [M]  net/mac80211/mesh_plink.o
  CC [M]  net/mac80211/mesh_hwmp.o
  CC [M]  net/mac80211/mesh_sync.o
  CC [M]  net/mac80211/mesh_ps.o
  CC [M]  net/mac80211/pm.o
  CC [M]  net/mac80211/rc80211_minstrel.o
  CC [M]  net/mac80211/rc80211_minstrel_debugfs.o
  CC [M]  net/mac80211/rc80211_minstrel_ht.o
  CC [M]  net/mac80211/rc80211_minstrel_ht_debugfs.o
  LD [M]  net/mac80211/mac80211.o
  LD      net/mac802154/built-in.o
  CC [M]  net/mac802154/main.o
  CC [M]  net/mac802154/rx.o
  CC [M]  net/mac802154/tx.o
  CC [M]  net/mac802154/mac_cmd.o
  CC [M]  net/mac802154/mib.o
  CC [M]  net/mac802154/iface.o
  CC [M]  net/mac802154/llsec.o
  CC [M]  net/mac802154/util.o
  CC [M]  net/mac802154/cfg.o
  CC [M]  net/mac802154/trace.o
  LD [M]  net/mac802154/mac802154.o
  LD      net/mpls/built-in.o
  CC [M]  net/mpls/mpls_gso.o
  CC [M]  net/mpls/af_mpls.o
  CC [M]  net/mpls/mpls_iptunnel.o
  LD [M]  net/mpls/mpls_router.o
  CC      net/ncsi/ncsi-cmd.o
  CC      net/ncsi/ncsi-rsp.o
  CC      net/ncsi/ncsi-aen.o
  CC      net/ncsi/ncsi-manage.o
  LD      net/ncsi/built-in.o
  CC      net/netfilter/core.o
  CC      net/netfilter/nf_log.o
  CC      net/netfilter/nf_queue.o
  CC      net/netfilter/nf_sockopt.o
  CC [M]  net/netfilter/nfnetlink.o
  CC [M]  net/netfilter/nfnetlink_acct.o
  CC [M]  net/netfilter/nfnetlink_queue.o
  CC [M]  net/netfilter/nfnetlink_log.o
  CC [M]  net/netfilter/nf_conntrack_core.o
  CC [M]  net/netfilter/nf_conntrack_standalone.o
  CC [M]  net/netfilter/nf_conntrack_expect.o
  CC [M]  net/netfilter/nf_conntrack_helper.o
  CC [M]  net/netfilter/nf_conntrack_proto.o
  CC [M]  net/netfilter/nf_conntrack_l3proto_generic.o
  CC [M]  net/netfilter/nf_conntrack_proto_generic.o
  CC [M]  net/netfilter/nf_conntrack_proto_tcp.o
  CC [M]  net/netfilter/nf_conntrack_proto_udp.o
  CC [M]  net/netfilter/nf_conntrack_extend.o
  CC [M]  net/netfilter/nf_conntrack_acct.o
  CC [M]  net/netfilter/nf_conntrack_seqadj.o
  CC [M]  net/netfilter/nf_conntrack_timeout.o
  CC [M]  net/netfilter/nf_conntrack_timestamp.o
  CC [M]  net/netfilter/nf_conntrack_ecache.o
  CC [M]  net/netfilter/nf_conntrack_labels.o
  CC [M]  net/netfilter/nf_conntrack_proto_dccp.o
  CC [M]  net/netfilter/nf_conntrack_proto_sctp.o
  CC [M]  net/netfilter/nf_conntrack_proto_udplite.o
  CC [M]  net/netfilter/nf_conntrack_proto_gre.o
  CC [M]  net/netfilter/nf_conntrack_netlink.o
  CC [M]  net/netfilter/nfnetlink_cttimeout.o
  CC [M]  net/netfilter/nfnetlink_cthelper.o
  CC [M]  net/netfilter/nf_conntrack_amanda.o
  CC [M]  net/netfilter/nf_conntrack_ftp.o
  CC [M]  net/netfilter/nf_conntrack_h323_main.o
  CC [M]  net/netfilter/nf_conntrack_h323_asn1.o
  CC [M]  net/netfilter/nf_conntrack_irc.o
  CC [M]  net/netfilter/nf_conntrack_broadcast.o
  CC [M]  net/netfilter/nf_conntrack_netbios_ns.o
  CC [M]  net/netfilter/nf_conntrack_snmp.o
  CC [M]  net/netfilter/nf_conntrack_pptp.o
  CC [M]  net/netfilter/nf_conntrack_sane.o
  CC [M]  net/netfilter/nf_conntrack_sip.o
  CC [M]  net/netfilter/nf_conntrack_tftp.o
  CC [M]  net/netfilter/nf_log_common.o
  CC [M]  net/netfilter/nf_nat_core.o
  CC [M]  net/netfilter/nf_nat_proto_unknown.o
  CC [M]  net/netfilter/nf_nat_proto_common.o
  CC [M]  net/netfilter/nf_nat_proto_udp.o
  CC [M]  net/netfilter/nf_nat_proto_tcp.o
  CC [M]  net/netfilter/nf_nat_helper.o
  CC [M]  net/netfilter/nf_nat_proto_dccp.o
  CC [M]  net/netfilter/nf_nat_proto_sctp.o
  CC [M]  net/netfilter/nf_nat_proto_udplite.o
  CC [M]  net/netfilter/nf_nat_redirect.o
  CC [M]  net/netfilter/nf_nat_amanda.o
  CC [M]  net/netfilter/nf_nat_ftp.o
  CC [M]  net/netfilter/nf_nat_irc.o
  CC [M]  net/netfilter/nf_nat_sip.o
  CC [M]  net/netfilter/nf_nat_tftp.o
  CC [M]  net/netfilter/nf_synproxy_core.o
  CC [M]  net/netfilter/nf_dup_netdev.o
  CC [M]  net/netfilter/nf_tables_core.o
  CC [M]  net/netfilter/nf_tables_api.o
  CC [M]  net/netfilter/nf_tables_trace.o
  CC [M]  net/netfilter/nft_immediate.o
  CC [M]  net/netfilter/nft_cmp.o
  CC [M]  net/netfilter/nft_range.o
  CC [M]  net/netfilter/nft_bitwise.o
  CC [M]  net/netfilter/nft_byteorder.o
  CC [M]  net/netfilter/nft_payload.o
  CC [M]  net/netfilter/nft_lookup.o
  CC [M]  net/netfilter/nft_dynset.o
  CC [M]  net/netfilter/nf_tables_inet.o
  CC [M]  net/netfilter/nf_tables_netdev.o
  CC [M]  net/netfilter/nft_compat.o
  CC [M]  net/netfilter/nft_exthdr.o
  CC [M]  net/netfilter/nft_meta.o
  CC [M]  net/netfilter/nft_ct.o
  CC [M]  net/netfilter/nft_limit.o
  CC [M]  net/netfilter/nft_nat.o
  CC [M]  net/netfilter/nft_queue.o
  CC [M]  net/netfilter/nft_reject.o
  CC [M]  net/netfilter/nft_reject_inet.o
  CC [M]  net/netfilter/nft_counter.o
  CC [M]  net/netfilter/nft_log.o
  CC [M]  net/netfilter/nft_masq.o
  CC [M]  net/netfilter/nft_redir.o
  CC [M]  net/netfilter/nft_hash.o
  CC [M]  net/netfilter/nft_dup_netdev.o
  CC [M]  net/netfilter/nft_fwd_netdev.o
  CC [M]  net/netfilter/x_tables.o
  CC [M]  net/netfilter/xt_tcpudp.o
  CC [M]  net/netfilter/xt_mark.o
  CC [M]  net/netfilter/xt_connmark.o
  CC [M]  net/netfilter/xt_set.o
  CC [M]  net/netfilter/xt_nat.o
  CC [M]  net/netfilter/xt_CHECKSUM.o
  CC [M]  net/netfilter/xt_CLASSIFY.o
  CC [M]  net/netfilter/xt_CONNSECMARK.o
  CC [M]  net/netfilter/xt_CT.o
  CC [M]  net/netfilter/xt_DSCP.o
  CC [M]  net/netfilter/xt_HL.o
  CC [M]  net/netfilter/xt_HMARK.o
  CC [M]  net/netfilter/xt_LED.o
  CC [M]  net/netfilter/xt_LOG.o
  CC [M]  net/netfilter/xt_NETMAP.o
  CC [M]  net/netfilter/xt_NFLOG.o
  CC [M]  net/netfilter/xt_NFQUEUE.o
  CC [M]  net/netfilter/xt_RATEEST.o
  CC [M]  net/netfilter/xt_REDIRECT.o
  CC [M]  net/netfilter/xt_SECMARK.o
  CC [M]  net/netfilter/xt_TPROXY.o
  CC [M]  net/netfilter/xt_TCPMSS.o
  CC [M]  net/netfilter/xt_TCPOPTSTRIP.o
  CC [M]  net/netfilter/xt_TEE.o
  CC [M]  net/netfilter/xt_TRACE.o
  CC [M]  net/netfilter/xt_IDLETIMER.o
  CC [M]  net/netfilter/xt_addrtype.o
  CC [M]  net/netfilter/xt_bpf.o
  CC [M]  net/netfilter/xt_cluster.o
  CC [M]  net/netfilter/xt_comment.o
  CC [M]  net/netfilter/xt_connbytes.o
  CC [M]  net/netfilter/xt_connlabel.o
  CC [M]  net/netfilter/xt_connlimit.o
  CC [M]  net/netfilter/xt_conntrack.o
  CC [M]  net/netfilter/xt_cpu.o
  CC [M]  net/netfilter/xt_dccp.o
  CC [M]  net/netfilter/xt_devgroup.o
  CC [M]  net/netfilter/xt_dscp.o
  CC [M]  net/netfilter/xt_ecn.o
  CC [M]  net/netfilter/xt_esp.o
  CC [M]  net/netfilter/xt_hashlimit.o
  CC [M]  net/netfilter/xt_helper.o
  CC [M]  net/netfilter/xt_hl.o
  CC [M]  net/netfilter/xt_ipcomp.o
  CC [M]  net/netfilter/xt_iprange.o
  CC [M]  net/netfilter/xt_ipvs.o
  CC [M]  net/netfilter/xt_l2tp.o
  CC [M]  net/netfilter/xt_length.o
  CC [M]  net/netfilter/xt_limit.o
  CC [M]  net/netfilter/xt_mac.o
  CC [M]  net/netfilter/xt_multiport.o
  CC [M]  net/netfilter/xt_nfacct.o
  CC [M]  net/netfilter/xt_osf.o
  CC [M]  net/netfilter/xt_owner.o
  CC [M]  net/netfilter/xt_cgroup.o
  CC [M]  net/netfilter/xt_physdev.o
  CC [M]  net/netfilter/xt_pkttype.o
  CC [M]  net/netfilter/xt_policy.o
  CC [M]  net/netfilter/xt_quota.o
  CC [M]  net/netfilter/xt_rateest.o
  CC [M]  net/netfilter/xt_realm.o
  CC [M]  net/netfilter/xt_recent.o
  CC [M]  net/netfilter/xt_sctp.o
  CC [M]  net/netfilter/xt_state.o
  CC [M]  net/netfilter/xt_statistic.o
  CC [M]  net/netfilter/xt_string.o
  CC [M]  net/netfilter/xt_tcpmss.o
  CC [M]  net/netfilter/xt_time.o
  CC [M]  net/netfilter/xt_u32.o
  LD      net/netfilter/ipset/built-in.o
  CC [M]  net/netfilter/ipset/ip_set_core.o
  CC [M]  net/netfilter/ipset/ip_set_getport.o
  CC [M]  net/netfilter/ipset/pfxlen.o
  CC [M]  net/netfilter/ipset/ip_set_bitmap_ip.o
  CC [M]  net/netfilter/ipset/ip_set_bitmap_ipmac.o
  CC [M]  net/netfilter/ipset/ip_set_bitmap_port.o
  CC [M]  net/netfilter/ipset/ip_set_hash_ip.o
  CC [M]  net/netfilter/ipset/ip_set_hash_ipmark.o
  CC [M]  net/netfilter/ipset/ip_set_hash_ipport.o
  CC [M]  net/netfilter/ipset/ip_set_hash_ipportip.o
  CC [M]  net/netfilter/ipset/ip_set_hash_ipportnet.o
  CC [M]  net/netfilter/ipset/ip_set_hash_mac.o
  CC [M]  net/netfilter/ipset/ip_set_hash_net.o
  CC [M]  net/netfilter/ipset/ip_set_hash_netport.o
  CC [M]  net/netfilter/ipset/ip_set_hash_netiface.o
  CC [M]  net/netfilter/ipset/ip_set_hash_netnet.o
  CC [M]  net/netfilter/ipset/ip_set_hash_netportnet.o
  CC [M]  net/netfilter/ipset/ip_set_list_set.o
  LD [M]  net/netfilter/ipset/ip_set.o
  LD      net/netfilter/ipvs/built-in.o
  CC [M]  net/netfilter/ipvs/ip_vs_conn.o
  CC [M]  net/netfilter/ipvs/ip_vs_core.o
  CC [M]  net/netfilter/ipvs/ip_vs_ctl.o
  CC [M]  net/netfilter/ipvs/ip_vs_sched.o
  CC [M]  net/netfilter/ipvs/ip_vs_xmit.o
  CC [M]  net/netfilter/ipvs/ip_vs_app.o
  CC [M]  net/netfilter/ipvs/ip_vs_sync.o
  CC [M]  net/netfilter/ipvs/ip_vs_est.o
  CC [M]  net/netfilter/ipvs/ip_vs_proto.o
  CC [M]  net/netfilter/ipvs/ip_vs_pe.o
  CC [M]  net/netfilter/ipvs/ip_vs_proto_tcp.o
  CC [M]  net/netfilter/ipvs/ip_vs_proto_udp.o
  CC [M]  net/netfilter/ipvs/ip_vs_proto_ah_esp.o
  CC [M]  net/netfilter/ipvs/ip_vs_proto_sctp.o
  CC [M]  net/netfilter/ipvs/ip_vs_nfct.o
  CC [M]  net/netfilter/ipvs/ip_vs_rr.o
  CC [M]  net/netfilter/ipvs/ip_vs_wrr.o
  CC [M]  net/netfilter/ipvs/ip_vs_lc.o
  CC [M]  net/netfilter/ipvs/ip_vs_wlc.o
  CC [M]  net/netfilter/ipvs/ip_vs_fo.o
  CC [M]  net/netfilter/ipvs/ip_vs_ovf.o
  CC [M]  net/netfilter/ipvs/ip_vs_lblc.o
  CC [M]  net/netfilter/ipvs/ip_vs_lblcr.o
  CC [M]  net/netfilter/ipvs/ip_vs_dh.o
  CC [M]  net/netfilter/ipvs/ip_vs_sh.o
  CC [M]  net/netfilter/ipvs/ip_vs_sed.o
  CC [M]  net/netfilter/ipvs/ip_vs_nq.o
  CC [M]  net/netfilter/ipvs/ip_vs_ftp.o
  CC [M]  net/netfilter/ipvs/ip_vs_pe_sip.o
  LD [M]  net/netfilter/ipvs/ip_vs.o
  LD      net/netfilter/netfilter.o
  LD [M]  net/netfilter/nf_conntrack.o
  LD [M]  net/netfilter/nf_conntrack_h323.o
  LD [M]  net/netfilter/nf_nat.o
  LD [M]  net/netfilter/nf_tables.o
  LD      net/netfilter/built-in.o
  CC      net/netlabel/netlabel_user.o
  CC      net/netlabel/netlabel_kapi.o
  CC      net/netlabel/netlabel_domainhash.o
  CC      net/netlabel/netlabel_addrlist.o
  CC      net/netlabel/netlabel_mgmt.o
  CC      net/netlabel/netlabel_unlabeled.o
  CC      net/netlabel/netlabel_cipso_v4.o
  CC      net/netlabel/netlabel_calipso.o
  LD      net/netlabel/built-in.o
  CC      net/netlink/af_netlink.o
  CC      net/netlink/genetlink.o
  CC [M]  net/netlink/diag.o
  LD      net/netlink/built-in.o
  LD [M]  net/netlink/netlink_diag.o
  CC [M]  drivers/input/sparse-keymap.o
  CC [M]  drivers/input/matrix-keymap.o
  CC [M]  drivers/input/input-leds.o
  CC [M]  drivers/input/mousedev.o
  CC [M]  drivers/input/joydev.o
  CC [M]  drivers/input/evdev.o
  LD      net/netrom/built-in.o
  CC [M]  net/netrom/af_netrom.o
  CC [M]  net/netrom/nr_dev.o
  CC [M]  net/netrom/nr_in.o
  CC [M]  net/netrom/nr_loopback.o
  CC [M]  net/netrom/nr_out.o
  CC [M]  net/netrom/nr_route.o
  CC [M]  net/netrom/nr_subr.o
  CC [M]  net/netrom/nr_timer.o
  CC [M]  net/netrom/sysctl_net_netrom.o
  LD [M]  net/netrom/netrom.o
  LD      net/nfc/built-in.o
  CC [M]  net/nfc/core.o
  CC [M]  net/nfc/netlink.o
  CC [M]  net/nfc/af_nfc.o
  CC [M]  net/nfc/rawsock.o
  CC [M]  net/nfc/llcp_core.o
  CC [M]  net/nfc/llcp_commands.o
  CC [M]  net/nfc/llcp_sock.o
  CC [M]  net/nfc/digital_core.o
  CC [M]  net/nfc/digital_technology.o
  CC [M]  net/nfc/digital_dep.o
  LD      net/nfc/hci/built-in.o
  CC [M]  net/nfc/hci/core.o
  CC [M]  net/nfc/hci/hcp.o
  CC [M]  net/nfc/hci/command.o
  CC [M]  net/nfc/hci/llc.o
  CC [M]  net/nfc/hci/llc_nop.o
  LD [M]  net/nfc/hci/hci.o
  LD      net/nfc/nci/built-in.o
  CC [M]  net/nfc/nci/core.o
  CC [M]  net/nfc/nci/data.o
  CC [M]  net/nfc/nci/lib.o
  CC [M]  net/nfc/nci/ntf.o
  CC [M]  net/nfc/nci/rsp.o
  CC [M]  net/nfc/nci/hci.o
  LD [M]  net/nfc/nci/nci.o
  LD [M]  net/nfc/nfc.o
  LD [M]  net/nfc/nfc_digital.o
  LD      net/openvswitch/built-in.o
  CC [M]  net/openvswitch/actions.o
  CC [M]  net/openvswitch/datapath.o
  CC [M]  net/openvswitch/dp_notify.o
  CC [M]  net/openvswitch/flow.o
  CC [M]  net/openvswitch/flow_netlink.o
  CC [M]  net/openvswitch/flow_table.o
  CC [M]  net/openvswitch/vport.o
  CC [M]  net/openvswitch/vport-internal_dev.o
  CC [M]  net/openvswitch/vport-netdev.o
  CC [M]  net/openvswitch/conntrack.o
  CC [M]  net/openvswitch/vport-vxlan.o
  CC [M]  net/openvswitch/vport-geneve.o
  CC [M]  net/openvswitch/vport-gre.o
  LD [M]  net/openvswitch/openvswitch.o
  CC      net/packet/af_packet.o
  CC [M]  net/packet/diag.o
  LD      net/packet/built-in.o
  LD [M]  net/packet/af_packet_diag.o
  LD      net/phonet/built-in.o
  CC [M]  net/phonet/pn_dev.o
  CC [M]  net/phonet/pn_netlink.o
  CC [M]  net/phonet/socket.o
  CC [M]  net/phonet/datagram.o
  CC [M]  net/phonet/sysctl.o
  CC [M]  net/phonet/af_phonet.o
  CC [M]  net/phonet/pep.o
  CC [M]  net/phonet/pep-gprs.o
  LD [M]  net/phonet/phonet.o
  LD [M]  net/phonet/pn_pep.o
  LD      net/rfkill/built-in.o
  CC [M]  net/rfkill/core.o
  CC [M]  net/rfkill/input.o
  CC [M]  net/rfkill/rfkill-gpio.o
  LD [M]  net/rfkill/rfkill.o
  LD      net/rose/built-in.o
  CC [M]  net/rose/af_rose.o
  CC [M]  net/rose/rose_dev.o
  CC [M]  net/rose/rose_in.o
  CC [M]  net/rose/rose_link.o
  CC [M]  net/rose/rose_loopback.o
  CC [M]  net/rose/rose_out.o
  CC [M]  net/rose/rose_route.o
  CC [M]  net/rose/rose_subr.o
  CC [M]  net/rose/rose_timer.o
  CC [M]  net/rose/sysctl_net_rose.o
  LD [M]  net/rose/rose.o
  LD      net/rxrpc/built-in.o
  CC [M]  net/rxrpc/af_rxrpc.o
  CC [M]  net/rxrpc/call_accept.o
  CC [M]  net/rxrpc/call_event.o
  CC [M]  net/rxrpc/call_object.o
  CC [M]  net/rxrpc/conn_client.o
  CC [M]  net/rxrpc/conn_event.o
  CC [M]  net/rxrpc/conn_object.o
  CC [M]  net/rxrpc/conn_service.o
  CC [M]  net/rxrpc/input.o
  CC [M]  net/rxrpc/insecure.o
  CC [M]  net/rxrpc/key.o
  CC [M]  net/rxrpc/local_event.o
  CC [M]  net/rxrpc/local_object.o
  CC [M]  net/rxrpc/misc.o
  CC [M]  net/rxrpc/output.o
  CC [M]  net/rxrpc/peer_event.o
  CC [M]  net/rxrpc/peer_object.o
  CC [M]  net/rxrpc/recvmsg.o
  CC [M]  net/rxrpc/security.o
  CC [M]  net/rxrpc/sendmsg.o
  CC [M]  net/rxrpc/skbuff.o
  CC [M]  net/rxrpc/utils.o
  CC [M]  net/rxrpc/proc.o
  CC [M]  net/rxrpc/rxkad.o
  CC [M]  net/rxrpc/sysctl.o
  LD [M]  net/rxrpc/af-rxrpc.o
  CC      net/sched/sch_generic.o
  CC      net/sched/sch_mq.o
  CC      net/sched/sch_api.o
  CC      net/sched/sch_blackhole.o
  CC      net/sched/cls_api.o
  CC      net/sched/act_api.o
  CC      net/sched/sch_fifo.o
  CC [M]  net/sched/act_police.o
  CC [M]  net/sched/act_gact.o
  CC [M]  net/sched/act_mirred.o
  CC [M]  net/sched/act_ipt.o
  CC [M]  net/sched/act_nat.o
  CC [M]  net/sched/act_pedit.o
  CC [M]  net/sched/act_simple.o
  CC [M]  net/sched/act_skbedit.o
  CC [M]  net/sched/act_csum.o
  CC [M]  net/sched/act_vlan.o
  CC [M]  net/sched/act_bpf.o
  CC [M]  net/sched/act_connmark.o
  CC [M]  net/sched/act_ife.o
  CC [M]  net/sched/act_meta_mark.o
  CC [M]  net/sched/act_meta_skbprio.o
  CC [M]  net/sched/sch_cbq.o
  CC [M]  net/sched/sch_htb.o
  CC [M]  net/sched/sch_hfsc.o
  CC [M]  net/sched/sch_red.o
  CC [M]  net/sched/sch_gred.o
  CC [M]  net/sched/sch_ingress.o
  CC [M]  net/sched/sch_dsmark.o
  CC [M]  net/sched/sch_sfb.o
  CC [M]  net/sched/sch_sfq.o
  CC [M]  net/sched/sch_tbf.o
  CC [M]  net/sched/sch_teql.o
  CC [M]  net/sched/sch_prio.o
  CC [M]  net/sched/sch_multiq.o
  CC [M]  net/sched/sch_atm.o
  CC [M]  net/sched/sch_netem.o
  CC [M]  net/sched/sch_drr.o
  CC [M]  net/sched/sch_plug.o
  CC [M]  net/sched/sch_mqprio.o
  CC [M]  net/sched/sch_choke.o
  CC [M]  net/sched/sch_qfq.o
  CC [M]  net/sched/sch_codel.o
  CC [M]  net/sched/sch_fq_codel.o
  CC [M]  net/sched/sch_fq.o
  CC [M]  net/sched/sch_hhf.o
  CC [M]  net/sched/sch_pie.o
  CC [M]  net/sched/cls_u32.o
  CC [M]  net/sched/cls_route.o
  CC [M]  net/sched/cls_fw.o
  CC [M]  net/sched/cls_rsvp.o
  CC [M]  net/sched/cls_tcindex.o
  CC [M]  net/sched/cls_rsvp6.o
  CC [M]  net/sched/cls_basic.o
  CC [M]  net/sched/cls_flow.o
  CC [M]  net/sched/cls_cgroup.o
  CC [M]  net/sched/cls_bpf.o
  CC [M]  net/sched/cls_flower.o
  CC [M]  net/sched/cls_matchall.o
  LD      net/sched/built-in.o
  LD      net/sctp/built-in.o
  CC [M]  net/sctp/sm_statetable.o
  CC [M]  net/sctp/sm_statefuns.o
  CC [M]  net/sctp/sm_sideeffect.o
  CC [M]  net/sctp/protocol.o
  CC [M]  net/sctp/endpointola.o
  CC [M]  net/sctp/associola.o
  CC [M]  net/sctp/transport.o
  CC [M]  net/sctp/chunk.o
  CC [M]  net/sctp/sm_make_chunk.o
  CC [M]  net/sctp/ulpevent.o
  CC [M]  net/sctp/inqueue.o
  CC [M]  net/sctp/outqueue.o
  CC [M]  net/sctp/ulpqueue.o
  CC [M]  net/sctp/tsnmap.o
  CC [M]  net/sctp/bind_addr.o
  CC [M]  net/sctp/socket.o
  CC [M]  net/sctp/primitive.o
  CC [M]  net/sctp/output.o
  CC [M]  net/sctp/input.o
  CC [M]  net/sctp/debug.o
  CC [M]  net/sctp/ssnmap.o
  CC [M]  net/sctp/auth.o
  CC [M]  net/sctp/offload.o
  CC [M]  net/sctp/proc.o
  CC [M]  net/sctp/sysctl.o
  CC [M]  net/sctp/ipv6.o
  CC [M]  net/sctp/probe.o
  CC [M]  net/sctp/sctp_diag.o
  LD [M]  net/sctp/sctp.o
  LD [M]  net/sctp/sctp_probe.o
  LD      net/strparser/built-in.o
  CC [M]  net/strparser/strparser.o
  LD      net/sunrpc/built-in.o
  CC [M]  net/sunrpc/clnt.o
  CC [M]  net/sunrpc/xprt.o
  CC [M]  net/sunrpc/socklib.o
  CC [M]  net/sunrpc/xprtsock.o
  CC [M]  net/sunrpc/sched.o
  CC [M]  net/sunrpc/auth.o
  CC [M]  net/sunrpc/auth_null.o
  CC [M]  net/sunrpc/auth_unix.o
  CC [M]  net/sunrpc/auth_generic.o
  CC [M]  net/sunrpc/svc.o
  CC [M]  net/sunrpc/svcsock.o
  CC [M]  net/sunrpc/svcauth.o
  CC [M]  net/sunrpc/svcauth_unix.o
  CC [M]  net/sunrpc/addr.o
  CC [M]  net/sunrpc/rpcb_clnt.o
  CC [M]  net/sunrpc/timer.o
  CC [M]  net/sunrpc/xdr.o
  CC [M]  net/sunrpc/sunrpc_syms.o
  CC [M]  net/sunrpc/cache.o
  CC [M]  net/sunrpc/rpc_pipe.o
  CC [M]  net/sunrpc/svc_xprt.o
  CC [M]  net/sunrpc/xprtmultipath.o
  CC [M]  net/sunrpc/debugfs.o
  CC [M]  net/sunrpc/backchannel_rqst.o
  CC [M]  net/sunrpc/stats.o
  CC [M]  net/sunrpc/sysctl.o
  LD      net/sunrpc/auth_gss/built-in.o
  CC [M]  net/sunrpc/auth_gss/auth_gss.o
  CC [M]  net/sunrpc/auth_gss/gss_generic_token.o
  CC [M]  net/sunrpc/auth_gss/gss_mech_switch.o
  CC [M]  net/sunrpc/auth_gss/svcauth_gss.o
  CC [M]  net/sunrpc/auth_gss/gss_rpc_upcall.o
  CC [M]  net/sunrpc/auth_gss/gss_rpc_xdr.o
  CC [M]  net/sunrpc/auth_gss/gss_krb5_mech.o
  CC [M]  net/sunrpc/auth_gss/gss_krb5_seal.o
  CC [M]  net/sunrpc/auth_gss/gss_krb5_unseal.o
  CC [M]  net/sunrpc/auth_gss/gss_krb5_seqnum.o
  CC [M]  net/sunrpc/auth_gss/gss_krb5_wrap.o
  CC [M]  net/sunrpc/auth_gss/gss_krb5_crypto.o
  CC [M]  net/sunrpc/auth_gss/gss_krb5_keys.o
  LD [M]  net/sunrpc/auth_gss/auth_rpcgss.o
  LD [M]  net/sunrpc/auth_gss/rpcsec_gss_krb5.o
  LD      net/sunrpc/xprtrdma/built-in.o
  CC [M]  net/sunrpc/xprtrdma/transport.o
  CC [M]  net/sunrpc/xprtrdma/rpc_rdma.o
  CC [M]  net/sunrpc/xprtrdma/verbs.o
  CC [M]  net/sunrpc/xprtrdma/fmr_ops.o
  CC [M]  net/sunrpc/xprtrdma/frwr_ops.o
  CC [M]  net/sunrpc/xprtrdma/svc_rdma.o
  CC [M]  net/sunrpc/xprtrdma/svc_rdma_backchannel.o
  CC [M]  net/sunrpc/xprtrdma/svc_rdma_transport.o
  CC [M]  net/sunrpc/xprtrdma/svc_rdma_marshal.o
  CC [M]  net/sunrpc/xprtrdma/svc_rdma_sendto.o
  CC [M]  net/sunrpc/xprtrdma/svc_rdma_recvfrom.o
  CC [M]  net/sunrpc/xprtrdma/module.o
  CC [M]  net/sunrpc/xprtrdma/backchannel.o
  LD [M]  net/sunrpc/xprtrdma/rpcrdma.o
  LD [M]  net/sunrpc/sunrpc.o
  LD      drivers/input/input-core.o
  CC      net/switchdev/switchdev.o
  LD      net/switchdev/built-in.o
  CC      net/unix/af_unix.o
  CC      net/unix/garbage.o
  CC      net/unix/sysctl_net_unix.o
  CC [M]  net/unix/diag.o
  LD      net/unix/unix.o
  LD [M]  net/unix/unix_diag.o
  LD      net/unix/built-in.o
  LD      net/vmw_vsock/built-in.o
  CC [M]  net/vmw_vsock/af_vsock.o
  CC [M]  net/vmw_vsock/vsock_addr.o
  CC [M]  net/vmw_vsock/vmci_transport.o
  CC [M]  net/vmw_vsock/vmci_transport_notify.o
  CC [M]  net/vmw_vsock/vmci_transport_notify_qstate.o
  CC [M]  net/vmw_vsock/virtio_transport.o
  CC [M]  net/vmw_vsock/virtio_transport_common.o
  LD [M]  net/vmw_vsock/vsock.o
  LD [M]  net/vmw_vsock/vmw_vsock_vmci_transport.o
  LD [M]  net/vmw_vsock/vmw_vsock_virtio_transport.o
  LD [M]  net/vmw_vsock/vmw_vsock_virtio_transport_common.o
  LD      net/wimax/built-in.o
  CC [M]  net/wimax/id-table.o
  CC [M]  net/wimax/op-msg.o
  CC [M]  net/wimax/op-reset.o
  CC [M]  net/wimax/op-rfkill.o
  CC [M]  net/wimax/op-state-get.o
  CC [M]  net/wimax/stack.o
  CC [M]  net/wimax/debugfs.o
  LD [M]  net/wimax/wimax.o
  CC      net/wireless/wext-core.o
  CC      net/wireless/wext-proc.o
  CC      net/wireless/wext-spy.o
  CC      net/wireless/wext-priv.o
  CC [M]  net/wireless/core.o
  CC [M]  net/wireless/sysfs.o
  CC [M]  net/wireless/radiotap.o
  CC [M]  net/wireless/util.o
  CC [M]  net/wireless/reg.o
  CC [M]  net/wireless/scan.o
  CC [M]  net/wireless/nl80211.o
  CC [M]  net/wireless/mlme.o
  CC [M]  net/wireless/ibss.o
  CC [M]  net/wireless/sme.o
  CC [M]  net/wireless/chan.o
  CC [M]  net/wireless/ethtool.o
  CC [M]  net/wireless/mesh.o
  CC [M]  net/wireless/ap.o
  CC [M]  net/wireless/trace.o
  CC [M]  net/wireless/ocb.o
  CC [M]  net/wireless/wext-compat.o
  CC [M]  net/wireless/wext-sme.o
  CC [M]  net/wireless/lib80211.o
  CC [M]  net/wireless/lib80211_crypt_wep.o
  CC [M]  net/wireless/lib80211_crypt_ccmp.o
  CC [M]  net/wireless/lib80211_crypt_tkip.o
  LD      net/wireless/built-in.o
  LD [M]  net/wireless/cfg80211.o
  CC      net/xfrm/xfrm_policy.o
  CC      net/xfrm/xfrm_state.o
  CC      net/xfrm/xfrm_hash.o
  CC      net/xfrm/xfrm_input.o
  CC      net/xfrm/xfrm_output.o
  CC      net/xfrm/xfrm_sysctl.o
  CC      net/xfrm/xfrm_replay.o
  CC [M]  net/xfrm/xfrm_algo.o
  CC [M]  net/xfrm/xfrm_user.o
  CC [M]  net/xfrm/xfrm_ipcomp.o
  LD      net/xfrm/built-in.o
  CC      net/compat.o
  CC      net/sysctl_net.o
  CC      net/ipv4/tcp.o
  CC [M]  fs/xfs/xfs_aops.o
  CC [M]  fs/xfs/xfs_attr_inactive.o
  CC [M]  drivers/isdn/hisax/st5481_init.o
  CC [M]  fs/xfs/xfs_attr_list.o
  CC [M]  drivers/isdn/hisax/st5481_usb.o
  CC [M]  drivers/isdn/hisax/st5481_d.o
  CC [M]  fs/xfs/xfs_bmap_util.o
  CC      net/ipv4/tcp_input.o
  CC [M]  drivers/isdn/hisax/st5481_b.o
  CC [M]  fs/xfs/xfs_buf.o
  CC [M]  drivers/isdn/hisax/hfc_usb.o
  CC      net/ipv4/tcp_output.o
  CC [M]  drivers/isdn/hisax/hfc4s8s_l1.o
  CC [M]  drivers/isdn/hisax/hisax_isac.o
  CC [M]  fs/xfs/xfs_dir2_readdir.o
  CC      net/ipv4/tcp_timer.o
  CC [M]  drivers/isdn/hisax/hisax_fcpcipnp.o
  CC      net/ipv4/tcp_ipv4.o
  LD [M]  drivers/isdn/hisax/hisax.o
  CC      drivers/pnp/core.o
  LD [M]  drivers/isdn/hisax/hisax_st5481.o
  LD      drivers/isdn/built-in.o
  CC [M]  fs/xfs/xfs_discard.o
  CC      net/ipv4/tcp_minisocks.o
  CC      net/ipv4/tcp_cong.o
  CC      drivers/pnp/card.o
  LD      drivers/power/avs/built-in.o
  CC [M]  drivers/input/touchscreen/wm97xx-core.o
  CC      net/ipv4/tcp_metrics.o
  CC      net/ipv4/tcp_fastopen.o
  CC [M]  fs/xfs/xfs_error.o
  CC [M]  fs/xfs/xfs_export.o
  CC      drivers/pnp/driver.o
  CC      drivers/pnp/resource.o
  LD      net/irda/ircomm/built-in.o
  LD      drivers/power/reset/built-in.o
  CC [M]  net/irda/ircomm/ircomm_core.o
  CC      drivers/power/supply/power_supply_core.o
  CC [M]  drivers/input/touchscreen/wm9705.o
  CC      drivers/pnp/manager.o
  CC      net/ipv4/tcp_rate.o
  CC      drivers/power/supply/power_supply_sysfs.o
  CC      drivers/power/supply/power_supply_leds.o
  CC      drivers/pnp/support.o
  CC [M]  drivers/input/touchscreen/wm9712.o
  CC      net/ipv4/tcp_recovery.o
  CC [M]  net/irda/ircomm/ircomm_event.o
  CC      net/ipv4/tcp_offload.o
  CC [M]  drivers/power/supply/pda_power.o
  CC [M]  fs/xfs/xfs_extent_busy.o
  CC [M]  drivers/input/touchscreen/wm9713.o
  CC      drivers/pnp/interface.o
  CC [M]  net/irda/ircomm/ircomm_lmp.o
  CC [M]  drivers/power/supply/test_power.o
  LD      net/irda/irlan/built-in.o
  CC [M]  net/irda/irlan/irlan_common.o
  CC [M]  drivers/power/supply/bq24735-charger.o
  CC      drivers/pnp/quirks.o
  CC [M]  drivers/input/touchscreen/tps6507x-ts.o
  CC [M]  net/irda/ircomm/ircomm_ttp.o
  CC [M]  net/irda/irlan/irlan_eth.o
  LD      drivers/power/supply/power_supply.o
  LD      drivers/power/supply/built-in.o
  LD      drivers/power/built-in.o
  CC      drivers/powercap/powercap_sys.o
  CC      net/ipv4/datagram.o
  CC      drivers/pnp/system.o
  CC [M]  drivers/input/touchscreen/zforce_ts.o
  CC [M]  fs/xfs/xfs_file.o
  CC [M]  net/irda/ircomm/ircomm_tty.o
  CC      drivers/pnp/pnpacpi/core.o
  CC [M]  net/irda/irlan/irlan_event.o
  CC [M]  drivers/input/touchscreen/rohm_bu21023.o
  CC [M]  drivers/powercap/intel_rapl.o
  CC [M]  net/irda/irlan/irlan_client.o
  CC      net/ipv4/raw.o
  CC [M]  net/irda/ircomm/ircomm_tty_attach.o
  CC      drivers/pnp/pnpacpi/rsparser.o
  LD      drivers/input/touchscreen/built-in.o
  LD [M]  drivers/input/touchscreen/wm97xx-ts.o
  LD      drivers/input/built-in.o
  CC [M]  fs/xfs/xfs_filestream.o
  LD      drivers/powercap/built-in.o
  LD      drivers/pps/clients/built-in.o
  CC [M]  drivers/pps/clients/pps-ktimer.o
  CC [M]  net/irda/irlan/irlan_provider.o
  LD      drivers/pnp/pnpacpi/pnp.o
  LD      drivers/pnp/pnpacpi/built-in.o
  LD      drivers/pnp/pnp.o
  LD      drivers/pnp/built-in.o
  LD      drivers/ptp/built-in.o
  CC [M]  drivers/ptp/ptp_clock.o
  CC [M]  drivers/pps/clients/pps-ldisc.o
  CC [M]  net/irda/ircomm/ircomm_tty_ioctl.o
  CC [M]  net/irda/irlan/irlan_filter.o
  CC [M]  drivers/pps/clients/pps_parport.o
  LD      net/irda/irnet/built-in.o
  CC [M]  net/irda/irnet/irnet_ppp.o
  CC [M]  net/irda/ircomm/ircomm_param.o
  CC [M]  net/irda/irlan/irlan_provider_event.o
  CC [M]  drivers/ptp/ptp_chardev.o
  CC [M]  drivers/pps/clients/pps-gpio.o
  LD [M]  net/irda/ircomm/ircomm.o
  LD [M]  net/irda/ircomm/ircomm-tty.o
  CC [M]  drivers/ptp/ptp_sysfs.o
  LD      drivers/pwm/built-in.o
  CC [M]  fs/xfs/xfs_fsops.o
  CC      drivers/ras/ras.o
  CC [M]  net/irda/irnet/irnet_irda.o
  CC [M]  net/irda/irlan/irlan_client_event.o
  LD [M]  drivers/ptp/ptp.o
  LD      drivers/remoteproc/built-in.o
  CC [M]  drivers/remoteproc/remoteproc_core.o
  LD [M]  net/irda/irlan/irlan.o
  CC [M]  drivers/remoteproc/remoteproc_debugfs.o
  LD [M]  net/irda/irnet/irnet.o
  LD [M]  net/irda/irda.o
  CC [M]  drivers/remoteproc/remoteproc_sysfs.o
  CC      drivers/ras/debugfs.o
  CC      net/ipv4/udp.o
  CC      net/ipv4/udplite.o
  LD      drivers/pps/generators/built-in.o
  CC      drivers/reset/core.o
  CC [M]  drivers/pps/pps.o
  LD      drivers/ras/built-in.o
  CC      drivers/rtc/rtc-lib.o
  LD      drivers/reset/hisilicon/built-in.o
  LD      drivers/reset/built-in.o
  CC [M]  drivers/pps/kapi.o
  LD      drivers/scsi/aacraid/built-in.o
  CC [M]  drivers/scsi/aacraid/linit.o
  CC      drivers/rtc/hctosys.o
  CC      drivers/sfi/sfi_acpi.o
  CC      drivers/rtc/systohc.o
  CC      drivers/sfi/sfi_core.o
  CC [M]  drivers/pps/sysfs.o
  CC      drivers/rtc/class.o
  LD      drivers/pps/built-in.o
  LD [M]  drivers/pps/pps_core.o
  CC [M]  fs/xfs/xfs_globals.o
  LD      drivers/scsi/aic7xxx/built-in.o
  SHIPPED drivers/scsi/aic7xxx/aic7xxx_seq.h
  SHIPPED drivers/scsi/aic7xxx/aic7xxx_reg.h
  SHIPPED drivers/scsi/aic7xxx/aic7xxx_reg_print.c
  CC [M]  drivers/scsi/aic7xxx/aic7xxx_osm.o
  CC      net/ipv4/udp_offload.o
  LD      drivers/sfi/built-in.o
  LD      drivers/scsi/aic94xx/built-in.o
  CC [M]  drivers/scsi/aic94xx/aic94xx_init.o
  CC [M]  fs/xfs/xfs_icache.o
  CC      drivers/rtc/interface.o
  CC [M]  drivers/scsi/aic7xxx/aic7xxx_proc.o
  CC [M]  drivers/scsi/aic94xx/aic94xx_hwi.o
  CC      net/ipv4/arp.o
  CC      drivers/rtc/rtc-dev.o
  CC [M]  drivers/scsi/aic7xxx/aic7xxx_osm_pci.o
  CC      drivers/rtc/rtc-proc.o
  CC [M]  drivers/scsi/aic94xx/aic94xx_reg.o
  CC [M]  fs/xfs/xfs_ioctl.o
  SHIPPED drivers/scsi/aic7xxx/aic79xx_seq.h
  CC      drivers/rtc/rtc-sysfs.o
  SHIPPED drivers/scsi/aic7xxx/aic79xx_reg.h
  SHIPPED drivers/scsi/aic7xxx/aic79xx_reg_print.c
  CC [M]  drivers/scsi/aic7xxx/aic79xx_osm.o
  CC      net/ipv4/icmp.o
  CC      drivers/rtc/rtc-mc146818-lib.o
  CC [M]  drivers/scsi/aic94xx/aic94xx_sds.o
  CC [M]  drivers/scsi/aic94xx/aic94xx_seq.o
  CC [M]  drivers/scsi/aic7xxx/aic79xx_proc.o
  CC      drivers/rtc/rtc-cmos.o
  CC [M]  drivers/scsi/aic7xxx/aic79xx_osm_pci.o
  CC [M]  drivers/rtc/rtc-abx80x.o
  CC [M]  drivers/scsi/aic94xx/aic94xx_dump.o
  CC      net/ipv4/devinet.o
  CC [M]  fs/xfs/xfs_iomap.o
  CC [M]  drivers/rtc/rtc-bq32k.o
  CC [M]  drivers/scsi/aic7xxx/aic7xxx_core.o
  CC [M]  drivers/scsi/aic94xx/aic94xx_scb.o
  CC [M]  drivers/rtc/rtc-bq4802.o
  CC [M]  drivers/rtc/rtc-ds1286.o
  CC [M]  drivers/scsi/aic94xx/aic94xx_dev.o
  CC [M]  drivers/rtc/rtc-ds1307.o
  CC [M]  drivers/scsi/aic94xx/aic94xx_tmf.o
  CC      net/ipv4/af_inet.o
  CC [M]  fs/xfs/xfs_iops.o
  CC [M]  drivers/rtc/rtc-ds1374.o
  CC [M]  drivers/scsi/aic94xx/aic94xx_task.o
  CC [M]  drivers/scsi/aic7xxx/aic7xxx_93cx6.o
  CC [M]  drivers/rtc/rtc-ds1511.o
  LD [M]  drivers/scsi/aic94xx/aic94xx.o
  CC      net/ipv6/ping.o
  CC [M]  drivers/rtc/rtc-ds1553.o
  CC      net/ipv4/igmp.o
  CC [M]  drivers/scsi/aic7xxx/aic7xxx_pci.o
  CC [M]  drivers/rtc/rtc-ds1672.o
  CC [M]  drivers/rtc/rtc-ds1685.o
  CC [M]  drivers/rtc/rtc-ds1742.o
  CC      net/ipv6/exthdrs.o
  CC [M]  drivers/scsi/aic7xxx/aic7xxx_reg_print.o
  CC [M]  fs/xfs/xfs_inode.o
  CC [M]  drivers/rtc/rtc-ds2404.o
  LD      drivers/soc/bcm/built-in.o
  LD      drivers/soc/fsl/built-in.o
  LD      drivers/soc/built-in.o
  LD      drivers/scsi/arcmsr/built-in.o
  CC [M]  drivers/scsi/arcmsr/arcmsr_attr.o
  CC [M]  drivers/scsi/aic7xxx/aic79xx_core.o
  CC      net/ipv4/fib_frontend.o
  CC [M]  drivers/scsi/arcmsr/arcmsr_hba.o
  LD [M]  drivers/scsi/arcmsr/arcmsr.o
  CC [M]  drivers/scsi/aacraid/aachba.o
  CC      net/ipv6/datagram.o
  CC [M]  drivers/remoteproc/remoteproc_virtio.o
  CC [M]  drivers/scsi/aacraid/commctrl.o
  CC [M]  fs/xfs/xfs_itable.o
  CC      net/ipv4/fib_semantics.o
  CC [M]  drivers/remoteproc/remoteproc_elf_loader.o
  CC [M]  drivers/rtc/rtc-ds3232.o
  CC      net/ipv6/ip6_flowlabel.o
  CC [M]  drivers/scsi/aic7xxx/aic79xx_pci.o
  LD [M]  drivers/remoteproc/remoteproc.o
  CC      drivers/spi/spi.o
  CC [M]  drivers/scsi/aacraid/comminit.o
  CC [M]  drivers/scsi/aic7xxx/aic79xx_reg_print.o
  CC [M]  drivers/rtc/rtc-em3027.o
  CC [M]  drivers/rtc/rtc-fm3130.o
  CC [M]  fs/xfs/xfs_message.o
  CC [M]  drivers/rtc/rtc-isl12022.o
  CC [M]  drivers/scsi/aacraid/commsup.o
  LD [M]  drivers/scsi/aic7xxx/aic7xxx.o
  LD [M]  drivers/scsi/aic7xxx/aic79xx.o
  LD      drivers/scsi/be2iscsi/built-in.o
  LD      drivers/scsi/bfa/built-in.o
  CC [M]  drivers/scsi/be2iscsi/be_iscsi.o
  CC [M]  drivers/scsi/bfa/bfad.o
  CC [M]  fs/xfs/xfs_mount.o
  CC [M]  drivers/rtc/rtc-isl1208.o
  CC [M]  drivers/rtc/rtc-m41t80.o
  CC [M]  drivers/scsi/aacraid/dpcsup.o
  CC [M]  drivers/scsi/bfa/bfad_im.o
  CC [M]  drivers/scsi/be2iscsi/be_main.o
  CC [M]  drivers/scsi/aacraid/rx.o
  CC [M]  drivers/rtc/rtc-m48t35.o
  CC [M]  drivers/rtc/rtc-m48t59.o
  CC [M]  drivers/scsi/bfa/bfad_attr.o
  CC [M]  fs/xfs/xfs_mru_cache.o
  CC [M]  drivers/scsi/aacraid/sa.o
  CC [M]  drivers/rtc/rtc-m48t86.o
  CC [M]  fs/xfs/xfs_reflink.o
  CC [M]  drivers/scsi/aacraid/rkt.o
  CC [M]  drivers/scsi/bfa/bfad_debugfs.o
  CC [M]  drivers/rtc/rtc-max6900.o
  CC [M]  drivers/scsi/aacraid/nark.o
  CC [M]  drivers/rtc/rtc-max6916.o
  CC [M]  drivers/scsi/bfa/bfad_bsg.o
  CC [M]  drivers/scsi/be2iscsi/be_mgmt.o
  CC [M]  drivers/scsi/aacraid/src.o
  CC [M]  drivers/rtc/rtc-mc13xxx.o
  CC [M]  drivers/rtc/rtc-msm6242.o
  CC [M]  fs/xfs/xfs_stats.o
  LD [M]  drivers/scsi/aacraid/aacraid.o
  CC [M]  fs/xfs/xfs_super.o
  CC [M]  drivers/scsi/be2iscsi/be_cmds.o
  CC [M]  drivers/rtc/rtc-pcf2127.o
  CC [M]  drivers/scsi/bfa/bfa_ioc.o
  LD      drivers/scsi/bnx2fc/built-in.o
  CC [M]  drivers/scsi/bnx2fc/bnx2fc_els.o
  CC [M]  drivers/rtc/rtc-pcf50633.o
  LD [M]  drivers/scsi/be2iscsi/be2iscsi.o
  LD      drivers/scsi/bnx2i/built-in.o
  CC [M]  drivers/scsi/bnx2i/bnx2i_init.o
  CC [M]  drivers/rtc/rtc-pcf85063.o
  CC [M]  drivers/scsi/bnx2fc/bnx2fc_fcoe.o
  CC [M]  drivers/rtc/rtc-pcf8523.o
  CC [M]  drivers/scsi/bnx2i/bnx2i_hwi.o
  CC [M]  drivers/rtc/rtc-pcf8563.o
  CC [M]  drivers/scsi/bfa/bfa_ioc_cb.o
  CC [M]  drivers/rtc/rtc-pcf8583.o
  CC [M]  drivers/scsi/bnx2fc/bnx2fc_hwi.o
  CC [M]  drivers/scsi/bnx2i/bnx2i_iscsi.o
  CC [M]  drivers/rtc/rtc-rp5c01.o
  CC [M]  drivers/scsi/bfa/bfa_ioc_ct.o
  CC [M]  drivers/rtc/rtc-rs5c372.o
  CC [M]  drivers/scsi/bfa/bfa_hw_cb.o
  CC [M]  drivers/rtc/rtc-rv3029c2.o
  CC [M]  drivers/scsi/bnx2fc/bnx2fc_io.o
  CC [M]  drivers/scsi/bnx2i/bnx2i_sysfs.o
  CC [M]  drivers/scsi/bfa/bfa_hw_ct.o
  CC [M]  drivers/rtc/rtc-rx8010.o
  LD [M]  drivers/scsi/bnx2i/bnx2i.o
  CC [M]  fs/xfs/xfs_symlink.o
  CC [M]  drivers/rtc/rtc-rx8025.o
  CC [M]  drivers/scsi/bfa/bfa_fcs.o
  CC [M]  fs/xfs/xfs_sysfs.o
  CC [M]  drivers/scsi/bnx2fc/bnx2fc_tgt.o
  CC [M]  drivers/rtc/rtc-rx8581.o
  CC [M]  drivers/rtc/rtc-s35390a.o
  CC [M]  drivers/spi/spidev.o
  CC      net/ipv6/inet6_connection_sock.o
  CC [M]  drivers/spi/spi-altera.o
  CC [M]  drivers/scsi/bfa/bfa_fcs_lport.o
  CC [M]  drivers/scsi/bnx2fc/bnx2fc_debug.o
  CC [M]  drivers/rtc/rtc-stk17ta8.o
  CC [M]  drivers/rtc/rtc-test.o
  CC [M]  drivers/spi/spi-bitbang.o
  CC [M]  drivers/spi/spi-butterfly.o
  CC      net/ipv6/udp_offload.o
  CC [M]  drivers/rtc/rtc-v3020.o
  CC [M]  drivers/rtc/rtc-x1205.o
  CC [M]  drivers/spi/spi-dw.o
  CC      net/ipv4/fib_trie.o
  LD [M]  drivers/scsi/bnx2fc/bnx2fc.o
  LD      drivers/spmi/built-in.o
  CC [M]  drivers/spmi/spmi.o
  CC      net/ipv6/seg6.o
  CC [M]  drivers/scsi/bfa/bfa_fcs_rport.o
  LD      drivers/rtc/rtc-core.o
  LD      drivers/rtc/built-in.o
  CC [M]  fs/xfs/xfs_trans.o
  LD      drivers/ssb/built-in.o
  CC [M]  drivers/ssb/main.o
  CC [M]  drivers/spi/spi-dw-mmio.o
  CC      net/ipv6/sysctl_net_ipv6.o
  CC [M]  drivers/spi/spi-dw-pci.o
  CC [M]  drivers/spi/spi-dw-mid.o
  CC [M]  drivers/ssb/scan.o
  CC [M]  drivers/scsi/bfa/bfa_fcs_fcpim.o
  CC      net/ipv6/ip6mr.o
  CC [M]  drivers/spi/spi-gpio.o
  LD      drivers/scsi/csiostor/built-in.o
  CC [M]  drivers/scsi/csiostor/csio_attr.o
  CC      net/ipv6/xfrm6_policy.o
  CC      net/ipv4/inet_fragment.o
  CC [M]  drivers/spi/spi-lm70llp.o
  CC [M]  drivers/scsi/csiostor/csio_init.o
  CC [M]  drivers/ssb/sprom.o
  LD      drivers/scsi/cxgbi/built-in.o
  CC [M]  drivers/scsi/cxgbi/libcxgbi.o
  CC [M]  drivers/spi/spi-oc-tiny.o
  CC      net/ipv4/ping.o
  CC [M]  drivers/ssb/pci.o
  CC [M]  drivers/scsi/csiostor/csio_lnode.o
  CC [M]  drivers/spi/spi-pxa2xx.o
  CC [M]  drivers/ssb/pcihost_wrapper.o
  CC [M]  drivers/scsi/csiostor/csio_scsi.o
  CC [M]  drivers/spi/spi-pxa2xx-dma.o
  CC      net/ipv4/ip_tunnel_core.o
  CC [M]  drivers/ssb/pcmcia.o
  CC [M]  drivers/spi/spi-pxa2xx-pci.o
  LD      drivers/scsi/cxgbi/cxgb3i/built-in.o
  CC [M]  drivers/scsi/cxgbi/cxgb3i/cxgb3i.o
  CC [M]  drivers/scsi/csiostor/csio_hw.o
  CC [M]  drivers/spi/spi-rockchip.o
  CC [M]  drivers/ssb/bridge_pcmcia_80211.o
  CC      net/ipv4/gre_offload.o
  CC [M]  drivers/ssb/sdio.o
  CC [M]  drivers/spi/spi-sc18is602.o
  LD      drivers/scsi/cxgbi/cxgb4i/built-in.o
  CC [M]  drivers/scsi/cxgbi/cxgb4i/cxgb4i.o
  CC [M]  drivers/spi/spi-tle62x0.o
  CC [M]  drivers/scsi/csiostor/csio_hw_t5.o
  CC      net/ipv4/sysctl_net_ipv4.o
  CC [M]  drivers/ssb/driver_chipcommon.o
  CC [M]  drivers/spi/spi-xcomm.o
  CC [M]  drivers/scsi/csiostor/csio_isr.o
  CC      net/ipv4/proc.o
  CC [M]  drivers/spi/spi-xilinx.o
  CC [M]  drivers/ssb/driver_chipcommon_pmu.o
  CC [M]  drivers/spi/spi-zynqmp-gqspi.o
  CC [M]  drivers/scsi/csiostor/csio_mb.o
  CC      net/ipv4/fib_rules.o
  CC [M]  drivers/scsi/bfa/bfa_fcbuild.o
  CC      net/ipv4/ipmr.o
  CC [M]  drivers/ssb/driver_pcicore.o
  LD      drivers/spi/built-in.o
  LD [M]  drivers/spi/spi-dw-midpci.o
  LD [M]  drivers/spi/spi-pxa2xx-platform.o
  CC [M]  drivers/scsi/csiostor/csio_rnode.o
  CC [M]  drivers/scsi/bfa/bfa_port.o
  CC [M]  drivers/ssb/driver_gpio.o
  CC [M]  drivers/scsi/bfa/bfa_fcpim.o
  CC [M]  drivers/scsi/csiostor/csio_wr.o
  CC      net/ipv6/xfrm6_state.o
  CC      net/ipv4/syncookies.o
  LD      drivers/staging/comedi/built-in.o
  CC [M]  drivers/scsi/bfa/bfa_core.o
  CC [M]  drivers/staging/comedi/comedi_pci.o
  CC [M]  drivers/ssb/b43_pci_bridge.o
  LD [M]  drivers/ssb/ssb.o
  CC [M]  drivers/staging/comedi/comedi_pcmcia.o
  LD [M]  drivers/scsi/csiostor/csiostor.o
  CC      net/ipv6/xfrm6_input.o
  LD      drivers/scsi/device_handler/built-in.o
  CC [M]  drivers/scsi/device_handler/scsi_dh_rdac.o
  CC      net/ipv6/xfrm6_output.o
  CC [M]  drivers/scsi/bfa/bfa_svc.o
  CC      net/ipv4/netfilter.o
  CC [M]  drivers/scsi/device_handler/scsi_dh_hp_sw.o
  LD      drivers/scsi/esas2r/built-in.o
  CC      net/ipv6/xfrm6_protocol.o
  CC [M]  drivers/scsi/esas2r/esas2r_log.o
  CC [M]  drivers/scsi/esas2r/esas2r_disc.o
  CC      net/ipv6/netfilter.o
  CC [M]  drivers/scsi/esas2r/esas2r_flash.o
  LD [M]  drivers/scsi/bfa/bfa.o
  CC [M]  drivers/scsi/device_handler/scsi_dh_emc.o
  CC [M]  fs/xfs/xfs_xattr.o
  CC [M]  fs/xfs/kmem.o
  LD      drivers/target/built-in.o
  CC [M]  drivers/target/target_core_configfs.o
  CC [M]  drivers/scsi/esas2r/esas2r_init.o
  CC [M]  drivers/scsi/device_handler/scsi_dh_alua.o
  LD      net/ipv4/netfilter/built-in.o
  CC [M]  net/ipv4/netfilter/nf_conntrack_l3proto_ipv4.o
  CC      drivers/thermal/thermal_core.o
  CC [M]  drivers/scsi/esas2r/esas2r_int.o
  CC [M]  net/ipv4/netfilter/nf_conntrack_proto_icmp.o
  CC [M]  drivers/staging/comedi/comedi_usb.o
  CC [M]  fs/xfs/uuid.o
  CC [M]  net/ipv4/netfilter/nf_nat_l3proto_ipv4.o
  CC [M]  drivers/target/target_core_device.o
  CC [M]  drivers/scsi/esas2r/esas2r_io.o
  CC [M]  fs/xfs/xfs_log.o
  CC      drivers/thermal/thermal_sysfs.o
  CC [M]  drivers/staging/comedi/comedi_fops.o
  CC      drivers/thermal/thermal_helpers.o
  CC [M]  drivers/scsi/esas2r/esas2r_ioctl.o
  CC [M]  fs/xfs/xfs_log_cil.o
  CC      drivers/thermal/thermal_hwmon.o
  CC [M]  net/ipv4/netfilter/nf_nat_proto_icmp.o
  CC [M]  drivers/target/target_core_fabric_configfs.o
  CC [M]  net/ipv4/netfilter/nf_defrag_ipv4.o
  CC [M]  drivers/scsi/esas2r/esas2r_targdb.o
  CC      drivers/thermal/fair_share.o
  CC [M]  net/ipv4/netfilter/nf_log_arp.o
  CC [M]  drivers/staging/comedi/range.o
  CC [M]  drivers/target/target_core_fabric_lib.o
  CC      drivers/thermal/gov_bang_bang.o
  CC      drivers/thermal/step_wise.o
  CC [M]  drivers/scsi/esas2r/esas2r_vda.o
  CC [M]  drivers/staging/comedi/drivers.o
  CC [M]  drivers/target/target_core_hba.o
  CC      net/ipv6/fib6_rules.o
  CC      drivers/thermal/user_space.o
  CC [M]  net/ipv4/netfilter/nf_log_ipv4.o
  CC [M]  fs/xfs/xfs_bmap_item.o
  CC [M]  fs/xfs/xfs_buf_item.o
  LD      drivers/thermal/int340x_thermal/built-in.o
  CC [M]  drivers/thermal/int340x_thermal/int3400_thermal.o
  CC      net/ipv6/proc.o
  CC [M]  drivers/staging/comedi/comedi_buf.o
  CC [M]  net/ipv4/netfilter/nf_reject_ipv4.o
  CC [M]  drivers/thermal/int340x_thermal/int340x_thermal_zone.o
  CC [M]  drivers/target/target_core_pr.o
  CC      net/ipv6/syncookies.o
  CC [M]  drivers/thermal/int340x_thermal/int3402_thermal.o
  CC [M]  drivers/staging/comedi/proc.o
  CC [M]  drivers/thermal/int340x_thermal/int3403_thermal.o
  CC [M]  drivers/scsi/esas2r/esas2r_main.o
  CC [M]  drivers/target/target_core_alua.o
  CC [M]  net/ipv4/netfilter/nf_nat_h323.o
  CC [M]  drivers/staging/comedi/comedi_compat32.o
  CC [M]  fs/xfs/xfs_extfree_item.o
  CC      net/ipv6/calipso.o
  CC [M]  drivers/thermal/int340x_thermal/processor_thermal_device.o
  CC [M]  fs/xfs/xfs_icreate_item.o
  LD      drivers/staging/comedi/drivers/built-in.o
  CC [M]  drivers/staging/comedi/drivers/comedi_8254.o
  LD      drivers/staging/comedi/kcomedilib/built-in.o
  CC [M]  drivers/staging/comedi/kcomedilib/kcomedilib_main.o
  LD [M]  drivers/scsi/esas2r/esas2r.o
  LD      drivers/scsi/fcoe/built-in.o
  CC [M]  drivers/scsi/fcoe/fcoe.o
  CC [M]  net/ipv4/netfilter/nf_nat_pptp.o
  CC [M]  fs/xfs/xfs_inode_item.o
  CC [M]  drivers/thermal/int340x_thermal/int3406_thermal.o
  CC [M]  drivers/thermal/int340x_thermal/acpi_thermal_rel.o
  LD [M]  drivers/staging/comedi/kcomedilib/kcomedilib.o
  CC [M]  drivers/staging/comedi/drivers/comedi_bond.o
  CC [M]  fs/xfs/xfs_refcount_item.o
  LD      net/ipv6/ila/built-in.o
  CC [M]  net/ipv6/ila/ila_common.o
  CC [M]  net/ipv4/netfilter/nf_nat_snmp_basic.o
  CC [M]  drivers/scsi/fcoe/fcoe_ctlr.o
  CC [M]  drivers/staging/comedi/drivers/comedi_test.o
  LD [M]  drivers/staging/comedi/comedi.o
  CC [M]  drivers/scsi/fcoe/fcoe_transport.o
  CC [M]  net/ipv6/ila/ila_lwt.o
  LD      drivers/thermal/samsung/built-in.o
  CC [M]  drivers/thermal/intel_powerclamp.o
  CC [M]  net/ipv4/netfilter/nf_nat_masquerade_ipv4.o
  CC [M]  net/ipv6/ila/ila_xlat.o
  CC [M]  fs/xfs/xfs_rmap_item.o
  CC [M]  drivers/thermal/x86_pkg_temp_thermal.o
  CC [M]  fs/xfs/xfs_log_recover.o
  CC [M]  drivers/thermal/intel_soc_dts_iosf.o
  CC [M]  drivers/staging/comedi/drivers/comedi_parport.o
  CC [M]  drivers/target/target_core_tmr.o
  CC [M]  drivers/staging/comedi/drivers/serial2002.o
  LD [M]  net/ipv6/ila/ila.o
  LD      net/ipv6/netfilter/built-in.o
  CC [M]  net/ipv6/netfilter/ip6_tables.o
  CC [M]  net/ipv4/netfilter/nf_nat_proto_gre.o
  CC [M]  drivers/scsi/fcoe/fcoe_sysfs.o
  CC [M]  net/ipv6/netfilter/ip6table_filter.o
  CC [M]  drivers/thermal/intel_soc_dts_thermal.o
  CC [M]  drivers/staging/comedi/drivers/8255_pci.o
  CC [M]  drivers/thermal/intel_pch_thermal.o
  CC [M]  drivers/staging/comedi/drivers/addi_watchdog.o
  CC [M]  drivers/target/target_core_tpg.o
  CC [M]  drivers/thermal/thermal-generic-adc.o
  CC [M]  net/ipv4/netfilter/nf_tables_ipv4.o
  CC [M]  drivers/target/target_core_transport.o
  LD      drivers/thermal/thermal_sys.o
  LD      drivers/thermal/built-in.o
  CC [M]  drivers/staging/comedi/drivers/addi_apci_1032.o
  CC [M]  net/ipv6/netfilter/ip6table_mangle.o
  CC [M]  net/ipv6/netfilter/ip6table_raw.o
  CC [M]  drivers/staging/comedi/drivers/addi_apci_1500.o
  CC [M]  net/ipv4/netfilter/nft_chain_route_ipv4.o
  CC [M]  drivers/staging/comedi/drivers/addi_apci_1516.o
  CC [M]  drivers/target/target_core_sbc.o
  CC [M]  drivers/target/target_core_spc.o
  LD [M]  drivers/scsi/fcoe/libfcoe.o
  CC [M]  net/ipv6/netfilter/ip6table_security.o
  LD      drivers/scsi/fnic/built-in.o
  CC [M]  drivers/scsi/fnic/fnic_attrs.o
  CC [M]  drivers/staging/comedi/drivers/addi_apci_1564.o
  CC [M]  net/ipv6/netfilter/ip6table_nat.o
  CC [M]  drivers/staging/comedi/drivers/addi_apci_16xx.o
  CC [M]  drivers/scsi/fnic/fnic_isr.o
  CC [M]  drivers/staging/comedi/drivers/addi_apci_2032.o
  CC [M]  net/ipv6/netfilter/nf_conntrack_l3proto_ipv6.o
  CC [M]  drivers/target/target_core_ua.o
  CC [M]  fs/xfs/xfs_trans_ail.o
  CC [M]  net/ipv4/netfilter/nft_chain_nat_ipv4.o
  CC [M]  fs/xfs/xfs_trans_bmap.o
  CC [M]  net/ipv6/netfilter/nf_conntrack_proto_icmpv6.o
  CC [M]  drivers/scsi/fnic/fnic_main.o
  CC [M]  drivers/staging/comedi/drivers/addi_apci_2200.o
  CC      net/ipv4/tcp_cubic.o
  CC [M]  net/ipv4/netfilter/nft_reject_ipv4.o
  CC [M]  net/ipv4/netfilter/nft_masq_ipv4.o
  CC [M]  net/ipv6/netfilter/nf_nat_l3proto_ipv6.o
  CC [M]  drivers/scsi/fnic/fnic_res.o
  CC [M]  drivers/staging/comedi/drivers/addi_apci_3120.o
  CC [M]  net/ipv6/netfilter/nf_nat_proto_icmpv6.o
  CC [M]  net/ipv4/netfilter/nft_redir_ipv4.o
  CC [M]  net/ipv4/netfilter/nft_dup_ipv4.o
  CC [M]  drivers/scsi/fnic/fnic_fcs.o
  CC [M]  net/ipv6/netfilter/nf_nat_masquerade_ipv6.o
  CC [M]  fs/xfs/xfs_trans_buf.o
  CC [M]  drivers/staging/comedi/drivers/addi_apci_3501.o
  CC [M]  net/ipv4/netfilter/nf_tables_arp.o
  CC [M]  net/ipv6/netfilter/nf_defrag_ipv6_hooks.o
  CC      net/ipv4/cipso_ipv4.o
  CC [M]  drivers/staging/comedi/drivers/addi_apci_3xxx.o
  CC [M]  drivers/scsi/fnic/fnic_scsi.o
  CC [M]  drivers/staging/comedi/drivers/adl_pci6208.o
  CC      net/ipv4/xfrm4_policy.o
  LD      drivers/thunderbolt/built-in.o
  CC [M]  drivers/thunderbolt/nhi.o
  CC [M]  net/ipv6/netfilter/nf_conntrack_reasm.o
  CC [M]  drivers/staging/comedi/drivers/adl_pci7x3x.o
  CC [M]  drivers/thunderbolt/ctl.o
  CC [M]  drivers/staging/comedi/drivers/adl_pci8164.o
  CC [M]  fs/xfs/xfs_trans_extfree.o
  CC [M]  drivers/staging/comedi/drivers/adl_pci9111.o
  CC [M]  drivers/thunderbolt/tb.o
  CC [M]  drivers/scsi/fnic/fnic_trace.o
  CC [M]  net/ipv6/netfilter/nf_log_ipv6.o
  CC [M]  drivers/staging/comedi/drivers/adl_pci9118.o
  CC [M]  drivers/thunderbolt/switch.o
  CC [M]  drivers/scsi/fnic/fnic_debugfs.o
  CC [M]  fs/xfs/xfs_trans_inode.o
  CC [M]  net/ipv6/netfilter/nf_reject_ipv6.o
  CC [M]  drivers/staging/comedi/drivers/adv_pci1710.o
  CC [M]  drivers/thunderbolt/cap.o
  CC [M]  drivers/scsi/fnic/vnic_cq.o
  CC [M]  drivers/staging/comedi/drivers/adv_pci1720.o
  CC [M]  drivers/thunderbolt/path.o
  CC [M]  drivers/scsi/fnic/vnic_dev.o
  CC [M]  net/ipv6/netfilter/nf_dup_ipv6.o
  CC [M]  fs/xfs/xfs_trans_refcount.o
  CC [M]  drivers/staging/comedi/drivers/adv_pci1723.o
  CC [M]  drivers/thunderbolt/tunnel_pci.o
  CC [M]  drivers/staging/comedi/drivers/adv_pci1724.o
  CC [M]  fs/xfs/xfs_trans_rmap.o
  CC [M]  drivers/scsi/fnic/vnic_intr.o
  CC [M]  drivers/thunderbolt/eeprom.o
  CC [M]  drivers/staging/comedi/drivers/adv_pci1760.o
  CC [M]  fs/xfs/xfs_dquot.o
  CC [M]  drivers/scsi/fnic/vnic_rq.o
  CC [M]  net/ipv6/netfilter/nf_tables_ipv6.o
  CC [M]  drivers/staging/comedi/drivers/adv_pci_dio.o
  LD [M]  drivers/thunderbolt/thunderbolt.o
  LD      drivers/staging/dgnc/built-in.o
  CC [M]  drivers/staging/dgnc/dgnc_cls.o
  CC [M]  drivers/scsi/fnic/vnic_wq_copy.o
  CC [M]  drivers/staging/comedi/drivers/amplc_dio200_pci.o
  CC [M]  drivers/scsi/fnic/vnic_wq.o
  CC [M]  drivers/staging/dgnc/dgnc_driver.o
  CC [M]  net/ipv6/netfilter/nft_chain_route_ipv6.o
  CC [M]  drivers/staging/comedi/drivers/amplc_pci236.o
  LD [M]  drivers/scsi/fnic/fnic.o
  LD      drivers/scsi/isci/built-in.o
  CC [M]  drivers/scsi/isci/init.o
  CC [M]  drivers/staging/dgnc/dgnc_mgmt.o
  CC [M]  drivers/staging/comedi/drivers/amplc_pci263.o
  CC [M]  net/ipv6/netfilter/nft_chain_nat_ipv6.o
  CC [M]  drivers/staging/dgnc/dgnc_neo.o
  CC [M]  drivers/staging/comedi/drivers/amplc_pci224.o
  CC [M]  drivers/scsi/isci/phy.o
  CC [M]  net/ipv6/netfilter/nft_reject_ipv6.o
  CC [M]  drivers/staging/dgnc/dgnc_tty.o
  CC [M]  drivers/staging/comedi/drivers/amplc_pci230.o
  CC [M]  net/ipv6/netfilter/nft_masq_ipv6.o
  CC [M]  drivers/scsi/isci/request.o
  CC [M]  drivers/staging/comedi/drivers/contec_pci_dio.o
  CC [M]  net/ipv6/netfilter/nft_redir_ipv6.o
  CC [M]  drivers/staging/dgnc/dgnc_utils.o
  CC [M]  drivers/staging/comedi/drivers/das08_pci.o
  LD [M]  drivers/staging/dgnc/dgnc.o
  CC [M]  fs/xfs/xfs_dquot_item.o
  CC [M]  net/ipv4/netfilter/ip_tables.o
  CC [M]  fs/xfs/xfs_trans_dquot.o
  CC [M]  net/ipv6/netfilter/nft_dup_ipv6.o
  CC [M]  drivers/staging/comedi/drivers/dt3000.o
  CC [M]  net/ipv6/netfilter/ip6t_ah.o
  CC [M]  fs/xfs/xfs_qm_syscalls.o
  CC      net/ipv6/addrconf_core.o
  CC [M]  drivers/staging/comedi/drivers/dyna_pci10xx.o
  CC [M]  net/ipv6/netfilter/ip6t_eui64.o
  CC [M]  drivers/staging/comedi/drivers/gsc_hpdi.o
  CC [M]  net/ipv4/netfilter/iptable_filter.o
  CC      net/ipv6/exthdrs_core.o
  CC [M]  net/ipv6/netfilter/ip6t_frag.o
  CC [M]  drivers/staging/comedi/drivers/icp_multi.o
  CC [M]  net/ipv4/netfilter/iptable_mangle.o
  CC [M]  drivers/staging/comedi/drivers/daqboard2000.o
  CC [M]  net/ipv4/netfilter/iptable_nat.o
  CC [M]  net/ipv6/netfilter/ip6t_ipv6header.o
  CC [M]  fs/xfs/xfs_qm_bhv.o
  CC      net/ipv4/xfrm4_state.o
  CC      drivers/tty/tty_io.o
  CC [M]  drivers/staging/comedi/drivers/jr3_pci.o
  CC [M]  net/ipv6/netfilter/ip6t_mh.o
  CC [M]  drivers/staging/comedi/drivers/ke_counter.o
  CC [M]  net/ipv4/netfilter/iptable_raw.o
  CC [M]  drivers/target/target_core_rd.o
  CC [M]  drivers/staging/comedi/drivers/cb_pcidas64.o
  CC      drivers/tty/n_tty.o
  CC [M]  net/ipv6/netfilter/ip6t_hbh.o
  CC [M]  net/ipv4/netfilter/iptable_security.o
  CC [M]  drivers/staging/comedi/drivers/cb_pcidas.o
  CC      drivers/tty/tty_ioctl.o
  CC [M]  net/ipv6/netfilter/ip6t_rpfilter.o
  CC [M]  net/ipv4/netfilter/ipt_ah.o
  CC [M]  drivers/target/target_core_stat.o
  CC [M]  drivers/scsi/isci/remote_device.o
  CC [M]  net/ipv4/netfilter/ipt_rpfilter.o
  CC [M]  drivers/staging/comedi/drivers/cb_pcidda.o
  CC [M]  net/ipv6/netfilter/ip6t_rt.o
  CC [M]  net/ipv6/netfilter/ip6t_MASQUERADE.o
  CC [M]  drivers/staging/comedi/drivers/cb_pcimdas.o
  CC [M]  net/ipv4/netfilter/ipt_CLUSTERIP.o
  CC [M]  net/ipv4/netfilter/ipt_ECN.o
  CC [M]  drivers/target/target_core_xcopy.o
  CC [M]  drivers/staging/comedi/drivers/cb_pcimdda.o
  CC [M]  drivers/target/target_core_iblock.o
  CC [M]  drivers/staging/comedi/drivers/me4000.o
  CC [M]  fs/xfs/xfs_qm.o
  CC [M]  drivers/scsi/isci/port.o
  CC [M]  net/ipv4/netfilter/ipt_MASQUERADE.o
  CC [M]  fs/xfs/xfs_quotaops.o
  CC [M]  drivers/target/target_core_file.o
  CC [M]  net/ipv4/netfilter/ipt_REJECT.o
  CC [M]  drivers/scsi/isci/host.o
  CC [M]  drivers/target/target_core_pscsi.o
  CC [M]  net/ipv4/netfilter/ipt_SYNPROXY.o
  CC [M]  net/ipv4/netfilter/arp_tables.o
  CC [M]  drivers/target/target_core_user.o
  CC [M]  fs/xfs/xfs_rtalloc.o
  CC [M]  drivers/scsi/isci/task.o
  CC      drivers/tty/tty_ldisc.o
  CC [M]  drivers/staging/comedi/drivers/me_daq.o
  CC      drivers/tty/tty_buffer.o
  LD      drivers/target/iscsi/built-in.o
  CC [M]  drivers/target/iscsi/iscsi_target_parameters.o
  CC [M]  drivers/staging/comedi/drivers/ni_6527.o
  CC [M]  drivers/staging/comedi/drivers/ni_65xx.o
  CC      drivers/tty/tty_port.o
  CC [M]  net/ipv4/netfilter/arpt_mangle.o
  CC [M]  net/ipv6/netfilter/ip6t_NPT.o
  CC [M]  drivers/target/iscsi/iscsi_target_seq_pdu_list.o
  CC [M]  drivers/staging/comedi/drivers/ni_660x.o
  CC      drivers/tty/tty_mutex.o
  CC [M]  drivers/scsi/isci/probe_roms.o
  LD      drivers/target/loopback/built-in.o
  CC [M]  drivers/target/loopback/tcm_loop.o
  CC [M]  fs/xfs/xfs_acl.o
  CC [M]  drivers/staging/comedi/drivers/ni_670x.o
  CC [M]  net/ipv4/netfilter/arptable_filter.o
  CC      drivers/tty/tty_ldsem.o
  CC [M]  net/ipv6/netfilter/ip6t_REJECT.o
  CC [M]  drivers/scsi/isci/remote_node_context.o
  CC [M]  drivers/staging/comedi/drivers/ni_labpc_pci.o
  CC [M]  drivers/target/iscsi/iscsi_target_auth.o
  CC [M]  drivers/scsi/isci/remote_node_table.o
  CC [M]  net/ipv4/netfilter/nf_dup_ipv4.o
  CC      drivers/tty/pty.o
  CC [M]  net/ipv6/netfilter/ip6t_SYNPROXY.o
  CC [M]  drivers/staging/comedi/drivers/ni_pcidio.o
  CC [M]  drivers/target/iscsi/iscsi_target_datain_values.o
  CC [M]  drivers/scsi/isci/unsolicited_frame_control.o
  CC      drivers/tty/sysrq.o
  LD      drivers/target/sbp/built-in.o
  CC [M]  drivers/target/sbp/sbp_target.o
  CC [M]  drivers/target/iscsi/iscsi_target_device.o
  LD [M]  net/ipv6/netfilter/nf_conntrack_ipv6.o
  LD [M]  net/ipv6/netfilter/nf_nat_ipv6.o
  LD [M]  net/ipv6/netfilter/nf_defrag_ipv6.o
  CC      net/ipv6/ip6_checksum.o
  LD [M]  net/ipv4/netfilter/nf_conntrack_ipv4.o
  LD [M]  net/ipv4/netfilter/nf_nat_ipv4.o
  CC      net/ipv4/xfrm4_input.o
  CC [M]  drivers/target/iscsi/iscsi_target_erl0.o
  CC      drivers/tty/hvc/hvc_console.o
  CC [M]  drivers/target/iscsi/iscsi_target_erl1.o
  CC      net/ipv6/ip6_icmp.o
  CC      drivers/tty/hvc/hvc_irq.o
  CC [M]  drivers/scsi/isci/port_config.o
  CC [M]  fs/xfs/xfs_sysctl.o
  CC      drivers/tty/hvc/hvc_xen.o
  CC [M]  drivers/target/iscsi/iscsi_target_erl2.o
  CC      net/ipv4/xfrm4_output.o
  CC [M]  fs/xfs/xfs_ioctl32.o
  CC      net/ipv6/output_core.o
  CC [M]  drivers/target/iscsi/iscsi_target_login.o
  CC [M]  fs/xfs/xfs_pnfs.o
  LD      drivers/tty/hvc/built-in.o
  LD [M]  drivers/scsi/isci/isci.o
  LD      drivers/scsi/libfc/built-in.o
  CC [M]  drivers/scsi/libfc/fc_libfc.o
  CC [M]  drivers/target/iscsi/iscsi_target_nego.o
  CC      net/ipv4/xfrm4_protocol.o
  CC [M]  drivers/scsi/libfc/fc_disc.o
  CC      net/ipv6/protocol.o
  CC [M]  drivers/target/iscsi/iscsi_target_nodeattrib.o
  LD      drivers/tty/ipwireless/built-in.o
  CC [M]  drivers/tty/ipwireless/hardware.o
  LD [M]  fs/xfs/xfs.o
  CC [M]  drivers/target/iscsi/iscsi_target_tmr.o
  CC [M]  drivers/tty/ipwireless/main.o
  CC [M]  net/ipv4/ip_tunnel.o
  LD      fs/built-in.o
  CC [M]  drivers/scsi/libfc/fc_exch.o
  CC      net/ipv6/ip6_offload.o
  CC [M]  drivers/target/iscsi/iscsi_target_tpg.o
  CC [M]  drivers/tty/ipwireless/network.o
  CC [M]  drivers/tty/ipwireless/tty.o
  CC      net/ipv6/tcpv6_offload.o
  CC [M]  drivers/target/iscsi/iscsi_target_util.o
  CC [M]  drivers/target/iscsi/iscsi_target.o
  CC [M]  drivers/target/iscsi/iscsi_target_configfs.o
  LD [M]  drivers/tty/ipwireless/ipwireless.o
  CC      drivers/tty/serial/serial_core.o
  CC      net/ipv6/exthdrs_offload.o
  CC [M]  drivers/scsi/libfc/fc_elsct.o
  CC      net/ipv6/inet6_hashtables.o
  CC      drivers/tty/serial/earlycon.o
  CC [M]  drivers/scsi/libfc/fc_frame.o
  CC [M]  drivers/target/iscsi/iscsi_target_stat.o
  CC      drivers/tty/serial/8250/8250_core.o
  CC [M]  net/ipv4/ipip.o
  LD      drivers/tty/serial/jsm/built-in.o
  CC [M]  drivers/tty/serial/jsm/jsm_driver.o
  CC      net/ipv6/mcast_snoop.o
  CC [M]  drivers/target/iscsi/iscsi_target_transport.o
  CC [M]  drivers/tty/serial/jsm/jsm_neo.o
  CC [M]  drivers/scsi/libfc/fc_lport.o
  CC [M]  net/ipv4/fou.o
  CC [M]  drivers/tty/serial/sccnxp.o
  CC [M]  drivers/tty/serial/jsm/jsm_tty.o
  CC [M]  drivers/staging/comedi/drivers/ni_pcimio.o
  LD [M]  drivers/target/iscsi/iscsi_target_mod.o
  CC      drivers/tty/serial/8250/8250_pnp.o
  CC [M]  net/ipv6/ah6.o
  CC [M]  drivers/tty/serial/sc16is7xx.o
  LD      drivers/target/iscsi/cxgbit/built-in.o
  CC [M]  drivers/target/iscsi/cxgbit/cxgbit_main.o
  CC      drivers/tty/serial/8250/8250_port.o
  CC [M]  drivers/tty/serial/jsm/jsm_cls.o
  CC [M]  drivers/scsi/libfc/fc_rport.o
  CC      drivers/tty/serial/8250/8250_dma.o
  CC [M]  drivers/target/iscsi/cxgbit/cxgbit_cm.o
  CC [M]  net/ipv4/gre_demux.o
  CC [M]  net/ipv6/esp6.o
  CC      drivers/tty/serial/8250/8250_pci.o
  LD [M]  drivers/tty/serial/jsm/jsm.o
  CC      drivers/tty/serial/8250/8250_early.o
  CC      drivers/tty/serial/8250/8250_lpss.o
  CC [M]  net/ipv6/ipcomp6.o
  CC [M]  drivers/staging/comedi/drivers/rtd520.o
  LD      drivers/scsi/libsas/built-in.o
  CC [M]  net/ipv4/ip_gre.o
  CC [M]  drivers/scsi/libsas/sas_init.o
  CC [M]  drivers/scsi/libfc/fc_fcp.o
  CC [M]  drivers/scsi/libsas/sas_phy.o
  CC [M]  drivers/target/iscsi/cxgbit/cxgbit_target.o
  CC [M]  drivers/staging/comedi/drivers/s626.o
  CC      drivers/tty/serial/8250/8250_mid.o
  CC [M]  net/ipv6/xfrm6_tunnel.o
  CC [M]  drivers/tty/serial/8250/serial_cs.o
  CC [M]  net/ipv6/tunnel6.o
  CC [M]  drivers/scsi/libsas/sas_port.o
  CC [M]  net/ipv4/udp_tunnel.o
  CC [M]  drivers/tty/serial/8250/8250_dw.o
  CC [M]  drivers/staging/comedi/drivers/mf6x4.o
  CC [M]  drivers/target/iscsi/cxgbit/cxgbit_ddp.o
  CC [M]  drivers/scsi/libsas/sas_event.o
  CC [M]  drivers/tty/serial/8250/8250_moxa.o
  CC [M]  drivers/staging/comedi/drivers/cb_das16_cs.o
  CC [M]  drivers/tty/serial/altera_uart.o
  CC [M]  drivers/scsi/libfc/fc_npiv.o
  LD      drivers/tty/serial/8250/8250.o
  LD      drivers/tty/serial/8250/8250_base.o
  CC [M]  drivers/staging/comedi/drivers/das08_cs.o
  LD      drivers/tty/serial/8250/built-in.o
  CC [M]  drivers/scsi/libsas/sas_dump.o
  LD [M]  drivers/target/iscsi/cxgbit/cxgbit.o
  CC [M]  net/ipv4/ip_vti.o
  LD      drivers/target/tcm_fc/built-in.o
  CC [M]  drivers/tty/serial/altera_jtaguart.o
  CC [M]  drivers/target/tcm_fc/tfc_cmd.o
  CC [M]  drivers/staging/comedi/drivers/ni_daq_700.o
  CC [M]  net/ipv6/xfrm6_mode_transport.o
  CC [M]  drivers/tty/serial/arc_uart.o
  LD [M]  drivers/scsi/libfc/libfc.o
  CC [M]  drivers/staging/comedi/drivers/ni_daq_dio24.o
  CC [M]  drivers/scsi/libsas/sas_discover.o
  CC [M]  drivers/tty/serial/rp2.o
  CC [M]  drivers/staging/comedi/drivers/ni_labpc_cs.o
  CC [M]  drivers/staging/comedi/drivers/ni_mio_cs.o
  CC [M]  drivers/target/tcm_fc/tfc_conf.o
  CC [M]  net/ipv4/ah4.o
  CC [M]  drivers/scsi/libsas/sas_expander.o
  CC [M]  net/ipv4/esp4.o
  CC [M]  net/ipv6/xfrm6_mode_tunnel.o
  CC [M]  drivers/staging/comedi/drivers/quatech_daqp_cs.o
  CC [M]  drivers/tty/serial/fsl_lpuart.o
  CC [M]  drivers/target/tcm_fc/tfc_io.o
  CC [M]  drivers/staging/comedi/drivers/dt9812.o
  CC [M]  drivers/target/tcm_fc/tfc_sess.o
  CC [M]  net/ipv6/xfrm6_mode_ro.o
  CC [M]  drivers/staging/comedi/drivers/ni_usb6501.o
  LD      drivers/tty/serial/built-in.o
  CC      drivers/tty/vt/vt_ioctl.o
  CC [M]  net/ipv4/ipcomp.o
  CC [M]  drivers/staging/comedi/drivers/usbdux.o
  LD [M]  drivers/target/tcm_fc/tcm_fc.o
  CC [M]  drivers/scsi/libsas/sas_scsi_host.o
  LD [M]  drivers/target/target_core_mod.o
  CC      drivers/tty/vt/vc_screen.o
  CC [M]  drivers/staging/comedi/drivers/usbduxfast.o
  CC [M]  drivers/scsi/libsas/sas_task.o
  CC [M]  drivers/scsi/libsas/sas_ata.o
  CC [M]  drivers/scsi/libsas/sas_host_smp.o
  CC [M]  drivers/staging/comedi/drivers/usbduxsigma.o
  CC [M]  drivers/staging/comedi/drivers/vmk80xx.o
  CC      drivers/tty/vt/selection.o
  CC [M]  drivers/staging/comedi/drivers/mite.o
  CC      drivers/tty/vt/keyboard.o
  LD [M]  drivers/scsi/libsas/libsas.o
  LD      drivers/scsi/lpfc/built-in.o
  CC [M]  drivers/scsi/lpfc/lpfc_mem.o
  LD      drivers/staging/fwserial/built-in.o
  CC [M]  drivers/staging/fwserial/fwserial.o
  CC [M]  drivers/staging/fwserial/dma_fifo.o
  CC [M]  drivers/scsi/lpfc/lpfc_sli.o
  CC      drivers/tty/vt/consolemap.o
  CC [M]  drivers/staging/comedi/drivers/ni_tio.o
  CC [M]  drivers/tty/n_hdlc.o
  CC [M]  drivers/staging/comedi/drivers/ni_tiocmd.o
  CONMK   drivers/tty/vt/consolemap_deftbl.c
  CC      drivers/tty/vt/vt.o
  CC [M]  drivers/tty/n_gsm.o
  CC [M]  drivers/scsi/lpfc/lpfc_ct.o
  CC [M]  drivers/staging/comedi/drivers/ni_labpc_common.o
  CC [M]  drivers/staging/comedi/drivers/comedi_8255.o
  CC [M]  drivers/staging/comedi/drivers/8255.o
  CC [M]  drivers/staging/comedi/drivers/amplc_dio200_common.o
  SHIPPED drivers/tty/vt/defkeymap.c
  CC      drivers/tty/vt/consolemap_deftbl.o
  CC      drivers/tty/vt/defkeymap.o
  CC [M]  drivers/staging/comedi/drivers/amplc_pc236_common.o
  LD      drivers/tty/vt/built-in.o
  CC [M]  drivers/tty/n_tracerouter.o
  CC [M]  drivers/scsi/lpfc/lpfc_els.o
  CC [M]  drivers/tty/n_tracesink.o
  LD [M]  drivers/staging/fwserial/firewire-serial.o
  CC [M]  drivers/staging/comedi/drivers/das08.o
  LD      drivers/scsi/megaraid/built-in.o
  LD      drivers/staging/gdm724x/built-in.o
  CC [M]  drivers/scsi/megaraid/megaraid_mm.o
  CC [M]  drivers/staging/gdm724x/gdm_lte.o
  CC [M]  drivers/tty/n_r3964.o
  CC [M]  drivers/scsi/megaraid/megaraid_mbox.o
  CC [M]  drivers/staging/gdm724x/netlink_k.o
  CC [M]  net/ipv6/xfrm6_mode_beet.o
  CC [M]  net/ipv4/xfrm4_tunnel.o
  CC [M]  net/ipv6/mip6.o
  CC [M]  net/ipv6/ip6_vti.o
  CC [M]  drivers/tty/cyclades.o
  CC [M]  drivers/staging/gdm724x/gdm_usb.o
  CC [M]  net/ipv4/xfrm4_mode_beet.o
  CC [M]  drivers/scsi/lpfc/lpfc_hbadisc.o
  CC [M]  drivers/scsi/megaraid/megaraid_sas_base.o
  CC [M]  net/ipv6/sit.o
  LD      drivers/scsi/mpt3sas/built-in.o
  CC [M]  drivers/scsi/mpt3sas/mpt3sas_base.o
  CC [M]  drivers/scsi/mpt3sas/mpt3sas_config.o
  CC [M]  net/ipv4/tunnel4.o
  CC [M]  drivers/tty/nozomi.o
  CC [M]  drivers/scsi/mpt3sas/mpt3sas_scsih.o
  CC [M]  drivers/tty/rocket.o
  CC [M]  drivers/scsi/megaraid/megaraid_sas_fusion.o
  CC [M]  drivers/scsi/lpfc/lpfc_init.o
  CC [M]  drivers/staging/gdm724x/gdm_endian.o
  CC [M]  drivers/scsi/lpfc/lpfc_mbox.o
  CC [M]  drivers/staging/gdm724x/gdm_tty.o
  CC [M]  drivers/staging/gdm724x/gdm_mux.o
  CC [M]  drivers/tty/synclinkmp.o
  CC [M]  drivers/scsi/lpfc/lpfc_nportdisc.o
  LD [M]  drivers/staging/gdm724x/gdmulte.o
  LD [M]  drivers/staging/gdm724x/gdmtty.o
  CC [M]  drivers/scsi/mpt3sas/mpt3sas_transport.o
  CC [M]  drivers/scsi/mpt3sas/mpt3sas_ctl.o
  CC [M]  net/ipv4/xfrm4_mode_transport.o
  LD      drivers/uio/built-in.o
  CC [M]  drivers/uio/uio.o
  CC [M]  drivers/tty/synclink.o
  CC [M]  drivers/scsi/lpfc/lpfc_scsi.o
  CC [M]  net/ipv4/xfrm4_mode_tunnel.o
  CC [M]  drivers/scsi/mpt3sas/mpt3sas_trigger_diag.o
  CC [M]  drivers/uio/uio_cif.o
  CC [M]  drivers/uio/uio_pdrv_genirq.o
  CC [M]  net/ipv4/inet_diag.o
  CC [M]  drivers/scsi/mpt3sas/mpt3sas_warpdrive.o
  CC [M]  drivers/uio/uio_aec.o
  CC [M]  drivers/uio/uio_sercos3.o
  LD [M]  drivers/scsi/mpt3sas/mpt3sas.o
  CC [M]  net/ipv4/tcp_diag.o
  CC [M]  drivers/scsi/lpfc/lpfc_attr.o
  LD      drivers/tty/built-in.o
  CC [M]  drivers/scsi/lpfc/lpfc_vport.o
  CC [M]  drivers/uio/uio_pci_generic.o
  CC [M]  net/ipv4/udp_diag.o
  CC [M]  drivers/scsi/lpfc/lpfc_debugfs.o
  CC [M]  drivers/uio/uio_netx.o
  CC [M]  drivers/scsi/megaraid/megaraid_sas_fp.o
  CC [M]  net/ipv4/tcp_probe.o
  CC [M]  drivers/uio/uio_pruss.o
  CC [M]  drivers/scsi/lpfc/lpfc_bsg.o
  CC [M]  net/ipv4/tcp_bic.o
  CC [M]  net/ipv4/tcp_cdg.o
  LD [M]  drivers/scsi/megaraid/megaraid_sas.o
  CC [M]  net/ipv4/tcp_dctcp.o
  LD      drivers/usb/atm/built-in.o
  CC [M]  drivers/usb/atm/cxacru.o
  LD      drivers/uwb/built-in.o
  CC [M]  drivers/uwb/address.o
  CC [M]  net/ipv6/ip6_tunnel.o
  CC [M]  drivers/uwb/allocator.o
  LD      drivers/staging/gs_fpgaboot/built-in.o
  CC [M]  drivers/staging/gs_fpgaboot/gs_fpgaboot.o
  CC [M]  drivers/staging/gs_fpgaboot/io.o
  CC [M]  net/ipv4/tcp_westwood.o
  CC [M]  drivers/uwb/beacon.o
  LD      drivers/scsi/mvsas/built-in.o
  CC [M]  drivers/scsi/mvsas/mv_init.o
  CC [M]  drivers/uwb/driver.o
  LD [M]  drivers/staging/gs_fpgaboot/gs_fpga.o
  CC [M]  drivers/usb/atm/speedtch.o
  LD      drivers/staging/i4l/built-in.o
  LD      drivers/staging/iio/accel/built-in.o
  LD [M]  drivers/scsi/lpfc/lpfc.o
  LD      drivers/staging/iio/adc/built-in.o
  LD      drivers/staging/iio/addac/built-in.o
  LD      drivers/staging/iio/cdc/built-in.o
  LD      drivers/staging/iio/frequency/built-in.o
  LD      drivers/staging/iio/gyro/built-in.o
  CC [M]  drivers/uwb/drp.o
  LD      drivers/staging/iio/impedance-analyzer/built-in.o
  LD      drivers/scsi/osd/built-in.o
  CC [M]  drivers/scsi/osd/osd_initiator.o
  LD      drivers/staging/iio/light/built-in.o
  LD      drivers/staging/iio/meter/built-in.o
  LD      drivers/staging/iio/resolver/built-in.o
  LD      drivers/staging/iio/trigger/built-in.o
  CC [M]  net/ipv4/tcp_highspeed.o
  LD      drivers/vfio/built-in.o
  CC [M]  drivers/vfio/vfio.o
  CC [M]  drivers/scsi/mvsas/mv_sas.o
  CC [M]  drivers/uwb/drp-avail.o
  CC [M]  drivers/usb/atm/ueagle-atm.o
  CC [M]  net/ipv4/tcp_hybla.o
  CC [M]  net/ipv6/ip6_gre.o
  CC [M]  drivers/uwb/drp-ie.o
  CC [M]  drivers/scsi/osd/osd_uld.o
  CC [M]  drivers/scsi/mvsas/mv_64xx.o
  CC [M]  net/ipv4/tcp_htcp.o
  CC [M]  drivers/vfio/virqfd.o
  CC [M]  drivers/uwb/est.o
  CC [M]  drivers/usb/atm/usbatm.o
  CC [M]  net/ipv6/fou6.o
  LD [M]  drivers/scsi/osd/libosd.o
  LD [M]  drivers/scsi/osd/osd.o
  CC [M]  drivers/uwb/ie.o
  CC [M]  net/ipv4/tcp_vegas.o
  CC [M]  drivers/scsi/mvsas/mv_94xx.o
  CC [M]  net/ipv4/tcp_nv.o
  CC [M]  drivers/vfio/vfio_iommu_type1.o
  CC [M]  drivers/uwb/ie-rcv.o
  CC [M]  net/ipv6/ip6_udp_tunnel.o
  CC [M]  drivers/uwb/lc-dev.o
  CC [M]  drivers/usb/atm/xusbatm.o
  LD      drivers/vfio/pci/built-in.o
  CC [M]  net/ipv4/tcp_veno.o
  LD [M]  drivers/scsi/mvsas/mvsas.o
  LD      drivers/scsi/pcmcia/built-in.o
  CC [M]  drivers/scsi/pcmcia/qlogic_stub.o
  CC [M]  drivers/uwb/lc-rc.o
  LD      drivers/staging/iio/built-in.o
  LD      drivers/staging/lustre/built-in.o
  LD      drivers/staging/lustre/lnet/built-in.o
  LD      drivers/staging/lustre/lnet/klnds/built-in.o
  LD      drivers/staging/lustre/lnet/klnds/o2iblnd/built-in.o
  LD      drivers/staging/lustre/lnet/klnds/socklnd/built-in.o
  CC [M]  drivers/staging/lustre/lnet/klnds/socklnd/socklnd.o
  LD      drivers/usb/c67x00/built-in.o
  CC [M]  drivers/usb/c67x00/c67x00-drv.o
  CC [M]  drivers/uwb/neh.o
  LD      net/ipv6/ipv6.o
  LD      net/ipv6/built-in.o
  CC [M]  net/ipv4/tcp_scalable.o
  CC [M]  drivers/uwb/pal.o
  CC [M]  drivers/usb/c67x00/c67x00-ll-hpi.o
  LD      drivers/vhost/built-in.o
  CC [M]  drivers/vhost/net.o
  CC [M]  drivers/vfio/pci/vfio_pci.o
  CC [M]  drivers/usb/c67x00/c67x00-hcd.o
  CC [M]  drivers/vhost/scsi.o
  CC [M]  net/ipv4/tcp_lp.o
  CC [M]  drivers/usb/c67x00/c67x00-sched.o
  CC [M]  drivers/vfio/pci/vfio_pci_intrs.o
  CC [M]  drivers/staging/lustre/lnet/klnds/socklnd/socklnd_cb.o
  LD      drivers/staging/lustre/lnet/libcfs/built-in.o
  CC [M]  net/ipv4/tcp_yeah.o
  CC [M]  drivers/staging/lustre/lnet/libcfs/linux/linux-tracefile.o
  LD [M]  drivers/usb/c67x00/c67x00.o
  LD      drivers/usb/class/built-in.o
  CC [M]  drivers/usb/class/cdc-acm.o
  CC [M]  net/ipv4/tcp_illinois.o
  CC [M]  drivers/vhost/vsock.o
  CC [M]  drivers/vfio/pci/vfio_pci_rdwr.o
  CC [M]  drivers/staging/lustre/lnet/libcfs/linux/linux-debug.o
  CC [M]  drivers/vfio/pci/vfio_pci_config.o
  CC [M]  drivers/usb/class/usblp.o
  CC [M]  drivers/vhost/vringh.o
  LD      net/ipv4/built-in.o
  LD [M]  net/ipv4/gre.o
  LD      net/built-in.o
  CC [M]  drivers/vfio/pci/vfio_pci_igd.o
  CC [M]  drivers/staging/lustre/lnet/klnds/socklnd/socklnd_proto.o
  CC [M]  drivers/staging/lustre/lnet/libcfs/linux/linux-prim.o
  CC [M]  drivers/usb/class/cdc-wdm.o
  LD [M]  drivers/vfio/pci/vfio-pci.o
  LD [M]  drivers/vfio/vfio_virqfd.o
  CC [M]  drivers/vhost/vhost.o
  LD      drivers/staging/lustre/lnet/lnet/built-in.o
  CC [M]  drivers/staging/lustre/lnet/lnet/api-ni.o
  CC [M]  drivers/uwb/radio.o
  CC [M]  drivers/staging/lustre/lnet/klnds/socklnd/socklnd_modparams.o
  CC [M]  drivers/usb/class/usbtmc.o
  CC      drivers/video/hdmi.o
  CC [M]  drivers/uwb/reset.o
  CC      drivers/video/backlight/backlight.o
  LD      drivers/usb/common/built-in.o
  CC [M]  drivers/usb/common/common.o
  CC [M]  drivers/uwb/rsv.o
  CC [M]  drivers/staging/lustre/lnet/lnet/config.o
  LD [M]  drivers/vhost/vhost_net.o
  LD [M]  drivers/vhost/vhost_scsi.o
  LD [M]  drivers/vhost/vhost_vsock.o
  CC [M]  drivers/staging/lustre/lnet/klnds/socklnd/socklnd_lib.o
  CC [M]  drivers/staging/lustre/lnet/libcfs/linux/linux-cpu.o
  CC [M]  drivers/scsi/pcmcia/fdomain_stub.o
  LD      drivers/usb/core/built-in.o
  CC [M]  drivers/usb/core/usb.o
  CC [M]  drivers/video/backlight/lcd.o
  CC [M]  drivers/usb/common/led.o
  CC [M]  drivers/uwb/scan.o
  CC [M]  drivers/scsi/pcmcia/fdomain_core.o
  LD [M]  drivers/usb/common/usb-common.o
  CC      drivers/video/console/dummycon.o
  CC [M]  drivers/staging/lustre/lnet/lnet/nidstrings.o
  LD [M]  drivers/staging/lustre/lnet/klnds/socklnd/ksocklnd.o
  CC [M]  drivers/usb/core/hub.o
  CC [M]  drivers/uwb/uwb-debug.o
  CC [M]  drivers/video/backlight/platform_lcd.o
  CC [M]  drivers/staging/lustre/lnet/libcfs/linux/linux-curproc.o
  CC [M]  drivers/scsi/pcmcia/aha152x_stub.o
  CC      drivers/video/console/vgacon.o
  CC [M]  drivers/video/backlight/apple_bl.o
  CC [M]  drivers/scsi/pcmcia/aha152x_core.o
  CC [M]  drivers/uwb/uwbd.o
  CC      drivers/video/fbdev/core/fb_cmdline.o
  CC [M]  drivers/staging/lustre/lnet/libcfs/linux/linux-module.o
  CC [M]  drivers/uwb/umc-bus.o
  CC      drivers/video/fbdev/core/fb_notify.o
  CC      drivers/video/console/fbcon.o
  CC [M]  drivers/staging/lustre/lnet/lnet/net_fault.o
  CC      drivers/video/fbdev/core/fbmem.o
  CC [M]  drivers/uwb/umc-dev.o
  CC [M]  drivers/staging/lustre/lnet/libcfs/linux/linux-crypto.o
  CC [M]  drivers/scsi/pcmcia/sym53c500_cs.o
  CC [M]  drivers/usb/core/hcd.o
  CC [M]  drivers/uwb/umc-drv.o
  CC [M]  drivers/staging/lustre/lnet/lnet/lib-me.o
  LD [M]  drivers/scsi/pcmcia/qlogic_cs.o
  LD [M]  drivers/scsi/pcmcia/fdomain_cs.o
  LD [M]  drivers/scsi/pcmcia/aha152x_cs.o
  LD      drivers/scsi/pm8001/built-in.o
  CC [M]  drivers/scsi/pm8001/pm8001_init.o
  CC      drivers/video/fbdev/core/fbmon.o
  CC [M]  drivers/uwb/whci.o
  CC      drivers/video/console/bitblit.o
  CC [M]  drivers/staging/lustre/lnet/libcfs/linux/linux-crypto-adler.o
  CC [M]  drivers/scsi/pm8001/pm8001_sas.o
  CC [M]  drivers/staging/lustre/lnet/lnet/lib-msg.o
  CC [M]  drivers/uwb/whc-rc.o
  CC [M]  drivers/usb/core/urb.o
  CC [M]  drivers/staging/lustre/lnet/libcfs/linux/linux-mem.o
  CC      drivers/video/console/softcursor.o
  CC      drivers/video/fbdev/core/fbcmap.o
  CC [M]  drivers/scsi/pm8001/pm8001_ctl.o
  CC [M]  drivers/uwb/hwa-rc.o
  CC [M]  drivers/usb/core/message.o
  CC      drivers/video/console/tileblit.o
  CC [M]  drivers/staging/lustre/lnet/lnet/lib-eq.o
  CC      drivers/video/fbdev/core/fbsysfs.o
  CC [M]  drivers/staging/lustre/lnet/libcfs/debug.o
  CC [M]  drivers/scsi/pm8001/pm8001_hwi.o
  LD      drivers/uwb/i1480/built-in.o
  CC [M]  drivers/uwb/i1480/i1480-est.o
  CC      drivers/video/console/fbcon_rotate.o
  CC      drivers/video/fbdev/core/modedb.o
  LD      drivers/uwb/i1480/dfu/built-in.o
  CC [M]  drivers/uwb/i1480/dfu/dfu.o
  CC [M]  drivers/staging/lustre/lnet/libcfs/fail.o
  CC [M]  drivers/staging/lustre/lnet/lnet/lib-md.o
  CC [M]  drivers/usb/core/driver.o
  CC      drivers/video/console/fbcon_cw.o
  CC      drivers/video/fbdev/core/fbcvt.o
  CC [M]  drivers/uwb/i1480/dfu/mac.o
  CC      drivers/video/fbdev/core/fb_defio.o
  CC [M]  drivers/usb/core/config.o
  CC      drivers/video/console/fbcon_ud.o
  CC [M]  drivers/staging/lustre/lnet/libcfs/module.o
  CC [M]  drivers/scsi/pm8001/pm80xx_hwi.o
  CC [M]  drivers/uwb/i1480/dfu/phy.o
  CC [M]  drivers/staging/lustre/lnet/lnet/lib-ptl.o
  CC      drivers/video/fbdev/core/cfbfillrect.o
  CC      drivers/video/console/fbcon_ccw.o
  CC [M]  drivers/usb/core/file.o
  CC [M]  drivers/uwb/i1480/dfu/usb.o
  CC      drivers/video/fbdev/core/cfbcopyarea.o
  LD      drivers/video/console/built-in.o
  CC [M]  drivers/staging/lustre/lnet/libcfs/tracefile.o
  CC [M]  drivers/video/backlight/lm3533_bl.o
  CC [M]  drivers/usb/core/buffer.o
  LD [M]  drivers/uwb/i1480/dfu/i1480-dfu-usb.o
  LD [M]  drivers/uwb/uwb.o
  LD [M]  drivers/uwb/umc.o
  LD      drivers/staging/lustre/lnet/selftest/built-in.o
  CC [M]  drivers/staging/lustre/lnet/selftest/console.o
  CC [M]  drivers/staging/lustre/lnet/libcfs/libcfs_string.o
  CC      drivers/video/fbdev/core/cfbimgblt.o
  CC [M]  drivers/staging/lustre/lnet/lnet/lib-socket.o
  CC [M]  drivers/video/backlight/pcf50633-backlight.o
  CC [M]  drivers/usb/core/sysfs.o
  LD [M]  drivers/scsi/pm8001/pm80xx.o
  CC [M]  drivers/video/fbdev/core/sysfillrect.o
  LD      drivers/scsi/qla2xxx/built-in.o
  CC [M]  drivers/scsi/qla2xxx/qla_os.o
  LD      drivers/video/backlight/built-in.o
  CC [M]  drivers/staging/lustre/lnet/libcfs/hash.o
  CC [M]  drivers/usb/core/endpoint.o
  LD      drivers/scsi/qla4xxx/built-in.o
  CC [M]  drivers/scsi/qla4xxx/ql4_os.o
  LD      drivers/scsi/snic/built-in.o
  CC [M]  drivers/scsi/snic/snic_attrs.o
  CC [M]  drivers/staging/lustre/lnet/selftest/conrpc.o
  CC [M]  drivers/staging/lustre/lnet/lnet/lib-move.o
  CC [M]  drivers/usb/core/devio.o
  CC [M]  drivers/scsi/snic/snic_main.o
  CC [M]  drivers/staging/lustre/lnet/selftest/conctl.o
  CC [M]  drivers/staging/lustre/lnet/libcfs/prng.o
  CC [M]  drivers/scsi/snic/snic_res.o
  CC [M]  drivers/usb/core/notify.o
  CC [M]  drivers/staging/lustre/lnet/lnet/module.o
  CC [M]  drivers/scsi/qla2xxx/qla_init.o
  CC [M]  drivers/staging/lustre/lnet/selftest/framework.o
  CC [M]  drivers/staging/lustre/lnet/libcfs/workitem.o
  CC [M]  drivers/scsi/snic/snic_isr.o
  CC [M]  drivers/staging/lustre/lnet/lnet/lo.o
  CC [M]  drivers/usb/core/generic.o
  CC [M]  drivers/usb/core/quirks.o
  CC [M]  drivers/scsi/snic/snic_ctl.o
  CC [M]  drivers/staging/lustre/lnet/lnet/router.o
  CC [M]  drivers/usb/core/devices.o
  CC [M]  drivers/staging/lustre/lnet/libcfs/libcfs_cpu.o
  CC [M]  drivers/staging/lustre/lnet/selftest/timer.o
  CC [M]  drivers/scsi/snic/snic_io.o
  CC [M]  drivers/usb/core/port.o
  CC [M]  drivers/staging/lustre/lnet/selftest/rpc.o
  CC [M]  drivers/scsi/qla2xxx/qla_mbx.o
  CC [M]  drivers/staging/lustre/lnet/libcfs/libcfs_mem.o
  CC [M]  drivers/usb/core/hcd-pci.o
  CC [M]  drivers/scsi/snic/snic_scsi.o
  CC [M]  drivers/staging/lustre/lnet/lnet/router_proc.o
  CC [M]  drivers/usb/core/usb-acpi.o
  CC [M]  drivers/staging/lustre/lnet/libcfs/libcfs_lock.o
  CC [M]  drivers/staging/lustre/lnet/selftest/module.o
  CC [M]  drivers/staging/lustre/lnet/lnet/acceptor.o
  CC [M]  drivers/scsi/snic/snic_disc.o
  LD [M]  drivers/usb/core/usbcore.o
  LD      drivers/usb/gadget/built-in.o
  CC [M]  drivers/scsi/qla2xxx/qla_iocb.o
  CC [M]  drivers/usb/gadget/usbstring.o
  CC [M]  drivers/staging/lustre/lnet/selftest/ping_test.o
  CC [M]  drivers/scsi/snic/vnic_cq.o
  LD [M]  drivers/staging/lustre/lnet/libcfs/libcfs.o
  CC [M]  drivers/video/fbdev/core/syscopyarea.o
  CC [M]  drivers/video/fbdev/core/sysimgblt.o
  CC [M]  drivers/usb/gadget/config.o
  CC [M]  drivers/scsi/snic/vnic_intr.o
  CC [M]  drivers/staging/lustre/lnet/selftest/brw_test.o
  CC [M]  drivers/staging/lustre/lnet/lnet/peer.o
  CC [M]  drivers/video/fbdev/core/fb_sys_fops.o
  CC [M]  drivers/scsi/snic/vnic_dev.o
  CC [M]  drivers/usb/gadget/epautoconf.o
  CC [M]  drivers/scsi/qla4xxx/ql4_init.o
  LD      drivers/video/fbdev/core/fb.o
  CC [M]  drivers/scsi/qla4xxx/ql4_mbx.o
  LD      drivers/video/fbdev/core/built-in.o
  CC [M]  drivers/scsi/snic/vnic_wq.o
  CC [M]  drivers/scsi/qla2xxx/qla_isr.o
  LD [M]  drivers/staging/lustre/lnet/selftest/lnet_selftest.o
  LD      drivers/video/fbdev/omap2/omapfb/displays/built-in.o
  LD      drivers/scsi/sym53c8xx_2/built-in.o
  CC [M]  drivers/scsi/sym53c8xx_2/sym_fw.o
  LD [M]  drivers/staging/lustre/lnet/lnet/lnet.o
  LD      drivers/staging/lustre/lustre/built-in.o
  LD      drivers/staging/lustre/lustre/fid/built-in.o
  LD [M]  drivers/scsi/snic/snic.o
  CC [M]  drivers/staging/lustre/lustre/fid/fid_request.o
  CC [M]  drivers/usb/gadget/composite.o
  LD      drivers/scsi/ufs/built-in.o
  CC [M]  drivers/scsi/ufs/ufshcd.o
  LD      drivers/virt/built-in.o
  CC [M]  drivers/scsi/qla4xxx/ql4_iocb.o
  CC [M]  drivers/scsi/sym53c8xx_2/sym_glue.o
  CC [M]  drivers/scsi/ufs/ufshcd-pci.o
  CC [M]  drivers/scsi/qla2xxx/qla_gs.o
  CC [M]  drivers/scsi/qla4xxx/ql4_isr.o
  CC [M]  drivers/scsi/sym53c8xx_2/sym_hipd.o
  CC [M]  drivers/scsi/qla2xxx/qla_dbg.o
  CC [M]  drivers/staging/lustre/lustre/fid/fid_lib.o
  CC [M]  drivers/usb/gadget/functions.o
  CC      drivers/usb/host/pci-quirks.o
  CC [M]  drivers/scsi/qla4xxx/ql4_nx.o
  CC [M]  drivers/usb/gadget/configfs.o
  CC [M]  drivers/staging/lustre/lustre/fid/lproc_fid.o
  CC [M]  drivers/scsi/ufs/ufshcd-pltfrm.o
  CC [M]  drivers/usb/host/ehci-hcd.o
  CC [M]  drivers/usb/gadget/u_f.o
  LD [M]  drivers/staging/lustre/lustre/fid/fid.o
  LD      drivers/staging/lustre/lustre/fld/built-in.o
  CC [M]  drivers/staging/lustre/lustre/fld/fld_request.o
  LD      drivers/usb/gadget/function/built-in.o
  CC [M]  drivers/usb/gadget/function/f_acm.o
  LD      drivers/video/fbdev/omap2/omapfb/dss/built-in.o
  LD      drivers/video/fbdev/omap2/omapfb/built-in.o
  LD      drivers/video/fbdev/omap2/built-in.o
  CC [M]  drivers/scsi/qla2xxx/qla_sup.o
  LD      drivers/video/fbdev/via/built-in.o
  CC [M]  drivers/video/fbdev/via/viafbdev.o
  CC [M]  drivers/scsi/scsi.o
  CC [M]  drivers/usb/gadget/function/u_serial.o
  CC [M]  drivers/video/fbdev/via/hw.o
  CC [M]  drivers/scsi/qla2xxx/qla_attr.o
  CC [M]  drivers/staging/lustre/lustre/fld/fld_cache.o
  CC [M]  drivers/usb/gadget/function/f_serial.o
  CC [M]  drivers/scsi/qla4xxx/ql4_nvram.o
  CC [M]  drivers/scsi/sym53c8xx_2/sym_malloc.o
  CC [M]  drivers/scsi/qla4xxx/ql4_dbg.o
  CC [M]  drivers/usb/host/ehci-pci.o
  CC [M]  drivers/usb/gadget/function/f_obex.o
  CC [M]  drivers/staging/lustre/lustre/fld/lproc_fld.o
  CC [M]  drivers/scsi/qla2xxx/qla_mid.o
  CC [M]  drivers/scsi/sym53c8xx_2/sym_nvram.o
  LD      drivers/virtio/built-in.o
  CC [M]  drivers/usb/gadget/function/u_ether.o
  CC [M]  drivers/virtio/virtio.o
  CC [M]  drivers/scsi/qla4xxx/ql4_attr.o
  CC [M]  drivers/usb/host/oxu210hp-hcd.o
  CC [M]  drivers/scsi/qla2xxx/qla_dfs.o
  LD [M]  drivers/staging/lustre/lustre/fld/fld.o
  CC [M]  drivers/virtio/virtio_ring.o
  CC [M]  drivers/scsi/qla4xxx/ql4_bsg.o
  CC [M]  drivers/scsi/qla2xxx/qla_bsg.o
  CC [M]  drivers/usb/gadget/function/f_ncm.o
  CC [M]  drivers/usb/host/isp116x-hcd.o
  CC [M]  drivers/virtio/virtio_mmio.o
  CC [M]  drivers/scsi/qla4xxx/ql4_83xx.o
  CC [M]  drivers/usb/gadget/function/f_ecm.o
  CC [M]  drivers/scsi/qla2xxx/qla_nx.o
  CC [M]  drivers/virtio/virtio_pci_modern.o
  CC [M]  drivers/usb/host/isp1362-hcd.o
  CC [M]  drivers/usb/gadget/function/f_subset.o
  LD [M]  drivers/scsi/qla4xxx/qla4xxx.o
  CC [M]  drivers/virtio/virtio_pci_common.o
  CC [M]  drivers/usb/host/ohci-hcd.o
  LD      drivers/staging/lustre/lustre/llite/built-in.o
  CC [M]  drivers/staging/lustre/lustre/llite/dcache.o
  CC [M]  drivers/usb/gadget/function/f_rndis.o
  CC [M]  drivers/virtio/virtio_pci_legacy.o
  CC [M]  drivers/scsi/qla2xxx/qla_mr.o
  CC [M]  drivers/staging/lustre/lustre/llite/dir.o
  LD      drivers/usb/image/built-in.o
  CC [M]  drivers/usb/image/mdc800.o
  CC [M]  drivers/usb/image/microtek.o
  CC [M]  drivers/usb/gadget/function/rndis.o
  CC [M]  drivers/usb/host/ohci-pci.o
  CC [M]  drivers/usb/host/uhci-hcd.o
  CC [M]  drivers/virtio/virtio_balloon.o
  LD      drivers/usb/misc/built-in.o
  CC [M]  drivers/usb/misc/adutux.o
  CC [M]  drivers/staging/lustre/lustre/llite/file.o
  CC [M]  drivers/virtio/virtio_input.o
  CC [M]  drivers/usb/gadget/function/f_mass_storage.o
  CC [M]  drivers/usb/misc/appledisplay.o
  LD [M]  drivers/virtio/virtio_pci.o
  LD [M]  drivers/scsi/sym53c8xx_2/sym53c8xx.o
  CC [M]  drivers/usb/misc/cypress_cy7c63.o
  LD      drivers/usb/mon/built-in.o
  CC [M]  drivers/usb/mon/mon_main.o
  CC      drivers/video/fbdev/vesafb.o
  CC [M]  drivers/usb/mon/mon_stat.o
  CC [M]  drivers/usb/misc/cytherm.o
  CC [M]  drivers/usb/misc/emi26.o
  CC [M]  drivers/usb/mon/mon_text.o
  CC [M]  drivers/video/vgastate.o
  CC [M]  drivers/usb/gadget/function/storage_common.o
  CC [M]  drivers/staging/lustre/lustre/llite/llite_lib.o
  LD      drivers/staging/lustre/lustre/lmv/built-in.o
  CC [M]  drivers/staging/lustre/lustre/lmv/lmv_obd.o
  CC [M]  drivers/usb/gadget/function/f_fs.o
  CC [M]  drivers/staging/lustre/lustre/llite/llite_nfs.o
  CC [M]  drivers/usb/gadget/function/f_uac2.o
  CC [M]  drivers/staging/lustre/lustre/llite/rw.o
  CC [M]  drivers/usb/gadget/function/f_uvc.o
  CC [M]  drivers/staging/lustre/lustre/lmv/lmv_intent.o
  CC [M]  drivers/usb/gadget/function/uvc_queue.o
  CC [M]  drivers/staging/lustre/lustre/llite/rw26.o
  CC [M]  drivers/usb/gadget/function/uvc_v4l2.o
  CC [M]  drivers/staging/lustre/lustre/lmv/lmv_fld.o
  CC [M]  drivers/usb/gadget/function/uvc_video.o
  CC [M]  drivers/staging/lustre/lustre/llite/namei.o
  CC [M]  drivers/staging/lustre/lustre/lmv/lproc_lmv.o
  CC [M]  drivers/usb/gadget/function/uvc_configfs.o
  LD [M]  drivers/staging/lustre/lustre/lmv/lmv.o
  CC [M]  drivers/usb/host/xhci.o
  LD      drivers/usb/musb/built-in.o
  CC [M]  drivers/usb/musb/musb_core.o
  CC [M]  drivers/usb/gadget/function/f_midi.o
  CC [M]  drivers/staging/lustre/lustre/llite/symlink.o
  CC [M]  drivers/usb/gadget/function/f_hid.o
  CC [M]  drivers/staging/lustre/lustre/llite/llite_mmap.o
  CC [M]  drivers/usb/gadget/function/f_printer.o
  CC [M]  drivers/usb/musb/musb_trace.o
  CC [M]  drivers/usb/host/xhci-mem.o
  CC [M]  drivers/staging/lustre/lustre/llite/range_lock.o
  CC [M]  drivers/usb/gadget/function/f_tcm.o
  CC [M]  drivers/usb/musb/musb_virthub.o
  CC [M]  drivers/staging/lustre/lustre/llite/xattr.o
  CC [M]  drivers/usb/musb/musb_host.o
  LD [M]  drivers/usb/gadget/function/usb_f_acm.o
  LD [M]  drivers/usb/gadget/function/usb_f_serial.o
  LD [M]  drivers/usb/gadget/function/usb_f_obex.o
  LD [M]  drivers/usb/gadget/function/usb_f_ncm.o
  LD [M]  drivers/usb/gadget/function/usb_f_ecm.o
  LD [M]  drivers/usb/gadget/function/usb_f_ecm_subset.o
  LD [M]  drivers/usb/gadget/function/usb_f_rndis.o
  LD [M]  drivers/usb/gadget/function/usb_f_mass_storage.o
  LD [M]  drivers/usb/gadget/function/usb_f_fs.o
  LD [M]  drivers/usb/gadget/function/usb_f_uac2.o
  LD [M]  drivers/usb/gadget/function/usb_f_uvc.o
  LD [M]  drivers/usb/gadget/function/usb_f_midi.o
  LD [M]  drivers/usb/gadget/function/usb_f_hid.o
  LD [M]  drivers/usb/gadget/function/usb_f_printer.o
  LD [M]  drivers/usb/gadget/function/usb_f_tcm.o
  LD      drivers/usb/gadget/legacy/built-in.o
  CC [M]  drivers/usb/gadget/legacy/audio.o
  CC [M]  drivers/usb/host/xhci-ring.o
  CC [M]  drivers/usb/gadget/legacy/ether.o
  CC [M]  drivers/staging/lustre/lustre/llite/xattr_cache.o
  CC [M]  drivers/usb/musb/musb_gadget_ep0.o
  CC [M]  drivers/usb/gadget/legacy/inode.o
  CC [M]  drivers/usb/musb/musb_gadget.o
  CC [M]  drivers/staging/lustre/lustre/llite/xattr_security.o
  CC [M]  drivers/usb/host/xhci-hub.o
  CC [M]  drivers/usb/gadget/legacy/g_ffs.o
  CC [M]  drivers/staging/lustre/lustre/llite/super25.o
  CC [M]  drivers/usb/musb/musb_debugfs.o
  CC [M]  drivers/usb/host/xhci-dbg.o
  CC [M]  drivers/usb/gadget/legacy/mass_storage.o
  LD [M]  drivers/usb/musb/musb_hdrc.o
  CC [M]  drivers/usb/gadget/legacy/serial.o
  CC [M]  drivers/scsi/qla2xxx/qla_nx2.o
  CC [M]  drivers/usb/gadget/legacy/printer.o
  CC [M]  drivers/staging/lustre/lustre/llite/statahead.o
  CC [M]  drivers/usb/host/xhci-trace.o
  CC [M]  drivers/staging/lustre/lustre/llite/glimpse.o
  CC [M]  drivers/usb/gadget/legacy/gmidi.o
  CC [M]  drivers/usb/gadget/legacy/hid.o
  CC [M]  drivers/usb/host/xhci-pci.o
  CC [M]  drivers/staging/lustre/lustre/llite/lcommon_cl.o
  CC [M]  drivers/scsi/qla2xxx/qla_target.o
  CC [M]  drivers/usb/gadget/legacy/dbgp.o
  CC [M]  drivers/usb/misc/emi62.o
  CC [M]  drivers/usb/misc/ezusb.o
  CC [M]  drivers/usb/gadget/legacy/webcam.o
  CC [M]  drivers/usb/host/sl811-hcd.o
  CC [M]  drivers/usb/gadget/legacy/ncm.o
  CC [M]  drivers/staging/lustre/lustre/llite/lcommon_misc.o
  CC [M]  drivers/usb/host/sl811_cs.o
  CC [M]  drivers/usb/misc/ftdi-elan.o
  CC [M]  drivers/usb/misc/idmouse.o
  CC [M]  drivers/usb/gadget/legacy/tcm_usb_gadget.o
  CC [M]  drivers/usb/misc/iowarrior.o
  LD [M]  drivers/usb/gadget/legacy/g_audio.o
  LD [M]  drivers/usb/gadget/legacy/g_ether.o
  LD [M]  drivers/usb/gadget/legacy/gadgetfs.o
  LD [M]  drivers/usb/gadget/legacy/g_mass_storage.o
  LD [M]  drivers/usb/gadget/legacy/g_serial.o
  LD [M]  drivers/usb/gadget/legacy/g_printer.o
  LD [M]  drivers/usb/gadget/legacy/g_midi.o
  LD [M]  drivers/usb/gadget/legacy/g_hid.o
  LD [M]  drivers/usb/gadget/legacy/g_dbgp.o
  LD [M]  drivers/usb/gadget/legacy/g_webcam.o
  LD [M]  drivers/usb/gadget/legacy/g_ncm.o
  LD      drivers/usb/gadget/udc/built-in.o
  CC [M]  drivers/usb/gadget/udc/core.o
  CC [M]  drivers/usb/host/u132-hcd.o
  CC [M]  drivers/staging/lustre/lustre/llite/vvp_dev.o
  CC      drivers/usb/phy/phy.o
  CC [M]  drivers/scsi/qla2xxx/qla_tmpl.o
  CC [M]  drivers/usb/misc/isight_firmware.o
  CC [M]  drivers/usb/phy/phy-generic.o
  CC [M]  drivers/usb/misc/usblcd.o
  CC [M]  drivers/staging/lustre/lustre/llite/vvp_page.o
  CC [M]  drivers/usb/gadget/udc/trace.o
  CC [M]  drivers/usb/host/r8a66597-hcd.o
  CC [M]  drivers/scsi/qla2xxx/tcm_qla2xxx.o
  CC [M]  drivers/usb/misc/ldusb.o
  CC [M]  drivers/usb/phy/phy-tahvo.o
  CC [M]  drivers/staging/lustre/lustre/llite/vvp_lock.o
  CC [M]  drivers/usb/gadget/udc/dummy_hcd.o
  CC [M]  drivers/usb/misc/legousbtower.o
  CC [M]  drivers/usb/phy/phy-isp1301.o
  LD [M]  drivers/scsi/qla2xxx/qla2xxx.o
  CC [M]  drivers/usb/host/hwa-hc.o
  CC [M]  drivers/staging/lustre/lustre/llite/vvp_io.o
  CC [M]  drivers/usb/misc/rio500.o
  LD      drivers/usb/phy/built-in.o
  CC [M]  drivers/usb/host/max3421-hcd.o
  CC [M]  drivers/usb/gadget/udc/net2272.o
  CC [M]  drivers/usb/mon/mon_bin.o
  LD      drivers/usb/host/whci/built-in.o
  CC [M]  drivers/usb/host/whci/asl.o
  CC [M]  drivers/usb/misc/usbtest.o
  CC [M]  drivers/staging/lustre/lustre/llite/vvp_object.o
  CC      drivers/video/fbdev/efifb.o
  CC [M]  drivers/usb/host/whci/debug.o
  LD [M]  drivers/usb/mon/usbmon.o
  LD      drivers/usb/serial/built-in.o
  CC [M]  drivers/usb/serial/usb-serial.o
  CC [M]  drivers/usb/gadget/udc/net2280.o
  CC [M]  drivers/usb/misc/trancevibrator.o
  CC [M]  drivers/usb/serial/generic.o
  CC [M]  drivers/usb/host/whci/hcd.o
  CC [M]  drivers/staging/lustre/lustre/llite/lproc_llite.o
  CC [M]  drivers/usb/misc/uss720.o
  CC [M]  drivers/usb/host/whci/hw.o
  CC [M]  drivers/usb/misc/usbsevseg.o
  CC      drivers/watchdog/watchdog_core.o
  CC [M]  drivers/usb/serial/bus.o
  CC [M]  drivers/usb/gadget/udc/amd5536udc.o
  CC [M]  drivers/usb/serial/aircable.o
  CC [M]  drivers/usb/misc/yurex.o
  CC      drivers/watchdog/watchdog_dev.o
  LD [M]  drivers/staging/lustre/lustre/llite/lustre.o
  CC [M]  drivers/usb/serial/ark3116.o
  CC [M]  drivers/usb/misc/usb3503.o
  CC [M]  drivers/usb/gadget/udc/pxa27x_udc.o
  CC [M]  drivers/watchdog/pcwd_pci.o
  CC [M]  drivers/usb/serial/belkin_sa.o
  CC [M]  drivers/usb/misc/chaoskey.o
  CC [M]  drivers/watchdog/wdt_pci.o
  CC [M]  drivers/usb/serial/ch341.o
  CC [M]  drivers/usb/misc/ucsi.o
  CC [M]  drivers/usb/gadget/udc/goku_udc.o
  CC [M]  drivers/watchdog/pcwd_usb.o
  CC [M]  drivers/usb/misc/lvstest.o
  CC [M]  drivers/usb/serial/cp210x.o
  CC [M]  drivers/watchdog/dw_wdt.o
  LD      drivers/usb/misc/sisusbvga/built-in.o
  CC [M]  drivers/usb/misc/sisusbvga/sisusb.o
  CC [M]  drivers/usb/gadget/udc/m66592-udc.o
  CC [M]  drivers/watchdog/retu_wdt.o
  CC [M]  drivers/usb/serial/cyberjack.o
  CC [M]  drivers/watchdog/acquirewdt.o
  CC [M]  drivers/usb/serial/cypress_m8.o
  CC [M]  drivers/watchdog/advantechwdt.o
  CC [M]  drivers/usb/gadget/udc/r8a66597-udc.o
  CC [M]  drivers/usb/misc/sisusbvga/sisusb_init.o
  CC [M]  drivers/watchdog/alim1535_wdt.o
  CC [M]  drivers/usb/misc/sisusbvga/sisusb_con.o
  CC [M]  drivers/usb/serial/digi_acceleport.o
  CC [M]  drivers/watchdog/alim7101_wdt.o
  LD [M]  drivers/usb/misc/sisusbvga/sisusbvga.o
  CC [M]  drivers/usb/host/whci/init.o
  CC [M]  drivers/scsi/hosts.o
  LD      drivers/staging/lustre/lustre/lov/built-in.o
  CC [M]  drivers/staging/lustre/lustre/lov/lov_obd.o
  LD      drivers/usb/storage/built-in.o
  CC [M]  drivers/usb/storage/uas.o
  CC [M]  drivers/usb/gadget/udc/pch_udc.o
  CC [M]  drivers/usb/serial/io_edgeport.o
  CC [M]  drivers/scsi/scsi_ioctl.o
  CC [M]  drivers/usb/storage/scsiglue.o
  CC [M]  drivers/usb/gadget/udc/mv_udc_core.o
  CC [M]  drivers/scsi/scsicam.o
  CC [M]  drivers/usb/serial/io_ti.o
  CC [M]  drivers/staging/lustre/lustre/lov/lov_pack.o
  CC [M]  drivers/usb/storage/protocol.o
  CC [M]  drivers/scsi/scsi_error.o
  CC [M]  drivers/usb/gadget/udc/mv_u3d_core.o
  CC [M]  drivers/usb/storage/transport.o
  CC [M]  drivers/staging/lustre/lustre/lov/lov_offset.o
  CC [M]  drivers/usb/serial/empeg.o
  CC [M]  drivers/staging/lustre/lustre/lov/lov_merge.o
  CC [M]  drivers/usb/storage/usb.o
  CC [M]  drivers/usb/serial/f81232.o
  CC [M]  drivers/usb/gadget/udc/gr_udc.o
  CC [M]  drivers/scsi/scsi_lib.o
  CC [M]  drivers/usb/serial/ftdi_sio.o
  CC [M]  drivers/staging/lustre/lustre/lov/lov_request.o
  LD      drivers/usb/gadget/udc/bdc/built-in.o
  CC [M]  drivers/usb/gadget/udc/bdc/bdc_core.o
  CC [M]  drivers/usb/storage/initializers.o
  CC [M]  drivers/staging/lustre/lustre/lov/lov_ea.o
  CC [M]  drivers/usb/serial/garmin_gps.o
  CC [M]  drivers/usb/storage/sierra_ms.o
  CC [M]  drivers/usb/gadget/udc/bdc/bdc_cmd.o
  CC [M]  drivers/scsi/scsi_common.o
  CC [M]  drivers/scsi/scsi_lib_dma.o
  CC [M]  drivers/usb/storage/option_ms.o
  CC [M]  drivers/usb/gadget/udc/bdc/bdc_ep.o
  CC [M]  drivers/usb/serial/ipaq.o
  CC [M]  drivers/staging/lustre/lustre/lov/lov_dev.o
  CC [M]  drivers/usb/storage/usual-tables.o
  CC [M]  drivers/scsi/scsi_scan.o
  CC [M]  drivers/usb/serial/ipw.o
  CC [M]  drivers/usb/storage/alauda.o
  CC [M]  drivers/usb/serial/ir-usb.o
  CC [M]  drivers/usb/gadget/udc/bdc/bdc_udc.o
  CC [M]  drivers/staging/lustre/lustre/lov/lov_object.o
  CC [M]  drivers/usb/gadget/udc/bdc/bdc_pci.o
  CC [M]  drivers/usb/serial/iuu_phoenix.o
  CC [M]  drivers/usb/storage/cypress_atacb.o
  CC [M]  drivers/scsi/scsi_sysfs.o
  LD [M]  drivers/usb/gadget/udc/bdc/bdc.o
  LD [M]  drivers/usb/gadget/udc/udc-core.o
  LD [M]  drivers/usb/gadget/udc/mv_udc.o
  LD [M]  drivers/usb/gadget/libcomposite.o
  CC [M]  drivers/watchdog/f71808e_wdt.o
  LD      drivers/staging/lustre/lustre/mdc/built-in.o
  CC [M]  drivers/staging/lustre/lustre/mdc/mdc_request.o
  CC [M]  drivers/usb/serial/keyspan.o
  CC [M]  drivers/usb/storage/datafab.o
  CC [M]  drivers/watchdog/sp5100_tco.o
  CC [M]  drivers/usb/storage/ene_ub6250.o
  CC [M]  drivers/scsi/scsi_devinfo.o
  CC [M]  drivers/watchdog/sbc_fitpc2_wdt.o
  CC [M]  drivers/usb/serial/keyspan_pda.o
  CC [M]  drivers/watchdog/eurotechwdt.o
  CC [M]  drivers/usb/storage/freecom.o
  CC [M]  drivers/watchdog/ib700wdt.o
  CC [M]  drivers/usb/serial/kl5kusb105.o
  CC [M]  drivers/scsi/scsi_netlink.o
  CC [M]  drivers/staging/lustre/lustre/mdc/mdc_reint.o
  CC [M]  drivers/watchdog/ibmasr.o
  CC [M]  drivers/usb/storage/isd200.o
  CC [M]  drivers/usb/serial/kobil_sct.o
  CC [M]  drivers/watchdog/wafer5823wdt.o
  CC [M]  drivers/staging/lustre/lustre/mdc/mdc_lib.o
  CC [M]  drivers/usb/storage/jumpshot.o
  CC [M]  drivers/scsi/scsi_sysctl.o
  CC [M]  drivers/usb/serial/mct_u232.o
  CC [M]  drivers/watchdog/i6300esb.o
  CC [M]  drivers/scsi/scsi_proc.o
  CC [M]  drivers/usb/storage/karma.o
  CC [M]  drivers/watchdog/ie6xx_wdt.o
  CC [M]  drivers/usb/serial/metro-usb.o
  CC [M]  drivers/staging/lustre/lustre/mdc/mdc_locks.o
  CC [M]  drivers/scsi/scsi_trace.o
  CC [M]  drivers/watchdog/iTCO_wdt.o
  CC [M]  drivers/usb/serial/mos7720.o
  CC [M]  drivers/usb/storage/onetouch.o
  CC [M]  drivers/scsi/scsi_logging.o
  CC [M]  drivers/watchdog/iTCO_vendor_support.o
  CC [M]  drivers/usb/storage/realtek_cr.o
  CC [M]  drivers/usb/serial/mos7840.o
  CC [M]  drivers/watchdog/it8712f_wdt.o
  CC [M]  drivers/staging/lustre/lustre/mdc/lproc_mdc.o
  CC [M]  drivers/scsi/scsi_pm.o
  CC [M]  drivers/usb/storage/sddr09.o
  CC [M]  drivers/watchdog/it87_wdt.o
  CC [M]  drivers/usb/serial/mxuport.o
  LD [M]  drivers/staging/lustre/lustre/mdc/mdc.o
  CC [M]  drivers/watchdog/hpwdt.o
  CC [M]  drivers/usb/storage/sddr55.o
  LD      drivers/staging/media/bcm2048/built-in.o
  CC [M]  drivers/staging/media/bcm2048/radio-bcm2048.o
  CC [M]  drivers/scsi/scsi_dh.o
  CC [M]  drivers/watchdog/sc1200wdt.o
  CC [M]  drivers/usb/storage/shuttle_usbat.o
  CC [M]  drivers/watchdog/pc87413_wdt.o
  CC [M]  drivers/scsi/raid_class.o
  CC [M]  drivers/watchdog/nv_tco.o
  LD      drivers/staging/media/cxd2099/built-in.o
  CC [M]  drivers/staging/media/cxd2099/cxd2099.o
  LD [M]  drivers/usb/storage/usb-storage.o
  LD [M]  drivers/usb/storage/ums-alauda.o
  LD [M]  drivers/usb/storage/ums-cypress.o
  LD [M]  drivers/usb/storage/ums-datafab.o
  LD [M]  drivers/usb/storage/ums-eneub6250.o
  LD [M]  drivers/usb/storage/ums-freecom.o
  LD [M]  drivers/usb/storage/ums-isd200.o
  LD [M]  drivers/usb/storage/ums-jumpshot.o
  LD [M]  drivers/usb/storage/ums-karma.o
  LD [M]  drivers/usb/storage/ums-onetouch.o
  LD [M]  drivers/usb/storage/ums-realtek.o
  LD [M]  drivers/usb/storage/ums-sddr09.o
  LD [M]  drivers/usb/storage/ums-sddr55.o
  LD [M]  drivers/usb/storage/ums-usbat.o
  CC [M]  drivers/usb/serial/navman.o
  CC [M]  drivers/usb/serial/omninet.o
  CC [M]  drivers/scsi/scsi_transport_spi.o
  LD      drivers/usb/host/built-in.o
  LD [M]  drivers/usb/host/xhci-hcd.o
  CC [M]  drivers/usb/serial/opticon.o
  LD      drivers/staging/rtl8188eu/built-in.o
  CC [M]  drivers/staging/rtl8188eu/core/rtw_ap.o
  LD      drivers/staging/media/lirc/built-in.o
  CC [M]  drivers/staging/media/lirc/lirc_bt829.o
  CC [M]  drivers/usb/serial/option.o
  CC [M]  drivers/staging/media/lirc/lirc_imon.o
  CC [M]  drivers/staging/rtl8188eu/core/rtw_cmd.o
  CC [M]  drivers/usb/serial/oti6858.o
  CC [M]  drivers/staging/media/lirc/lirc_parallel.o
  CC [M]  drivers/scsi/scsi_transport_fc.o
  CC [M]  drivers/staging/media/lirc/lirc_sasem.o
  CC [M]  drivers/usb/serial/pl2303.o
  CC [M]  drivers/staging/rtl8188eu/core/rtw_debug.o
  CC [M]  drivers/staging/media/lirc/lirc_sir.o
  CC [M]  drivers/usb/serial/qcaux.o
  CC [M]  drivers/staging/rtl8188eu/core/rtw_efuse.o
  CC [M]  drivers/usb/serial/qcserial.o
  CC [M]  drivers/staging/media/lirc/lirc_zilog.o
  CC [M]  drivers/usb/serial/quatech2.o
  CC [M]  drivers/scsi/scsi_transport_iscsi.o
  CC [M]  drivers/staging/rtl8188eu/core/rtw_ieee80211.o
  LD      drivers/staging/media/built-in.o
  CC [M]  drivers/staging/rtl8188eu/core/rtw_ioctl_set.o
  CC [M]  drivers/usb/serial/safe_serial.o
  CC [M]  drivers/staging/lustre/lustre/lov/lov_page.o
  CC [M]  drivers/video/fbdev/via/via_i2c.o
  CC [M]  drivers/staging/lustre/lustre/lov/lov_lock.o
  CC [M]  drivers/usb/serial/sierra.o
  CC [M]  drivers/staging/rtl8188eu/core/rtw_iol.o
  CC [M]  drivers/video/fbdev/via/dvi.o
  CC [M]  drivers/staging/rtl8188eu/core/rtw_led.o
  CC [M]  drivers/staging/lustre/lustre/lov/lov_io.o
  LD      drivers/staging/rtl8192e/built-in.o
  CC [M]  drivers/staging/rtl8192e/dot11d.o
  CC [M]  drivers/video/fbdev/via/lcd.o
  CC [M]  drivers/staging/rtl8188eu/core/rtw_mlme.o
  CC [M]  drivers/video/fbdev/via/ioctl.o
  CC [M]  drivers/staging/rtl8192e/rtllib_module.o
  CC [M]  drivers/scsi/scsi_transport_sas.o
  CC [M]  drivers/staging/lustre/lustre/lov/lovsub_dev.o
  CC [M]  drivers/video/fbdev/via/accel.o
  CC [M]  drivers/staging/rtl8188eu/core/rtw_mlme_ext.o
  CC [M]  drivers/staging/lustre/lustre/lov/lovsub_object.o
  CC [M]  drivers/video/fbdev/via/via_utility.o
  CC [M]  drivers/staging/rtl8192e/rtllib_rx.o
  CC [M]  drivers/video/fbdev/via/vt1636.o
  CC [M]  drivers/scsi/scsi_transport_srp.o
  CC [M]  drivers/staging/lustre/lustre/lov/lovsub_page.o
  CC [M]  drivers/video/fbdev/via/global.o
  CC [M]  drivers/video/fbdev/via/tblDPASetting.o
  CC [M]  drivers/staging/lustre/lustre/lov/lovsub_lock.o
  CC [M]  drivers/scsi/libiscsi.o
  CC [M]  drivers/video/fbdev/via/viamode.o
  CC [M]  drivers/staging/rtl8188eu/core/rtw_pwrctrl.o
  CC [M]  drivers/video/fbdev/via/via-core.o
  CC [M]  drivers/staging/lustre/lustre/lov/lovsub_io.o
  CC [M]  drivers/staging/rtl8192e/rtllib_tx.o
  CC [M]  drivers/staging/rtl8188eu/core/rtw_recv.o
  CC [M]  drivers/video/fbdev/via/via-gpio.o
  CC [M]  drivers/staging/lustre/lustre/lov/lov_pool.o
  CC [M]  drivers/staging/rtl8188eu/core/rtw_rf.o
  CC [M]  drivers/scsi/libiscsi_tcp.o
  CC [M]  drivers/video/fbdev/via/via_modesetting.o
  CC [M]  drivers/staging/rtl8192e/rtllib_wx.o
  CC [M]  drivers/staging/lustre/lustre/lov/lproc_lov.o
  CC [M]  drivers/video/fbdev/via/via_clock.o
  CC [M]  drivers/staging/rtl8188eu/core/rtw_security.o
  LD [M]  drivers/staging/lustre/lustre/lov/lov.o
  LD      drivers/staging/lustre/lustre/mgc/built-in.o
  CC [M]  drivers/staging/lustre/lustre/mgc/mgc_request.o
  CC [M]  drivers/video/fbdev/via/via_aux.o
  CC [M]  drivers/video/fbdev/via/via_aux_edid.o
  CC [M]  drivers/scsi/iscsi_tcp.o
  CC [M]  drivers/staging/rtl8192e/rtllib_softmac.o
  CC [M]  drivers/staging/rtl8188eu/core/rtw_sreset.o
  CC [M]  drivers/video/fbdev/via/via_aux_vt1636.o
  CC [M]  drivers/video/fbdev/via/via_aux_vt1632.o
  CC [M]  drivers/scsi/iscsi_boot_sysfs.o
  CC [M]  drivers/video/fbdev/via/via_aux_vt1631.o
  CC [M]  drivers/staging/rtl8188eu/core/rtw_sta_mgt.o
  CC [M]  drivers/video/fbdev/via/via_aux_vt1625.o
  CC [M]  drivers/staging/lustre/lustre/mgc/lproc_mgc.o
  CC [M]  drivers/scsi/advansys.o
  CC [M]  drivers/staging/rtl8188eu/core/rtw_wlan_util.o
  CC [M]  drivers/video/fbdev/via/via_aux_vt1622.o
  CC [M]  drivers/video/fbdev/via/via_aux_vt1621.o
  LD [M]  drivers/staging/lustre/lustre/mgc/mgc.o
  LD      drivers/staging/lustre/lustre/obdclass/built-in.o
  CC [M]  drivers/staging/lustre/lustre/obdclass/linux/linux-module.o
  CC [M]  drivers/video/fbdev/via/via_aux_sii164.o
  CC [M]  drivers/staging/rtl8192e/rtllib_softmac_wx.o
  CC [M]  drivers/staging/rtl8188eu/core/rtw_xmit.o
  CC [M]  drivers/video/fbdev/via/via_aux_ch7301.o
  LD [M]  drivers/video/fbdev/via/viafb.o
  CC [M]  drivers/staging/rtl8192e/rtl819x_BAProc.o
  CC [M]  drivers/staging/rtl8188eu/hal/fw.o
  CC [M]  drivers/staging/lustre/lustre/obdclass/linux/linux-sysctl.o
  CC [M]  drivers/scsi/BusLogic.o
  CC [M]  drivers/staging/rtl8192e/rtl819x_HTProc.o
  CC [M]  drivers/staging/rtl8188eu/hal/mac_cfg.o
  CC [M]  drivers/staging/lustre/lustre/obdclass/llog.o
  CC [M]  drivers/staging/rtl8188eu/hal/bb_cfg.o
  CC [M]  drivers/staging/rtl8192e/rtl819x_TSProc.o
  CC [M]  drivers/staging/rtl8188eu/hal/rf_cfg.o
  CC [M]  drivers/staging/rtl8188eu/hal/pwrseqcmd.o
  CC [M]  drivers/staging/lustre/lustre/obdclass/llog_cat.o
  CC [M]  drivers/staging/rtl8192e/rtllib_crypt_ccmp.o
  CC [M]  drivers/staging/rtl8188eu/hal/pwrseq.o
  CC [M]  drivers/scsi/dpt_i2o.o
  CC [M]  drivers/staging/rtl8192e/rtllib_crypt_tkip.o
  CC [M]  drivers/staging/rtl8188eu/hal/Hal8188ERateAdaptive.o
  CC [M]  drivers/staging/lustre/lustre/obdclass/llog_obd.o
  CC [M]  drivers/staging/rtl8192e/rtllib_crypt_wep.o
  CC [M]  drivers/staging/rtl8188eu/hal/hal_intf.o
  LD      drivers/staging/rtl8192e/rtl8192e/built-in.o
  CC [M]  drivers/scsi/ips.o
  CC [M]  drivers/staging/rtl8192e/rtl8192e/r8192E_dev.o
  CC [M]  drivers/staging/rtl8188eu/hal/hal_com.o
  CC [M]  drivers/staging/lustre/lustre/obdclass/llog_swab.o
  CC [M]  drivers/staging/rtl8188eu/hal/odm.o
  CC [M]  drivers/staging/rtl8192e/rtl8192e/r8192E_phy.o
  CC [M]  drivers/staging/rtl8188eu/hal/odm_HWConfig.o
  CC [M]  drivers/staging/lustre/lustre/obdclass/class_obd.o
  CC [M]  drivers/scsi/fdomain.o
  CC [M]  drivers/staging/rtl8192e/rtl8192e/r8192E_firmware.o
  CC [M]  drivers/staging/rtl8188eu/hal/odm_RTL8188E.o
  CC [M]  drivers/staging/rtl8192e/rtl8192e/r8192E_cmdpkt.o
  CC [M]  drivers/scsi/qlogicfas408.o
  CC [M]  drivers/staging/rtl8188eu/hal/rtl8188e_cmd.o
  CC [M]  drivers/staging/rtl8192e/rtl8192e/r8192E_hwimg.o
  CC [M]  drivers/staging/rtl8192e/rtl8192e/r8190P_rtl8256.o
  CC [M]  drivers/staging/lustre/lustre/obdclass/debug.o
  CC [M]  drivers/scsi/qla1280.o
  CC [M]  drivers/staging/rtl8188eu/hal/rtl8188e_dm.o
  CC [M]  drivers/staging/rtl8192e/rtl8192e/rtl_cam.o
  CC [M]  drivers/staging/rtl8188eu/hal/rtl8188e_hal_init.o
  CC [M]  drivers/staging/rtl8192e/rtl8192e/rtl_core.o
  CC [M]  drivers/staging/lustre/lustre/obdclass/genops.o
  CC [M]  drivers/scsi/dmx3191d.o
  CC [M]  drivers/staging/rtl8188eu/hal/phy.o
  CC [M]  drivers/scsi/hpsa.o
  CC [M]  drivers/staging/rtl8192e/rtl8192e/rtl_dm.o
  CC [M]  drivers/staging/rtl8188eu/hal/rf.o
  CC [M]  drivers/staging/rtl8188eu/hal/rtl8188e_rxdesc.o
  CC [M]  drivers/staging/lustre/lustre/obdclass/uuid.o
  CC [M]  drivers/staging/rtl8192e/rtl8192e/rtl_eeprom.o
  CC [M]  drivers/staging/rtl8188eu/hal/rtl8188e_xmit.o
  CC [M]  drivers/staging/rtl8192e/rtl8192e/rtl_ethtool.o
  CC [M]  drivers/staging/rtl8188eu/hal/rtl8188eu_led.o
  CC [M]  drivers/staging/lustre/lustre/obdclass/lprocfs_status.o
  CC [M]  drivers/staging/rtl8192e/rtl8192e/rtl_pci.o
  CC [M]  drivers/staging/rtl8188eu/hal/rtl8188eu_recv.o
  CC [M]  drivers/staging/rtl8192e/rtl8192e/rtl_pm.o
  CC [M]  drivers/staging/rtl8188eu/hal/rtl8188eu_xmit.o
  CC [M]  drivers/scsi/eata.o
  CC [M]  drivers/staging/rtl8192e/rtl8192e/rtl_ps.o
  CC [M]  drivers/staging/rtl8188eu/hal/usb_halinit.o
  CC [M]  drivers/staging/rtl8192e/rtl8192e/rtl_wx.o
  CC [M]  drivers/staging/lustre/lustre/obdclass/lprocfs_counters.o
  CC [M]  drivers/scsi/dc395x.o
  CC [M]  drivers/staging/rtl8188eu/os_dep/ioctl_linux.o
  LD [M]  drivers/staging/rtl8192e/rtl8192e/r8192e_pci.o
  LD [M]  drivers/staging/rtl8192e/rtllib.o
  CC [M]  drivers/staging/lustre/lustre/obdclass/lustre_handles.o
  CC [M]  drivers/usb/serial/usb-serial-simple.o
  CC [M]  drivers/video/fbdev/sstfb.o
  CC [M]  drivers/usb/host/whci/int.o
  CC [M]  drivers/usb/serial/spcp8x5.o
  CC [M]  drivers/usb/serial/ssu100.o
  CC [M]  drivers/video/fbdev/udlfb.o
  CC [M]  drivers/staging/lustre/lustre/obdclass/lustre_peer.o
  CC [M]  drivers/usb/host/whci/pzl.o
  CC [M]  drivers/usb/serial/symbolserial.o
  CC [M]  drivers/usb/host/whci/qset.o
  CC [M]  drivers/staging/rtl8188eu/os_dep/mlme_linux.o
  CC [M]  drivers/usb/serial/usb_wwan.o
  CC [M]  drivers/usb/serial/ti_usb_3410_5052.o
  CC [M]  drivers/usb/host/whci/wusb.o
  CC [M]  drivers/staging/lustre/lustre/obdclass/statfs_pack.o
  CC [M]  drivers/staging/rtl8188eu/os_dep/mon.o
  CC [M]  drivers/usb/serial/visor.o
  LD      drivers/staging/rtl8192u/built-in.o
  LD [M]  drivers/usb/host/whci/whci-hcd.o
  CC [M]  drivers/staging/rtl8192u/r8192U_core.o
  CC [M]  drivers/staging/rtl8188eu/os_dep/os_intfs.o
  CC [M]  drivers/usb/serial/wishbone-serial.o
  CC [M]  drivers/staging/lustre/lustre/obdclass/linkea.o
  CC [M]  drivers/staging/rtl8188eu/os_dep/osdep_service.o
  CC [M]  drivers/usb/serial/whiteheat.o
  CC [M]  drivers/usb/serial/xsens_mt.o
  CC [M]  drivers/staging/rtl8188eu/os_dep/recv_linux.o
  CC [M]  drivers/staging/lustre/lustre/obdclass/obdo.o
  LD [M]  drivers/usb/serial/usbserial.o
  CC [M]  drivers/staging/rtl8192u/r8180_93cx6.o
  CC [M]  drivers/staging/rtl8188eu/os_dep/rtw_android.o
  CC [M]  drivers/staging/rtl8192u/r8192U_wx.o
  CC [M]  drivers/staging/rtl8188eu/os_dep/usb_intf.o
  CC [M]  drivers/staging/lustre/lustre/obdclass/obd_config.o
  CC [M]  drivers/staging/rtl8192u/r8190_rtl8256.o
  CC [M]  drivers/staging/rtl8188eu/os_dep/usb_ops_linux.o
  CC [M]  drivers/staging/rtl8192u/r819xU_phy.o
  CC [M]  drivers/staging/rtl8188eu/os_dep/xmit_linux.o
  CC [M]  drivers/staging/rtl8192u/r819xU_firmware.o
  LD [M]  drivers/staging/rtl8188eu/r8188eu.o
  LD      drivers/staging/rtl8712/built-in.o
  CC [M]  drivers/staging/rtl8712/rtl871x_cmd.o
  CC [M]  drivers/staging/lustre/lustre/obdclass/obd_mount.o
  CC [M]  drivers/staging/rtl8712/rtl8712_cmd.o
  CC [M]  drivers/staging/rtl8712/rtl871x_security.o
  CC [M]  drivers/staging/lustre/lustre/obdclass/lu_object.o
  CC [M]  drivers/staging/rtl8712/rtl871x_eeprom.o
  CC [M]  drivers/staging/rtl8712/rtl8712_efuse.o
  CC [M]  drivers/staging/rtl8712/hal_init.o
  CC [M]  drivers/staging/lustre/lustre/obdclass/lu_ref.o
  CC [M]  drivers/staging/rtl8712/usb_halinit.o
  CC [M]  drivers/staging/lustre/lustre/obdclass/cl_object.o
  CC [M]  drivers/staging/rtl8712/usb_ops.o
  CC [M]  drivers/staging/rtl8712/usb_ops_linux.o
  CC [M]  drivers/staging/lustre/lustre/obdclass/cl_page.o
  CC [M]  drivers/staging/rtl8712/rtl871x_io.o
  CC [M]  drivers/staging/rtl8712/rtl8712_io.o
  CC [M]  drivers/staging/rtl8712/rtl871x_ioctl_linux.o
  CC [M]  drivers/staging/lustre/lustre/obdclass/cl_lock.o
  CC [M]  drivers/staging/rtl8712/rtl871x_ioctl_rtl.o
  CC [M]  drivers/staging/lustre/lustre/obdclass/cl_io.o
  CC [M]  drivers/staging/rtl8712/rtl871x_ioctl_set.o
  CC [M]  drivers/staging/rtl8712/rtl8712_led.o
  CC [M]  drivers/staging/lustre/lustre/obdclass/kernelcomm.o
  CC [M]  drivers/staging/rtl8712/rtl871x_mlme.o
  LD [M]  drivers/staging/lustre/lustre/obdclass/obdclass.o
  LD      drivers/staging/lustre/lustre/obdecho/built-in.o
  CC [M]  drivers/staging/lustre/lustre/obdecho/echo_client.o
  CC [M]  drivers/staging/rtl8712/ieee80211.o
  CC [M]  drivers/staging/rtl8712/rtl871x_mp_ioctl.o
  CC [M]  drivers/staging/rtl8712/rtl871x_mp.o
  LD [M]  drivers/staging/lustre/lustre/obdecho/obdecho.o
  LD      drivers/staging/lustre/lustre/osc/built-in.o
  CC [M]  drivers/staging/lustre/lustre/osc/osc_request.o
  CC [M]  drivers/staging/rtl8712/mlme_linux.o
  CC [M]  drivers/staging/rtl8712/recv_linux.o
  CC [M]  drivers/staging/rtl8712/xmit_linux.o
  CC [M]  drivers/staging/lustre/lustre/osc/osc_dev.o
  CC [M]  drivers/staging/rtl8712/usb_intf.o
  CC [M]  drivers/staging/lustre/lustre/osc/osc_object.o
  CC [M]  drivers/staging/rtl8712/os_intfs.o
  CC [M]  drivers/staging/rtl8712/rtl871x_pwrctrl.o
  CC [M]  drivers/staging/lustre/lustre/osc/osc_page.o
  CC [M]  drivers/staging/rtl8712/rtl8712_recv.o
  CC [M]  drivers/staging/lustre/lustre/osc/osc_lock.o
  CC [M]  drivers/staging/rtl8712/rtl871x_recv.o
  CC [M]  drivers/staging/rtl8712/rtl871x_sta_mgt.o
  CC [M]  drivers/staging/lustre/lustre/osc/osc_io.o
  CC [M]  drivers/staging/rtl8712/rtl871x_xmit.o
  CC [M]  drivers/staging/lustre/lustre/osc/osc_quota.o
  CC [M]  drivers/staging/rtl8712/rtl8712_xmit.o
  CC [M]  drivers/staging/lustre/lustre/osc/osc_cache.o
  LD [M]  drivers/staging/rtl8712/r8712u.o
  LD      drivers/staging/rts5208/built-in.o
  CC [M]  drivers/staging/rts5208/rtsx.o
  CC [M]  drivers/staging/rts5208/rtsx_chip.o
  CC [M]  drivers/staging/rts5208/rtsx_transport.o
  CC [M]  drivers/staging/rts5208/rtsx_scsi.o
  CC [M]  drivers/staging/lustre/lustre/osc/lproc_osc.o
  CC [M]  drivers/staging/rts5208/rtsx_card.o
  LD [M]  drivers/staging/lustre/lustre/osc/osc.o
  LD      drivers/staging/lustre/lustre/ptlrpc/built-in.o
  CC [M]  drivers/staging/lustre/lustre/ptlrpc/../../lustre/ldlm/l_lock.o
  CC [M]  drivers/staging/rts5208/general.o
  CC [M]  drivers/staging/lustre/lustre/ptlrpc/../../lustre/ldlm/ldlm_lock.o
  CC [M]  drivers/staging/rts5208/sd.o
  CC [M]  drivers/staging/lustre/lustre/ptlrpc/../../lustre/ldlm/ldlm_resource.o
  CC [M]  drivers/staging/rts5208/xd.o
  CC [M]  drivers/staging/rts5208/ms.o
  CC [M]  drivers/staging/lustre/lustre/ptlrpc/../../lustre/ldlm/ldlm_lib.o
  CC [M]  drivers/staging/rts5208/spi.o
  CC [M]  drivers/staging/lustre/lustre/ptlrpc/../../lustre/ldlm/ldlm_plain.o
  CC [M]  drivers/staging/rts5208/trace.o
  CC [M]  drivers/staging/lustre/lustre/ptlrpc/../../lustre/ldlm/ldlm_extent.o
  LD [M]  drivers/staging/rts5208/rts5208.o
  LD      drivers/staging/speakup/built-in.o
  CC [M]  drivers/staging/speakup/speakup_acntsa.o
  CC [M]  drivers/staging/speakup/speakup_apollo.o
  CC [M]  drivers/staging/lustre/lustre/ptlrpc/../../lustre/ldlm/ldlm_request.o
  CC [M]  drivers/staging/speakup/speakup_audptr.o
  CC [M]  drivers/staging/speakup/speakup_bns.o
  CC [M]  drivers/staging/speakup/speakup_dectlk.o
  CC [M]  drivers/staging/speakup/speakup_decext.o
  CC [M]  drivers/staging/speakup/speakup_ltlk.o
  CC [M]  drivers/staging/lustre/lustre/ptlrpc/../../lustre/ldlm/ldlm_lockd.o
  CC [M]  drivers/staging/speakup/speakup_soft.o
  CC [M]  drivers/staging/speakup/speakup_spkout.o
  CC [M]  drivers/staging/speakup/speakup_txprt.o
  CC [M]  drivers/staging/lustre/lustre/ptlrpc/../../lustre/ldlm/ldlm_flock.o
  CC [M]  drivers/staging/speakup/speakup_dummy.o
  CC [M]  drivers/staging/speakup/buffers.o
  CC [M]  drivers/staging/speakup/devsynth.o
  CC [M]  drivers/staging/lustre/lustre/ptlrpc/../../lustre/ldlm/ldlm_inodebits.o
  CC [M]  drivers/staging/speakup/i18n.o
  CC [M]  drivers/staging/lustre/lustre/ptlrpc/../../lustre/ldlm/ldlm_pool.o
  CC [M]  drivers/staging/speakup/fakekey.o
  CC [M]  drivers/staging/speakup/main.o
  CC [M]  drivers/staging/lustre/lustre/ptlrpc/../../lustre/ldlm/interval_tree.o
  CC [M]  drivers/staging/speakup/keyhelp.o
  CC [M]  drivers/staging/lustre/lustre/ptlrpc/client.o
  CC [M]  drivers/staging/speakup/kobjects.o
  CC [M]  drivers/staging/speakup/selection.o
  CC [M]  drivers/staging/speakup/serialio.o
  CC [M]  drivers/staging/speakup/synth.o
  CC [M]  drivers/staging/lustre/lustre/ptlrpc/recover.o
  CC [M]  drivers/staging/speakup/thread.o
  CC [M]  drivers/staging/speakup/varhandlers.o
  CC [M]  drivers/staging/lustre/lustre/ptlrpc/connection.o
  LD [M]  drivers/staging/speakup/speakup.o
  LD      drivers/staging/vt6655/built-in.o
  CC [M]  drivers/staging/vt6655/device_main.o
  CC [M]  drivers/staging/lustre/lustre/ptlrpc/niobuf.o
  CC [M]  drivers/staging/vt6655/card.o
  CC [M]  drivers/staging/lustre/lustre/ptlrpc/pack_generic.o
  CC [M]  drivers/staging/vt6655/channel.o
  CC [M]  drivers/staging/vt6655/mac.o
  CC [M]  drivers/staging/vt6655/baseband.o
  CC [M]  drivers/staging/lustre/lustre/ptlrpc/events.o
  CC [M]  drivers/staging/vt6655/rxtx.o
  CC [M]  drivers/staging/lustre/lustre/ptlrpc/ptlrpc_module.o
  CC [M]  drivers/staging/vt6655/dpc.o
  CC [M]  drivers/staging/lustre/lustre/ptlrpc/service.o
  CC [M]  drivers/staging/vt6655/power.o
  CC [M]  drivers/staging/vt6655/srom.o
  CC [M]  drivers/staging/vt6655/key.o
  CC [M]  drivers/staging/lustre/lustre/ptlrpc/pinger.o
  CC [M]  drivers/staging/vt6655/rf.o
  LD [M]  drivers/staging/vt6655/vt6655_stage.o
  CC      drivers/xen/cpu_hotplug.o
  CC [M]  drivers/staging/lustre/lustre/ptlrpc/llog_net.o
  CC      drivers/xen/fallback.o
  CC      drivers/xen/grant-table.o
  CC [M]  drivers/staging/lustre/lustre/ptlrpc/llog_client.o
  CC      drivers/xen/features.o
  CC [M]  drivers/staging/lustre/lustre/ptlrpc/import.o
  CC      drivers/xen/balloon.o
  CC      drivers/xen/manage.o
  CC [M]  drivers/staging/lustre/lustre/ptlrpc/ptlrpcd.o
  CC      drivers/xen/preempt.o
  CC      drivers/xen/time.o
  CC      drivers/xen/events/events_base.o
  CC [M]  drivers/staging/lustre/lustre/ptlrpc/pers.o
  CC [M]  drivers/staging/lustre/lustre/ptlrpc/lproc_ptlrpc.o
  CC      drivers/xen/events/events_2l.o
  CC      drivers/xen/events/events_fifo.o
  CC [M]  drivers/staging/lustre/lustre/ptlrpc/wiretest.o
  LD      drivers/xen/events/events.o
  LD      drivers/xen/events/built-in.o
  LD      drivers/xen/xen-pciback/built-in.o
  CC [M]  drivers/xen/xen-pciback/pci_stub.o
  CC [M]  drivers/staging/lustre/lustre/ptlrpc/layout.o
  CC [M]  drivers/xen/xen-pciback/pciback_ops.o
  CC [M]  drivers/xen/xen-pciback/xenbus.o
  CC [M]  drivers/staging/lustre/lustre/ptlrpc/sec.o
  CC [M]  drivers/xen/xen-pciback/conf_space.o
  CC [M]  drivers/xen/xen-pciback/conf_space_header.o
  CC [M]  drivers/xen/xen-pciback/conf_space_capability.o
  CC [M]  drivers/xen/xen-pciback/conf_space_quirks.o
  CC [M]  drivers/xen/xen-pciback/vpci.o
  CC [M]  drivers/staging/lustre/lustre/ptlrpc/sec_bulk.o
  CC [M]  drivers/xen/xen-pciback/passthrough.o
  LD [M]  drivers/xen/xen-pciback/xen-pciback.o
  CC      drivers/xen/xenbus/xenbus_client.o
  CC [M]  drivers/staging/lustre/lustre/ptlrpc/sec_gc.o
  CC      drivers/xen/xenbus/xenbus_comms.o
  CC [M]  drivers/staging/lustre/lustre/ptlrpc/sec_config.o
  CC      drivers/xen/xenbus/xenbus_xs.o
  CC      drivers/xen/xenbus/xenbus_probe.o
  CC [M]  drivers/staging/lustre/lustre/ptlrpc/sec_null.o
  CC [M]  drivers/staging/lustre/lustre/ptlrpc/sec_plain.o
  CC      drivers/xen/xenbus/xenbus_probe_backend.o
  CC      drivers/xen/xenbus/xenbus_dev_frontend.o
  CC [M]  drivers/staging/lustre/lustre/ptlrpc/nrs.o
  CC      drivers/xen/xenbus/xenbus_dev_backend.o
  CC [M]  drivers/staging/lustre/lustre/ptlrpc/nrs_fifo.o
  CC      drivers/xen/xenbus/xenbus_probe_frontend.o
  CC [M]  drivers/staging/lustre/lustre/ptlrpc/sec_lproc.o
  LD      drivers/xen/xenbus/xenbus.o
  LD      drivers/xen/xenbus/built-in.o
  LD      drivers/xen/xenfs/built-in.o
  CC [M]  drivers/xen/xenfs/super.o
  CC [M]  drivers/xen/xenfs/xenstored.o
  CC [M]  drivers/xen/xenfs/xensyms.o
  LD [M]  drivers/staging/lustre/lustre/ptlrpc/ptlrpc.o
  CC      drivers/xen/pci.o
  LD [M]  drivers/xen/xenfs/xenfs.o
  CC [M]  drivers/watchdog/sbc60xxwdt.o
  CC [M]  drivers/staging/rtl8192u/r819xU_cmdpkt.o
  CC [M]  drivers/watchdog/cpu5wdt.o
  CC [M]  drivers/staging/rtl8192u/r8192U_dm.o
  CC [M]  drivers/watchdog/sch311x_wdt.o
  CC      drivers/xen/dbgp.o
  LD      drivers/staging/vt6656/built-in.o
  CC [M]  drivers/staging/vt6656/main_usb.o
  CC [M]  drivers/watchdog/smsc37b787_wdt.o
  CC [M]  drivers/watchdog/via_wdt.o
  CC [M]  drivers/staging/vt6656/card.o
  CC [M]  drivers/watchdog/w83627hf_wdt.o
  CC [M]  drivers/staging/rtl8192u/r819xU_firmware_img.o
  CC [M]  drivers/staging/rtl8192u/ieee80211/ieee80211_crypt.o
  CC [M]  drivers/watchdog/w83877f_wdt.o
  CC [M]  drivers/staging/vt6656/mac.o
  CC [M]  drivers/watchdog/w83977f_wdt.o
  CC [M]  drivers/staging/rtl8192u/ieee80211/ieee80211_crypt_tkip.o
  CC [M]  drivers/watchdog/machzwd.o
  CC [M]  drivers/watchdog/sbc_epx_c3.o
  CC [M]  drivers/staging/vt6656/baseband.o
  CC [M]  drivers/staging/rtl8192u/ieee80211/ieee80211_crypt_ccmp.o
  CC [M]  drivers/watchdog/mei_wdt.o
  CC [M]  drivers/staging/rtl8192u/ieee80211/ieee80211_crypt_wep.o
  CC [M]  drivers/staging/vt6656/wcmd.o
  CC [M]  drivers/watchdog/ni903x_wdt.o
  CC [M]  drivers/staging/rtl8192u/ieee80211/ieee80211_rx.o
  CC [M]  drivers/watchdog/of_xilinx_wdt.o
  CC [M]  drivers/staging/vt6656/rxtx.o
  CC [M]  drivers/watchdog/mena21_wdt.o
  CC [M]  drivers/watchdog/xen_wdt.o
  CC [M]  drivers/staging/vt6656/dpc.o
  CC [M]  drivers/watchdog/ziirave_wdt.o
  CC [M]  drivers/staging/vt6656/power.o
  CC [M]  drivers/watchdog/softdog.o
  LD      drivers/watchdog/watchdog.o
  LD      drivers/watchdog/built-in.o
  CC [M]  drivers/staging/rtl8192u/ieee80211/ieee80211_softmac.o
  CC [M]  drivers/staging/vt6656/key.o
  CC [M]  drivers/staging/vt6656/rf.o
  LD      drivers/usb/wusbcore/built-in.o
  LD      drivers/usb/usbip/built-in.o
  CC [M]  drivers/usb/wusbcore/crypto.o
  CC [M]  drivers/usb/usbip/usbip_common.o
  CC [M]  drivers/usb/usbip/usbip_event.o
  CC [M]  drivers/usb/wusbcore/devconnect.o
  CC [M]  drivers/staging/vt6656/usbpipe.o
  CC [M]  drivers/staging/vt6656/channel.o
  CC [M]  drivers/usb/usbip/vhci_sysfs.o
  CC [M]  drivers/video/fbdev/xen-fbfront.o
  CC [M]  drivers/staging/vt6656/firmware.o
  CC [M]  drivers/staging/rtl8192u/ieee80211/ieee80211_tx.o
  CC [M]  drivers/usb/usbip/vhci_tx.o
  CC [M]  drivers/usb/wusbcore/dev-sysfs.o
  CC [M]  drivers/usb/usbip/vhci_rx.o
  CC [M]  drivers/usb/usbip/vhci_hcd.o
  CC [M]  drivers/staging/vt6656/int.o
  CC [M]  drivers/usb/wusbcore/mmc.o
  CC [M]  drivers/video/fbdev/hyperv_fb.o
  CC [M]  drivers/staging/rtl8192u/ieee80211/ieee80211_wx.o
  LD [M]  drivers/staging/vt6656/vt6656_stage.o
  CC [M]  drivers/video/fbdev/ocfb.o
  CC [M]  drivers/usb/usbip/stub_dev.o
  CC [M]  drivers/usb/usbip/stub_main.o
  CC [M]  drivers/usb/usbip/stub_rx.o
  CC [M]  drivers/usb/wusbcore/pal.o
  CC [M]  drivers/video/fbdev/uvesafb.o
  CC [M]  drivers/usb/usbip/stub_tx.o
  CC [M]  drivers/scsi/esp_scsi.o
  CC [M]  drivers/usb/usbip/vudc_dev.o
  CC [M]  drivers/usb/wusbcore/rh.o
  CC      drivers/xen/acpi.o
  CC [M]  drivers/usb/usbip/vudc_sysfs.o
  CC [M]  drivers/video/fbdev/vga16fb.o
  CC      drivers/xen/xen-acpi-pad.o
  CC [M]  drivers/staging/rtl8192u/ieee80211/ieee80211_module.o
  CC [M]  drivers/usb/usbip/vudc_tx.o
  CC [M]  drivers/usb/usbip/vudc_rx.o
  CC [M]  drivers/usb/usbip/vudc_transfer.o
  CC      drivers/xen/pcpu.o
  CC [M]  drivers/usb/wusbcore/reservation.o
  CC [M]  drivers/video/fbdev/vfb.o
  CC [M]  drivers/staging/rtl8192u/ieee80211/ieee80211_softmac_wx.o
  CC [M]  drivers/staging/rtl8192u/ieee80211/rtl819x_HTProc.o
  CC [M]  drivers/usb/usbip/vudc_main.o
  LD      drivers/staging/wlan-ng/built-in.o
  CC [M]  drivers/staging/wlan-ng/prism2usb.o
  CC [M]  drivers/usb/wusbcore/security.o
  LD      drivers/video/fbdev/built-in.o
  LD      drivers/video/built-in.o
  CC [M]  drivers/scsi/am53c974.o
  CC [M]  drivers/scsi/megaraid.o
  LD [M]  drivers/usb/usbip/usbip-core.o
  LD [M]  drivers/usb/usbip/vhci-hcd.o
  LD [M]  drivers/usb/usbip/usbip-host.o
  LD [M]  drivers/usb/usbip/usbip-vudc.o
  CC [M]  drivers/staging/rtl8192u/ieee80211/rtl819x_TSProc.o
  CC      drivers/xen/biomerge.o
  CC [M]  drivers/staging/wlan-ng/p80211conv.o
  CC [M]  drivers/staging/wlan-ng/p80211req.o
  CC [M]  drivers/usb/wusbcore/wusbhc.o
  CC [M]  drivers/staging/wlan-ng/p80211wep.o
  CC [M]  drivers/staging/rtl8192u/ieee80211/rtl819x_BAProc.o
  CC      drivers/xen/xen-balloon.o
  CC [M]  drivers/staging/wlan-ng/p80211netdev.o
  CC [M]  drivers/scsi/atp870u.o
  CC      drivers/xen/sys-hypervisor.o
  CC [M]  drivers/scsi/gdth.o
  CC      drivers/xen/platform-pci.o
  CC      drivers/xen/swiotlb-xen.o
  LD      drivers/staging/xgifb/built-in.o
  CC [M]  drivers/staging/xgifb/XGI_main_26.o
  CC [M]  drivers/staging/xgifb/vb_init.o
  LD [M]  drivers/staging/wlan-ng/prism2_usb.o
  CC [M]  drivers/scsi/initio.o
  CC [M]  drivers/staging/rtl8192u/ieee80211/dot11d.o
  CC [M]  drivers/staging/xgifb/vb_setmode.o
  CC [M]  drivers/scsi/a100u2w.o
  CC      drivers/xen/efi.o
  CC [M]  drivers/scsi/3w-xxxx.o
  LD [M]  drivers/staging/rtl8192u/r8192u_usb.o
  CC [M]  drivers/usb/wusbcore/wa-hc.o
  CC [M]  drivers/scsi/3w-9xxx.o
  CC [M]  drivers/scsi/3w-sas.o
  CC      drivers/xen/xlate_mmu.o
  CC [M]  drivers/usb/wusbcore/wa-nep.o
  CC [M]  drivers/xen/evtchn.o
  CC [M]  drivers/scsi/ppa.o
  CC [M]  drivers/usb/wusbcore/wa-rpipe.o
  CC [M]  drivers/xen/gntdev.o
  CC [M]  drivers/xen/gntalloc.o
  CC [M]  drivers/scsi/imm.o
  LD [M]  drivers/staging/xgifb/xgifb.o
  LD      drivers/staging/built-in.o
  CC [M]  drivers/scsi/ipr.o
  CC [M]  drivers/usb/wusbcore/wa-xfer.o
  CC [M]  drivers/xen/tmem.o
  CC [M]  drivers/usb/wusbcore/cbaf.o
  CC [M]  drivers/scsi/hptiop.o
  CC [M]  drivers/xen/privcmd.o
  CC [M]  drivers/scsi/stex.o
  CC [M]  drivers/xen/xen-acpi-processor.o
  LD [M]  drivers/usb/wusbcore/wusbcore.o
  LD [M]  drivers/usb/wusbcore/wusb-cbaf.o
  CC [M]  drivers/scsi/mvumi.o
  CC [M]  drivers/xen/xen-scsiback.o
  CC [M]  drivers/scsi/pmcraid.o
  CC [M]  drivers/scsi/virtio_scsi.o
  LD [M]  drivers/usb/wusbcore/wusb-wa.o
  LD      drivers/usb/built-in.o
  CC [M]  drivers/scsi/vmw_pvscsi.o
  CC [M]  drivers/scsi/storvsc_drv.o
  LD      drivers/xen/built-in.o
  CC [M]  drivers/scsi/wd719x.o
  LD [M]  drivers/xen/xen-evtchn.o
  CC [M]  drivers/scsi/st.o
  LD [M]  drivers/xen/xen-gntdev.o
  CC [M]  drivers/scsi/osst.o
  CC [M]  drivers/scsi/sd.o
  LD [M]  drivers/xen/xen-gntalloc.o
  CC [M]  drivers/scsi/sd_dif.o
  LD [M]  drivers/xen/xen-privcmd.o
  CC [M]  drivers/scsi/sr.o
  CC [M]  drivers/scsi/sr_ioctl.o
  CC [M]  drivers/scsi/sr_vendor.o
  CC [M]  drivers/scsi/sg.o
  CC [M]  drivers/scsi/ch.o
  CC [M]  drivers/scsi/ses.o
  LD      drivers/scsi/built-in.o
  LD [M]  drivers/scsi/scsi_mod.o
  LD [M]  drivers/scsi/hv_storvsc.o
  LD [M]  drivers/scsi/sr_mod.o
  LD [M]  drivers/scsi/sd_mod.o
  LD      drivers/built-in.o
  GEN     .version
  CHK     include/generated/compile.h
  UPD     include/generated/compile.h
  CC      init/version.o
  LD      init/built-in.o
  LD      vmlinux.o
  MODPOST vmlinux.o
  KSYM    .tmp_kallsyms1.o
  KSYM    .tmp_kallsyms2.o
  LD      vmlinux
  SORTEX  vmlinux
  SYSMAP  System.map
  CC      arch/x86/boot/a20.o
  CC      arch/x86/boot/cmdline.o
  AS      arch/x86/boot/bioscall.o
  AS      arch/x86/boot/copy.o
  HOSTCC  arch/x86/boot/mkcpustr
  CC      arch/x86/boot/cpuflags.o
  CC      arch/x86/boot/cpucheck.o
  CC      arch/x86/boot/early_serial_console.o
  CC      arch/x86/boot/edd.o
  CC      arch/x86/boot/main.o
  CC      arch/x86/boot/memory.o
  Building modules, stage 2.
  CC      arch/x86/boot/pm.o
  AS      arch/x86/boot/pmjump.o
  CC      arch/x86/boot/printf.o
  CC      arch/x86/boot/regs.o
  CC      arch/x86/boot/string.o
  LDS     arch/x86/boot/compressed/vmlinux.lds
  CC      arch/x86/boot/tty.o
  CC      arch/x86/boot/video.o
  CC      arch/x86/boot/video-mode.o
  MODPOST 3739 modules
  AS      arch/x86/boot/compressed/head_64.o
  CC      arch/x86/boot/version.o
  CC      arch/x86/boot/video-vga.o
  CC      arch/x86/boot/video-vesa.o
  CC      arch/x86/boot/video-bios.o
  VOFFSET arch/x86/boot/compressed/../voffset.h
  HOSTCC  arch/x86/boot/tools/build
  CPUSTR  arch/x86/boot/cpustr.h
  CC      arch/x86/boot/compressed/string.o
  CC      arch/x86/boot/cpu.o
  CC      arch/x86/boot/compressed/cmdline.o
  CC      arch/x86/boot/compressed/error.o
  OBJCOPY arch/x86/boot/compressed/vmlinux.bin
  HOSTCC  arch/x86/boot/compressed/mkpiggy
  CC      arch/x86/boot/compressed/cpuflags.o
  CC      arch/x86/boot/compressed/early_serial_console.o
  CC      arch/x86/boot/compressed/eboot.o
  AS      arch/x86/boot/compressed/efi_stub_64.o
  AS      arch/x86/boot/compressed/efi_thunk_64.o
  CC      arch/x86/boot/compressed/misc.o
  GZIP    arch/x86/boot/compressed/vmlinux.bin.gz
  MKPIGGY arch/x86/boot/compressed/piggy.S
  AS      arch/x86/boot/compressed/piggy.o
  DATAREL arch/x86/boot/compressed/vmlinux
  LD      arch/x86/boot/compressed/vmlinux
  ZOFFSET arch/x86/boot/zoffset.h
  OBJCOPY arch/x86/boot/vmlinux.bin
  AS      arch/x86/boot/header.o
  LD      arch/x86/boot/setup.elf
  OBJCOPY arch/x86/boot/setup.bin
  BUILD   arch/x86/boot/bzImage
Setup is 17404 bytes (padded to 17408 bytes).
System is 4777 kB
CRC fd27909b
Kernel: arch/x86/boot/bzImage is ready  (#2)
  CC      arch/x86/crypto/aes-x86_64.mod.o
  CC      arch/x86/crypto/camellia-aesni-avx-x86_64.mod.o
  CC      arch/x86/crypto/aesni-intel.mod.o
  CC      arch/x86/crypto/camellia-aesni-avx2.mod.o
  CC      arch/x86/crypto/blowfish-x86_64.mod.o
  CC      arch/x86/crypto/camellia-x86_64.mod.o
  CC      arch/x86/crypto/cast5-avx-x86_64.mod.o
  CC      arch/x86/crypto/cast6-avx-x86_64.mod.o
  CC      arch/x86/crypto/crc32-pclmul.mod.o
  CC      arch/x86/crypto/chacha20-x86_64.mod.o
  CC      arch/x86/crypto/crc32c-intel.mod.o
  CC      arch/x86/crypto/crct10dif-pclmul.mod.o
  CC      arch/x86/crypto/des3_ede-x86_64.mod.o
  CC      arch/x86/crypto/ghash-clmulni-intel.mod.o
  CC      arch/x86/crypto/glue_helper.mod.o
  CC      arch/x86/crypto/poly1305-x86_64.mod.o
  CC      arch/x86/crypto/salsa20-x86_64.mod.o
  CC      arch/x86/crypto/serpent-avx-x86_64.mod.o
  CC      arch/x86/crypto/serpent-avx2.mod.o
  CC      arch/x86/crypto/serpent-sse2-x86_64.mod.o
  CC      arch/x86/crypto/sha1-mb/sha1-mb.mod.o
  CC      arch/x86/crypto/sha1-ssse3.mod.o
  CC      arch/x86/crypto/sha256-mb/sha256-mb.mod.o
  CC      arch/x86/crypto/sha256-ssse3.mod.o
  CC      arch/x86/crypto/sha512-mb/sha512-mb.mod.o
  CC      arch/x86/crypto/sha512-ssse3.mod.o
  CC      arch/x86/crypto/twofish-avx-x86_64.mod.o
  CC      arch/x86/crypto/twofish-x86_64-3way.mod.o
  CC      arch/x86/crypto/twofish-x86_64.mod.o
  CC      arch/x86/events/amd/power.mod.o
  CC      arch/x86/events/intel/intel-cstate.mod.o
  CC      arch/x86/events/intel/intel-rapl-perf.mod.o
  CC      arch/x86/kernel/cpuid.mod.o
  CC      arch/x86/kernel/msr.mod.o
  CC      arch/x86/kvm/kvm-amd.mod.o
  CC      arch/x86/kvm/kvm-intel.mod.o
  CC      arch/x86/kvm/kvm.mod.o
  CC      arch/x86/oprofile/oprofile.mod.o
  CC      crypto/842.mod.o
  CC      crypto/ablk_helper.mod.o
  CC      crypto/af_alg.mod.o
  CC      crypto/algif_aead.mod.o
  CC      crypto/algif_hash.mod.o
  CC      crypto/algif_rng.mod.o
  CC      crypto/algif_skcipher.mod.o
  CC      crypto/ansi_cprng.mod.o
  CC      crypto/anubis.mod.o
  CC      crypto/arc4.mod.o
  CC      crypto/asymmetric_keys/pkcs7_message.mod.o
  CC      crypto/asymmetric_keys/public_key.mod.o
  CC      crypto/asymmetric_keys/x509_key_parser.mod.o
  CC      crypto/async_tx/async_memcpy.mod.o
  CC      crypto/async_tx/async_pq.mod.o
  CC      crypto/async_tx/async_raid6_recov.mod.o
  CC      crypto/async_tx/async_tx.mod.o
  CC      crypto/async_tx/async_xor.mod.o
  CC      crypto/async_tx/raid6test.mod.o
  CC      crypto/authenc.mod.o
  CC      crypto/authencesn.mod.o
  CC      crypto/blowfish_common.mod.o
  CC      crypto/blowfish_generic.mod.o
  CC      crypto/camellia_generic.mod.o
  CC      crypto/cast5_generic.mod.o
  CC      crypto/cast6_generic.mod.o
  CC      crypto/cast_common.mod.o
  CC      crypto/cbc.mod.o
  CC      crypto/ccm.mod.o
  CC      crypto/chacha20_generic.mod.o
  CC      crypto/chacha20poly1305.mod.o
  CC      crypto/cmac.mod.o
  CC      crypto/crc32_generic.mod.o
  CC      crypto/crc32c_generic.mod.o
  CC      crypto/cryptd.mod.o
  CC      crypto/crypto_simd.mod.o
  CC      crypto/crypto_user.mod.o
  CC      crypto/ctr.mod.o
  CC      crypto/cts.mod.o
  CC      crypto/deflate.mod.o
  CC      crypto/des_generic.mod.o
  CC      crypto/dh_generic.mod.o
  CC      crypto/drbg.mod.o
  CC      crypto/ecdh_generic.mod.o
  CC      crypto/echainiv.mod.o
  CC      crypto/fcrypt.mod.o
  CC      crypto/gcm.mod.o
  CC      crypto/gf128mul.mod.o
  CC      crypto/ghash-generic.mod.o
  CC      crypto/hmac.mod.o
  CC      crypto/jitterentropy_rng.mod.o
  CC      crypto/keywrap.mod.o
  CC      crypto/khazad.mod.o
  CC      crypto/lrw.mod.o
  CC      crypto/lz4.mod.o
  CC      crypto/lz4hc.mod.o
  CC      crypto/mcryptd.mod.o
  CC      crypto/md4.mod.o
  CC      crypto/michael_mic.mod.o
  CC      crypto/pcbc.mod.o
  CC      crypto/pcrypt.mod.o
  CC      crypto/poly1305_generic.mod.o
  CC      crypto/rmd128.mod.o
  CC      crypto/rmd160.mod.o
  CC      crypto/rmd256.mod.o
  CC      crypto/rmd320.mod.o
  CC      crypto/rsa_generic.mod.o
  CC      crypto/salsa20_generic.mod.o
  CC      crypto/seed.mod.o
  CC      crypto/seqiv.mod.o
  CC      crypto/serpent_generic.mod.o
  CC      crypto/sha1_generic.mod.o
  CC      crypto/sha256_generic.mod.o
  CC      crypto/sha3_generic.mod.o
  CC      crypto/sha512_generic.mod.o
  CC      crypto/tcrypt.mod.o
  CC      crypto/tea.mod.o
  CC      crypto/tgr192.mod.o
  CC      crypto/twofish_common.mod.o
  CC      crypto/twofish_generic.mod.o
  CC      crypto/vmac.mod.o
  CC      crypto/wp512.mod.o
  CC      crypto/xcbc.mod.o
  CC      crypto/xor.mod.o
  CC      crypto/xts.mod.o
  CC      drivers/acpi/ac.mod.o
  CC      drivers/acpi/acpi_configfs.mod.o
  CC      drivers/acpi/acpi_extlog.mod.o
  CC      drivers/acpi/acpi_ipmi.mod.o
  CC      drivers/acpi/acpi_pad.mod.o
  CC      drivers/acpi/apei/einj.mod.o
  CC      drivers/acpi/apei/erst-dbg.mod.o
  CC      drivers/acpi/battery.mod.o
  CC      drivers/acpi/button.mod.o
  CC      drivers/acpi/custom_method.mod.o
  CC      drivers/acpi/dptf/dptf_power.mod.o
  CC      drivers/acpi/ec_sys.mod.o
  CC      drivers/acpi/fan.mod.o
  CC      drivers/acpi/nfit/nfit.mod.o
  CC      drivers/acpi/sbs.mod.o
  CC      drivers/acpi/sbshc.mod.o
  CC      drivers/acpi/thermal.mod.o
  CC      drivers/acpi/video.mod.o
  CC      drivers/ata/acard-ahci.mod.o
  CC      drivers/ata/ahci.mod.o
  CC      drivers/ata/ahci_platform.mod.o
  CC      drivers/ata/ata_generic.mod.o
  CC      drivers/ata/ata_piix.mod.o
  CC      drivers/ata/libahci.mod.o
  CC      drivers/ata/libahci_platform.mod.o
  CC      drivers/ata/libata.mod.o
  CC      drivers/ata/pata_acpi.mod.o
  CC      drivers/ata/pata_ali.mod.o
  CC      drivers/ata/pata_amd.mod.o
  CC      drivers/ata/pata_artop.mod.o
  CC      drivers/ata/pata_atiixp.mod.o
  CC      drivers/ata/pata_atp867x.mod.o
  CC      drivers/ata/pata_cmd640.mod.o
  CC      drivers/ata/pata_cmd64x.mod.o
  CC      drivers/ata/pata_cypress.mod.o
  CC      drivers/ata/pata_efar.mod.o
  CC      drivers/ata/pata_hpt366.mod.o
  CC      drivers/ata/pata_hpt37x.mod.o
  CC      drivers/ata/pata_hpt3x2n.mod.o
  CC      drivers/ata/pata_hpt3x3.mod.o
  CC      drivers/ata/pata_it8213.mod.o
  CC      drivers/ata/pata_it821x.mod.o
  CC      drivers/ata/pata_jmicron.mod.o
  CC      drivers/ata/pata_legacy.mod.o
  CC      drivers/ata/pata_marvell.mod.o
  CC      drivers/ata/pata_mpiix.mod.o
  CC      drivers/ata/pata_netcell.mod.o
  CC      drivers/ata/pata_ninja32.mod.o
  CC      drivers/ata/pata_ns87410.mod.o
  CC      drivers/ata/pata_ns87415.mod.o
  CC      drivers/ata/pata_oldpiix.mod.o
  CC      drivers/ata/pata_opti.mod.o
  CC      drivers/ata/pata_optidma.mod.o
  CC      drivers/ata/pata_pcmcia.mod.o
  CC      drivers/ata/pata_pdc2027x.mod.o
  CC      drivers/ata/pata_pdc202xx_old.mod.o
  CC      drivers/ata/pata_piccolo.mod.o
  CC      drivers/ata/pata_radisys.mod.o
  CC      drivers/ata/pata_rdc.mod.o
  CC      drivers/ata/pata_rz1000.mod.o
  CC      drivers/ata/pata_sch.mod.o
  CC      drivers/ata/pata_serverworks.mod.o
  CC      drivers/ata/pata_sil680.mod.o
  CC      drivers/ata/pata_sis.mod.o
  CC      drivers/ata/pata_sl82c105.mod.o
  CC      drivers/ata/pata_triflex.mod.o
  CC      drivers/ata/pata_via.mod.o
  CC      drivers/ata/pdc_adma.mod.o
  CC      drivers/ata/sata_dwc_460ex.mod.o
  CC      drivers/ata/sata_inic162x.mod.o
  CC      drivers/ata/sata_mv.mod.o
  CC      drivers/ata/sata_nv.mod.o
  CC      drivers/ata/sata_promise.mod.o
  CC      drivers/ata/sata_qstor.mod.o
  CC      drivers/ata/sata_sil.mod.o
  CC      drivers/ata/sata_sil24.mod.o
  CC      drivers/ata/sata_sis.mod.o
  CC      drivers/ata/sata_svw.mod.o
  CC      drivers/ata/sata_sx4.mod.o
  CC      drivers/ata/sata_uli.mod.o
  CC      drivers/ata/sata_via.mod.o
  CC      drivers/ata/sata_vsc.mod.o
  CC      drivers/atm/ambassador.mod.o
  CC      drivers/atm/atmtcp.mod.o
  CC      drivers/atm/eni.mod.o
  CC      drivers/atm/firestream.mod.o
  CC      drivers/atm/fore_200e.mod.o
  CC      drivers/atm/he.mod.o
  CC      drivers/atm/horizon.mod.o
  CC      drivers/atm/idt77252.mod.o
  CC      drivers/atm/iphase.mod.o
  CC      drivers/atm/lanai.mod.o
  CC      drivers/atm/nicstar.mod.o
  CC      drivers/atm/solos-pci.mod.o
  CC      drivers/atm/suni.mod.o
  CC      drivers/atm/uPD98402.mod.o
  CC      drivers/atm/zatm.mod.o
  CC      drivers/auxdisplay/cfag12864b.mod.o
  CC      drivers/auxdisplay/cfag12864bfb.mod.o
  CC      drivers/auxdisplay/ks0108.mod.o
  CC      drivers/bcma/bcma.mod.o
  CC      drivers/block/DAC960.mod.o
  CC      drivers/block/aoe/aoe.mod.o
  CC      drivers/block/brd.mod.o
  CC      drivers/block/cciss.mod.o
  CC      drivers/block/cryptoloop.mod.o
  CC      drivers/block/drbd/drbd.mod.o
  CC      drivers/block/floppy.mod.o
  CC      drivers/block/loop.mod.o
  CC      drivers/block/mtip32xx/mtip32xx.mod.o
  CC      drivers/block/nbd.mod.o
  CC      drivers/block/osdblk.mod.o
  CC      drivers/block/pktcdvd.mod.o
  CC      drivers/block/rbd.mod.o
  CC      drivers/block/rsxx/rsxx.mod.o
  CC      drivers/block/skd.mod.o
  CC      drivers/block/sx8.mod.o
  CC      drivers/block/virtio_blk.mod.o
  CC      drivers/block/xen-blkback/xen-blkback.mod.o
  CC      drivers/block/xen-blkfront.mod.o
  CC      drivers/block/zram/zram.mod.o
  CC      drivers/bluetooth/ath3k.mod.o
  CC      drivers/bluetooth/bcm203x.mod.o
  CC      drivers/bluetooth/bfusb.mod.o
  CC      drivers/bluetooth/bluecard_cs.mod.o
  CC      drivers/bluetooth/bpa10x.mod.o
  CC      drivers/bluetooth/bt3c_cs.mod.o
  CC      drivers/bluetooth/btbcm.mod.o
  CC      drivers/bluetooth/btintel.mod.o
  CC      drivers/bluetooth/btmrvl.mod.o
  CC      drivers/bluetooth/btmrvl_sdio.mod.o
  CC      drivers/bluetooth/btqca.mod.o
  CC      drivers/bluetooth/btrtl.mod.o
  CC      drivers/bluetooth/btsdio.mod.o
  CC      drivers/bluetooth/btuart_cs.mod.o
  CC      drivers/bluetooth/btusb.mod.o
  CC      drivers/bluetooth/btwilink.mod.o
  CC      drivers/bluetooth/dtl1_cs.mod.o
  CC      drivers/bluetooth/hci_uart.mod.o
  CC      drivers/bluetooth/hci_vhci.mod.o
  CC      drivers/cdrom/cdrom.mod.o
  CC      drivers/char/agp/amd64-agp.mod.o
  CC      drivers/char/agp/intel-agp.mod.o
  CC      drivers/char/agp/intel-gtt.mod.o
  CC      drivers/char/agp/sis-agp.mod.o
  CC      drivers/char/agp/via-agp.mod.o
  CC      drivers/char/applicom.mod.o
  CC      drivers/char/hangcheck-timer.mod.o
  CC      drivers/char/hw_random/amd-rng.mod.o
  CC      drivers/char/hw_random/intel-rng.mod.o
  CC      drivers/char/hw_random/rng-core.mod.o
  CC      drivers/char/hw_random/timeriomem-rng.mod.o
  CC      drivers/char/hw_random/tpm-rng.mod.o
  CC      drivers/char/hw_random/via-rng.mod.o
  CC      drivers/char/hw_random/virtio-rng.mod.o
  CC      drivers/char/ipmi/ipmi_devintf.mod.o
  CC      drivers/char/ipmi/ipmi_msghandler.mod.o
  CC      drivers/char/ipmi/ipmi_poweroff.mod.o
  CC      drivers/char/ipmi/ipmi_si.mod.o
  CC      drivers/char/ipmi/ipmi_ssif.mod.o
  CC      drivers/char/ipmi/ipmi_watchdog.mod.o
  CC      drivers/char/lp.mod.o
  CC      drivers/char/mwave/mwave.mod.o
  CC      drivers/char/nvram.mod.o
  CC      drivers/char/pcmcia/cm4000_cs.mod.o
  CC      drivers/char/pcmcia/cm4040_cs.mod.o
  CC      drivers/char/pcmcia/synclink_cs.mod.o
  CC      drivers/char/ppdev.mod.o
  CC      drivers/char/raw.mod.o
  CC      drivers/char/tlclk.mod.o
  CC      drivers/char/tpm/tpm.mod.o
  CC      drivers/char/tpm/tpm_atmel.mod.o
  CC      drivers/char/tpm/tpm_crb.mod.o
  CC      drivers/char/tpm/tpm_i2c_atmel.mod.o
  CC      drivers/char/tpm/tpm_i2c_infineon.mod.o
  CC      drivers/char/tpm/tpm_i2c_nuvoton.mod.o
  CC      drivers/char/tpm/tpm_infineon.mod.o
  CC      drivers/char/tpm/tpm_nsc.mod.o
  CC      drivers/char/tpm/tpm_tis.mod.o
  CC      drivers/char/tpm/tpm_tis_core.mod.o
  CC      drivers/char/tpm/xen-tpmfront.mod.o
  CC      drivers/char/virtio_console.mod.o
  CC      drivers/cpufreq/acpi-cpufreq.mod.o
  CC      drivers/cpufreq/amd_freq_sensitivity.mod.o
  CC      drivers/cpufreq/cpufreq_conservative.mod.o
  CC      drivers/cpufreq/cpufreq_powersave.mod.o
  CC      drivers/cpufreq/cpufreq_userspace.mod.o
  CC      drivers/cpufreq/p4-clockmod.mod.o
  CC      drivers/cpufreq/pcc-cpufreq.mod.o
  CC      drivers/cpufreq/powernow-k8.mod.o
  CC      drivers/cpufreq/speedstep-lib.mod.o
  CC      drivers/crypto/ccp/ccp-crypto.mod.o
  CC      drivers/crypto/ccp/ccp.mod.o
  CC      drivers/crypto/padlock-aes.mod.o
  CC      drivers/crypto/padlock-sha.mod.o
  CC      drivers/crypto/qat/qat_c3xxx/qat_c3xxx.mod.o
  CC      drivers/crypto/qat/qat_c3xxxvf/qat_c3xxxvf.mod.o
  CC      drivers/crypto/qat/qat_c62x/qat_c62x.mod.o
  CC      drivers/crypto/qat/qat_c62xvf/qat_c62xvf.mod.o
  CC      drivers/crypto/qat/qat_common/intel_qat.mod.o
  CC      drivers/crypto/qat/qat_dh895xcc/qat_dh895xcc.mod.o
  CC      drivers/crypto/qat/qat_dh895xccvf/qat_dh895xccvf.mod.o
  CC      drivers/crypto/virtio/virtio_crypto.mod.o
  CC      drivers/dax/dax.mod.o
  CC      drivers/dax/dax_pmem.mod.o
  CC      drivers/dca/dca.mod.o
  CC      drivers/devfreq/governor_passive.mod.o
  CC      drivers/devfreq/governor_performance.mod.o
  CC      drivers/devfreq/governor_powersave.mod.o
  CC      drivers/devfreq/governor_simpleondemand.mod.o
  CC      drivers/devfreq/governor_userspace.mod.o
  CC      drivers/dma/idma64.mod.o
  CC      drivers/dma/ioat/ioatdma.mod.o
  CC      drivers/dma/mic_x100_dma.mod.o
  CC      drivers/edac/amd64_edac_mod.mod.o
  CC      drivers/edac/e752x_edac.mod.o
  CC      drivers/edac/edac_core.mod.o
  CC      drivers/edac/edac_mce_amd.mod.o
  CC      drivers/edac/i3000_edac.mod.o
  CC      drivers/edac/i3200_edac.mod.o
  CC      drivers/edac/i5000_edac.mod.o
  CC      drivers/edac/i5100_edac.mod.o
  CC      drivers/edac/i5400_edac.mod.o
  CC      drivers/edac/i7300_edac.mod.o
  CC      drivers/edac/i7core_edac.mod.o
  CC      drivers/edac/i82975x_edac.mod.o
  CC      drivers/edac/ie31200_edac.mod.o
  CC      drivers/edac/sb_edac.mod.o
  CC      drivers/edac/skx_edac.mod.o
  CC      drivers/edac/x38_edac.mod.o
  CC      drivers/extcon/extcon-core.mod.o
  CC      drivers/extcon/extcon-gpio.mod.o
  CC      drivers/extcon/extcon-sm5502.mod.o
  CC      drivers/firewire/firewire-core.mod.o
  CC      drivers/firewire/firewire-net.mod.o
  CC      drivers/firewire/firewire-ohci.mod.o
  CC      drivers/firewire/firewire-sbp2.mod.o
  CC      drivers/firewire/nosy.mod.o
  CC      drivers/firmware/dcdbas.mod.o
  CC      drivers/firmware/dell_rbu.mod.o
  CC      drivers/firmware/dmi-sysfs.mod.o
  CC      drivers/firmware/edd.mod.o
  CC      drivers/firmware/efi/capsule-loader.mod.o
  CC      drivers/firmware/iscsi_ibft.mod.o
  CC      drivers/firmware/qemu_fw_cfg.mod.o
  CC      drivers/fmc/fmc-chardev.mod.o
  CC      drivers/fmc/fmc-fakedev.mod.o
  CC      drivers/fmc/fmc-trivial.mod.o
  CC      drivers/fmc/fmc-write-eeprom.mod.o
  CC      drivers/fmc/fmc.mod.o
  CC      drivers/gpio/gpio-amd8111.mod.o
  CC      drivers/gpio/gpio-ich.mod.o
  CC      drivers/gpio/gpio-sch.mod.o
  CC      drivers/gpio/gpio-sch311x.mod.o
  CC      drivers/gpio/gpio-viperboard.mod.o
  CC      drivers/gpu/drm/amd/amdgpu/amdgpu.mod.o
  CC      drivers/gpu/drm/amd/amdkfd/amdkfd.mod.o
  CC      drivers/gpu/drm/ast/ast.mod.o
  CC      drivers/gpu/drm/bochs/bochs-drm.mod.o
  CC      drivers/gpu/drm/bridge/analogix-anx78xx.mod.o
  CC      drivers/gpu/drm/cirrus/cirrus.mod.o
  CC      drivers/gpu/drm/drm.mod.o
  CC      drivers/gpu/drm/drm_kms_helper.mod.o
  CC      drivers/gpu/drm/gma500/gma500_gfx.mod.o
  CC      drivers/gpu/drm/i2c/ch7006.mod.o
  CC      drivers/gpu/drm/i2c/sil164.mod.o
  CC      drivers/gpu/drm/i2c/tda998x.mod.o
  CC      drivers/gpu/drm/i915/i915.mod.o
  CC      drivers/gpu/drm/mgag200/mgag200.mod.o
  CC      drivers/gpu/drm/nouveau/nouveau.mod.o
  CC      drivers/gpu/drm/qxl/qxl.mod.o
  CC      drivers/gpu/drm/radeon/radeon.mod.o
  CC      drivers/gpu/drm/ttm/ttm.mod.o
  CC      drivers/gpu/drm/udl/udl.mod.o
  CC      drivers/gpu/drm/vgem/vgem.mod.o
  CC      drivers/gpu/drm/virtio/virtio-gpu.mod.o
  CC      drivers/gpu/drm/vmwgfx/vmwgfx.mod.o
  CC      drivers/hid/hid-a4tech.mod.o
  CC      drivers/hid/hid-alps.mod.o
  CC      drivers/hid/hid-apple.mod.o
  CC      drivers/hid/hid-appleir.mod.o
  CC      drivers/hid/hid-asus.mod.o
  CC      drivers/hid/hid-aureal.mod.o
  CC      drivers/hid/hid-axff.mod.o
  CC      drivers/hid/hid-belkin.mod.o
  CC      drivers/hid/hid-betopff.mod.o
  CC      drivers/hid/hid-cherry.mod.o
  CC      drivers/hid/hid-chicony.mod.o
  CC      drivers/hid/hid-cmedia.mod.o
  CC      drivers/hid/hid-corsair.mod.o
  CC      drivers/hid/hid-cp2112.mod.o
  CC      drivers/hid/hid-cypress.mod.o
  CC      drivers/hid/hid-dr.mod.o
  CC      drivers/hid/hid-elecom.mod.o
  CC      drivers/hid/hid-elo.mod.o
  CC      drivers/hid/hid-emsff.mod.o
  CC      drivers/hid/hid-ezkey.mod.o
  CC      drivers/hid/hid-gaff.mod.o
  CC      drivers/hid/hid-gembird.mod.o
  CC      drivers/hid/hid-generic.mod.o
  CC      drivers/hid/hid-gfrm.mod.o
  CC      drivers/hid/hid-gt683r.mod.o
  CC      drivers/hid/hid-gyration.mod.o
  CC      drivers/hid/hid-holtek-kbd.mod.o
  CC      drivers/hid/hid-holtek-mouse.mod.o
  CC      drivers/hid/hid-holtekff.mod.o
  CC      drivers/hid/hid-hyperv.mod.o
  CC      drivers/hid/hid-icade.mod.o
  CC      drivers/hid/hid-kensington.mod.o
  CC      drivers/hid/hid-keytouch.mod.o
  CC      drivers/hid/hid-kye.mod.o
  CC      drivers/hid/hid-lcpower.mod.o
  CC      drivers/hid/hid-led.mod.o
  CC      drivers/hid/hid-lenovo.mod.o
  CC      drivers/hid/hid-logitech-dj.mod.o
  CC      drivers/hid/hid-logitech-hidpp.mod.o
  CC      drivers/hid/hid-logitech.mod.o
  CC      drivers/hid/hid-magicmouse.mod.o
  CC      drivers/hid/hid-microsoft.mod.o
  CC      drivers/hid/hid-monterey.mod.o
  CC      drivers/hid/hid-multitouch.mod.o
  CC      drivers/hid/hid-ntrig.mod.o
  CC      drivers/hid/hid-ortek.mod.o
  CC      drivers/hid/hid-penmount.mod.o
  CC      drivers/hid/hid-petalynx.mod.o
  CC      drivers/hid/hid-picolcd.mod.o
  CC      drivers/hid/hid-pl.mod.o
  CC      drivers/hid/hid-plantronics.mod.o
  CC      drivers/hid/hid-primax.mod.o
  CC      drivers/hid/hid-prodikeys.mod.o
  CC      drivers/hid/hid-rmi.mod.o
  CC      drivers/hid/hid-roccat-arvo.mod.o
  CC      drivers/hid/hid-roccat-common.mod.o
  CC      drivers/hid/hid-roccat-isku.mod.o
  CC      drivers/hid/hid-roccat-kone.mod.o
  CC      drivers/hid/hid-roccat-koneplus.mod.o
  CC      drivers/hid/hid-roccat-konepure.mod.o
  CC      drivers/hid/hid-roccat-kovaplus.mod.o
  CC      drivers/hid/hid-roccat-lua.mod.o
  CC      drivers/hid/hid-roccat-pyra.mod.o
  CC      drivers/hid/hid-roccat-ryos.mod.o
  CC      drivers/hid/hid-roccat-savu.mod.o
  CC      drivers/hid/hid-roccat.mod.o
  CC      drivers/hid/hid-saitek.mod.o
  CC      drivers/hid/hid-samsung.mod.o
  CC      drivers/hid/hid-sensor-hub.mod.o
  CC      drivers/hid/hid-sjoy.mod.o
  CC      drivers/hid/hid-sony.mod.o
  CC      drivers/hid/hid-speedlink.mod.o
  CC      drivers/hid/hid-steelseries.mod.o
  CC      drivers/hid/hid-sunplus.mod.o
  CC      drivers/hid/hid-tivo.mod.o
  CC      drivers/hid/hid-tmff.mod.o
  CC      drivers/hid/hid-topseed.mod.o
  CC      drivers/hid/hid-twinhan.mod.o
  CC      drivers/hid/hid-uclogic.mod.o
  CC      drivers/hid/hid-waltop.mod.o
  CC      drivers/hid/hid-wiimote.mod.o
  CC      drivers/hid/hid-xinmo.mod.o
  CC      drivers/hid/hid-zpff.mod.o
  CC      drivers/hid/hid-zydacron.mod.o
  CC      drivers/hid/hid.mod.o
  CC      drivers/hid/i2c-hid/i2c-hid.mod.o
  CC      drivers/hid/uhid.mod.o
  CC      drivers/hid/usbhid/usbhid.mod.o
  CC      drivers/hid/wacom.mod.o
  CC      drivers/hv/hv_balloon.mod.o
  CC      drivers/hv/hv_utils.mod.o
  CC      drivers/hv/hv_vmbus.mod.o
  CC      drivers/hwmon/abituguru.mod.o
  CC      drivers/hwmon/abituguru3.mod.o
  CC      drivers/hwmon/acpi_power_meter.mod.o
  CC      drivers/hwmon/ad7314.mod.o
  CC      drivers/hwmon/ad7414.mod.o
  CC      drivers/hwmon/ad7418.mod.o
  CC      drivers/hwmon/adc128d818.mod.o
  CC      drivers/hwmon/adcxx.mod.o
  CC      drivers/hwmon/adm1021.mod.o
  CC      drivers/hwmon/adm1025.mod.o
  CC      drivers/hwmon/adm1026.mod.o
  CC      drivers/hwmon/adm1029.mod.o
  CC      drivers/hwmon/adm1031.mod.o
  CC      drivers/hwmon/adm9240.mod.o
  CC      drivers/hwmon/ads1015.mod.o
  CC      drivers/hwmon/ads7828.mod.o
  CC      drivers/hwmon/ads7871.mod.o
  CC      drivers/hwmon/adt7310.mod.o
  CC      drivers/hwmon/adt7410.mod.o
  CC      drivers/hwmon/adt7411.mod.o
  CC      drivers/hwmon/adt7462.mod.o
  CC      drivers/hwmon/adt7470.mod.o
  CC      drivers/hwmon/adt7475.mod.o
  CC      drivers/hwmon/adt7x10.mod.o
  CC      drivers/hwmon/amc6821.mod.o
  CC      drivers/hwmon/applesmc.mod.o
  CC      drivers/hwmon/asb100.mod.o
  CC      drivers/hwmon/asc7621.mod.o
  CC      drivers/hwmon/asus_atk0110.mod.o
  CC      drivers/hwmon/atxp1.mod.o
  CC      drivers/hwmon/coretemp.mod.o
  CC      drivers/hwmon/dell-smm-hwmon.mod.o
  CC      drivers/hwmon/dme1737.mod.o
  CC      drivers/hwmon/ds1621.mod.o
  CC      drivers/hwmon/ds620.mod.o
  CC      drivers/hwmon/emc1403.mod.o
  CC      drivers/hwmon/emc2103.mod.o
  CC      drivers/hwmon/emc6w201.mod.o
  CC      drivers/hwmon/f71805f.mod.o
  CC      drivers/hwmon/f71882fg.mod.o
  CC      drivers/hwmon/f75375s.mod.o
  CC      drivers/hwmon/fam15h_power.mod.o
  CC      drivers/hwmon/fschmd.mod.o
  CC      drivers/hwmon/ftsteutates.mod.o
  CC      drivers/hwmon/g760a.mod.o
  CC      drivers/hwmon/g762.mod.o
  CC      drivers/hwmon/gl518sm.mod.o
  CC      drivers/hwmon/gl520sm.mod.o
  CC      drivers/hwmon/gpio-fan.mod.o
  CC      drivers/hwmon/hih6130.mod.o
  CC      drivers/hwmon/hwmon-vid.mod.o
  CC      drivers/hwmon/i5500_temp.mod.o
  CC      drivers/hwmon/i5k_amb.mod.o
  CC      drivers/hwmon/ibmaem.mod.o
  CC      drivers/hwmon/ibmpex.mod.o
  CC      drivers/hwmon/ina209.mod.o
  CC      drivers/hwmon/ina2xx.mod.o
  CC      drivers/hwmon/ina3221.mod.o
  CC      drivers/hwmon/it87.mod.o
  CC      drivers/hwmon/jc42.mod.o
  CC      drivers/hwmon/k10temp.mod.o
  CC      drivers/hwmon/k8temp.mod.o
  CC      drivers/hwmon/lineage-pem.mod.o
  CC      drivers/hwmon/lm63.mod.o
  CC      drivers/hwmon/lm70.mod.o
  CC      drivers/hwmon/lm73.mod.o
  CC      drivers/hwmon/lm75.mod.o
  CC      drivers/hwmon/lm77.mod.o
  CC      drivers/hwmon/lm78.mod.o
  CC      drivers/hwmon/lm80.mod.o
  CC      drivers/hwmon/lm83.mod.o
  CC      drivers/hwmon/lm85.mod.o
  CC      drivers/hwmon/lm87.mod.o
  CC      drivers/hwmon/lm90.mod.o
  CC      drivers/hwmon/lm92.mod.o
  CC      drivers/hwmon/lm93.mod.o
  CC      drivers/hwmon/lm95234.mod.o
  CC      drivers/hwmon/lm95241.mod.o
  CC      drivers/hwmon/lm95245.mod.o
  CC      drivers/hwmon/ltc2945.mod.o
  CC      drivers/hwmon/ltc2990.mod.o
  CC      drivers/hwmon/ltc4151.mod.o
  CC      drivers/hwmon/ltc4215.mod.o
  CC      drivers/hwmon/ltc4222.mod.o
  CC      drivers/hwmon/ltc4245.mod.o
  CC      drivers/hwmon/ltc4260.mod.o
  CC      drivers/hwmon/ltc4261.mod.o
  CC      drivers/hwmon/max1111.mod.o
  CC      drivers/hwmon/max16065.mod.o
  CC      drivers/hwmon/max1619.mod.o
  CC      drivers/hwmon/max1668.mod.o
  CC      drivers/hwmon/max197.mod.o
  CC      drivers/hwmon/max31722.mod.o
  CC      drivers/hwmon/max31790.mod.o
  CC      drivers/hwmon/max6639.mod.o
  CC      drivers/hwmon/max6642.mod.o
  CC      drivers/hwmon/max6650.mod.o
  CC      drivers/hwmon/max6697.mod.o
  CC      drivers/hwmon/mc13783-adc.mod.o
  CC      drivers/hwmon/mcp3021.mod.o
  CC      drivers/hwmon/nct6683.mod.o
  CC      drivers/hwmon/nct6775.mod.o
  CC      drivers/hwmon/nct7802.mod.o
  CC      drivers/hwmon/nct7904.mod.o
  CC      drivers/hwmon/ntc_thermistor.mod.o
  CC      drivers/hwmon/pc87360.mod.o
  CC      drivers/hwmon/pc87427.mod.o
  CC      drivers/hwmon/pcf8591.mod.o
  CC      drivers/hwmon/pmbus/adm1275.mod.o
  CC      drivers/hwmon/pmbus/lm25066.mod.o
  CC      drivers/hwmon/pmbus/ltc2978.mod.o
  CC      drivers/hwmon/pmbus/ltc3815.mod.o
  CC      drivers/hwmon/pmbus/max16064.mod.o
  CC      drivers/hwmon/pmbus/max20751.mod.o
  CC      drivers/hwmon/pmbus/max34440.mod.o
  CC      drivers/hwmon/pmbus/max8688.mod.o
  CC      drivers/hwmon/pmbus/pmbus.mod.o
  CC      drivers/hwmon/pmbus/pmbus_core.mod.o
  CC      drivers/hwmon/pmbus/tps40422.mod.o
  CC      drivers/hwmon/pmbus/ucd9000.mod.o
  CC      drivers/hwmon/pmbus/ucd9200.mod.o
  CC      drivers/hwmon/pmbus/zl6100.mod.o
  CC      drivers/hwmon/powr1220.mod.o
  CC      drivers/hwmon/sch5627.mod.o
  CC      drivers/hwmon/sch5636.mod.o
  CC      drivers/hwmon/sch56xx-common.mod.o
  CC      drivers/hwmon/sht15.mod.o
  CC      drivers/hwmon/sht21.mod.o
  CC      drivers/hwmon/sht3x.mod.o
  CC      drivers/hwmon/shtc1.mod.o
  CC      drivers/hwmon/sis5595.mod.o
  CC      drivers/hwmon/smm665.mod.o
  CC      drivers/hwmon/smsc47b397.mod.o
  CC      drivers/hwmon/smsc47m1.mod.o
  CC      drivers/hwmon/smsc47m192.mod.o
  CC      drivers/hwmon/tc74.mod.o
  CC      drivers/hwmon/thmc50.mod.o
  CC      drivers/hwmon/tmp102.mod.o
  CC      drivers/hwmon/tmp103.mod.o
  CC      drivers/hwmon/tmp401.mod.o
  CC      drivers/hwmon/via-cputemp.mod.o
  CC      drivers/hwmon/tmp421.mod.o
  CC      drivers/hwmon/via686a.mod.o
  CC      drivers/hwmon/vt1211.mod.o
  CC      drivers/hwmon/vt8231.mod.o
  CC      drivers/hwmon/w83627ehf.mod.o
  CC      drivers/hwmon/w83627hf.mod.o
  CC      drivers/hwmon/w83781d.mod.o
  CC      drivers/hwmon/w83791d.mod.o
  CC      drivers/hwmon/w83792d.mod.o
  CC      drivers/hwmon/w83793.mod.o
  CC      drivers/hwmon/w83795.mod.o
  CC      drivers/hwmon/w83l785ts.mod.o
  CC      drivers/hwmon/w83l786ng.mod.o
  CC      drivers/i2c/algos/i2c-algo-bit.mod.o
  CC      drivers/i2c/algos/i2c-algo-pca.mod.o
  CC      drivers/i2c/busses/i2c-ali1535.mod.o
  CC      drivers/i2c/busses/i2c-ali1563.mod.o
  CC      drivers/i2c/busses/i2c-ali15x3.mod.o
  CC      drivers/i2c/busses/i2c-amd756.mod.o
  CC      drivers/i2c/busses/i2c-amd756-s4882.mod.o
  CC      drivers/i2c/busses/i2c-amd8111.mod.o
  CC      drivers/i2c/busses/i2c-designware-core.mod.o
  CC      drivers/i2c/busses/i2c-designware-pci.mod.o
  CC      drivers/i2c/busses/i2c-designware-platform.mod.o
  CC      drivers/i2c/busses/i2c-diolan-u2c.mod.o
  CC      drivers/i2c/busses/i2c-i801.mod.o
  CC      drivers/i2c/busses/i2c-isch.mod.o
  CC      drivers/i2c/busses/i2c-ismt.mod.o
  CC      drivers/i2c/busses/i2c-nforce2-s4985.mod.o
  CC      drivers/i2c/busses/i2c-nforce2.mod.o
  CC      drivers/i2c/busses/i2c-ocores.mod.o
  CC      drivers/i2c/busses/i2c-parport-light.mod.o
  CC      drivers/i2c/busses/i2c-parport.mod.o
  CC      drivers/i2c/busses/i2c-pca-platform.mod.o
  CC      drivers/i2c/busses/i2c-piix4.mod.o
  CC      drivers/i2c/busses/i2c-robotfuzz-osif.mod.o
  CC      drivers/i2c/busses/i2c-scmi.mod.o
  CC      drivers/i2c/busses/i2c-simtec.mod.o
  CC      drivers/i2c/busses/i2c-sis5595.mod.o
  CC      drivers/i2c/busses/i2c-sis630.mod.o
  CC      drivers/i2c/busses/i2c-sis96x.mod.o
  CC      drivers/i2c/busses/i2c-taos-evm.mod.o
  CC      drivers/i2c/busses/i2c-tiny-usb.mod.o
  CC      drivers/i2c/busses/i2c-via.mod.o
  CC      drivers/i2c/busses/i2c-viapro.mod.o
  CC      drivers/i2c/busses/i2c-viperboard.mod.o
  CC      drivers/i2c/busses/i2c-xiic.mod.o
  CC      drivers/i2c/i2c-dev.mod.o
  CC      drivers/i2c/i2c-mux.mod.o
  CC      drivers/i2c/i2c-slave-eeprom.mod.o
  CC      drivers/i2c/i2c-smbus.mod.o
  CC      drivers/i2c/muxes/i2c-mux-pca9541.mod.o
  CC      drivers/i2c/muxes/i2c-mux-pca954x.mod.o
  CC      drivers/iio/accel/hid-sensor-accel-3d.mod.o
  CC      drivers/iio/accel/kxcjk-1013.mod.o
  CC      drivers/iio/accel/mma7660.mod.o
  CC      drivers/iio/accel/st_accel.mod.o
  CC      drivers/iio/accel/st_accel_i2c.mod.o
  CC      drivers/iio/accel/st_accel_spi.mod.o
  CC      drivers/iio/buffer/industrialio-buffer-cb.mod.o
  CC      drivers/iio/buffer/industrialio-triggered-buffer.mod.o
  CC      drivers/iio/buffer/kfifo_buf.mod.o
  CC      drivers/iio/common/hid-sensors/hid-sensor-iio-common.mod.o
  CC      drivers/iio/common/hid-sensors/hid-sensor-trigger.mod.o
  CC      drivers/iio/common/st_sensors/st_sensors.mod.o
  CC      drivers/iio/common/st_sensors/st_sensors_i2c.mod.o
  CC      drivers/iio/common/st_sensors/st_sensors_spi.mod.o
  CC      drivers/iio/gyro/hid-sensor-gyro-3d.mod.o
  CC      drivers/iio/gyro/st_gyro.mod.o
  CC      drivers/iio/gyro/st_gyro_i2c.mod.o
  CC      drivers/iio/gyro/st_gyro_spi.mod.o
  CC      drivers/iio/health/max30100.mod.o
  CC      drivers/iio/industrialio-configfs.mod.o
  CC      drivers/iio/industrialio-sw-device.mod.o
  CC      drivers/iio/industrialio-sw-trigger.mod.o
  CC      drivers/iio/industrialio.mod.o
  CC      drivers/iio/light/acpi-als.mod.o
  CC      drivers/iio/light/bh1750.mod.o
  CC      drivers/iio/light/bh1780.mod.o
  CC      drivers/iio/light/hid-sensor-als.mod.o
  CC      drivers/iio/light/opt3001.mod.o
  CC      drivers/iio/light/pa12203001.mod.o
  CC      drivers/iio/light/rpr0521.mod.o
  CC      drivers/iio/light/stk3310.mod.o
  CC      drivers/iio/magnetometer/hid-sensor-magn-3d.mod.o
  CC      drivers/iio/magnetometer/hmc5843_core.mod.o
  CC      drivers/iio/magnetometer/hmc5843_i2c.mod.o
  CC      drivers/iio/magnetometer/hmc5843_spi.mod.o
  CC      drivers/iio/magnetometer/st_magn.mod.o
  CC      drivers/iio/magnetometer/st_magn_i2c.mod.o
  CC      drivers/iio/magnetometer/st_magn_spi.mod.o
  CC      drivers/iio/orientation/hid-sensor-incl-3d.mod.o
  CC      drivers/iio/orientation/hid-sensor-rotation.mod.o
  CC      drivers/iio/trigger/iio-trig-interrupt.mod.o
  CC      drivers/iio/trigger/iio-trig-loop.mod.o
  CC      drivers/infiniband/core/ib_cm.mod.o
  CC      drivers/infiniband/core/ib_core.mod.o
  CC      drivers/infiniband/core/ib_ucm.mod.o
  CC      drivers/infiniband/core/ib_umad.mod.o
  CC      drivers/infiniband/core/ib_uverbs.mod.o
  CC      drivers/infiniband/core/iw_cm.mod.o
  CC      drivers/infiniband/core/rdma_cm.mod.o
  CC      drivers/infiniband/core/rdma_ucm.mod.o
  CC      drivers/infiniband/hw/cxgb3/iw_cxgb3.mod.o
  CC      drivers/infiniband/hw/cxgb4/iw_cxgb4.mod.o
  CC      drivers/infiniband/hw/hfi1/hfi1.mod.o
  CC      drivers/infiniband/hw/i40iw/i40iw.mod.o
  CC      drivers/infiniband/hw/mlx4/mlx4_ib.mod.o
  CC      drivers/infiniband/hw/mlx5/mlx5_ib.mod.o
  CC      drivers/infiniband/hw/mthca/ib_mthca.mod.o
  CC      drivers/infiniband/hw/nes/iw_nes.mod.o
  CC      drivers/infiniband/hw/ocrdma/ocrdma.mod.o
  CC      drivers/infiniband/hw/qib/ib_qib.mod.o
  CC      drivers/infiniband/hw/usnic/usnic_verbs.mod.o
  CC      drivers/infiniband/sw/rdmavt/rdmavt.mod.o
  CC      drivers/infiniband/sw/rxe/rdma_rxe.mod.o
  CC      drivers/infiniband/ulp/ipoib/ib_ipoib.mod.o
  CC      drivers/infiniband/ulp/iser/ib_iser.mod.o
  CC      drivers/infiniband/ulp/isert/ib_isert.mod.o
  CC      drivers/infiniband/ulp/srp/ib_srp.mod.o
  CC      drivers/infiniband/ulp/srpt/ib_srpt.mod.o
  CC      drivers/input/evdev.mod.o
  CC      drivers/input/ff-memless.mod.o
  CC      drivers/input/gameport/emu10k1-gp.mod.o
  CC      drivers/input/gameport/fm801-gp.mod.o
  CC      drivers/input/gameport/gameport.mod.o
  CC      drivers/input/gameport/lightning.mod.o
  CC      drivers/input/gameport/ns558.mod.o
  CC      drivers/input/input-leds.mod.o
  CC      drivers/input/input-polldev.mod.o
  CC      drivers/input/joydev.mod.o
  CC      drivers/input/joystick/a3d.mod.o
  CC      drivers/input/joystick/adi.mod.o
  CC      drivers/input/joystick/analog.mod.o
  CC      drivers/input/joystick/as5011.mod.o
  CC      drivers/input/joystick/cobra.mod.o
  CC      drivers/input/joystick/db9.mod.o
  CC      drivers/input/joystick/gamecon.mod.o
  CC      drivers/input/joystick/gf2k.mod.o
  CC      drivers/input/joystick/grip.mod.o
  CC      drivers/input/joystick/grip_mp.mod.o
  CC      drivers/input/joystick/guillemot.mod.o
  CC      drivers/input/joystick/iforce/iforce.mod.o
  CC      drivers/input/joystick/interact.mod.o
  CC      drivers/input/joystick/joydump.mod.o
  CC      drivers/input/joystick/magellan.mod.o
  CC      drivers/input/joystick/sidewinder.mod.o
  CC      drivers/input/joystick/spaceball.mod.o
  CC      drivers/input/joystick/spaceorb.mod.o
  CC      drivers/input/joystick/stinger.mod.o
  CC      drivers/input/joystick/tmdc.mod.o
  CC      drivers/input/joystick/turbografx.mod.o
  CC      drivers/input/joystick/twidjoy.mod.o
  CC      drivers/input/joystick/walkera0701.mod.o
  CC      drivers/input/joystick/warrior.mod.o
  CC      drivers/input/joystick/xpad.mod.o
  CC      drivers/input/joystick/zhenhua.mod.o
  CC      drivers/input/keyboard/adp5588-keys.mod.o
  CC      drivers/input/keyboard/adp5589-keys.mod.o
  CC      drivers/input/keyboard/atkbd.mod.o
  CC      drivers/input/keyboard/gpio_keys.mod.o
  CC      drivers/input/keyboard/lm8333.mod.o
  CC      drivers/input/keyboard/matrix_keypad.mod.o
  CC      drivers/input/keyboard/mcs_touchkey.mod.o
  CC      drivers/input/keyboard/mpr121_touchkey.mod.o
  CC      drivers/input/keyboard/qt1070.mod.o
  CC      drivers/input/keyboard/qt2160.mod.o
  CC      drivers/input/keyboard/tca6416-keypad.mod.o
  CC      drivers/input/keyboard/tca8418_keypad.mod.o
  CC      drivers/input/matrix-keymap.mod.o
  CC      drivers/input/misc/ad714x-i2c.mod.o
  CC      drivers/input/misc/ad714x-spi.mod.o
  CC      drivers/input/misc/ad714x.mod.o
  CC      drivers/input/misc/adxl34x-i2c.mod.o
  CC      drivers/input/misc/adxl34x-spi.mod.o
  CC      drivers/input/misc/adxl34x.mod.o
  CC      drivers/input/misc/apanel.mod.o
  CC      drivers/input/misc/atlas_btns.mod.o
  CC      drivers/input/misc/ati_remote2.mod.o
  CC      drivers/input/misc/bma150.mod.o
  CC      drivers/input/misc/cm109.mod.o
  CC      drivers/input/misc/cma3000_d0x.mod.o
  CC      drivers/input/misc/cma3000_d0x_i2c.mod.o
  CC      drivers/input/misc/e3x0-button.mod.o
  CC      drivers/input/misc/gp2ap002a00f.mod.o
  CC      drivers/input/misc/ideapad_slidebar.mod.o
  CC      drivers/input/misc/keyspan_remote.mod.o
  CC      drivers/input/misc/kxtj9.mod.o
  CC      drivers/input/misc/mc13783-pwrbutton.mod.o
  CC      drivers/input/misc/mma8450.mod.o
  CC      drivers/input/misc/mpu3050.mod.o
  CC      drivers/input/misc/pcf50633-input.mod.o
  CC      drivers/input/misc/pcf8574_keypad.mod.o
  CC      drivers/input/misc/pcspkr.mod.o
  CC      drivers/input/misc/powermate.mod.o
  CC      drivers/input/misc/retu-pwrbutton.mod.o
  CC      drivers/input/misc/rotary_encoder.mod.o
  CC      drivers/input/misc/soc_button_array.mod.o
  CC      drivers/input/misc/tps65218-pwrbutton.mod.o
  CC      drivers/input/misc/uinput.mod.o
  CC      drivers/input/misc/xen-kbdfront.mod.o
  CC      drivers/input/misc/yealink.mod.o
  CC      drivers/input/mouse/appletouch.mod.o
  CC      drivers/input/mouse/bcm5974.mod.o
  CC      drivers/input/mouse/cyapatp.mod.o
  CC      drivers/input/mouse/elan_i2c.mod.o
  CC      drivers/input/mouse/psmouse.mod.o
  CC      drivers/input/mouse/sermouse.mod.o
  CC      drivers/input/mouse/synaptics_i2c.mod.o
  CC      drivers/input/mouse/synaptics_usb.mod.o
  CC      drivers/input/mouse/vsxxxaa.mod.o
  CC      drivers/input/mousedev.mod.o
  CC      drivers/input/rmi4/rmi_core.mod.o
  CC      drivers/input/rmi4/rmi_i2c.mod.o
  CC      drivers/input/rmi4/rmi_spi.mod.o
  CC      drivers/input/serio/altera_ps2.mod.o
  CC      drivers/input/serio/arc_ps2.mod.o
  CC      drivers/input/serio/ct82c710.mod.o
  CC      drivers/input/serio/hyperv-keyboard.mod.o
  CC      drivers/input/serio/i8042.mod.o
  CC      drivers/input/serio/libps2.mod.o
  CC      drivers/input/serio/parkbd.mod.o
  CC      drivers/input/serio/pcips2.mod.o
  CC      drivers/input/serio/ps2mult.mod.o
  CC      drivers/input/serio/serio.mod.o
  CC      drivers/input/serio/serio_raw.mod.o
  CC      drivers/input/serio/serport.mod.o
  CC      drivers/input/sparse-keymap.mod.o
  CC      drivers/input/tablet/acecad.mod.o
  CC      drivers/input/tablet/aiptek.mod.o
  CC      drivers/input/tablet/gtco.mod.o
  CC      drivers/input/tablet/hanwang.mod.o
  CC      drivers/input/tablet/kbtab.mod.o
  CC      drivers/input/tablet/pegasus_notetaker.mod.o
  CC      drivers/input/tablet/wacom_serial4.mod.o
  CC      drivers/input/touchscreen/ad7879-i2c.mod.o
  CC      drivers/input/touchscreen/ad7879.mod.o
  CC      drivers/input/touchscreen/atmel_mxt_ts.mod.o
  CC      drivers/input/touchscreen/auo-pixcir-ts.mod.o
  CC      drivers/input/touchscreen/bu21013_ts.mod.o
  CC      drivers/input/touchscreen/cy8ctmg110_ts.mod.o
  CC      drivers/input/touchscreen/cyttsp4_core.mod.o
  CC      drivers/input/touchscreen/cyttsp4_i2c.mod.o
  CC      drivers/input/touchscreen/cyttsp4_spi.mod.o
  CC      drivers/input/touchscreen/cyttsp_core.mod.o
  CC      drivers/input/touchscreen/cyttsp_i2c.mod.o
  CC      drivers/input/touchscreen/cyttsp_i2c_common.mod.o
  CC      drivers/input/touchscreen/dynapro.mod.o
  CC      drivers/input/touchscreen/edt-ft5x06.mod.o
  CC      drivers/input/touchscreen/eeti_ts.mod.o
  CC      drivers/input/touchscreen/egalax_ts_serial.mod.o
  CC      drivers/input/touchscreen/elants_i2c.mod.o
  CC      drivers/input/touchscreen/elo.mod.o
  CC      drivers/input/touchscreen/fujitsu_ts.mod.o
  CC      drivers/input/touchscreen/goodix.mod.o
  CC      drivers/input/touchscreen/gunze.mod.o
  CC      drivers/input/touchscreen/hampshire.mod.o
  CC      drivers/input/touchscreen/ili210x.mod.o
  CC      drivers/input/touchscreen/inexio.mod.o
  CC      drivers/input/touchscreen/max11801_ts.mod.o
  CC      drivers/input/touchscreen/mc13783_ts.mod.o
  CC      drivers/input/touchscreen/mcs5000_ts.mod.o
  CC      drivers/input/touchscreen/melfas_mip4.mod.o
  CC      drivers/input/touchscreen/mk712.mod.o
  CC      drivers/input/touchscreen/mms114.mod.o
  CC      drivers/input/touchscreen/mtouch.mod.o
  CC      drivers/input/touchscreen/penmount.mod.o
  CC      drivers/input/touchscreen/pixcir_i2c_ts.mod.o
  CC      drivers/input/touchscreen/raydium_i2c_ts.mod.o
  CC      drivers/input/touchscreen/rohm_bu21023.mod.o
  CC      drivers/input/touchscreen/silead.mod.o
  CC      drivers/input/touchscreen/sis_i2c.mod.o
  CC      drivers/input/touchscreen/st1232.mod.o
  CC      drivers/input/touchscreen/sur40.mod.o
  CC      drivers/input/touchscreen/surface3_spi.mod.o
  CC      drivers/input/touchscreen/ti_am335x_tsc.mod.o
  CC      drivers/input/touchscreen/touchit213.mod.o
  CC      drivers/input/touchscreen/touchright.mod.o
  CC      drivers/input/touchscreen/touchwin.mod.o
  CC      drivers/input/touchscreen/tps6507x-ts.mod.o
  CC      drivers/input/touchscreen/tsc2004.mod.o
  CC      drivers/input/touchscreen/tsc2007.mod.o
  CC      drivers/input/touchscreen/tsc200x-core.mod.o
  CC      drivers/input/touchscreen/tsc40.mod.o
  CC      drivers/input/touchscreen/ucb1400_ts.mod.o
  CC      drivers/input/touchscreen/usbtouchscreen.mod.o
  CC      drivers/input/touchscreen/wacom_i2c.mod.o
  CC      drivers/input/touchscreen/wacom_w8001.mod.o
  CC      drivers/input/touchscreen/wdt87xx_i2c.mod.o
  CC      drivers/input/touchscreen/wm97xx-ts.mod.o
  CC      drivers/input/touchscreen/zforce_ts.mod.o
  CC      drivers/iommu/amd_iommu_v2.mod.o
  CC      drivers/ipack/carriers/tpci200.mod.o
  CC      drivers/ipack/devices/ipoctal.mod.o
  CC      drivers/ipack/ipack.mod.o
  CC      drivers/isdn/capi/capi.mod.o
  CC      drivers/isdn/capi/capidrv.mod.o
  CC      drivers/isdn/capi/kernelcapi.mod.o
  CC      drivers/isdn/divert/dss1_divert.mod.o
  CC      drivers/isdn/gigaset/bas_gigaset.mod.o
  CC      drivers/isdn/gigaset/gigaset.mod.o
  CC      drivers/isdn/gigaset/ser_gigaset.mod.o
  CC      drivers/isdn/gigaset/usb_gigaset.mod.o
  CC      drivers/isdn/hardware/avm/avm_cs.mod.o
  CC      drivers/isdn/hardware/avm/b1.mod.o
  CC      drivers/isdn/hardware/avm/b1dma.mod.o
  CC      drivers/isdn/hardware/avm/b1pci.mod.o
  CC      drivers/isdn/hardware/avm/b1pcmcia.mod.o
  CC      drivers/isdn/hardware/avm/c4.mod.o
  CC      drivers/isdn/hardware/avm/t1pci.mod.o
  CC      drivers/isdn/hardware/eicon/diva_idi.mod.o
  CC      drivers/isdn/hardware/eicon/diva_mnt.mod.o
  CC      drivers/isdn/hardware/eicon/divacapi.mod.o
  CC      drivers/isdn/hardware/eicon/divadidd.mod.o
  CC      drivers/isdn/hardware/eicon/divas.mod.o
  CC      drivers/isdn/hardware/mISDN/avmfritz.mod.o
  CC      drivers/isdn/hardware/mISDN/hfcmulti.mod.o
  CC      drivers/isdn/hardware/mISDN/hfcpci.mod.o
  CC      drivers/isdn/hardware/mISDN/hfcsusb.mod.o
  CC      drivers/isdn/hardware/mISDN/mISDNinfineon.mod.o
  CC      drivers/isdn/hardware/mISDN/mISDNipac.mod.o
  CC      drivers/isdn/hardware/mISDN/mISDNisar.mod.o
  CC      drivers/isdn/hardware/mISDN/netjet.mod.o
  CC      drivers/isdn/hardware/mISDN/speedfax.mod.o
  CC      drivers/isdn/hardware/mISDN/w6692.mod.o
  CC      drivers/isdn/hisax/avma1_cs.mod.o
  CC      drivers/isdn/hisax/elsa_cs.mod.o
  CC      drivers/isdn/hisax/hfc4s8s_l1.mod.o
  CC      drivers/isdn/hisax/hfc_usb.mod.o
  CC      drivers/isdn/hisax/hisax.mod.o
  CC      drivers/isdn/hisax/hisax_fcpcipnp.mod.o
  CC      drivers/isdn/hisax/hisax_isac.mod.o
  CC      drivers/isdn/hisax/hisax_st5481.mod.o
  CC      drivers/isdn/hisax/sedlbauer_cs.mod.o
  CC      drivers/isdn/hisax/teles_cs.mod.o
  CC      drivers/isdn/hysdn/hysdn.mod.o
  CC      drivers/isdn/i4l/isdn.mod.o
  CC      drivers/isdn/i4l/isdn_bsdcomp.mod.o
  CC      drivers/isdn/i4l/isdnhdlc.mod.o
  CC      drivers/isdn/mISDN/l1oip.mod.o
  CC      drivers/isdn/mISDN/mISDN_core.mod.o
  CC      drivers/isdn/mISDN/mISDN_dsp.mod.o
  CC      drivers/leds/dell-led.mod.o
  CC      drivers/leds/led-class-flash.mod.o
  CC      drivers/leds/led-class.mod.o
  CC      drivers/leds/leds-bd2802.mod.o
  CC      drivers/leds/leds-blinkm.mod.o
  CC      drivers/leds/leds-clevo-mail.mod.o
  CC      drivers/leds/leds-dac124s085.mod.o
  CC      drivers/leds/leds-gpio.mod.o
  CC      drivers/leds/leds-lm3530.mod.o
  CC      drivers/leds/leds-lm3533.mod.o
  CC      drivers/leds/leds-lm355x.mod.o
  CC      drivers/leds/leds-lm3642.mod.o
  CC      drivers/leds/leds-lp3944.mod.o
  CC      drivers/leds/leds-lp3952.mod.o
  CC      drivers/leds/leds-lp8860.mod.o
  CC      drivers/leds/leds-lt3593.mod.o
  CC      drivers/leds/leds-mc13783.mod.o
  CC      drivers/leds/leds-pca9532.mod.o
  CC      drivers/leds/leds-pca955x.mod.o
  CC      drivers/leds/leds-pca963x.mod.o
  CC      drivers/leds/leds-ss4200.mod.o
  CC      drivers/leds/leds-tca6507.mod.o
  CC      drivers/leds/leds-tlc591xx.mod.o
  CC      drivers/leds/trigger/ledtrig-backlight.mod.o
  CC      drivers/leds/trigger/ledtrig-camera.mod.o
  CC      drivers/leds/trigger/ledtrig-default-on.mod.o
  CC      drivers/leds/trigger/ledtrig-gpio.mod.o
  CC      drivers/leds/trigger/ledtrig-heartbeat.mod.o
  CC      drivers/leds/trigger/ledtrig-oneshot.mod.o
  CC      drivers/leds/trigger/ledtrig-timer.mod.o
  CC      drivers/leds/trigger/ledtrig-transient.mod.o
  CC      drivers/macintosh/mac_hid.mod.o
  CC      drivers/md/bcache/bcache.mod.o
  CC      drivers/md/dm-bio-prison.mod.o
  CC      drivers/md/dm-bufio.mod.o
  CC      drivers/md/dm-cache-cleaner.mod.o
  CC      drivers/md/dm-cache-smq.mod.o
  CC      drivers/md/dm-cache.mod.o
  CC      drivers/md/dm-crypt.mod.o
  CC      drivers/md/dm-delay.mod.o
  CC      drivers/md/dm-era.mod.o
  CC      drivers/md/dm-flakey.mod.o
  CC      drivers/md/dm-log-userspace.mod.o
  CC      drivers/md/dm-log-writes.mod.o
  CC      drivers/md/dm-log.mod.o
  CC      drivers/md/dm-mirror.mod.o
  CC      drivers/md/dm-mod.mod.o
  CC      drivers/md/dm-multipath.mod.o
  CC      drivers/md/dm-queue-length.mod.o
  CC      drivers/md/dm-raid.mod.o
  CC      drivers/md/dm-region-hash.mod.o
  CC      drivers/md/dm-round-robin.mod.o
  CC      drivers/md/dm-service-time.mod.o
  CC      drivers/md/dm-snapshot.mod.o
  CC      drivers/md/dm-switch.mod.o
  CC      drivers/md/dm-thin-pool.mod.o
  CC      drivers/md/dm-verity.mod.o
  CC      drivers/md/dm-zero.mod.o
  CC      drivers/md/faulty.mod.o
  CC      drivers/md/linear.mod.o
  CC      drivers/md/md-mod.mod.o
  CC      drivers/md/multipath.mod.o
  CC      drivers/md/persistent-data/dm-persistent-data.mod.o
  CC      drivers/md/raid0.mod.o
  CC      drivers/md/raid1.mod.o
  CC      drivers/md/raid10.mod.o
  CC      drivers/md/raid456.mod.o
  CC      drivers/media/cec-edid.mod.o
  CC      drivers/media/common/b2c2/b2c2-flexcop.mod.o
  CC      drivers/media/common/cx2341x.mod.o
  CC      drivers/media/common/cypress_firmware.mod.o
  CC      drivers/media/common/saa7146/saa7146.mod.o
  CC      drivers/media/common/saa7146/saa7146_vv.mod.o
  CC      drivers/media/common/siano/smsdvb.mod.o
  CC      drivers/media/common/siano/smsmdtv.mod.o
  CC      drivers/media/common/tveeprom.mod.o
  CC      drivers/media/dvb-core/dvb-core.mod.o
  CC      drivers/media/dvb-frontends/a8293.mod.o
  CC      drivers/media/dvb-frontends/af9013.mod.o
  CC      drivers/media/dvb-frontends/af9033.mod.o
  CC      drivers/media/dvb-frontends/as102_fe.mod.o
  CC      drivers/media/dvb-frontends/ascot2e.mod.o
  CC      drivers/media/dvb-frontends/atbm8830.mod.o
  CC      drivers/media/dvb-frontends/au8522_common.mod.o
  CC      drivers/media/dvb-frontends/au8522_decoder.mod.o
  CC      drivers/media/dvb-frontends/au8522_dig.mod.o
  CC      drivers/media/dvb-frontends/bcm3510.mod.o
  CC      drivers/media/dvb-frontends/cx22700.mod.o
  CC      drivers/media/dvb-frontends/cx22702.mod.o
  CC      drivers/media/dvb-frontends/cx24110.mod.o
  CC      drivers/media/dvb-frontends/cx24113.mod.o
  CC      drivers/media/dvb-frontends/cx24116.mod.o
  CC      drivers/media/dvb-frontends/cx24117.mod.o
  CC      drivers/media/dvb-frontends/cx24120.mod.o
  CC      drivers/media/dvb-frontends/cx24123.mod.o
  CC      drivers/media/dvb-frontends/cxd2820r.mod.o
  CC      drivers/media/dvb-frontends/cxd2841er.mod.o
  CC      drivers/media/dvb-frontends/dib0070.mod.o
  CC      drivers/media/dvb-frontends/dib0090.mod.o
  CC      drivers/media/dvb-frontends/dib3000mb.mod.o
  CC      drivers/media/dvb-frontends/dib3000mc.mod.o
  CC      drivers/media/dvb-frontends/dib7000m.mod.o
  CC      drivers/media/dvb-frontends/dib7000p.mod.o
  CC      drivers/media/dvb-frontends/dib8000.mod.o
  CC      drivers/media/dvb-frontends/dibx000_common.mod.o
  CC      drivers/media/dvb-frontends/drx39xyj/drx39xyj.mod.o
  CC      drivers/media/dvb-frontends/drxd.mod.o
  CC      drivers/media/dvb-frontends/drxk.mod.o
  CC      drivers/media/dvb-frontends/ds3000.mod.o
  CC      drivers/media/dvb-frontends/dvb-pll.mod.o
  CC      drivers/media/dvb-frontends/ec100.mod.o
  CC      drivers/media/dvb-frontends/gp8psk-fe.mod.o
  CC      drivers/media/dvb-frontends/helene.mod.o
  CC      drivers/media/dvb-frontends/horus3a.mod.o
  CC      drivers/media/dvb-frontends/isl6405.mod.o
  CC      drivers/media/dvb-frontends/isl6421.mod.o
  CC      drivers/media/dvb-frontends/isl6423.mod.o
  CC      drivers/media/dvb-frontends/itd1000.mod.o
  CC      drivers/media/dvb-frontends/ix2505v.mod.o
  CC      drivers/media/dvb-frontends/l64781.mod.o
  CC      drivers/media/dvb-frontends/lg2160.mod.o
  CC      drivers/media/dvb-frontends/lgdt3305.mod.o
  CC      drivers/media/dvb-frontends/lgdt3306a.mod.o
  CC      drivers/media/dvb-frontends/lgdt330x.mod.o
  CC      drivers/media/dvb-frontends/lgs8gxx.mod.o
  CC      drivers/media/dvb-frontends/lnbh25.mod.o
  CC      drivers/media/dvb-frontends/lnbp21.mod.o
  CC      drivers/media/dvb-frontends/lnbp22.mod.o
  CC      drivers/media/dvb-frontends/m88ds3103.mod.o
  CC      drivers/media/dvb-frontends/m88rs2000.mod.o
  CC      drivers/media/dvb-frontends/mb86a16.mod.o
  CC      drivers/media/dvb-frontends/mb86a20s.mod.o
  CC      drivers/media/dvb-frontends/mn88472.mod.o
  CC      drivers/media/dvb-frontends/mn88473.mod.o
  CC      drivers/media/dvb-frontends/mt312.mod.o
  CC      drivers/media/dvb-frontends/mt352.mod.o
  CC      drivers/media/dvb-frontends/nxt200x.mod.o
  CC      drivers/media/dvb-frontends/nxt6000.mod.o
  CC      drivers/media/dvb-frontends/or51132.mod.o
  CC      drivers/media/dvb-frontends/or51211.mod.o
  CC      drivers/media/dvb-frontends/rtl2830.mod.o
  CC      drivers/media/dvb-frontends/rtl2832.mod.o
  CC      drivers/media/dvb-frontends/rtl2832_sdr.mod.o
  CC      drivers/media/dvb-frontends/s5h1409.mod.o
  CC      drivers/media/dvb-frontends/s5h1411.mod.o
  CC      drivers/media/dvb-frontends/s5h1420.mod.o
  CC      drivers/media/dvb-frontends/s921.mod.o
  CC      drivers/media/dvb-frontends/si2165.mod.o
  CC      drivers/media/dvb-frontends/si2168.mod.o
  CC      drivers/media/dvb-frontends/sp2.mod.o
  CC      drivers/media/dvb-frontends/si21xx.mod.o
  CC      drivers/media/dvb-frontends/sp8870.mod.o
  CC      drivers/media/dvb-frontends/sp887x.mod.o
  CC      drivers/media/dvb-frontends/stb0899.mod.o
  CC      drivers/media/dvb-frontends/stb6000.mod.o
  CC      drivers/media/dvb-frontends/stb6100.mod.o
  CC      drivers/media/dvb-frontends/stv0288.mod.o
  CC      drivers/media/dvb-frontends/stv0297.mod.o
  CC      drivers/media/dvb-frontends/stv0299.mod.o
  CC      drivers/media/dvb-frontends/stv0367.mod.o
  CC      drivers/media/dvb-frontends/stv0900.mod.o
  CC      drivers/media/dvb-frontends/stv090x.mod.o
  CC      drivers/media/dvb-frontends/stv6110.mod.o
  CC      drivers/media/dvb-frontends/stv6110x.mod.o
  CC      drivers/media/dvb-frontends/tc90522.mod.o
  CC      drivers/media/dvb-frontends/tda10021.mod.o
  CC      drivers/media/dvb-frontends/tda10023.mod.o
  CC      drivers/media/dvb-frontends/tda10048.mod.o
  CC      drivers/media/dvb-frontends/tda1004x.mod.o
  CC      drivers/media/dvb-frontends/tda10071.mod.o
  CC      drivers/media/dvb-frontends/tda10086.mod.o
  CC      drivers/media/dvb-frontends/tda18271c2dd.mod.o
  CC      drivers/media/dvb-frontends/tda665x.mod.o
  CC      drivers/media/dvb-frontends/tda8083.mod.o
  CC      drivers/media/dvb-frontends/tda8261.mod.o
  CC      drivers/media/dvb-frontends/tda826x.mod.o
  CC      drivers/media/dvb-frontends/ts2020.mod.o
  CC      drivers/media/dvb-frontends/tua6100.mod.o
  CC      drivers/media/dvb-frontends/ves1820.mod.o
  CC      drivers/media/dvb-frontends/ves1x93.mod.o
  CC      drivers/media/dvb-frontends/zl10036.mod.o
  CC      drivers/media/dvb-frontends/zl10039.mod.o
  CC      drivers/media/dvb-frontends/zl10353.mod.o
  CC      drivers/media/firewire/firedtv.mod.o
  CC      drivers/media/i2c/adv7170.mod.o
  CC      drivers/media/i2c/adv7175.mod.o
  CC      drivers/media/i2c/adv7511.mod.o
  CC      drivers/media/i2c/adv7604.mod.o
  CC      drivers/media/i2c/adv7842.mod.o
  CC      drivers/media/i2c/bt819.mod.o
  CC      drivers/media/i2c/bt856.mod.o
  CC      drivers/media/i2c/bt866.mod.o
  CC      drivers/media/i2c/cs3308.mod.o
  CC      drivers/media/i2c/cs5345.mod.o
  CC      drivers/media/i2c/cs53l32a.mod.o
  CC      drivers/media/i2c/cx25840/cx25840.mod.o
  CC      drivers/media/i2c/ir-kbd-i2c.mod.o
  CC      drivers/media/i2c/ks0127.mod.o
  CC      drivers/media/i2c/m52790.mod.o
  CC      drivers/media/i2c/msp3400.mod.o
  CC      drivers/media/i2c/mt9v011.mod.o
  CC      drivers/media/i2c/ov7640.mod.o
  CC      drivers/media/i2c/saa6588.mod.o
  CC      drivers/media/i2c/saa6752hs.mod.o
  CC      drivers/media/i2c/saa7110.mod.o
  CC      drivers/media/i2c/saa7115.mod.o
  CC      drivers/media/i2c/saa7127.mod.o
  CC      drivers/media/i2c/saa717x.mod.o
  CC      drivers/media/i2c/saa7185.mod.o
  CC      drivers/media/i2c/sony-btf-mpx.mod.o
  CC      drivers/media/i2c/tda7432.mod.o
  CC      drivers/media/i2c/tda9840.mod.o
  CC      drivers/media/i2c/tea6415c.mod.o
  CC      drivers/media/i2c/tea6420.mod.o
  CC      drivers/media/i2c/tvaudio.mod.o
  CC      drivers/media/i2c/tvp5150.mod.o
  CC      drivers/media/i2c/tw2804.mod.o
  CC      drivers/media/i2c/tw9903.mod.o
  CC      drivers/media/i2c/tw9906.mod.o
  CC      drivers/media/i2c/uda1342.mod.o
  CC      drivers/media/i2c/upd64031a.mod.o
  CC      drivers/media/i2c/upd64083.mod.o
  CC      drivers/media/i2c/vp27smpx.mod.o
  CC      drivers/media/i2c/vpx3220.mod.o
  CC      drivers/media/i2c/wm8739.mod.o
  CC      drivers/media/i2c/wm8775.mod.o
  CC      drivers/media/media.mod.o
  CC      drivers/media/mmc/siano/smssdio.mod.o
  CC      drivers/media/pci/b2c2/b2c2-flexcop-pci.mod.o
  CC      drivers/media/pci/bt8xx/bt878.mod.o
  CC      drivers/media/pci/bt8xx/bttv.mod.o
  CC      drivers/media/pci/bt8xx/dst.mod.o
  CC      drivers/media/pci/bt8xx/dst_ca.mod.o
  CC      drivers/media/pci/bt8xx/dvb-bt8xx.mod.o
  CC      drivers/media/pci/cobalt/cobalt.mod.o
  CC      drivers/media/pci/cx18/cx18-alsa.mod.o
  CC      drivers/media/pci/cx18/cx18.mod.o
  CC      drivers/media/pci/cx23885/altera-ci.mod.o
  CC      drivers/media/pci/cx23885/cx23885.mod.o
  CC      drivers/media/pci/cx25821/cx25821-alsa.mod.o
  CC      drivers/media/pci/cx25821/cx25821.mod.o
  CC      drivers/media/pci/cx88/cx88-alsa.mod.o
  CC      drivers/media/pci/cx88/cx88-blackbird.mod.o
  CC      drivers/media/pci/cx88/cx88-dvb.mod.o
  CC      drivers/media/pci/cx88/cx88-vp3054-i2c.mod.o
  CC      drivers/media/pci/cx88/cx8800.mod.o
  CC      drivers/media/pci/cx88/cx8802.mod.o
  CC      drivers/media/pci/cx88/cx88xx.mod.o
  CC      drivers/media/pci/ddbridge/ddbridge.mod.o
  CC      drivers/media/pci/dm1105/dm1105.mod.o
  CC      drivers/media/pci/dt3155/dt3155.mod.o
  CC      drivers/media/pci/ivtv/ivtv-alsa.mod.o
  CC      drivers/media/pci/ivtv/ivtv.mod.o
  CC      drivers/media/pci/ivtv/ivtvfb.mod.o
  CC      drivers/media/pci/mantis/hopper.mod.o
  CC      drivers/media/pci/mantis/mantis.mod.o
  CC      drivers/media/pci/mantis/mantis_core.mod.o
  CC      drivers/media/pci/meye/meye.mod.o
  CC      drivers/media/pci/netup_unidvb/netup-unidvb.mod.o
  CC      drivers/media/pci/ngene/ngene.mod.o
  CC      drivers/media/pci/pluto2/pluto2.mod.o
  CC      drivers/media/pci/pt1/earth-pt1.mod.o
  CC      drivers/media/pci/pt3/earth-pt3.mod.o
  CC      drivers/media/pci/saa7134/saa7134-alsa.mod.o
  CC      drivers/media/pci/saa7134/saa7134-dvb.mod.o
  CC      drivers/media/pci/saa7134/saa7134-empress.mod.o
  CC      drivers/media/pci/saa7134/saa7134-go7007.mod.o
  CC      drivers/media/pci/saa7134/saa7134.mod.o
  CC      drivers/media/pci/saa7146/hexium_gemini.mod.o
  CC      drivers/media/pci/saa7146/hexium_orion.mod.o
  CC      drivers/media/pci/saa7146/mxb.mod.o
  CC      drivers/media/pci/saa7164/saa7164.mod.o
  CC      drivers/media/pci/smipcie/smipcie.mod.o
  CC      drivers/media/pci/solo6x10/solo6x10.mod.o
  CC      drivers/media/pci/ttpci/budget-av.mod.o
  CC      drivers/media/pci/ttpci/budget-ci.mod.o
  CC      drivers/media/pci/ttpci/budget-core.mod.o
  CC      drivers/media/pci/ttpci/budget-patch.mod.o
  CC      drivers/media/pci/ttpci/budget.mod.o
  CC      drivers/media/pci/ttpci/dvb-ttpci.mod.o
  CC      drivers/media/pci/ttpci/ttpci-eeprom.mod.o
  CC      drivers/media/pci/tw68/tw68.mod.o
  CC      drivers/media/pci/tw686x/tw686x.mod.o
  CC      drivers/media/pci/zoran/videocodec.mod.o
  CC      drivers/media/pci/zoran/zr36016.mod.o
  CC      drivers/media/pci/zoran/zr36050.mod.o
  CC      drivers/media/pci/zoran/zr36060.mod.o
  CC      drivers/media/pci/zoran/zr36067.mod.o
  CC      drivers/media/platform/m2m-deinterlace.mod.o
  CC      drivers/media/platform/sh_veu.mod.o
  CC      drivers/media/radio/dsbr100.mod.o
  CC      drivers/media/radio/radio-keene.mod.o
  CC      drivers/media/radio/radio-ma901.mod.o
  CC      drivers/media/radio/radio-maxiradio.mod.o
  CC      drivers/media/radio/radio-mr800.mod.o
  CC      drivers/media/radio/radio-raremono.mod.o
  CC      drivers/media/radio/radio-shark.mod.o
  CC      drivers/media/radio/radio-si476x.mod.o
  CC      drivers/media/radio/radio-tea5764.mod.o
  CC      drivers/media/radio/radio-wl1273.mod.o
  CC      drivers/media/radio/saa7706h.mod.o
  CC      drivers/media/radio/shark2.mod.o
  CC      drivers/media/radio/si470x/radio-i2c-si470x.mod.o
  CC      drivers/media/radio/si470x/radio-usb-si470x.mod.o
  CC      drivers/media/radio/si4713/radio-platform-si4713.mod.o
  CC      drivers/media/radio/si4713/radio-usb-si4713.mod.o
  CC      drivers/media/radio/si4713/si4713.mod.o
  CC      drivers/media/radio/tea575x.mod.o
  CC      drivers/media/radio/tef6862.mod.o
  CC      drivers/media/radio/wl128x/fm_drv.mod.o
  CC      drivers/media/rc/ati_remote.mod.o
  CC      drivers/media/rc/ene_ir.mod.o
  CC      drivers/media/rc/fintek-cir.mod.o
  CC      drivers/media/rc/gpio-ir-recv.mod.o
  CC      drivers/media/rc/igorplugusb.mod.o
  CC      drivers/media/rc/iguanair.mod.o
  CC      drivers/media/rc/imon.mod.o
  CC      drivers/media/rc/ir-hix5hd2.mod.o
  CC      drivers/media/rc/ir-jvc-decoder.mod.o
  CC      drivers/media/rc/ir-lirc-codec.mod.o
  CC      drivers/media/rc/ir-mce_kbd-decoder.mod.o
  CC      drivers/media/rc/ir-nec-decoder.mod.o
  CC      drivers/media/rc/ir-rc5-decoder.mod.o
  CC      drivers/media/rc/ir-rc6-decoder.mod.o
  CC      drivers/media/rc/ir-sanyo-decoder.mod.o
  CC      drivers/media/rc/ir-sharp-decoder.mod.o
  CC      drivers/media/rc/ir-sony-decoder.mod.o
  CC      drivers/media/rc/ir-xmp-decoder.mod.o
  CC      drivers/media/rc/ite-cir.mod.o
  CC      drivers/media/rc/keymaps/rc-adstech-dvb-t-pci.mod.o
  CC      drivers/media/rc/keymaps/rc-alink-dtu-m.mod.o
  CC      drivers/media/rc/keymaps/rc-anysee.mod.o
  CC      drivers/media/rc/keymaps/rc-apac-viewcomp.mod.o
  CC      drivers/media/rc/keymaps/rc-asus-pc39.mod.o
  CC      drivers/media/rc/keymaps/rc-asus-ps3-100.mod.o
  CC      drivers/media/rc/keymaps/rc-ati-tv-wonder-hd-600.mod.o
  CC      drivers/media/rc/keymaps/rc-ati-x10.mod.o
  CC      drivers/media/rc/keymaps/rc-avermedia-a16d.mod.o
  CC      drivers/media/rc/keymaps/rc-avermedia-cardbus.mod.o
  CC      drivers/media/rc/keymaps/rc-avermedia-dvbt.mod.o
  CC      drivers/media/rc/keymaps/rc-avermedia-m135a.mod.o
  CC      drivers/media/rc/keymaps/rc-avermedia-m733a-rm-k6.mod.o
  CC      drivers/media/rc/keymaps/rc-avermedia-rm-ks.mod.o
  CC      drivers/media/rc/keymaps/rc-avermedia.mod.o
  CC      drivers/media/rc/keymaps/rc-avertv-303.mod.o
  CC      drivers/media/rc/keymaps/rc-azurewave-ad-tu700.mod.o
  CC      drivers/media/rc/keymaps/rc-behold-columbus.mod.o
  CC      drivers/media/rc/keymaps/rc-behold.mod.o
  CC      drivers/media/rc/keymaps/rc-budget-ci-old.mod.o
  CC      drivers/media/rc/keymaps/rc-cec.mod.o
  CC      drivers/media/rc/keymaps/rc-cinergy-1400.mod.o
  CC      drivers/media/rc/keymaps/rc-cinergy.mod.o
  CC      drivers/media/rc/keymaps/rc-delock-61959.mod.o
  CC      drivers/media/rc/keymaps/rc-dib0700-nec.mod.o
  CC      drivers/media/rc/keymaps/rc-dib0700-rc5.mod.o
  CC      drivers/media/rc/keymaps/rc-digitalnow-tinytwin.mod.o
  CC      drivers/media/rc/keymaps/rc-digittrade.mod.o
  CC      drivers/media/rc/keymaps/rc-dm1105-nec.mod.o
  CC      drivers/media/rc/keymaps/rc-dntv-live-dvb-t.mod.o
  CC      drivers/media/rc/keymaps/rc-dntv-live-dvbt-pro.mod.o
  CC      drivers/media/rc/keymaps/rc-dtt200u.mod.o
  CC      drivers/media/rc/keymaps/rc-dvbsky.mod.o
  CC      drivers/media/rc/keymaps/rc-em-terratec.mod.o
  CC      drivers/media/rc/keymaps/rc-encore-enltv-fm53.mod.o
  CC      drivers/media/rc/keymaps/rc-encore-enltv.mod.o
  CC      drivers/media/rc/keymaps/rc-encore-enltv2.mod.o
  CC      drivers/media/rc/keymaps/rc-evga-indtube.mod.o
  CC      drivers/media/rc/keymaps/rc-eztv.mod.o
  CC      drivers/media/rc/keymaps/rc-flydvb.mod.o
  CC      drivers/media/rc/keymaps/rc-flyvideo.mod.o
  CC      drivers/media/rc/keymaps/rc-fusionhdtv-mce.mod.o
  CC      drivers/media/rc/keymaps/rc-gadmei-rm008z.mod.o
  CC      drivers/media/rc/keymaps/rc-genius-tvgo-a11mce.mod.o
  CC      drivers/media/rc/keymaps/rc-gotview7135.mod.o
  CC      drivers/media/rc/keymaps/rc-hauppauge.mod.o
  CC      drivers/media/rc/keymaps/rc-imon-mce.mod.o
  CC      drivers/media/rc/keymaps/rc-imon-pad.mod.o
  CC      drivers/media/rc/keymaps/rc-iodata-bctv7e.mod.o
  CC      drivers/media/rc/keymaps/rc-it913x-v1.mod.o
  CC      drivers/media/rc/keymaps/rc-it913x-v2.mod.o
  CC      drivers/media/rc/keymaps/rc-kaiomy.mod.o
  CC      drivers/media/rc/keymaps/rc-kworld-315u.mod.o
  CC      drivers/media/rc/keymaps/rc-kworld-pc150u.mod.o
  CC      drivers/media/rc/keymaps/rc-kworld-plus-tv-analog.mod.o
  CC      drivers/media/rc/keymaps/rc-leadtek-y04g0051.mod.o
  CC      drivers/media/rc/keymaps/rc-lirc.mod.o
  CC      drivers/media/rc/keymaps/rc-lme2510.mod.o
  CC      drivers/media/rc/keymaps/rc-manli.mod.o
  CC      drivers/media/rc/keymaps/rc-medion-x10-digitainer.mod.o
  CC      drivers/media/rc/keymaps/rc-medion-x10-or2x.mod.o
  CC      drivers/media/rc/keymaps/rc-medion-x10.mod.o
  CC      drivers/media/rc/keymaps/rc-msi-digivox-ii.mod.o
  CC      drivers/media/rc/keymaps/rc-msi-digivox-iii.mod.o
  CC      drivers/media/rc/keymaps/rc-msi-tvanywhere-plus.mod.o
  CC      drivers/media/rc/keymaps/rc-msi-tvanywhere.mod.o
  CC      drivers/media/rc/keymaps/rc-nebula.mod.o
  CC      drivers/media/rc/keymaps/rc-nec-terratec-cinergy-xs.mod.o
  CC      drivers/media/rc/keymaps/rc-norwood.mod.o
  CC      drivers/media/rc/keymaps/rc-npgtech.mod.o
  CC      drivers/media/rc/keymaps/rc-pctv-sedna.mod.o
  CC      drivers/media/rc/keymaps/rc-pinnacle-color.mod.o
  CC      drivers/media/rc/keymaps/rc-pinnacle-grey.mod.o
  CC      drivers/media/rc/keymaps/rc-pinnacle-pctv-hd.mod.o
  CC      drivers/media/rc/keymaps/rc-pixelview-002t.mod.o
  CC      drivers/media/rc/keymaps/rc-pixelview-mk12.mod.o
  CC      drivers/media/rc/keymaps/rc-pixelview-new.mod.o
  CC      drivers/media/rc/keymaps/rc-pixelview.mod.o
  CC      drivers/media/rc/keymaps/rc-powercolor-real-angel.mod.o
  CC      drivers/media/rc/keymaps/rc-proteus-2309.mod.o
  CC      drivers/media/rc/keymaps/rc-purpletv.mod.o
  CC      drivers/media/rc/keymaps/rc-pv951.mod.o
  CC      drivers/media/rc/keymaps/rc-rc6-mce.mod.o
  CC      drivers/media/rc/keymaps/rc-real-audio-220-32-keys.mod.o
  CC      drivers/media/rc/keymaps/rc-reddo.mod.o
  CC      drivers/media/rc/keymaps/rc-snapstream-firefly.mod.o
  CC      drivers/media/rc/keymaps/rc-streamzap.mod.o
  CC      drivers/media/rc/keymaps/rc-su3000.mod.o
  CC      drivers/media/rc/keymaps/rc-tbs-nec.mod.o
  CC      drivers/media/rc/keymaps/rc-technisat-ts35.mod.o
  CC      drivers/media/rc/keymaps/rc-technisat-usb2.mod.o
  CC      drivers/media/rc/keymaps/rc-terratec-cinergy-c-pci.mod.o
  CC      drivers/media/rc/keymaps/rc-terratec-cinergy-s2-hd.mod.o
  CC      drivers/media/rc/keymaps/rc-terratec-cinergy-xs.mod.o
  CC      drivers/media/rc/keymaps/rc-terratec-slim-2.mod.o
  CC      drivers/media/rc/keymaps/rc-terratec-slim.mod.o
  CC      drivers/media/rc/keymaps/rc-tevii-nec.mod.o
  CC      drivers/media/rc/keymaps/rc-tivo.mod.o
  CC      drivers/media/rc/keymaps/rc-total-media-in-hand-02.mod.o
  CC      drivers/media/rc/keymaps/rc-total-media-in-hand.mod.o
  CC      drivers/media/rc/keymaps/rc-trekstor.mod.o
  CC      drivers/media/rc/keymaps/rc-tt-1500.mod.o
  CC      drivers/media/rc/keymaps/rc-twinhan-dtv-cab-ci.mod.o
  CC      drivers/media/rc/keymaps/rc-twinhan1027.mod.o
  CC      drivers/media/rc/keymaps/rc-videomate-m1f.mod.o
  CC      drivers/media/rc/keymaps/rc-videomate-s350.mod.o
  CC      drivers/media/rc/keymaps/rc-videomate-tv-pvr.mod.o
  CC      drivers/media/rc/keymaps/rc-winfast-usbii-deluxe.mod.o
  CC      drivers/media/rc/keymaps/rc-winfast.mod.o
  CC      drivers/media/rc/lirc_dev.mod.o
  CC      drivers/media/rc/mceusb.mod.o
  CC      drivers/media/rc/rc-core.mod.o
  CC      drivers/media/rc/nuvoton-cir.mod.o
  CC      drivers/media/rc/rc-loopback.mod.o
  CC      drivers/media/rc/redrat3.mod.o
  CC      drivers/media/rc/streamzap.mod.o
  CC      drivers/media/rc/ttusbir.mod.o
  CC      drivers/media/rc/winbond-cir.mod.o
  CC      drivers/media/tuners/e4000.mod.o
  CC      drivers/media/tuners/fc0011.mod.o
  CC      drivers/media/tuners/fc0012.mod.o
  CC      drivers/media/tuners/fc0013.mod.o
  CC      drivers/media/tuners/fc2580.mod.o
  CC      drivers/media/tuners/it913x.mod.o
  CC      drivers/media/tuners/m88rs6000t.mod.o
  CC      drivers/media/tuners/max2165.mod.o
  CC      drivers/media/tuners/mc44s803.mod.o
  CC      drivers/media/tuners/msi001.mod.o
  CC      drivers/media/tuners/mt2060.mod.o
  CC      drivers/media/tuners/mt2063.mod.o
  CC      drivers/media/tuners/mt20xx.mod.o
  CC      drivers/media/tuners/mt2131.mod.o
  CC      drivers/media/tuners/mt2266.mod.o
  CC      drivers/media/tuners/mxl301rf.mod.o
  CC      drivers/media/tuners/mxl5005s.mod.o
  CC      drivers/media/tuners/mxl5007t.mod.o
  CC      drivers/media/tuners/qm1d1c0042.mod.o
  CC      drivers/media/tuners/qt1010.mod.o
  CC      drivers/media/tuners/r820t.mod.o
  CC      drivers/media/tuners/si2157.mod.o
  CC      drivers/media/tuners/tda18212.mod.o
  CC      drivers/media/tuners/tda18218.mod.o
  CC      drivers/media/tuners/tda18271.mod.o
  CC      drivers/media/tuners/tda827x.mod.o
  CC      drivers/media/tuners/tda8290.mod.o
  CC      drivers/media/tuners/tda9887.mod.o
  CC      drivers/media/tuners/tea5761.mod.o
  CC      drivers/media/tuners/tea5767.mod.o
  CC      drivers/media/tuners/tua9001.mod.o
  CC      drivers/media/tuners/tuner-simple.mod.o
  CC      drivers/media/tuners/tuner-types.mod.o
  CC      drivers/media/tuners/tuner-xc2028.mod.o
  CC      drivers/media/tuners/xc4000.mod.o
  CC      drivers/media/tuners/xc5000.mod.o
  CC      drivers/media/usb/airspy/airspy.mod.o
  CC      drivers/media/usb/as102/dvb-as102.mod.o
  CC      drivers/media/usb/au0828/au0828.mod.o
  CC      drivers/media/usb/b2c2/b2c2-flexcop-usb.mod.o
  CC      drivers/media/usb/cx231xx/cx231xx-alsa.mod.o
  CC      drivers/media/usb/cpia2/cpia2.mod.o
  CC      drivers/media/usb/cx231xx/cx231xx-dvb.mod.o
  CC      drivers/media/usb/cx231xx/cx231xx.mod.o
  CC      drivers/media/usb/dvb-usb-v2/dvb-usb-af9015.mod.o
  CC      drivers/media/usb/dvb-usb-v2/dvb-usb-af9035.mod.o
  CC      drivers/media/usb/dvb-usb-v2/dvb-usb-anysee.mod.o
  CC      drivers/media/usb/dvb-usb-v2/dvb-usb-au6610.mod.o
  CC      drivers/media/usb/dvb-usb-v2/dvb-usb-az6007.mod.o
  CC      drivers/media/usb/dvb-usb-v2/dvb-usb-ce6230.mod.o
  CC      drivers/media/usb/dvb-usb-v2/dvb-usb-dvbsky.mod.o
  CC      drivers/media/usb/dvb-usb-v2/dvb-usb-ec168.mod.o
  CC      drivers/media/usb/dvb-usb-v2/dvb-usb-gl861.mod.o
  CC      drivers/media/usb/dvb-usb-v2/dvb-usb-lmedm04.mod.o
  CC      drivers/media/usb/dvb-usb-v2/dvb-usb-mxl111sf.mod.o
  CC      drivers/media/usb/dvb-usb-v2/dvb-usb-rtl28xxu.mod.o
  CC      drivers/media/usb/dvb-usb-v2/dvb_usb_v2.mod.o
  CC      drivers/media/usb/dvb-usb-v2/mxl111sf-demod.mod.o
  CC      drivers/media/usb/dvb-usb-v2/mxl111sf-tuner.mod.o
  CC      drivers/media/usb/dvb-usb/dvb-usb-a800.mod.o
  CC      drivers/media/usb/dvb-usb/dvb-usb-af9005-remote.mod.o
  CC      drivers/media/usb/dvb-usb/dvb-usb-af9005.mod.o
  CC      drivers/media/usb/dvb-usb/dvb-usb-az6027.mod.o
  CC      drivers/media/usb/dvb-usb/dvb-usb-cinergyT2.mod.o
  CC      drivers/media/usb/dvb-usb/dvb-usb-cxusb.mod.o
  CC      drivers/media/usb/dvb-usb/dvb-usb-dib0700.mod.o
  CC      drivers/media/usb/dvb-usb/dvb-usb-dibusb-common.mod.o
  CC      drivers/media/usb/dvb-usb/dvb-usb-dibusb-mb.mod.o
  CC      drivers/media/usb/dvb-usb/dvb-usb-dibusb-mc-common.mod.o
  CC      drivers/media/usb/dvb-usb/dvb-usb-dibusb-mc.mod.o
  CC      drivers/media/usb/dvb-usb/dvb-usb-digitv.mod.o
  CC      drivers/media/usb/dvb-usb/dvb-usb-dtt200u.mod.o
  CC      drivers/media/usb/dvb-usb/dvb-usb-dtv5100.mod.o
  CC      drivers/media/usb/dvb-usb/dvb-usb-dw2102.mod.o
  CC      drivers/media/usb/dvb-usb/dvb-usb-friio.mod.o
  CC      drivers/media/usb/dvb-usb/dvb-usb-gp8psk.mod.o
  CC      drivers/media/usb/dvb-usb/dvb-usb-m920x.mod.o
  CC      drivers/media/usb/dvb-usb/dvb-usb-nova-t-usb2.mod.o
  CC      drivers/media/usb/dvb-usb/dvb-usb-opera.mod.o
  CC      drivers/media/usb/dvb-usb/dvb-usb-pctv452e.mod.o
  CC      drivers/media/usb/dvb-usb/dvb-usb-technisat-usb2.mod.o
  CC      drivers/media/usb/dvb-usb/dvb-usb-ttusb2.mod.o
  CC      drivers/media/usb/dvb-usb/dvb-usb-umt-010.mod.o
  CC      drivers/media/usb/dvb-usb/dvb-usb-vp702x.mod.o
  CC      drivers/media/usb/dvb-usb/dvb-usb-vp7045.mod.o
  CC      drivers/media/usb/dvb-usb/dvb-usb.mod.o
  CC      drivers/media/usb/em28xx/em28xx-alsa.mod.o
  CC      drivers/media/usb/em28xx/em28xx-dvb.mod.o
  CC      drivers/media/usb/em28xx/em28xx-rc.mod.o
  CC      drivers/media/usb/em28xx/em28xx-v4l.mod.o
  CC      drivers/media/usb/em28xx/em28xx.mod.o
  CC      drivers/media/usb/go7007/go7007-loader.mod.o
  CC      drivers/media/usb/go7007/go7007-usb.mod.o
  CC      drivers/media/usb/go7007/go7007.mod.o
  CC      drivers/media/usb/gspca/gl860/gspca_gl860.mod.o
  CC      drivers/media/usb/gspca/gspca_benq.mod.o
  CC      drivers/media/usb/gspca/gspca_conex.mod.o
  CC      drivers/media/usb/gspca/gspca_cpia1.mod.o
  CC      drivers/media/usb/gspca/gspca_dtcs033.mod.o
  CC      drivers/media/usb/gspca/gspca_etoms.mod.o
  CC      drivers/media/usb/gspca/gspca_finepix.mod.o
  CC      drivers/media/usb/gspca/gspca_jeilinj.mod.o
  CC      drivers/media/usb/gspca/gspca_jl2005bcd.mod.o
  CC      drivers/media/usb/gspca/gspca_kinect.mod.o
  CC      drivers/media/usb/gspca/gspca_konica.mod.o
  CC      drivers/media/usb/gspca/gspca_main.mod.o
  CC      drivers/media/usb/gspca/gspca_mars.mod.o
  CC      drivers/media/usb/gspca/gspca_mr97310a.mod.o
  CC      drivers/media/usb/gspca/gspca_nw80x.mod.o
  CC      drivers/media/usb/gspca/gspca_ov519.mod.o
  CC      drivers/media/usb/gspca/gspca_ov534.mod.o
  CC      drivers/media/usb/gspca/gspca_ov534_9.mod.o
  CC      drivers/media/usb/gspca/gspca_pac207.mod.o
  CC      drivers/media/usb/gspca/gspca_pac7302.mod.o
  CC      drivers/media/usb/gspca/gspca_pac7311.mod.o
  CC      drivers/media/usb/gspca/gspca_se401.mod.o
  CC      drivers/media/usb/gspca/gspca_sn9c2028.mod.o
  CC      drivers/media/usb/gspca/gspca_sn9c20x.mod.o
  CC      drivers/media/usb/gspca/gspca_sonixb.mod.o
  CC      drivers/media/usb/gspca/gspca_sonixj.mod.o
  CC      drivers/media/usb/gspca/gspca_spca1528.mod.o
  CC      drivers/media/usb/gspca/gspca_spca500.mod.o
  CC      drivers/media/usb/gspca/gspca_spca501.mod.o
  CC      drivers/media/usb/gspca/gspca_spca505.mod.o
  CC      drivers/media/usb/gspca/gspca_spca506.mod.o
  CC      drivers/media/usb/gspca/gspca_spca508.mod.o
  CC      drivers/media/usb/gspca/gspca_spca561.mod.o
  CC      drivers/media/usb/gspca/gspca_sq905.mod.o
  CC      drivers/media/usb/gspca/gspca_sq905c.mod.o
  CC      drivers/media/usb/gspca/gspca_sq930x.mod.o
  CC      drivers/media/usb/gspca/gspca_stk014.mod.o
  CC      drivers/media/usb/gspca/gspca_stk1135.mod.o
  CC      drivers/media/usb/gspca/gspca_stv0680.mod.o
  CC      drivers/media/usb/gspca/gspca_sunplus.mod.o
  CC      drivers/media/usb/gspca/gspca_t613.mod.o
  CC      drivers/media/usb/gspca/gspca_topro.mod.o
  CC      drivers/media/usb/gspca/gspca_touptek.mod.o
  CC      drivers/media/usb/gspca/gspca_tv8532.mod.o
  CC      drivers/media/usb/gspca/gspca_vc032x.mod.o
  CC      drivers/media/usb/gspca/gspca_vicam.mod.o
  CC      drivers/media/usb/gspca/gspca_xirlink_cit.mod.o
  CC      drivers/media/usb/gspca/gspca_zc3xx.mod.o
  CC      drivers/media/usb/gspca/m5602/gspca_m5602.mod.o
  CC      drivers/media/usb/gspca/stv06xx/gspca_stv06xx.mod.o
  CC      drivers/media/usb/hackrf/hackrf.mod.o
  CC      drivers/media/usb/hdpvr/hdpvr.mod.o
  CC      drivers/media/usb/msi2500/msi2500.mod.o
  CC      drivers/media/usb/pvrusb2/pvrusb2.mod.o
  CC      drivers/media/usb/pwc/pwc.mod.o
  CC      drivers/media/usb/s2255/s2255drv.mod.o
  CC      drivers/media/usb/siano/smsusb.mod.o
  CC      drivers/media/usb/stk1160/stk1160.mod.o
  CC      drivers/media/usb/stkwebcam/stkwebcam.mod.o
  CC      drivers/media/usb/tm6000/tm6000-alsa.mod.o
  CC      drivers/media/usb/tm6000/tm6000-dvb.mod.o
  CC      drivers/media/usb/tm6000/tm6000.mod.o
  CC      drivers/media/usb/ttusb-budget/dvb-ttusb-budget.mod.o
  CC      drivers/media/usb/ttusb-dec/ttusb_dec.mod.o
  CC      drivers/media/usb/ttusb-dec/ttusbdecfe.mod.o
  CC      drivers/media/usb/usbtv/usbtv.mod.o
  CC      drivers/media/usb/usbvision/usbvision.mod.o
  CC      drivers/media/usb/uvc/uvcvideo.mod.o
  CC      drivers/media/usb/zr364xx/zr364xx.mod.o
  CC      drivers/media/v4l2-core/tuner.mod.o
  CC      drivers/media/v4l2-core/v4l2-common.mod.o
  CC      drivers/media/v4l2-core/v4l2-dv-timings.mod.o
  CC      drivers/media/v4l2-core/v4l2-mem2mem.mod.o
  CC      drivers/media/v4l2-core/videobuf-core.mod.o
  CC      drivers/media/v4l2-core/videobuf-dma-sg.mod.o
  CC      drivers/media/v4l2-core/videobuf-dvb.mod.o
  CC      drivers/media/v4l2-core/videobuf-vmalloc.mod.o
  CC      drivers/media/v4l2-core/videobuf2-core.mod.o
  CC      drivers/media/v4l2-core/videobuf2-dma-contig.mod.o
  CC      drivers/media/v4l2-core/videobuf2-dma-sg.mod.o
  CC      drivers/media/v4l2-core/videobuf2-dvb.mod.o
  CC      drivers/media/v4l2-core/videobuf2-memops.mod.o
  CC      drivers/media/v4l2-core/videobuf2-v4l2.mod.o
  CC      drivers/media/v4l2-core/videobuf2-vmalloc.mod.o
  CC      drivers/media/v4l2-core/videodev.mod.o
  CC      drivers/memstick/core/memstick.mod.o
  CC      drivers/memstick/core/ms_block.mod.o
  CC      drivers/memstick/core/mspro_block.mod.o
  CC      drivers/memstick/host/jmb38x_ms.mod.o
  CC      drivers/memstick/host/r592.mod.o
  CC      drivers/memstick/host/rtsx_pci_ms.mod.o
  CC      drivers/memstick/host/rtsx_usb_ms.mod.o
  CC      drivers/memstick/host/tifm_ms.mod.o
  CC      drivers/message/fusion/mptbase.mod.o
  CC      drivers/message/fusion/mptctl.mod.o
  CC      drivers/message/fusion/mptfc.mod.o
  CC      drivers/message/fusion/mptsas.mod.o
  CC      drivers/message/fusion/mptscsih.mod.o
  CC      drivers/message/fusion/mptspi.mod.o
  CC      drivers/mfd/arizona-i2c.mod.o
  CC      drivers/mfd/bcm590xx.mod.o
  CC      drivers/mfd/cros_ec.mod.o
  CC      drivers/mfd/cros_ec_i2c.mod.o
  CC      drivers/mfd/htc-pasic3.mod.o
  CC      drivers/mfd/intel-lpss-acpi.mod.o
  CC      drivers/mfd/intel-lpss-pci.mod.o
  CC      drivers/mfd/intel-lpss.mod.o
  CC      drivers/mfd/lm3533-core.mod.o
  CC      drivers/mfd/lm3533-ctrlbank.mod.o
  CC      drivers/mfd/lp3943.mod.o
  CC      drivers/mfd/lpc_ich.mod.o
  CC      drivers/mfd/lpc_sch.mod.o
  CC      drivers/mfd/mc13xxx-core.mod.o
  CC      drivers/mfd/mc13xxx-i2c.mod.o
  CC      drivers/mfd/pcf50633-adc.mod.o
  CC      drivers/mfd/pcf50633-gpio.mod.o
  CC      drivers/mfd/pcf50633.mod.o
  CC      drivers/mfd/rdc321x-southbridge.mod.o
  CC      drivers/mfd/retu-mfd.mod.o
  CC      drivers/mfd/rt5033.mod.o
  CC      drivers/mfd/rtsx_pci.mod.o
  CC      drivers/mfd/rtsx_usb.mod.o
  CC      drivers/mfd/si476x-core.mod.o
  CC      drivers/mfd/sm501.mod.o
  CC      drivers/mfd/ti_am335x_tscadc.mod.o
  CC      drivers/mfd/tps65010.mod.o
  CC      drivers/mfd/tps6507x.mod.o
  CC      drivers/mfd/tps65217.mod.o
  CC      drivers/mfd/tps65218.mod.o
  CC      drivers/mfd/ucb1400_core.mod.o
  CC      drivers/mfd/viperboard.mod.o
  CC      drivers/mfd/vx855.mod.o
  CC      drivers/mfd/wl1273-core.mod.o
  CC      drivers/misc/ad525x_dpot-i2c.mod.o
  CC      drivers/misc/ad525x_dpot.mod.o
  CC      drivers/misc/altera-stapl/altera-stapl.mod.o
  CC      drivers/misc/apds9802als.mod.o
  CC      drivers/misc/apds990x.mod.o
  CC      drivers/misc/bh1770glc.mod.o
  CC      drivers/misc/c2port/c2port-duramar2150.mod.o
  CC      drivers/misc/c2port/core.mod.o
  CC      drivers/misc/cb710/cb710.mod.o
  CC      drivers/misc/ds1682.mod.o
  CC      drivers/misc/echo/echo.mod.o
  CC      drivers/misc/eeprom/at24.mod.o
  CC      drivers/misc/eeprom/eeprom.mod.o
  CC      drivers/misc/eeprom/eeprom_93cx6.mod.o
  CC      drivers/misc/eeprom/max6875.mod.o
  CC      drivers/misc/enclosure.mod.o
  CC      drivers/misc/fsa9480.mod.o
  CC      drivers/misc/genwqe/genwqe_card.mod.o
  CC      drivers/misc/hmc6352.mod.o
  CC      drivers/misc/hpilo.mod.o
  CC      drivers/misc/ics932s401.mod.o
  CC      drivers/misc/ioc4.mod.o
  CC      drivers/misc/isl29003.mod.o
  CC      drivers/misc/isl29020.mod.o
  CC      drivers/misc/lis3lv02d/lis3lv02d.mod.o
  CC      drivers/misc/lis3lv02d/lis3lv02d_i2c.mod.o
  CC      drivers/misc/lkdtm.mod.o
  CC      drivers/misc/mei/mei-me.mod.o
  CC      drivers/misc/mei/mei-txe.mod.o
  CC      drivers/misc/mei/mei.mod.o
  CC      drivers/misc/mic/bus/cosm_bus.mod.o
  CC      drivers/misc/mic/bus/mic_bus.mod.o
  CC      drivers/misc/mic/bus/scif_bus.mod.o
  CC      drivers/misc/mic/bus/vop_bus.mod.o
  CC      drivers/misc/mic/card/mic_card.mod.o
  CC      drivers/misc/mic/cosm/mic_cosm.mod.o
  CC      drivers/misc/mic/cosm_client/cosm_client.mod.o
  CC      drivers/misc/mic/host/mic_host.mod.o
  CC      drivers/misc/mic/scif/scif.mod.o
  CC      drivers/misc/mic/vop/vop.mod.o
  CC      drivers/misc/phantom.mod.o
  CC      drivers/misc/ti-st/st_drv.mod.o
  CC      drivers/misc/tifm_7xx1.mod.o
  CC      drivers/misc/tifm_core.mod.o
  CC      drivers/misc/tsl2550.mod.o
  CC      drivers/misc/vmw_balloon.mod.o
  CC      drivers/misc/vmw_vmci/vmw_vmci.mod.o
  CC      drivers/mmc/core/mmc_block.mod.o
  CC      drivers/mmc/core/mmc_core.mod.o
  CC      drivers/mmc/core/sdio_uart.mod.o
  CC      drivers/mmc/host/cb710-mmc.mod.o
  CC      drivers/mmc/host/mmc_spi.mod.o
  CC      drivers/mmc/host/mtk-sd.mod.o
  CC      drivers/mmc/host/rtsx_pci_sdmmc.mod.o
  CC      drivers/mmc/host/rtsx_usb_sdmmc.mod.o
  CC      drivers/mmc/host/sdhci-acpi.mod.o
  CC      drivers/mmc/host/sdhci-pci.mod.o
  CC      drivers/mmc/host/sdhci-pltfm.mod.o
  CC      drivers/mmc/host/sdhci.mod.o
  CC      drivers/mmc/host/sdricoh_cs.mod.o
  CC      drivers/mmc/host/tifm_sd.mod.o
  CC      drivers/mmc/host/toshsd.mod.o
  CC      drivers/mmc/host/usdhi6rol0.mod.o
  CC      drivers/mmc/host/ushc.mod.o
  CC      drivers/mmc/host/via-sdmmc.mod.o
  CC      drivers/mmc/host/vub300.mod.o
  CC      drivers/mmc/host/wbsd.mod.o
  CC      drivers/mtd/ar7part.mod.o
  CC      drivers/mtd/chips/cfi_cmdset_0001.mod.o
  CC      drivers/mtd/chips/cfi_cmdset_0002.mod.o
  CC      drivers/mtd/chips/cfi_cmdset_0020.mod.o
  CC      drivers/mtd/chips/cfi_probe.mod.o
  CC      drivers/mtd/chips/cfi_util.mod.o
  CC      drivers/mtd/chips/chipreg.mod.o
  CC      drivers/mtd/chips/gen_probe.mod.o
  CC      drivers/mtd/chips/jedec_probe.mod.o
  CC      drivers/mtd/chips/map_absent.mod.o
  CC      drivers/mtd/chips/map_ram.mod.o
  CC      drivers/mtd/chips/map_rom.mod.o
  CC      drivers/mtd/cmdlinepart.mod.o
  CC      drivers/mtd/devices/block2mtd.mod.o
  CC      drivers/mtd/devices/mtdram.mod.o
  CC      drivers/mtd/devices/phram.mod.o
  CC      drivers/mtd/devices/pmc551.mod.o
  CC      drivers/mtd/devices/slram.mod.o
  CC      drivers/mtd/ftl.mod.o
  CC      drivers/mtd/inftl.mod.o
  CC      drivers/mtd/lpddr/lpddr_cmds.mod.o
  CC      drivers/mtd/lpddr/qinfo_probe.mod.o
  CC      drivers/mtd/maps/map_funcs.mod.o
  CC      drivers/mtd/maps/pci.mod.o
  CC      drivers/mtd/maps/pcmciamtd.mod.o
  CC      drivers/mtd/maps/plat-ram.mod.o
  CC      drivers/mtd/maps/scb2_flash.mod.o
  CC      drivers/mtd/mtd.mod.o
  CC      drivers/mtd/mtd_blkdevs.mod.o
  CC      drivers/mtd/mtdblock.mod.o
  CC      drivers/mtd/mtdblock_ro.mod.o
  CC      drivers/mtd/mtdoops.mod.o
  CC      drivers/mtd/nftl.mod.o
  CC      drivers/mtd/mtdswap.mod.o
  CC      drivers/mtd/redboot.mod.o
  CC      drivers/mtd/rfd_ftl.mod.o
  CC      drivers/mtd/ssfdc.mod.o
  CC      drivers/mtd/tests/mtd_nandbiterrs.mod.o
  CC      drivers/mtd/tests/mtd_nandecctest.mod.o
  CC      drivers/mtd/tests/mtd_oobtest.mod.o
  CC      drivers/mtd/tests/mtd_pagetest.mod.o
  CC      drivers/mtd/tests/mtd_readtest.mod.o
  CC      drivers/mtd/tests/mtd_speedtest.mod.o
  CC      drivers/mtd/tests/mtd_stresstest.mod.o
  CC      drivers/mtd/tests/mtd_subpagetest.mod.o
  CC      drivers/mtd/tests/mtd_torturetest.mod.o
  CC      drivers/mtd/ubi/ubi.mod.o
  CC      drivers/net/bonding/bonding.mod.o
  CC      drivers/net/caif/caif_hsi.mod.o
  CC      drivers/net/caif/caif_serial.mod.o
  CC      drivers/net/caif/caif_virtio.mod.o
  CC      drivers/net/caif/cfspi_slave.mod.o
  CC      drivers/net/can/c_can/c_can.mod.o
  CC      drivers/net/can/c_can/c_can_pci.mod.o
  CC      drivers/net/can/c_can/c_can_platform.mod.o
  CC      drivers/net/can/can-dev.mod.o
  CC      drivers/net/can/cc770/cc770.mod.o
  CC      drivers/net/can/cc770/cc770_platform.mod.o
  CC      drivers/net/can/ifi_canfd/ifi_canfd.mod.o
  CC      drivers/net/can/m_can/m_can.mod.o
  CC      drivers/net/can/sja1000/ems_pci.mod.o
  CC      drivers/net/can/sja1000/kvaser_pci.mod.o
  CC      drivers/net/can/sja1000/peak_pci.mod.o
  CC      drivers/net/can/sja1000/plx_pci.mod.o
  CC      drivers/net/can/sja1000/sja1000.mod.o
  CC      drivers/net/can/sja1000/sja1000_platform.mod.o
  CC      drivers/net/can/slcan.mod.o
  CC      drivers/net/can/softing/softing.mod.o
  CC      drivers/net/can/usb/ems_usb.mod.o
  CC      drivers/net/can/usb/esd_usb2.mod.o
  CC      drivers/net/can/usb/gs_usb.mod.o
  CC      drivers/net/can/usb/kvaser_usb.mod.o
  CC      drivers/net/can/usb/peak_usb/peak_usb.mod.o
  CC      drivers/net/can/usb/usb_8dev.mod.o
  CC      drivers/net/can/vcan.mod.o
  CC      drivers/net/dsa/b53/b53_common.mod.o
  CC      drivers/net/dsa/b53/b53_mdio.mod.o
  CC      drivers/net/dsa/b53/b53_mmap.mod.o
  CC      drivers/net/dsa/b53/b53_spi.mod.o
  CC      drivers/net/dsa/b53/b53_srab.mod.o
  CC      drivers/net/dsa/bcm_sf2.mod.o
  CC      drivers/net/dsa/mv88e6060.mod.o
  CC      drivers/net/dsa/mv88e6xxx/mv88e6xxx.mod.o
  CC      drivers/net/dummy.mod.o
  CC      drivers/net/eql.mod.o
  CC      drivers/net/ethernet/3com/3c574_cs.mod.o
  CC      drivers/net/ethernet/3com/3c589_cs.mod.o
  CC      drivers/net/ethernet/3com/3c59x.mod.o
  CC      drivers/net/ethernet/3com/typhoon.mod.o
  CC      drivers/net/ethernet/8390/8390.mod.o
  CC      drivers/net/ethernet/8390/axnet_cs.mod.o
  CC      drivers/net/ethernet/8390/ne2k-pci.mod.o
  CC      drivers/net/ethernet/8390/pcnet_cs.mod.o
  CC      drivers/net/ethernet/adaptec/starfire.mod.o
  CC      drivers/net/ethernet/agere/et131x.mod.o
  CC      drivers/net/ethernet/alacritech/slicoss.mod.o
  CC      drivers/net/ethernet/alteon/acenic.mod.o
  CC      drivers/net/ethernet/altera/altera_tse.mod.o
  CC      drivers/net/ethernet/amd/amd8111e.mod.o
  CC      drivers/net/ethernet/amd/nmclan_cs.mod.o
  CC      drivers/net/ethernet/amd/pcnet32.mod.o
  CC      drivers/net/ethernet/atheros/alx/alx.mod.o
  CC      drivers/net/ethernet/atheros/atl1c/atl1c.mod.o
  CC      drivers/net/ethernet/atheros/atl1e/atl1e.mod.o
  CC      drivers/net/ethernet/atheros/atlx/atl1.mod.o
  CC      drivers/net/ethernet/atheros/atlx/atl2.mod.o
  CC      drivers/net/ethernet/aurora/nb8800.mod.o
  CC      drivers/net/ethernet/broadcom/b44.mod.o
  CC      drivers/net/ethernet/broadcom/bnx2.mod.o
  CC      drivers/net/ethernet/broadcom/bnx2x/bnx2x.mod.o
  CC      drivers/net/ethernet/broadcom/bnxt/bnxt_en.mod.o
  CC      drivers/net/ethernet/broadcom/cnic.mod.o
  CC      drivers/net/ethernet/broadcom/genet/genet.mod.o
  CC      drivers/net/ethernet/broadcom/tg3.mod.o
  CC      drivers/net/ethernet/brocade/bna/bna.mod.o
  CC      drivers/net/ethernet/cadence/macb.mod.o
  CC      drivers/net/ethernet/chelsio/cxgb/cxgb.mod.o
  CC      drivers/net/ethernet/chelsio/cxgb3/cxgb3.mod.o
  CC      drivers/net/ethernet/chelsio/cxgb4/cxgb4.mod.o
  CC      drivers/net/ethernet/chelsio/cxgb4vf/cxgb4vf.mod.o
  CC      drivers/net/ethernet/chelsio/libcxgb/libcxgb.mod.o
  CC      drivers/net/ethernet/cisco/enic/enic.mod.o
  CC      drivers/net/ethernet/dec/tulip/de2104x.mod.o
  CC      drivers/net/ethernet/dec/tulip/de4x5.mod.o
  CC      drivers/net/ethernet/dec/tulip/dmfe.mod.o
  CC      drivers/net/ethernet/dec/tulip/tulip.mod.o
  CC      drivers/net/ethernet/dec/tulip/uli526x.mod.o
  CC      drivers/net/ethernet/dec/tulip/winbond-840.mod.o
  CC      drivers/net/ethernet/dec/tulip/xircom_cb.mod.o
  CC      drivers/net/ethernet/dlink/dl2k.mod.o
  CC      drivers/net/ethernet/dlink/sundance.mod.o
  CC      drivers/net/ethernet/dnet.mod.o
  CC      drivers/net/ethernet/ec_bhf.mod.o
  CC      drivers/net/ethernet/emulex/benet/be2net.mod.o
  CC      drivers/net/ethernet/ethoc.mod.o
  CC      drivers/net/ethernet/fealnx.mod.o
  CC      drivers/net/ethernet/fujitsu/fmvj18x_cs.mod.o
  CC      drivers/net/ethernet/hp/hp100.mod.o
  CC      drivers/net/ethernet/intel/e100.mod.o
  CC      drivers/net/ethernet/intel/e1000/e1000.mod.o
  CC      drivers/net/ethernet/intel/e1000e/e1000e.mod.o
  CC      drivers/net/ethernet/intel/fm10k/fm10k.mod.o
  CC      drivers/net/ethernet/intel/i40e/i40e.mod.o
  CC      drivers/net/ethernet/intel/i40evf/i40evf.mod.o
  CC      drivers/net/ethernet/intel/igb/igb.mod.o
  CC      drivers/net/ethernet/intel/igbvf/igbvf.mod.o
  CC      drivers/net/ethernet/intel/ixgb/ixgb.mod.o
  CC      drivers/net/ethernet/intel/ixgbe/ixgbe.mod.o
  CC      drivers/net/ethernet/intel/ixgbevf/ixgbevf.mod.o
  CC      drivers/net/ethernet/jme.mod.o
  CC      drivers/net/ethernet/marvell/mvmdio.mod.o
  CC      drivers/net/ethernet/marvell/skge.mod.o
  CC      drivers/net/ethernet/marvell/sky2.mod.o
  CC      drivers/net/ethernet/mellanox/mlx4/mlx4_core.mod.o
  CC      drivers/net/ethernet/mellanox/mlx4/mlx4_en.mod.o
  CC      drivers/net/ethernet/mellanox/mlx5/core/mlx5_core.mod.o
  CC      drivers/net/ethernet/mellanox/mlxsw/mlxsw_core.mod.o
  CC      drivers/net/ethernet/mellanox/mlxsw/mlxsw_i2c.mod.o
  CC      drivers/net/ethernet/mellanox/mlxsw/mlxsw_minimal.mod.o
  CC      drivers/net/ethernet/mellanox/mlxsw/mlxsw_pci.mod.o
  CC      drivers/net/ethernet/mellanox/mlxsw/mlxsw_spectrum.mod.o
  CC      drivers/net/ethernet/mellanox/mlxsw/mlxsw_switchib.mod.o
  CC      drivers/net/ethernet/mellanox/mlxsw/mlxsw_switchx2.mod.o
  CC      drivers/net/ethernet/micrel/ks8842.mod.o
  CC      drivers/net/ethernet/micrel/ks8851.mod.o
  CC      drivers/net/ethernet/micrel/ks8851_mll.mod.o
  CC      drivers/net/ethernet/micrel/ksz884x.mod.o
  CC      drivers/net/ethernet/microchip/enc28j60.mod.o
  CC      drivers/net/ethernet/microchip/encx24j600-regmap.mod.o
  CC      drivers/net/ethernet/microchip/encx24j600.mod.o
  CC      drivers/net/ethernet/myricom/myri10ge/myri10ge.mod.o
  CC      drivers/net/ethernet/natsemi/natsemi.mod.o
  CC      drivers/net/ethernet/natsemi/ns83820.mod.o
  CC      drivers/net/ethernet/neterion/s2io.mod.o
  CC      drivers/net/ethernet/neterion/vxge/vxge.mod.o
  CC      drivers/net/ethernet/netronome/nfp/nfp_netvf.mod.o
  CC      drivers/net/ethernet/nvidia/forcedeth.mod.o
  CC      drivers/net/ethernet/packetengines/hamachi.mod.o
  CC      drivers/net/ethernet/packetengines/yellowfin.mod.o
  CC      drivers/net/ethernet/qlogic/netxen/netxen_nic.mod.o
  CC      drivers/net/ethernet/qlogic/qed/qed.mod.o
  CC      drivers/net/ethernet/qlogic/qede/qede.mod.o
  CC      drivers/net/ethernet/qlogic/qla3xxx.mod.o
  CC      drivers/net/ethernet/qlogic/qlcnic/qlcnic.mod.o
  CC      drivers/net/ethernet/qlogic/qlge/qlge.mod.o
  CC      drivers/net/ethernet/rdc/r6040.mod.o
  CC      drivers/net/ethernet/realtek/8139cp.mod.o
  CC      drivers/net/ethernet/realtek/8139too.mod.o
  CC      drivers/net/ethernet/realtek/atp.mod.o
  CC      drivers/net/ethernet/realtek/r8169.mod.o
  CC      drivers/net/ethernet/rocker/rocker.mod.o
  CC      drivers/net/ethernet/samsung/sxgbe/samsung-sxgbe.mod.o
  CC      drivers/net/ethernet/sfc/sfc.mod.o
  CC      drivers/net/ethernet/silan/sc92031.mod.o
  CC      drivers/net/ethernet/sis/sis190.mod.o
  CC      drivers/net/ethernet/sis/sis900.mod.o
  CC      drivers/net/ethernet/smsc/epic100.mod.o
  CC      drivers/net/ethernet/smsc/smc91c92_cs.mod.o
  CC      drivers/net/ethernet/smsc/smsc911x.mod.o
  CC      drivers/net/ethernet/smsc/smsc9420.mod.o
  CC      drivers/net/ethernet/stmicro/stmmac/stmmac-pci.mod.o
  CC      drivers/net/ethernet/stmicro/stmmac/stmmac.mod.o
  CC      drivers/net/ethernet/sun/cassini.mod.o
  CC      drivers/net/ethernet/sun/niu.mod.o
  CC      drivers/net/ethernet/sun/sungem.mod.o
  CC      drivers/net/ethernet/sun/sunhme.mod.o
  CC      drivers/net/ethernet/tehuti/tehuti.mod.o
  CC      drivers/net/ethernet/ti/cpsw_ale.mod.o
  CC      drivers/net/ethernet/ti/tlan.mod.o
  CC      drivers/net/ethernet/via/via-rhine.mod.o
  CC      drivers/net/ethernet/via/via-velocity.mod.o
  CC      drivers/net/ethernet/wiznet/w5100-spi.mod.o
  CC      drivers/net/ethernet/wiznet/w5100.mod.o
  CC      drivers/net/ethernet/wiznet/w5300.mod.o
  CC      drivers/net/ethernet/xircom/xirc2ps_cs.mod.o
  CC      drivers/net/fjes/fjes.mod.o
  CC      drivers/net/geneve.mod.o
  CC      drivers/net/gtp.mod.o
  CC      drivers/net/hamradio/6pack.mod.o
  CC      drivers/net/hamradio/baycom_par.mod.o
  CC      drivers/net/hamradio/baycom_ser_fdx.mod.o
  CC      drivers/net/hamradio/baycom_ser_hdx.mod.o
  CC      drivers/net/hamradio/bpqether.mod.o
  CC      drivers/net/hamradio/hdlcdrv.mod.o
  CC      drivers/net/hamradio/mkiss.mod.o
  CC      drivers/net/hamradio/yam.mod.o
  CC      drivers/net/hyperv/hv_netvsc.mod.o
  CC      drivers/net/ieee802154/at86rf230.mod.o
  CC      drivers/net/ieee802154/atusb.mod.o
  CC      drivers/net/ieee802154/fakelb.mod.o
  CC      drivers/net/ifb.mod.o
  CC      drivers/net/irda/act200l-sir.mod.o
  CC      drivers/net/ipvlan/ipvlan.mod.o
  CC      drivers/net/irda/actisys-sir.mod.o
  CC      drivers/net/irda/ali-ircc.mod.o
  CC      drivers/net/irda/esi-sir.mod.o
  CC      drivers/net/irda/girbil-sir.mod.o
  CC      drivers/net/irda/irda-usb.mod.o
  CC      drivers/net/irda/irtty-sir.mod.o
  CC      drivers/net/irda/kingsun-sir.mod.o
  CC      drivers/net/irda/ks959-sir.mod.o
  CC      drivers/net/irda/ksdazzle-sir.mod.o
  CC      drivers/net/irda/litelink-sir.mod.o
  CC      drivers/net/irda/ma600-sir.mod.o
  CC      drivers/net/irda/mcp2120-sir.mod.o
  CC      drivers/net/irda/mcs7780.mod.o
  CC      drivers/net/irda/nsc-ircc.mod.o
  CC      drivers/net/irda/old_belkin-sir.mod.o
  CC      drivers/net/irda/sir-dev.mod.o
  CC      drivers/net/irda/smsc-ircc2.mod.o
  CC      drivers/net/irda/stir4200.mod.o
  CC      drivers/net/irda/tekram-sir.mod.o
  CC      drivers/net/irda/toim3232-sir.mod.o
  CC      drivers/net/irda/via-ircc.mod.o
  CC      drivers/net/irda/vlsi_ir.mod.o
  CC      drivers/net/irda/w83977af_ir.mod.o
  CC      drivers/net/macsec.mod.o
  CC      drivers/net/macvlan.mod.o
  CC      drivers/net/macvtap.mod.o
  CC      drivers/net/mdio.mod.o
  CC      drivers/net/mii.mod.o
  CC      drivers/net/netconsole.mod.o
  CC      drivers/net/nlmon.mod.o
  CC      drivers/net/phy/amd.mod.o
  CC      drivers/net/phy/aquantia.mod.o
  CC      drivers/net/phy/at803x.mod.o
  CC      drivers/net/phy/bcm-phy-lib.mod.o
  CC      drivers/net/phy/bcm7xxx.mod.o
  CC      drivers/net/phy/bcm87xx.mod.o
  CC      drivers/net/phy/broadcom.mod.o
  CC      drivers/net/phy/cicada.mod.o
  CC      drivers/net/phy/davicom.mod.o
  CC      drivers/net/phy/dp83640.mod.o
  CC      drivers/net/phy/dp83848.mod.o
  CC      drivers/net/phy/dp83867.mod.o
  CC      drivers/net/phy/et1011c.mod.o
  CC      drivers/net/phy/fixed_phy.mod.o
  CC      drivers/net/phy/icplus.mod.o
  CC      drivers/net/phy/intel-xway.mod.o
  CC      drivers/net/phy/libphy.mod.o
  CC      drivers/net/phy/lxt.mod.o
  CC      drivers/net/phy/marvell.mod.o
  CC      drivers/net/phy/mdio-bcm-unimac.mod.o
  CC      drivers/net/phy/mdio-bitbang.mod.o
  CC      drivers/net/phy/mdio-cavium.mod.o
  CC      drivers/net/phy/mdio-octeon.mod.o
  CC      drivers/net/phy/micrel.mod.o
  CC      drivers/net/phy/microchip.mod.o
  CC      drivers/net/phy/national.mod.o
  CC      drivers/net/phy/qsemi.mod.o
  CC      drivers/net/phy/realtek.mod.o
  CC      drivers/net/phy/smsc.mod.o
  CC      drivers/net/phy/ste10Xp.mod.o
  CC      drivers/net/phy/teranetics.mod.o
  CC      drivers/net/phy/vitesse.mod.o
  CC      drivers/net/plip/plip.mod.o
  CC      drivers/net/ppp/bsd_comp.mod.o
  CC      drivers/net/ppp/ppp_async.mod.o
  CC      drivers/net/ppp/ppp_deflate.mod.o
  CC      drivers/net/ppp/ppp_generic.mod.o
  CC      drivers/net/ppp/ppp_mppe.mod.o
  CC      drivers/net/ppp/ppp_synctty.mod.o
  CC      drivers/net/ppp/pppoe.mod.o
  CC      drivers/net/ppp/pppox.mod.o
  CC      drivers/net/ppp/pptp.mod.o
  CC      drivers/net/sb1000.mod.o
  CC      drivers/net/slip/slhc.mod.o
  CC      drivers/net/slip/slip.mod.o
  CC      drivers/net/sungem_phy.mod.o
  CC      drivers/net/team/team.mod.o
  CC      drivers/net/team/team_mode_activebackup.mod.o
  CC      drivers/net/team/team_mode_broadcast.mod.o
  CC      drivers/net/team/team_mode_loadbalance.mod.o
  CC      drivers/net/team/team_mode_random.mod.o
  CC      drivers/net/team/team_mode_roundrobin.mod.o
  CC      drivers/net/tun.mod.o
  CC      drivers/net/usb/asix.mod.o
  CC      drivers/net/usb/ax88179_178a.mod.o
  CC      drivers/net/usb/catc.mod.o
  CC      drivers/net/usb/cdc-phonet.mod.o
  CC      drivers/net/usb/cdc_eem.mod.o
  CC      drivers/net/usb/cdc_ether.mod.o
  CC      drivers/net/usb/cdc_mbim.mod.o
  CC      drivers/net/usb/cdc_ncm.mod.o
  CC      drivers/net/usb/cdc_subset.mod.o
  CC      drivers/net/usb/ch9200.mod.o
  CC      drivers/net/usb/cx82310_eth.mod.o
  CC      drivers/net/usb/dm9601.mod.o
  CC      drivers/net/usb/gl620a.mod.o
  CC      drivers/net/usb/hso.mod.o
  CC      drivers/net/usb/huawei_cdc_ncm.mod.o
  CC      drivers/net/usb/int51x1.mod.o
  CC      drivers/net/usb/ipheth.mod.o
  CC      drivers/net/usb/kalmia.mod.o
  CC      drivers/net/usb/kaweth.mod.o
  CC      drivers/net/usb/lan78xx.mod.o
  CC      drivers/net/usb/lg-vl600.mod.o
  CC      drivers/net/usb/mcs7830.mod.o
  CC      drivers/net/usb/net1080.mod.o
  CC      drivers/net/usb/pegasus.mod.o
  CC      drivers/net/usb/plusb.mod.o
  CC      drivers/net/usb/qmi_wwan.mod.o
  CC      drivers/net/usb/r8152.mod.o
  CC      drivers/net/usb/rndis_host.mod.o
  CC      drivers/net/usb/rtl8150.mod.o
  CC      drivers/net/usb/sierra_net.mod.o
  CC      drivers/net/usb/smsc75xx.mod.o
  CC      drivers/net/usb/smsc95xx.mod.o
  CC      drivers/net/usb/sr9700.mod.o
  CC      drivers/net/usb/sr9800.mod.o
  CC      drivers/net/usb/usbnet.mod.o
  CC      drivers/net/usb/zaurus.mod.o
  CC      drivers/net/veth.mod.o
  CC      drivers/net/virtio_net.mod.o
  CC      drivers/net/vmxnet3/vmxnet3.mod.o
  CC      drivers/net/vrf.mod.o
  CC      drivers/net/vxlan.mod.o
  CC      drivers/net/wimax/i2400m/i2400m-usb.mod.o
  CC      drivers/net/wimax/i2400m/i2400m.mod.o
  CC      drivers/net/wireless/admtek/adm8211.mod.o
  CC      drivers/net/wireless/ath/ar5523/ar5523.mod.o
  CC      drivers/net/wireless/ath/ath.mod.o
  CC      drivers/net/wireless/ath/ath10k/ath10k_core.mod.o
  CC      drivers/net/wireless/ath/ath10k/ath10k_pci.mod.o
  CC      drivers/net/wireless/ath/ath5k/ath5k.mod.o
  CC      drivers/net/wireless/ath/ath6kl/ath6kl_core.mod.o
  CC      drivers/net/wireless/ath/ath6kl/ath6kl_sdio.mod.o
  CC      drivers/net/wireless/ath/ath6kl/ath6kl_usb.mod.o
  CC      drivers/net/wireless/ath/ath9k/ath9k.mod.o
  CC      drivers/net/wireless/ath/ath9k/ath9k_common.mod.o
  CC      drivers/net/wireless/ath/ath9k/ath9k_htc.mod.o
  CC      drivers/net/wireless/ath/ath9k/ath9k_hw.mod.o
  CC      drivers/net/wireless/ath/carl9170/carl9170.mod.o
  CC      drivers/net/wireless/ath/wcn36xx/wcn36xx.mod.o
  CC      drivers/net/wireless/ath/wil6210/wil6210.mod.o
  CC      drivers/net/wireless/atmel/at76c50x-usb.mod.o
  CC      drivers/net/wireless/atmel/atmel.mod.o
  CC      drivers/net/wireless/atmel/atmel_cs.mod.o
  CC      drivers/net/wireless/atmel/atmel_pci.mod.o
  CC      drivers/net/wireless/broadcom/b43/b43.mod.o
  CC      drivers/net/wireless/broadcom/b43legacy/b43legacy.mod.o
  CC      drivers/net/wireless/broadcom/brcm80211/brcmfmac/brcmfmac.mod.o
  CC      drivers/net/wireless/broadcom/brcm80211/brcmsmac/brcmsmac.mod.o
  CC      drivers/net/wireless/broadcom/brcm80211/brcmutil/brcmutil.mod.o
  CC      drivers/net/wireless/cisco/airo.mod.o
  CC      drivers/net/wireless/cisco/airo_cs.mod.o
  CC      drivers/net/wireless/intel/ipw2x00/ipw2100.mod.o
  CC      drivers/net/wireless/intel/ipw2x00/ipw2200.mod.o
  CC      drivers/net/wireless/intel/ipw2x00/libipw.mod.o
  CC      drivers/net/wireless/intel/iwlegacy/iwl3945.mod.o
  CC      drivers/net/wireless/intel/iwlegacy/iwl4965.mod.o
  CC      drivers/net/wireless/intel/iwlegacy/iwlegacy.mod.o
  CC      drivers/net/wireless/intel/iwlwifi/dvm/iwldvm.mod.o
  CC      drivers/net/wireless/intel/iwlwifi/iwlwifi.mod.o
  CC      drivers/net/wireless/intel/iwlwifi/mvm/iwlmvm.mod.o
  CC      drivers/net/wireless/intersil/hostap/hostap.mod.o
  CC      drivers/net/wireless/intersil/hostap/hostap_cs.mod.o
  CC      drivers/net/wireless/intersil/hostap/hostap_pci.mod.o
  CC      drivers/net/wireless/intersil/hostap/hostap_plx.mod.o
  CC      drivers/net/wireless/intersil/orinoco/orinoco.mod.o
  CC      drivers/net/wireless/intersil/orinoco/orinoco_cs.mod.o
  CC      drivers/net/wireless/intersil/orinoco/orinoco_nortel.mod.o
  CC      drivers/net/wireless/intersil/orinoco/orinoco_pci.mod.o
  CC      drivers/net/wireless/intersil/orinoco/orinoco_plx.mod.o
  CC      drivers/net/wireless/intersil/orinoco/orinoco_tmd.mod.o
  CC      drivers/net/wireless/intersil/orinoco/orinoco_usb.mod.o
  CC      drivers/net/wireless/intersil/orinoco/spectrum_cs.mod.o
  CC      drivers/net/wireless/intersil/p54/p54common.mod.o
  CC      drivers/net/wireless/intersil/p54/p54pci.mod.o
  CC      drivers/net/wireless/intersil/p54/p54spi.mod.o
  CC      drivers/net/wireless/intersil/p54/p54usb.mod.o
  CC      drivers/net/wireless/intersil/prism54/prism54.mod.o
  CC      drivers/net/wireless/marvell/libertas/libertas.mod.o
  CC      drivers/net/wireless/marvell/libertas/libertas_cs.mod.o
  CC      drivers/net/wireless/marvell/libertas/libertas_sdio.mod.o
  CC      drivers/net/wireless/marvell/libertas/libertas_spi.mod.o
  CC      drivers/net/wireless/marvell/libertas/usb8xxx.mod.o
  CC      drivers/net/wireless/marvell/libertas_tf/libertas_tf.mod.o
  CC      drivers/net/wireless/marvell/libertas_tf/libertas_tf_usb.mod.o
  CC      drivers/net/wireless/marvell/mwifiex/mwifiex.mod.o
  CC      drivers/net/wireless/marvell/mwifiex/mwifiex_pcie.mod.o
  CC      drivers/net/wireless/marvell/mwifiex/mwifiex_sdio.mod.o
  CC      drivers/net/wireless/marvell/mwifiex/mwifiex_usb.mod.o
  CC      drivers/net/wireless/marvell/mwl8k.mod.o
  CC      drivers/net/wireless/mediatek/mt7601u/mt7601u.mod.o
  CC      drivers/net/wireless/ralink/rt2x00/rt2400pci.mod.o
  CC      drivers/net/wireless/ralink/rt2x00/rt2500pci.mod.o
  CC      drivers/net/wireless/ralink/rt2x00/rt2500usb.mod.o
  CC      drivers/net/wireless/ralink/rt2x00/rt2800lib.mod.o
  CC      drivers/net/wireless/ralink/rt2x00/rt2800mmio.mod.o
  CC      drivers/net/wireless/ralink/rt2x00/rt2800pci.mod.o
  CC      drivers/net/wireless/ralink/rt2x00/rt2800usb.mod.o
  CC      drivers/net/wireless/ralink/rt2x00/rt2x00lib.mod.o
  CC      drivers/net/wireless/ralink/rt2x00/rt2x00mmio.mod.o
  CC      drivers/net/wireless/ralink/rt2x00/rt2x00pci.mod.o
  CC      drivers/net/wireless/ralink/rt2x00/rt2x00usb.mod.o
  CC      drivers/net/wireless/ralink/rt2x00/rt61pci.mod.o
  CC      drivers/net/wireless/ralink/rt2x00/rt73usb.mod.o
  CC      drivers/net/wireless/ray_cs.mod.o
  CC      drivers/net/wireless/realtek/rtl818x/rtl8180/rtl818x_pci.mod.o
  CC      drivers/net/wireless/realtek/rtl818x/rtl8187/rtl8187.mod.o
  CC      drivers/net/wireless/realtek/rtl8xxxu/rtl8xxxu.mod.o
  CC      drivers/net/wireless/realtek/rtlwifi/btcoexist/btcoexist.mod.o
  CC      drivers/net/wireless/realtek/rtlwifi/rtl8188ee/rtl8188ee.mod.o
  CC      drivers/net/wireless/realtek/rtlwifi/rtl8192c/rtl8192c-common.mod.o
  CC      drivers/net/wireless/realtek/rtlwifi/rtl8192ce/rtl8192ce.mod.o
  CC      drivers/net/wireless/realtek/rtlwifi/rtl8192cu/rtl8192cu.mod.o
  CC      drivers/net/wireless/realtek/rtlwifi/rtl8192de/rtl8192de.mod.o
  CC      drivers/net/wireless/realtek/rtlwifi/rtl8192ee/rtl8192ee.mod.o
  CC      drivers/net/wireless/realtek/rtlwifi/rtl8192se/rtl8192se.mod.o
  CC      drivers/net/wireless/realtek/rtlwifi/rtl8723ae/rtl8723ae.mod.o
  CC      drivers/net/wireless/realtek/rtlwifi/rtl8723be/rtl8723be.mod.o
  CC      drivers/net/wireless/realtek/rtlwifi/rtl8723com/rtl8723-common.mod.o
  CC      drivers/net/wireless/realtek/rtlwifi/rtl8821ae/rtl8821ae.mod.o
  CC      drivers/net/wireless/realtek/rtlwifi/rtl_pci.mod.o
  CC      drivers/net/wireless/realtek/rtlwifi/rtl_usb.mod.o
  CC      drivers/net/wireless/realtek/rtlwifi/rtlwifi.mod.o
  CC      drivers/net/wireless/rndis_wlan.mod.o
  CC      drivers/net/wireless/rsi/rsi_91x.mod.o
  CC      drivers/net/wireless/rsi/rsi_sdio.mod.o
  CC      drivers/net/wireless/rsi/rsi_usb.mod.o
  CC      drivers/net/wireless/st/cw1200/cw1200_core.mod.o
  CC      drivers/net/wireless/st/cw1200/cw1200_wlan_sdio.mod.o
  CC      drivers/net/wireless/st/cw1200/cw1200_wlan_spi.mod.o
  CC      drivers/net/wireless/ti/wl1251/wl1251.mod.o
  CC      drivers/net/wireless/ti/wl1251/wl1251_sdio.mod.o
  CC      drivers/net/wireless/ti/wl12xx/wl12xx.mod.o
  CC      drivers/net/wireless/ti/wl18xx/wl18xx.mod.o
  CC      drivers/net/wireless/ti/wlcore/wlcore.mod.o
  CC      drivers/net/wireless/ti/wlcore/wlcore_sdio.mod.o
  CC      drivers/net/wireless/wl3501_cs.mod.o
  CC      drivers/net/wireless/zydas/zd1201.mod.o
  CC      drivers/net/wireless/zydas/zd1211rw/zd1211rw.mod.o
  CC      drivers/net/xen-netback/xen-netback.mod.o
  CC      drivers/net/xen-netfront.mod.o
  CC      drivers/nfc/fdp/fdp.mod.o
  CC      drivers/nfc/fdp/fdp_i2c.mod.o
  CC      drivers/nfc/mei_phy.mod.o
  CC      drivers/nfc/microread/microread.mod.o
  CC      drivers/nfc/microread/microread_mei.mod.o
  CC      drivers/nfc/nfcmrvl/nfcmrvl.mod.o
  CC      drivers/nfc/nfcmrvl/nfcmrvl_i2c.mod.o
  CC      drivers/nfc/nfcmrvl/nfcmrvl_usb.mod.o
  CC      drivers/nfc/nfcsim.mod.o
  CC      drivers/nfc/nfcwilink.mod.o
  CC      drivers/nfc/pn533/pn533.mod.o
  CC      drivers/nfc/pn533/pn533_i2c.mod.o
  CC      drivers/nfc/pn544/pn544.mod.o
  CC      drivers/nfc/pn533/pn533_usb.mod.o
  CC      drivers/nfc/pn544/pn544_mei.mod.o
  CC      drivers/nfc/port100.mod.o
  CC      drivers/nfc/st-nci/st-nci.mod.o
  CC      drivers/nfc/st-nci/st-nci_i2c.mod.o
  CC      drivers/nfc/trf7970a.mod.o
  CC      drivers/nvdimm/nd_blk.mod.o
  CC      drivers/nvdimm/nd_btt.mod.o
  CC      drivers/nvdimm/nd_pmem.mod.o
  CC      drivers/nvme/host/nvme-core.mod.o
  CC      drivers/nvme/host/nvme-fabrics.mod.o
  CC      drivers/nvme/host/nvme-rdma.mod.o
  CC      drivers/nvme/host/nvme.mod.o
  CC      drivers/nvme/target/nvme-loop.mod.o
  CC      drivers/nvme/target/nvmet-rdma.mod.o
  CC      drivers/nvme/target/nvmet.mod.o
  CC      drivers/nvmem/nvmem_core.mod.o
  CC      drivers/parport/parport.mod.o
  CC      drivers/parport/parport_ax88796.mod.o
  CC      drivers/parport/parport_cs.mod.o
  CC      drivers/parport/parport_pc.mod.o
  CC      drivers/parport/parport_serial.mod.o
  CC      drivers/pci/host/pci-hyperv.mod.o
  CC      drivers/pci/host/vmd.mod.o
  CC      drivers/pci/hotplug/acpiphp_ibm.mod.o
  CC      drivers/pci/hotplug/cpcihp_generic.mod.o
  CC      drivers/pci/hotplug/cpcihp_zt5550.mod.o
  CC      drivers/pci/hotplug/shpchp.mod.o
  CC      drivers/pci/pci-stub.mod.o
  CC      drivers/pci/xen-pcifront.mod.o
  CC      drivers/pcmcia/i82092.mod.o
  CC      drivers/pcmcia/pcmcia.mod.o
  CC      drivers/pcmcia/pcmcia_core.mod.o
  CC      drivers/pcmcia/pcmcia_rsrc.mod.o
  CC      drivers/pcmcia/pd6729.mod.o
  CC      drivers/pcmcia/yenta_socket.mod.o
  CC      drivers/phy/phy-bcm-kona-usb2.mod.o
  CC      drivers/platform/chrome/chromeos_laptop.mod.o
  CC      drivers/platform/chrome/chromeos_pstore.mod.o
  CC      drivers/platform/chrome/cros_ec_devs.mod.o
  CC      drivers/platform/chrome/cros_ec_lpc.mod.o
  CC      drivers/platform/chrome/cros_kbd_led_backlight.mod.o
  CC      drivers/platform/x86/acer-wmi.mod.o
  CC      drivers/platform/x86/acerhdf.mod.o
  CC      drivers/platform/x86/alienware-wmi.mod.o
  CC      drivers/platform/x86/amilo-rfkill.mod.o
  CC      drivers/platform/x86/apple-gmux.mod.o
  CC      drivers/platform/x86/asus-laptop.mod.o
  CC      drivers/platform/x86/asus-nb-wmi.mod.o
  CC      drivers/platform/x86/asus-wireless.mod.o
  CC      drivers/platform/x86/asus-wmi.mod.o
  CC      drivers/platform/x86/classmate-laptop.mod.o
  CC      drivers/platform/x86/compal-laptop.mod.o
  CC      drivers/platform/x86/dell-laptop.mod.o
  CC      drivers/platform/x86/dell-rbtn.mod.o
  CC      drivers/platform/x86/dell-smbios.mod.o
  CC      drivers/platform/x86/dell-smo8800.mod.o
  CC      drivers/platform/x86/dell-wmi-aio.mod.o
  CC      drivers/platform/x86/dell-wmi.mod.o
  CC      drivers/platform/x86/eeepc-laptop.mod.o
  CC      drivers/platform/x86/eeepc-wmi.mod.o
  CC      drivers/platform/x86/fujitsu-laptop.mod.o
  CC      drivers/platform/x86/fujitsu-tablet.mod.o
  CC      drivers/platform/x86/hdaps.mod.o
  CC      drivers/platform/x86/hp-wireless.mod.o
  CC      drivers/platform/x86/hp-wmi.mod.o
  CC      drivers/platform/x86/hp_accel.mod.o
  CC      drivers/platform/x86/ibm_rtl.mod.o
  CC      drivers/platform/x86/ideapad-laptop.mod.o
  CC      drivers/platform/x86/intel-hid.mod.o
  CC      drivers/platform/x86/intel-rst.mod.o
  CC      drivers/platform/x86/intel-smartconnect.mod.o
  CC      drivers/platform/x86/intel-vbtn.mod.o
  CC      drivers/platform/x86/intel_ips.mod.o
  CC      drivers/platform/x86/intel_menlow.mod.o
  CC      drivers/platform/x86/intel_oaktrail.mod.o
  CC      drivers/platform/x86/intel_pmc_ipc.mod.o
  CC      drivers/platform/x86/intel_punit_ipc.mod.o
  CC      drivers/platform/x86/intel_telemetry_core.mod.o
  CC      drivers/platform/x86/intel_telemetry_debugfs.mod.o
  CC      drivers/platform/x86/intel_telemetry_pltdrv.mod.o
  CC      drivers/platform/x86/msi-laptop.mod.o
  CC      drivers/platform/x86/msi-wmi.mod.o
  CC      drivers/platform/x86/mxm-wmi.mod.o
  CC      drivers/platform/x86/panasonic-laptop.mod.o
  CC      drivers/platform/x86/pvpanic.mod.o
  CC      drivers/platform/x86/samsung-laptop.mod.o
  CC      drivers/platform/x86/samsung-q10.mod.o
  CC      drivers/platform/x86/sony-laptop.mod.o
  CC      drivers/platform/x86/surfacepro3_button.mod.o
  CC      drivers/platform/x86/thinkpad_acpi.mod.o
  CC      drivers/platform/x86/topstar-laptop.mod.o
  CC      drivers/platform/x86/toshiba-wmi.mod.o
  CC      drivers/platform/x86/toshiba_acpi.mod.o
  CC      drivers/platform/x86/toshiba_bluetooth.mod.o
  CC      drivers/platform/x86/toshiba_haps.mod.o
  CC      drivers/platform/x86/wmi.mod.o
  CC      drivers/power/supply/bq24735-charger.mod.o
  CC      drivers/power/supply/pda_power.mod.o
  CC      drivers/power/supply/test_power.mod.o
  CC      drivers/powercap/intel_rapl.mod.o
  CC      drivers/pps/clients/pps-gpio.mod.o
  CC      drivers/pps/clients/pps-ktimer.mod.o
  CC      drivers/pps/clients/pps-ldisc.mod.o
  CC      drivers/pps/clients/pps_parport.mod.o
  CC      drivers/pps/pps_core.mod.o
  CC      drivers/ptp/ptp.mod.o
  CC      drivers/remoteproc/remoteproc.mod.o
  CC      drivers/rtc/rtc-abx80x.mod.o
  CC      drivers/rtc/rtc-bq32k.mod.o
  CC      drivers/rtc/rtc-bq4802.mod.o
  CC      drivers/rtc/rtc-ds1286.mod.o
  CC      drivers/rtc/rtc-ds1307.mod.o
  CC      drivers/rtc/rtc-ds1374.mod.o
  CC      drivers/rtc/rtc-ds1511.mod.o
  CC      drivers/rtc/rtc-ds1553.mod.o
  CC      drivers/rtc/rtc-ds1672.mod.o
  CC      drivers/rtc/rtc-ds1685.mod.o
  CC      drivers/rtc/rtc-ds1742.mod.o
  CC      drivers/rtc/rtc-ds2404.mod.o
  CC      drivers/rtc/rtc-ds3232.mod.o
  CC      drivers/rtc/rtc-em3027.mod.o
  CC      drivers/rtc/rtc-fm3130.mod.o
  CC      drivers/rtc/rtc-isl12022.mod.o
  CC      drivers/rtc/rtc-isl1208.mod.o
  CC      drivers/rtc/rtc-m41t80.mod.o
  CC      drivers/rtc/rtc-m48t35.mod.o
  CC      drivers/rtc/rtc-m48t59.mod.o
  CC      drivers/rtc/rtc-m48t86.mod.o
  CC      drivers/rtc/rtc-max6900.mod.o
  CC      drivers/rtc/rtc-max6916.mod.o
  CC      drivers/rtc/rtc-mc13xxx.mod.o
  CC      drivers/rtc/rtc-msm6242.mod.o
  CC      drivers/rtc/rtc-pcf2127.mod.o
  CC      drivers/rtc/rtc-pcf50633.mod.o
  CC      drivers/rtc/rtc-pcf85063.mod.o
  CC      drivers/rtc/rtc-pcf8523.mod.o
  CC      drivers/rtc/rtc-pcf8563.mod.o
  CC      drivers/rtc/rtc-pcf8583.mod.o
  CC      drivers/rtc/rtc-rp5c01.mod.o
  CC      drivers/rtc/rtc-rs5c372.mod.o
  CC      drivers/rtc/rtc-rv3029c2.mod.o
  CC      drivers/rtc/rtc-rx8010.mod.o
  CC      drivers/rtc/rtc-rx8025.mod.o
  CC      drivers/rtc/rtc-rx8581.mod.o
  CC      drivers/rtc/rtc-s35390a.mod.o
  CC      drivers/rtc/rtc-stk17ta8.mod.o
  CC      drivers/rtc/rtc-test.mod.o
  CC      drivers/rtc/rtc-v3020.mod.o
  CC      drivers/rtc/rtc-x1205.mod.o
  CC      drivers/scsi/3w-9xxx.mod.o
  CC      drivers/scsi/3w-sas.mod.o
  CC      drivers/scsi/3w-xxxx.mod.o
  CC      drivers/scsi/BusLogic.mod.o
  CC      drivers/scsi/a100u2w.mod.o
  CC      drivers/scsi/aacraid/aacraid.mod.o
  CC      drivers/scsi/advansys.mod.o
  CC      drivers/scsi/aic7xxx/aic79xx.mod.o
  CC      drivers/scsi/aic7xxx/aic7xxx.mod.o
  CC      drivers/scsi/aic94xx/aic94xx.mod.o
  CC      drivers/scsi/am53c974.mod.o
  CC      drivers/scsi/arcmsr/arcmsr.mod.o
  CC      drivers/scsi/atp870u.mod.o
  CC      drivers/scsi/be2iscsi/be2iscsi.mod.o
  CC      drivers/scsi/bfa/bfa.mod.o
  CC      drivers/scsi/bnx2fc/bnx2fc.mod.o
  CC      drivers/scsi/bnx2i/bnx2i.mod.o
  CC      drivers/scsi/ch.mod.o
  CC      drivers/scsi/csiostor/csiostor.mod.o
  CC      drivers/scsi/cxgbi/cxgb3i/cxgb3i.mod.o
  CC      drivers/scsi/cxgbi/cxgb4i/cxgb4i.mod.o
  CC      drivers/scsi/cxgbi/libcxgbi.mod.o
  CC      drivers/scsi/dc395x.mod.o
  CC      drivers/scsi/device_handler/scsi_dh_alua.mod.o
  CC      drivers/scsi/device_handler/scsi_dh_emc.mod.o
  CC      drivers/scsi/device_handler/scsi_dh_hp_sw.mod.o
  CC      drivers/scsi/device_handler/scsi_dh_rdac.mod.o
  CC      drivers/scsi/dmx3191d.mod.o
  CC      drivers/scsi/dpt_i2o.mod.o
  CC      drivers/scsi/eata.mod.o
  CC      drivers/scsi/esas2r/esas2r.mod.o
  CC      drivers/scsi/esp_scsi.mod.o
  CC      drivers/scsi/fcoe/fcoe.mod.o
  CC      drivers/scsi/fcoe/libfcoe.mod.o
  CC      drivers/scsi/fdomain.mod.o
  CC      drivers/scsi/fnic/fnic.mod.o
  CC      drivers/scsi/gdth.mod.o
  CC      drivers/scsi/hpsa.mod.o
  CC      drivers/scsi/hptiop.mod.o
  CC      drivers/scsi/hv_storvsc.mod.o
  CC      drivers/scsi/imm.mod.o
  CC      drivers/scsi/initio.mod.o
  CC      drivers/scsi/ipr.mod.o
  CC      drivers/scsi/ips.mod.o
  CC      drivers/scsi/isci/isci.mod.o
  CC      drivers/scsi/iscsi_boot_sysfs.mod.o
  CC      drivers/scsi/iscsi_tcp.mod.o
  CC      drivers/scsi/libfc/libfc.mod.o
  CC      drivers/scsi/libiscsi.mod.o
  CC      drivers/scsi/libiscsi_tcp.mod.o
  CC      drivers/scsi/libsas/libsas.mod.o
  CC      drivers/scsi/lpfc/lpfc.mod.o
  CC      drivers/scsi/megaraid.mod.o
  CC      drivers/scsi/megaraid/megaraid_mbox.mod.o
  CC      drivers/scsi/megaraid/megaraid_mm.mod.o
  CC      drivers/scsi/megaraid/megaraid_sas.mod.o
  CC      drivers/scsi/mpt3sas/mpt3sas.mod.o
  CC      drivers/scsi/mvsas/mvsas.mod.o
  CC      drivers/scsi/mvumi.mod.o
  CC      drivers/scsi/osd/libosd.mod.o
  CC      drivers/scsi/osd/osd.mod.o
  CC      drivers/scsi/osst.mod.o
  CC      drivers/scsi/pcmcia/aha152x_cs.mod.o
  CC      drivers/scsi/pcmcia/fdomain_cs.mod.o
  CC      drivers/scsi/pcmcia/qlogic_cs.mod.o
  CC      drivers/scsi/pcmcia/sym53c500_cs.mod.o
  CC      drivers/scsi/pm8001/pm80xx.mod.o
  CC      drivers/scsi/pmcraid.mod.o
  CC      drivers/scsi/ppa.mod.o
  CC      drivers/scsi/qla1280.mod.o
  CC      drivers/scsi/qla2xxx/qla2xxx.mod.o
  CC      drivers/scsi/qla2xxx/tcm_qla2xxx.mod.o
  CC      drivers/scsi/qla4xxx/qla4xxx.mod.o
  CC      drivers/scsi/qlogicfas408.mod.o
  CC      drivers/scsi/raid_class.mod.o
  CC      drivers/scsi/scsi_mod.mod.o
  CC      drivers/scsi/scsi_transport_fc.mod.o
  CC      drivers/scsi/scsi_transport_iscsi.mod.o
  CC      drivers/scsi/scsi_transport_sas.mod.o
  CC      drivers/scsi/scsi_transport_spi.mod.o
  CC      drivers/scsi/scsi_transport_srp.mod.o
  CC      drivers/scsi/sd_mod.mod.o
  CC      drivers/scsi/ses.mod.o
  CC      drivers/scsi/sg.mod.o
  CC      drivers/scsi/snic/snic.mod.o
  CC      drivers/scsi/sr_mod.mod.o
  CC      drivers/scsi/st.mod.o
  CC      drivers/scsi/stex.mod.o
  CC      drivers/scsi/sym53c8xx_2/sym53c8xx.mod.o
  CC      drivers/scsi/ufs/ufshcd-pci.mod.o
  CC      drivers/scsi/ufs/ufshcd-pltfrm.mod.o
  CC      drivers/scsi/ufs/ufshcd.mod.o
  CC      drivers/scsi/virtio_scsi.mod.o
  CC      drivers/scsi/vmw_pvscsi.mod.o
  CC      drivers/scsi/wd719x.mod.o
  CC      drivers/spi/spi-altera.mod.o
  CC      drivers/spi/spi-bitbang.mod.o
  CC      drivers/spi/spi-butterfly.mod.o
  CC      drivers/spi/spi-dw-mmio.mod.o
  CC      drivers/spi/spi-dw-midpci.mod.o
  CC      drivers/spi/spi-dw.mod.o
  CC      drivers/spi/spi-gpio.mod.o
  CC      drivers/spi/spi-lm70llp.mod.o
  CC      drivers/spi/spi-oc-tiny.mod.o
  CC      drivers/spi/spi-pxa2xx-pci.mod.o
  CC      drivers/spi/spi-pxa2xx-platform.mod.o
  CC      drivers/spi/spi-rockchip.mod.o
  CC      drivers/spi/spi-sc18is602.mod.o
  CC      drivers/spi/spi-tle62x0.mod.o
  CC      drivers/spi/spi-xcomm.mod.o
  CC      drivers/spi/spi-xilinx.mod.o
  CC      drivers/spi/spi-zynqmp-gqspi.mod.o
  CC      drivers/spi/spidev.mod.o
  CC      drivers/spmi/spmi.mod.o
  CC      drivers/ssb/ssb.mod.o
  CC      drivers/staging/comedi/comedi.mod.o
  CC      drivers/staging/comedi/comedi_pci.mod.o
  CC      drivers/staging/comedi/comedi_pcmcia.mod.o
  CC      drivers/staging/comedi/comedi_usb.mod.o
  CC      drivers/staging/comedi/drivers/8255.mod.o
  CC      drivers/staging/comedi/drivers/8255_pci.mod.o
  CC      drivers/staging/comedi/drivers/addi_apci_1032.mod.o
  CC      drivers/staging/comedi/drivers/addi_apci_1500.mod.o
  CC      drivers/staging/comedi/drivers/addi_apci_1516.mod.o
  CC      drivers/staging/comedi/drivers/addi_apci_1564.mod.o
  CC      drivers/staging/comedi/drivers/addi_apci_16xx.mod.o
  CC      drivers/staging/comedi/drivers/addi_apci_2032.mod.o
  CC      drivers/staging/comedi/drivers/addi_apci_2200.mod.o
  CC      drivers/staging/comedi/drivers/addi_apci_3120.mod.o
  CC      drivers/staging/comedi/drivers/addi_apci_3501.mod.o
  CC      drivers/staging/comedi/drivers/addi_apci_3xxx.mod.o
  CC      drivers/staging/comedi/drivers/addi_watchdog.mod.o
  CC      drivers/staging/comedi/drivers/adl_pci6208.mod.o
  CC      drivers/staging/comedi/drivers/adl_pci7x3x.mod.o
  CC      drivers/staging/comedi/drivers/adl_pci8164.mod.o
  CC      drivers/staging/comedi/drivers/adl_pci9111.mod.o
  CC      drivers/staging/comedi/drivers/adl_pci9118.mod.o
  CC      drivers/staging/comedi/drivers/adv_pci1710.mod.o
  CC      drivers/staging/comedi/drivers/adv_pci1720.mod.o
  CC      drivers/staging/comedi/drivers/adv_pci1723.mod.o
  CC      drivers/staging/comedi/drivers/adv_pci1724.mod.o
  CC      drivers/staging/comedi/drivers/adv_pci1760.mod.o
  CC      drivers/staging/comedi/drivers/adv_pci_dio.mod.o
  CC      drivers/staging/comedi/drivers/amplc_dio200_common.mod.o
  CC      drivers/staging/comedi/drivers/amplc_dio200_pci.mod.o
  CC      drivers/staging/comedi/drivers/amplc_pc236_common.mod.o
  CC      drivers/staging/comedi/drivers/amplc_pci224.mod.o
  CC      drivers/staging/comedi/drivers/amplc_pci230.mod.o
  CC      drivers/staging/comedi/drivers/amplc_pci236.mod.o
  CC      drivers/staging/comedi/drivers/amplc_pci263.mod.o
  CC      drivers/staging/comedi/drivers/cb_das16_cs.mod.o
  CC      drivers/staging/comedi/drivers/cb_pcidas.mod.o
  CC      drivers/staging/comedi/drivers/cb_pcidas64.mod.o
  CC      drivers/staging/comedi/drivers/cb_pcidda.mod.o
  CC      drivers/staging/comedi/drivers/cb_pcimdas.mod.o
  CC      drivers/staging/comedi/drivers/cb_pcimdda.mod.o
  CC      drivers/staging/comedi/drivers/comedi_8254.mod.o
  CC      drivers/staging/comedi/drivers/comedi_8255.mod.o
  CC      drivers/staging/comedi/drivers/comedi_bond.mod.o
  CC      drivers/staging/comedi/drivers/comedi_parport.mod.o
  CC      drivers/staging/comedi/drivers/comedi_test.mod.o
  CC      drivers/staging/comedi/drivers/contec_pci_dio.mod.o
  CC      drivers/staging/comedi/drivers/daqboard2000.mod.o
  CC      drivers/staging/comedi/drivers/das08.mod.o
  CC      drivers/staging/comedi/drivers/das08_cs.mod.o
  CC      drivers/staging/comedi/drivers/das08_pci.mod.o
  CC      drivers/staging/comedi/drivers/dt3000.mod.o
  CC      drivers/staging/comedi/drivers/dt9812.mod.o
  CC      drivers/staging/comedi/drivers/dyna_pci10xx.mod.o
  CC      drivers/staging/comedi/drivers/gsc_hpdi.mod.o
  CC      drivers/staging/comedi/drivers/icp_multi.mod.o
  CC      drivers/staging/comedi/drivers/jr3_pci.mod.o
  CC      drivers/staging/comedi/drivers/ke_counter.mod.o
  CC      drivers/staging/comedi/drivers/me4000.mod.o
  CC      drivers/staging/comedi/drivers/me_daq.mod.o
  CC      drivers/staging/comedi/drivers/mf6x4.mod.o
  CC      drivers/staging/comedi/drivers/mite.mod.o
  CC      drivers/staging/comedi/drivers/ni_6527.mod.o
  CC      drivers/staging/comedi/drivers/ni_65xx.mod.o
  CC      drivers/staging/comedi/drivers/ni_660x.mod.o
  CC      drivers/staging/comedi/drivers/ni_670x.mod.o
  CC      drivers/staging/comedi/drivers/ni_daq_700.mod.o
  CC      drivers/staging/comedi/drivers/ni_daq_dio24.mod.o
  CC      drivers/staging/comedi/drivers/ni_labpc_common.mod.o
  CC      drivers/staging/comedi/drivers/ni_labpc_cs.mod.o
  CC      drivers/staging/comedi/drivers/ni_labpc_pci.mod.o
  CC      drivers/staging/comedi/drivers/ni_mio_cs.mod.o
  CC      drivers/staging/comedi/drivers/ni_pcidio.mod.o
  CC      drivers/staging/comedi/drivers/ni_pcimio.mod.o
  CC      drivers/staging/comedi/drivers/ni_tio.mod.o
  CC      drivers/staging/comedi/drivers/ni_tiocmd.mod.o
  CC      drivers/staging/comedi/drivers/ni_usb6501.mod.o
  CC      drivers/staging/comedi/drivers/quatech_daqp_cs.mod.o
  CC      drivers/staging/comedi/drivers/rtd520.mod.o
  CC      drivers/staging/comedi/drivers/s626.mod.o
  CC      drivers/staging/comedi/drivers/serial2002.mod.o
  CC      drivers/staging/comedi/drivers/usbdux.mod.o
  CC      drivers/staging/comedi/drivers/usbduxfast.mod.o
  CC      drivers/staging/comedi/drivers/usbduxsigma.mod.o
  CC      drivers/staging/comedi/drivers/vmk80xx.mod.o
  CC      drivers/staging/comedi/kcomedilib/kcomedilib.mod.o
  CC      drivers/staging/dgnc/dgnc.mod.o
  CC      drivers/staging/fwserial/firewire-serial.mod.o
  CC      drivers/staging/gdm724x/gdmtty.mod.o
  CC      drivers/staging/gdm724x/gdmulte.mod.o
  CC      drivers/staging/gs_fpgaboot/gs_fpga.mod.o
  CC      drivers/staging/lustre/lnet/klnds/socklnd/ksocklnd.mod.o
  CC      drivers/staging/lustre/lnet/libcfs/libcfs.mod.o
  CC      drivers/staging/lustre/lnet/lnet/lnet.mod.o
  CC      drivers/staging/lustre/lnet/selftest/lnet_selftest.mod.o
  CC      drivers/staging/lustre/lustre/fid/fid.mod.o
  CC      drivers/staging/lustre/lustre/fld/fld.mod.o
  CC      drivers/staging/lustre/lustre/llite/lustre.mod.o
  CC      drivers/staging/lustre/lustre/lmv/lmv.mod.o
  CC      drivers/staging/lustre/lustre/lov/lov.mod.o
  CC      drivers/staging/lustre/lustre/mdc/mdc.mod.o
  CC      drivers/staging/lustre/lustre/mgc/mgc.mod.o
  CC      drivers/staging/lustre/lustre/obdclass/obdclass.mod.o
  CC      drivers/staging/lustre/lustre/obdecho/obdecho.mod.o
  CC      drivers/staging/lustre/lustre/osc/osc.mod.o
  CC      drivers/staging/lustre/lustre/ptlrpc/ptlrpc.mod.o
  CC      drivers/staging/media/bcm2048/radio-bcm2048.mod.o
  CC      drivers/staging/media/cxd2099/cxd2099.mod.o
  CC      drivers/staging/media/lirc/lirc_bt829.mod.o
  CC      drivers/staging/media/lirc/lirc_imon.mod.o
  CC      drivers/staging/media/lirc/lirc_parallel.mod.o
  CC      drivers/staging/media/lirc/lirc_sasem.mod.o
  CC      drivers/staging/media/lirc/lirc_sir.mod.o
  CC      drivers/staging/media/lirc/lirc_zilog.mod.o
  CC      drivers/staging/rtl8188eu/r8188eu.mod.o
  CC      drivers/staging/rtl8192e/rtl8192e/r8192e_pci.mod.o
  CC      drivers/staging/rtl8192e/rtllib.mod.o
  CC      drivers/staging/rtl8192e/rtllib_crypt_ccmp.mod.o
  CC      drivers/staging/rtl8192e/rtllib_crypt_tkip.mod.o
  CC      drivers/staging/rtl8192e/rtllib_crypt_wep.mod.o
  CC      drivers/staging/rtl8192u/r8192u_usb.mod.o
  CC      drivers/staging/rtl8712/r8712u.mod.o
  CC      drivers/staging/rts5208/rts5208.mod.o
  CC      drivers/staging/speakup/speakup.mod.o
  CC      drivers/staging/speakup/speakup_acntsa.mod.o
  CC      drivers/staging/speakup/speakup_apollo.mod.o
  CC      drivers/staging/speakup/speakup_audptr.mod.o
  CC      drivers/staging/speakup/speakup_bns.mod.o
  CC      drivers/staging/speakup/speakup_decext.mod.o
  CC      drivers/staging/speakup/speakup_dectlk.mod.o
  CC      drivers/staging/speakup/speakup_dummy.mod.o
  CC      drivers/staging/speakup/speakup_ltlk.mod.o
  CC      drivers/staging/speakup/speakup_soft.mod.o
  CC      drivers/staging/speakup/speakup_spkout.mod.o
  CC      drivers/staging/speakup/speakup_txprt.mod.o
  CC      drivers/staging/vt6655/vt6655_stage.mod.o
  CC      drivers/staging/vt6656/vt6656_stage.mod.o
  CC      drivers/staging/wlan-ng/prism2_usb.mod.o
  CC      drivers/staging/xgifb/xgifb.mod.o
  CC      drivers/target/iscsi/cxgbit/cxgbit.mod.o
  CC      drivers/target/iscsi/iscsi_target_mod.mod.o
  CC      drivers/target/loopback/tcm_loop.mod.o
  CC      drivers/target/sbp/sbp_target.mod.o
  CC      drivers/target/target_core_file.mod.o
  CC      drivers/target/target_core_iblock.mod.o
  CC      drivers/target/target_core_mod.mod.o
  CC      drivers/target/target_core_pscsi.mod.o
  CC      drivers/target/target_core_user.mod.o
  CC      drivers/target/tcm_fc/tcm_fc.mod.o
  CC      drivers/thermal/int340x_thermal/acpi_thermal_rel.mod.o
  CC      drivers/thermal/int340x_thermal/int3400_thermal.mod.o
  CC      drivers/thermal/int340x_thermal/int3402_thermal.mod.o
  CC      drivers/thermal/int340x_thermal/int3403_thermal.mod.o
  CC      drivers/thermal/int340x_thermal/int3406_thermal.mod.o
  CC      drivers/thermal/int340x_thermal/int340x_thermal_zone.mod.o
  CC      drivers/thermal/int340x_thermal/processor_thermal_device.mod.o
  CC      drivers/thermal/intel_pch_thermal.mod.o
  CC      drivers/thermal/intel_powerclamp.mod.o
  CC      drivers/thermal/intel_soc_dts_iosf.mod.o
  CC      drivers/thermal/intel_soc_dts_thermal.mod.o
  CC      drivers/thermal/x86_pkg_temp_thermal.mod.o
  CC      drivers/thermal/thermal-generic-adc.mod.o
  CC      drivers/thunderbolt/thunderbolt.mod.o
  CC      drivers/tty/cyclades.mod.o
  CC      drivers/tty/ipwireless/ipwireless.mod.o
  CC      drivers/tty/n_gsm.mod.o
  CC      drivers/tty/n_hdlc.mod.o
  CC      drivers/tty/n_r3964.mod.o
  CC      drivers/tty/n_tracerouter.mod.o
  CC      drivers/tty/n_tracesink.mod.o
  CC      drivers/tty/nozomi.mod.o
  CC      drivers/tty/rocket.mod.o
  CC      drivers/tty/serial/8250/8250_dw.mod.o
  CC      drivers/tty/serial/8250/8250_moxa.mod.o
  CC      drivers/tty/serial/8250/serial_cs.mod.o
  CC      drivers/tty/serial/altera_jtaguart.mod.o
  CC      drivers/tty/serial/altera_uart.mod.o
  CC      drivers/tty/serial/arc_uart.mod.o
  CC      drivers/tty/serial/fsl_lpuart.mod.o
  CC      drivers/tty/serial/jsm/jsm.mod.o
  CC      drivers/tty/serial/rp2.mod.o
  CC      drivers/tty/serial/sc16is7xx.mod.o
  CC      drivers/tty/serial/sccnxp.mod.o
  CC      drivers/tty/synclink.mod.o
  CC      drivers/tty/synclinkmp.mod.o
  CC      drivers/uio/uio.mod.o
  CC      drivers/uio/uio_aec.mod.o
  CC      drivers/uio/uio_cif.mod.o
  CC      drivers/uio/uio_netx.mod.o
  CC      drivers/uio/uio_pci_generic.mod.o
  CC      drivers/uio/uio_pdrv_genirq.mod.o
  CC      drivers/uio/uio_pruss.mod.o
  CC      drivers/uio/uio_sercos3.mod.o
  CC      drivers/usb/atm/cxacru.mod.o
  CC      drivers/usb/atm/speedtch.mod.o
  CC      drivers/usb/atm/ueagle-atm.mod.o
  CC      drivers/usb/atm/usbatm.mod.o
  CC      drivers/usb/atm/xusbatm.mod.o
  CC      drivers/usb/c67x00/c67x00.mod.o
  CC      drivers/usb/class/cdc-acm.mod.o
  CC      drivers/usb/class/cdc-wdm.mod.o
  CC      drivers/usb/class/usblp.mod.o
  CC      drivers/usb/class/usbtmc.mod.o
  CC      drivers/usb/common/usb-common.mod.o
  CC      drivers/usb/core/usbcore.mod.o
  CC      drivers/usb/gadget/function/u_ether.mod.o
  CC      drivers/usb/gadget/function/u_serial.mod.o
  CC      drivers/usb/gadget/function/usb_f_acm.mod.o
  CC      drivers/usb/gadget/function/usb_f_ecm.mod.o
  CC      drivers/usb/gadget/function/usb_f_ecm_subset.mod.o
  CC      drivers/usb/gadget/function/usb_f_fs.mod.o
  CC      drivers/usb/gadget/function/usb_f_hid.mod.o
  CC      drivers/usb/gadget/function/usb_f_mass_storage.mod.o
  CC      drivers/usb/gadget/function/usb_f_midi.mod.o
  CC      drivers/usb/gadget/function/usb_f_ncm.mod.o
  CC      drivers/usb/gadget/function/usb_f_obex.mod.o
  CC      drivers/usb/gadget/function/usb_f_printer.mod.o
  CC      drivers/usb/gadget/function/usb_f_rndis.mod.o
  CC      drivers/usb/gadget/function/usb_f_serial.mod.o
  CC      drivers/usb/gadget/function/usb_f_tcm.mod.o
  CC      drivers/usb/gadget/function/usb_f_uac2.mod.o
  CC      drivers/usb/gadget/function/usb_f_uvc.mod.o
  CC      drivers/usb/gadget/legacy/g_audio.mod.o
  CC      drivers/usb/gadget/legacy/g_dbgp.mod.o
  CC      drivers/usb/gadget/legacy/g_ether.mod.o
  CC      drivers/usb/gadget/legacy/g_ffs.mod.o
  CC      drivers/usb/gadget/legacy/g_hid.mod.o
  CC      drivers/usb/gadget/legacy/g_mass_storage.mod.o
  CC      drivers/usb/gadget/legacy/g_midi.mod.o
  CC      drivers/usb/gadget/legacy/g_ncm.mod.o
  CC      drivers/usb/gadget/legacy/g_printer.mod.o
  CC      drivers/usb/gadget/legacy/g_serial.mod.o
  CC      drivers/usb/gadget/legacy/g_webcam.mod.o
  CC      drivers/usb/gadget/legacy/gadgetfs.mod.o
  CC      drivers/usb/gadget/legacy/tcm_usb_gadget.mod.o
  CC      drivers/usb/gadget/libcomposite.mod.o
  CC      drivers/usb/gadget/udc/amd5536udc.mod.o
  CC      drivers/usb/gadget/udc/bdc/bdc.mod.o
  CC      drivers/usb/gadget/udc/bdc/bdc_pci.mod.o
  CC      drivers/usb/gadget/udc/dummy_hcd.mod.o
  CC      drivers/usb/gadget/udc/goku_udc.mod.o
  CC      drivers/usb/gadget/udc/gr_udc.mod.o
  CC      drivers/usb/gadget/udc/m66592-udc.mod.o
  CC      drivers/usb/gadget/udc/mv_u3d_core.mod.o
  CC      drivers/usb/gadget/udc/mv_udc.mod.o
  CC      drivers/usb/gadget/udc/net2272.mod.o
  CC      drivers/usb/gadget/udc/net2280.mod.o
  CC      drivers/usb/gadget/udc/pch_udc.mod.o
  CC      drivers/usb/gadget/udc/pxa27x_udc.mod.o
  CC      drivers/usb/gadget/udc/r8a66597-udc.mod.o
  CC      drivers/usb/gadget/udc/udc-core.mod.o
  CC      drivers/usb/host/ehci-pci.mod.o
  CC      drivers/usb/host/ehci-hcd.mod.o
  CC      drivers/usb/host/hwa-hc.mod.o
  CC      drivers/usb/host/isp116x-hcd.mod.o
  CC      drivers/usb/host/isp1362-hcd.mod.o
  CC      drivers/usb/host/max3421-hcd.mod.o
  CC      drivers/usb/host/ohci-hcd.mod.o
  CC      drivers/usb/host/ohci-pci.mod.o
  CC      drivers/usb/host/oxu210hp-hcd.mod.o
  CC      drivers/usb/host/r8a66597-hcd.mod.o
  CC      drivers/usb/host/sl811-hcd.mod.o
  CC      drivers/usb/host/sl811_cs.mod.o
  CC      drivers/usb/host/u132-hcd.mod.o
  CC      drivers/usb/host/uhci-hcd.mod.o
  CC      drivers/usb/host/whci/whci-hcd.mod.o
  CC      drivers/usb/host/xhci-hcd.mod.o
  CC      drivers/usb/host/xhci-pci.mod.o
  CC      drivers/usb/image/mdc800.mod.o
  CC      drivers/usb/image/microtek.mod.o
  CC      drivers/usb/misc/adutux.mod.o
  CC      drivers/usb/misc/appledisplay.mod.o
  CC      drivers/usb/misc/chaoskey.mod.o
  CC      drivers/usb/misc/cypress_cy7c63.mod.o
  CC      drivers/usb/misc/cytherm.mod.o
  CC      drivers/usb/misc/emi26.mod.o
  CC      drivers/usb/misc/emi62.mod.o
  CC      drivers/usb/misc/ezusb.mod.o
  CC      drivers/usb/misc/ftdi-elan.mod.o
  CC      drivers/usb/misc/idmouse.mod.o
  CC      drivers/usb/misc/iowarrior.mod.o
  CC      drivers/usb/misc/isight_firmware.mod.o
  CC      drivers/usb/misc/ldusb.mod.o
  CC      drivers/usb/misc/legousbtower.mod.o
  CC      drivers/usb/misc/lvstest.mod.o
  CC      drivers/usb/misc/rio500.mod.o
  CC      drivers/usb/misc/sisusbvga/sisusbvga.mod.o
  CC      drivers/usb/misc/trancevibrator.mod.o
  CC      drivers/usb/misc/ucsi.mod.o
  CC      drivers/usb/misc/usb3503.mod.o
  CC      drivers/usb/misc/usblcd.mod.o
  CC      drivers/usb/misc/usbsevseg.mod.o
  CC      drivers/usb/misc/usbtest.mod.o
  CC      drivers/usb/misc/uss720.mod.o
  CC      drivers/usb/misc/yurex.mod.o
  CC      drivers/usb/mon/usbmon.mod.o
  CC      drivers/usb/musb/musb_hdrc.mod.o
  CC      drivers/usb/phy/phy-generic.mod.o
  CC      drivers/usb/phy/phy-isp1301.mod.o
  CC      drivers/usb/phy/phy-tahvo.mod.o
  CC      drivers/usb/serial/aircable.mod.o
  CC      drivers/usb/serial/ark3116.mod.o
  CC      drivers/usb/serial/belkin_sa.mod.o
  CC      drivers/usb/serial/ch341.mod.o
  CC      drivers/usb/serial/cp210x.mod.o
  CC      drivers/usb/serial/cyberjack.mod.o
  CC      drivers/usb/serial/cypress_m8.mod.o
  CC      drivers/usb/serial/digi_acceleport.mod.o
  CC      drivers/usb/serial/empeg.mod.o
  CC      drivers/usb/serial/f81232.mod.o
  CC      drivers/usb/serial/ftdi_sio.mod.o
  CC      drivers/usb/serial/garmin_gps.mod.o
  CC      drivers/usb/serial/io_edgeport.mod.o
  CC      drivers/usb/serial/io_ti.mod.o
  CC      drivers/usb/serial/ipaq.mod.o
  CC      drivers/usb/serial/ipw.mod.o
  CC      drivers/usb/serial/ir-usb.mod.o
  CC      drivers/usb/serial/iuu_phoenix.mod.o
  CC      drivers/usb/serial/keyspan.mod.o
  CC      drivers/usb/serial/keyspan_pda.mod.o
  CC      drivers/usb/serial/kl5kusb105.mod.o
  CC      drivers/usb/serial/kobil_sct.mod.o
  CC      drivers/usb/serial/mct_u232.mod.o
  CC      drivers/usb/serial/metro-usb.mod.o
  CC      drivers/usb/serial/mos7720.mod.o
  CC      drivers/usb/serial/mos7840.mod.o
  CC      drivers/usb/serial/mxuport.mod.o
  CC      drivers/usb/serial/navman.mod.o
  CC      drivers/usb/serial/omninet.mod.o
  CC      drivers/usb/serial/opticon.mod.o
  CC      drivers/usb/serial/option.mod.o
  CC      drivers/usb/serial/oti6858.mod.o
  CC      drivers/usb/serial/pl2303.mod.o
  CC      drivers/usb/serial/qcaux.mod.o
  CC      drivers/usb/serial/qcserial.mod.o
  CC      drivers/usb/serial/quatech2.mod.o
  CC      drivers/usb/serial/safe_serial.mod.o
  CC      drivers/usb/serial/sierra.mod.o
  CC      drivers/usb/serial/spcp8x5.mod.o
  CC      drivers/usb/serial/ssu100.mod.o
  CC      drivers/usb/serial/symbolserial.mod.o
  CC      drivers/usb/serial/ti_usb_3410_5052.mod.o
  CC      drivers/usb/serial/usb-serial-simple.mod.o
  CC      drivers/usb/serial/usb_wwan.mod.o
  CC      drivers/usb/serial/usbserial.mod.o
  CC      drivers/usb/serial/visor.mod.o
  CC      drivers/usb/serial/whiteheat.mod.o
  CC      drivers/usb/serial/wishbone-serial.mod.o
  CC      drivers/usb/serial/xsens_mt.mod.o
  CC      drivers/usb/storage/uas.mod.o
  CC      drivers/usb/storage/ums-alauda.mod.o
  CC      drivers/usb/storage/ums-cypress.mod.o
  CC      drivers/usb/storage/ums-datafab.mod.o
  CC      drivers/usb/storage/ums-eneub6250.mod.o
  CC      drivers/usb/storage/ums-freecom.mod.o
  CC      drivers/usb/storage/ums-isd200.mod.o
  CC      drivers/usb/storage/ums-jumpshot.mod.o
  CC      drivers/usb/storage/ums-karma.mod.o
  CC      drivers/usb/storage/ums-onetouch.mod.o
  CC      drivers/usb/storage/ums-realtek.mod.o
  CC      drivers/usb/storage/ums-sddr09.mod.o
  CC      drivers/usb/storage/ums-sddr55.mod.o
  CC      drivers/usb/storage/ums-usbat.mod.o
  CC      drivers/usb/storage/usb-storage.mod.o
  CC      drivers/usb/usbip/usbip-core.mod.o
  CC      drivers/usb/usbip/usbip-host.mod.o
  CC      drivers/usb/usbip/usbip-vudc.mod.o
  CC      drivers/usb/usbip/vhci-hcd.mod.o
  CC      drivers/usb/wusbcore/wusb-cbaf.mod.o
  CC      drivers/usb/wusbcore/wusb-wa.mod.o
  CC      drivers/usb/wusbcore/wusbcore.mod.o
  CC      drivers/uwb/hwa-rc.mod.o
  CC      drivers/uwb/i1480/dfu/i1480-dfu-usb.mod.o
  CC      drivers/uwb/i1480/i1480-est.mod.o
  CC      drivers/uwb/umc.mod.o
  CC      drivers/uwb/uwb.mod.o
  CC      drivers/uwb/whc-rc.mod.o
  CC      drivers/uwb/whci.mod.o
  CC      drivers/vfio/pci/vfio-pci.mod.o
  CC      drivers/vfio/vfio.mod.o
  CC      drivers/vfio/vfio_iommu_type1.mod.o
  CC      drivers/vfio/vfio_virqfd.mod.o
  CC      drivers/vhost/vhost.mod.o
  CC      drivers/vhost/vhost_net.mod.o
  CC      drivers/vhost/vhost_scsi.mod.o
  CC      drivers/vhost/vhost_vsock.mod.o
  CC      drivers/vhost/vringh.mod.o
  CC      drivers/video/backlight/apple_bl.mod.o
  CC      drivers/video/backlight/lcd.mod.o
  CC      drivers/video/backlight/lm3533_bl.mod.o
  CC      drivers/video/backlight/pcf50633-backlight.mod.o
  CC      drivers/video/backlight/platform_lcd.mod.o
  CC      drivers/video/fbdev/core/fb_sys_fops.mod.o
  CC      drivers/video/fbdev/core/syscopyarea.mod.o
  CC      drivers/video/fbdev/core/sysfillrect.mod.o
  CC      drivers/video/fbdev/core/sysimgblt.mod.o
  CC      drivers/video/fbdev/hyperv_fb.mod.o
  CC      drivers/video/fbdev/ocfb.mod.o
  CC      drivers/video/fbdev/sstfb.mod.o
  CC      drivers/video/fbdev/udlfb.mod.o
  CC      drivers/video/fbdev/uvesafb.mod.o
  CC      drivers/video/fbdev/vfb.mod.o
  CC      drivers/video/fbdev/vga16fb.mod.o
  CC      drivers/video/fbdev/via/viafb.mod.o
  CC      drivers/video/fbdev/xen-fbfront.mod.o
  CC      drivers/video/vgastate.mod.o
  CC      drivers/virtio/virtio.mod.o
  CC      drivers/virtio/virtio_balloon.mod.o
  CC      drivers/virtio/virtio_input.mod.o
  CC      drivers/virtio/virtio_mmio.mod.o
  CC      drivers/virtio/virtio_pci.mod.o
  CC      drivers/virtio/virtio_ring.mod.o
  CC      drivers/watchdog/acquirewdt.mod.o
  CC      drivers/watchdog/advantechwdt.mod.o
  CC      drivers/watchdog/alim1535_wdt.mod.o
  CC      drivers/watchdog/alim7101_wdt.mod.o
  CC      drivers/watchdog/cpu5wdt.mod.o
  CC      drivers/watchdog/dw_wdt.mod.o
  CC      drivers/watchdog/eurotechwdt.mod.o
  CC      drivers/watchdog/f71808e_wdt.mod.o
  CC      drivers/watchdog/hpwdt.mod.o
  CC      drivers/watchdog/i6300esb.mod.o
  CC      drivers/watchdog/iTCO_vendor_support.mod.o
  CC      drivers/watchdog/iTCO_wdt.mod.o
  CC      drivers/watchdog/ib700wdt.mod.o
  CC      drivers/watchdog/ibmasr.mod.o
  CC      drivers/watchdog/ie6xx_wdt.mod.o
  CC      drivers/watchdog/it8712f_wdt.mod.o
  CC      drivers/watchdog/it87_wdt.mod.o
  CC      drivers/watchdog/machzwd.mod.o
  CC      drivers/watchdog/mei_wdt.mod.o
  CC      drivers/watchdog/mena21_wdt.mod.o
  CC      drivers/watchdog/ni903x_wdt.mod.o
  CC      drivers/watchdog/nv_tco.mod.o
  CC      drivers/watchdog/of_xilinx_wdt.mod.o
  CC      drivers/watchdog/pc87413_wdt.mod.o
  CC      drivers/watchdog/pcwd_pci.mod.o
  CC      drivers/watchdog/pcwd_usb.mod.o
  CC      drivers/watchdog/retu_wdt.mod.o
  CC      drivers/watchdog/sbc60xxwdt.mod.o
  CC      drivers/watchdog/sbc_epx_c3.mod.o
  CC      drivers/watchdog/sbc_fitpc2_wdt.mod.o
  CC      drivers/watchdog/sc1200wdt.mod.o
  CC      drivers/watchdog/sch311x_wdt.mod.o
  CC      drivers/watchdog/smsc37b787_wdt.mod.o
  CC      drivers/watchdog/softdog.mod.o
  CC      drivers/watchdog/sp5100_tco.mod.o
  CC      drivers/watchdog/via_wdt.mod.o
  CC      drivers/watchdog/w83627hf_wdt.mod.o
  CC      drivers/watchdog/w83877f_wdt.mod.o
  CC      drivers/watchdog/w83977f_wdt.mod.o
  CC      drivers/watchdog/wafer5823wdt.mod.o
  CC      drivers/watchdog/wdt_pci.mod.o
  CC      drivers/watchdog/xen_wdt.mod.o
  CC      drivers/watchdog/ziirave_wdt.mod.o
  CC      drivers/xen/tmem.mod.o
  CC      drivers/xen/xen-acpi-processor.mod.o
  CC      drivers/xen/xen-evtchn.mod.o
  CC      drivers/xen/xen-gntalloc.mod.o
  CC      drivers/xen/xen-gntdev.mod.o
  CC      drivers/xen/xen-pciback/xen-pciback.mod.o
  CC      drivers/xen/xen-privcmd.mod.o
  CC      drivers/xen/xen-scsiback.mod.o
  CC      drivers/xen/xenfs/xenfs.mod.o
  CC      fs/9p/9p.mod.o
  CC      fs/affs/affs.mod.o
  CC      fs/afs/kafs.mod.o
  CC      fs/befs/befs.mod.o
  CC      fs/btrfs/btrfs.mod.o
  CC      fs/cachefiles/cachefiles.mod.o
  CC      fs/ceph/ceph.mod.o
  CC      fs/cifs/cifs.mod.o
  CC      fs/coda/coda.mod.o
  CC      fs/cramfs/cramfs.mod.o
  CC      fs/crypto/fscrypto.mod.o
  CC      fs/dlm/dlm.mod.o
  CC      fs/ecryptfs/ecryptfs.mod.o
  CC      fs/exofs/exofs.mod.o
  CC      fs/exofs/libore.mod.o
  CC      fs/ext4/ext4.mod.o
  CC      fs/f2fs/f2fs.mod.o
  CC      fs/fat/fat.mod.o
  CC      fs/fat/msdos.mod.o
  CC      fs/fat/vfat.mod.o
  CC      fs/fscache/fscache.mod.o
  CC      fs/fuse/cuse.mod.o
  CC      fs/fuse/fuse.mod.o
  CC      fs/gfs2/gfs2.mod.o
  CC      fs/hfs/hfs.mod.o
  CC      fs/hfsplus/hfsplus.mod.o
  CC      fs/isofs/isofs.mod.o
  CC      fs/jbd2/jbd2.mod.o
  CC      fs/jffs2/jffs2.mod.o
  CC      fs/jfs/jfs.mod.o
  CC      fs/lockd/lockd.mod.o
  CC      fs/mbcache.mod.o
  CC      fs/minix/minix.mod.o
  CC      fs/ncpfs/ncpfs.mod.o
  CC      fs/nfs/blocklayout/blocklayoutdriver.mod.o
  CC      fs/nfs/filelayout/nfs_layout_nfsv41_files.mod.o
  CC      fs/nfs/flexfilelayout/nfs_layout_flexfiles.mod.o
  CC      fs/nfs/nfs.mod.o
  CC      fs/nfs/nfsv2.mod.o
  CC      fs/nfs/nfsv3.mod.o
  CC      fs/nfs/nfsv4.mod.o
  CC      fs/nfs/objlayout/objlayoutdriver.mod.o
  CC      fs/nfs_common/grace.mod.o
  CC      fs/nfs_common/nfs_acl.mod.o
  CC      fs/nfsd/nfsd.mod.o
  CC      fs/nilfs2/nilfs2.mod.o
  CC      fs/nls/mac-celtic.mod.o
  CC      fs/nls/mac-centeuro.mod.o
  CC      fs/nls/mac-croatian.mod.o
  CC      fs/nls/mac-cyrillic.mod.o
  CC      fs/nls/mac-gaelic.mod.o
  CC      fs/nls/mac-greek.mod.o
  CC      fs/nls/mac-iceland.mod.o
  CC      fs/nls/mac-inuit.mod.o
  CC      fs/nls/mac-roman.mod.o
  CC      fs/nls/mac-romanian.mod.o
  CC      fs/nls/mac-turkish.mod.o
  CC      fs/nls/nls_ascii.mod.o
  CC      fs/nls/nls_cp1250.mod.o
  CC      fs/nls/nls_cp1251.mod.o
  CC      fs/nls/nls_cp1255.mod.o
  CC      fs/nls/nls_cp437.mod.o
  CC      fs/nls/nls_cp737.mod.o
  CC      fs/nls/nls_cp775.mod.o
  CC      fs/nls/nls_cp850.mod.o
  CC      fs/nls/nls_cp852.mod.o
  CC      fs/nls/nls_cp855.mod.o
  CC      fs/nls/nls_cp857.mod.o
  CC      fs/nls/nls_cp860.mod.o
  CC      fs/nls/nls_cp861.mod.o
  CC      fs/nls/nls_cp862.mod.o
  CC      fs/nls/nls_cp863.mod.o
  CC      fs/nls/nls_cp864.mod.o
  CC      fs/nls/nls_cp865.mod.o
  CC      fs/nls/nls_cp866.mod.o
  CC      fs/nls/nls_cp869.mod.o
  CC      fs/nls/nls_cp874.mod.o
  CC      fs/nls/nls_cp932.mod.o
  CC      fs/nls/nls_cp936.mod.o
  CC      fs/nls/nls_cp949.mod.o
  CC      fs/nls/nls_cp950.mod.o
  CC      fs/nls/nls_euc-jp.mod.o
  CC      fs/nls/nls_iso8859-1.mod.o
  CC      fs/nls/nls_iso8859-13.mod.o
  CC      fs/nls/nls_iso8859-14.mod.o
  CC      fs/nls/nls_iso8859-15.mod.o
  CC      fs/nls/nls_iso8859-2.mod.o
  CC      fs/nls/nls_iso8859-3.mod.o
  CC      fs/nls/nls_iso8859-4.mod.o
  CC      fs/nls/nls_iso8859-5.mod.o
  CC      fs/nls/nls_iso8859-6.mod.o
  CC      fs/nls/nls_iso8859-7.mod.o
  CC      fs/nls/nls_iso8859-9.mod.o
  CC      fs/nls/nls_koi8-r.mod.o
  CC      fs/nls/nls_koi8-ru.mod.o
  CC      fs/nls/nls_koi8-u.mod.o
  CC      fs/nls/nls_utf8.mod.o
  CC      fs/ntfs/ntfs.mod.o
  CC      fs/ocfs2/cluster/ocfs2_nodemanager.mod.o
  CC      fs/ocfs2/dlm/ocfs2_dlm.mod.o
  CC      fs/ocfs2/dlmfs/ocfs2_dlmfs.mod.o
  CC      fs/ocfs2/ocfs2.mod.o
  CC      fs/ocfs2/ocfs2_stack_o2cb.mod.o
  CC      fs/ocfs2/ocfs2_stack_user.mod.o
  CC      fs/ocfs2/ocfs2_stackglue.mod.o
  CC      fs/omfs/omfs.mod.o
  CC      fs/orangefs/orangefs.mod.o
  CC      fs/overlayfs/overlay.mod.o
  CC      fs/quota/quota_tree.mod.o
  CC      fs/quota/quota_v1.mod.o
  CC      fs/quota/quota_v2.mod.o
  CC      fs/reiserfs/reiserfs.mod.o
  CC      fs/romfs/romfs.mod.o
  CC      fs/squashfs/squashfs.mod.o
  CC      fs/ubifs/ubifs.mod.o
  CC      fs/udf/udf.mod.o
  CC      fs/ufs/ufs.mod.o
  CC      fs/xfs/xfs.mod.o
  CC      kernel/trace/ring_buffer_benchmark.mod.o
  CC      lib/842/842_compress.mod.o
  CC      lib/842/842_decompress.mod.o
  CC      lib/asn1_decoder.mod.o
  CC      lib/cordic.mod.o
  CC      lib/crc-itu-t.mod.o
  CC      lib/crc16.mod.o
  CC      lib/crc7.mod.o
  CC      lib/crc8.mod.o
  CC      lib/libcrc32c.mod.o
  CC      lib/lru_cache.mod.o
  CC      lib/lz4/lz4_compress.mod.o
  CC      lib/lz4/lz4hc_compress.mod.o
  CC      lib/oid_registry.mod.o
  CC      lib/percpu_test.mod.o
  CC      lib/raid6/raid6_pq.mod.o
  CC      lib/test-kstrtox.mod.o
  CC      lib/ts_bm.mod.o
  CC      lib/ts_fsm.mod.o
  CC      lib/ts_kmp.mod.o
  CC      mm/hwpoison-inject.mod.o
  CC      net/6lowpan/6lowpan.mod.o
  CC      net/6lowpan/nhc_dest.mod.o
  CC      net/6lowpan/nhc_fragment.mod.o
  CC      net/6lowpan/nhc_ghc_ext_dest.mod.o
  CC      net/6lowpan/nhc_ghc_ext_frag.mod.o
  CC      net/6lowpan/nhc_ghc_ext_hop.mod.o
  CC      net/6lowpan/nhc_ghc_ext_route.mod.o
  CC      net/6lowpan/nhc_ghc_icmpv6.mod.o
  CC      net/6lowpan/nhc_ghc_udp.mod.o
  CC      net/6lowpan/nhc_hop.mod.o
  CC      net/6lowpan/nhc_ipv6.mod.o
  CC      net/6lowpan/nhc_mobility.mod.o
  CC      net/6lowpan/nhc_routing.mod.o
  CC      net/6lowpan/nhc_udp.mod.o
  CC      net/802/mrp.mod.o
  CC      net/802/psnap.mod.o
  CC      net/802/p8022.mod.o
  CC      net/802/stp.mod.o
  CC      net/8021q/8021q.mod.o
  CC      net/9p/9pnet.mod.o
  CC      net/9p/9pnet_virtio.mod.o
  CC      net/atm/atm.mod.o
  CC      net/atm/br2684.mod.o
  CC      net/atm/clip.mod.o
  CC      net/atm/lec.mod.o
  CC      net/atm/mpoa.mod.o
  CC      net/atm/pppoatm.mod.o
  CC      net/ax25/ax25.mod.o
  CC      net/batman-adv/batman-adv.mod.o
  CC      net/bluetooth/bluetooth.mod.o
  CC      net/bluetooth/bluetooth_6lowpan.mod.o
  CC      net/bluetooth/bnep/bnep.mod.o
  CC      net/bluetooth/cmtp/cmtp.mod.o
  CC      net/bluetooth/hidp/hidp.mod.o
  CC      net/bluetooth/rfcomm/rfcomm.mod.o
  CC      net/bridge/br_netfilter.mod.o
  CC      net/bridge/bridge.mod.o
  CC      net/bridge/netfilter/ebt_802_3.mod.o
  CC      net/bridge/netfilter/ebt_among.mod.o
  CC      net/bridge/netfilter/ebt_arp.mod.o
  CC      net/bridge/netfilter/ebt_arpreply.mod.o
  CC      net/bridge/netfilter/ebt_dnat.mod.o
  CC      net/bridge/netfilter/ebt_ip.mod.o
  CC      net/bridge/netfilter/ebt_ip6.mod.o
  CC      net/bridge/netfilter/ebt_limit.mod.o
  CC      net/bridge/netfilter/ebt_log.mod.o
  CC      net/bridge/netfilter/ebt_mark.mod.o
  CC      net/bridge/netfilter/ebt_mark_m.mod.o
  CC      net/bridge/netfilter/ebt_nflog.mod.o
  CC      net/bridge/netfilter/ebt_pkttype.mod.o
  CC      net/bridge/netfilter/ebt_redirect.mod.o
  CC      net/bridge/netfilter/ebt_snat.mod.o
  CC      net/bridge/netfilter/ebt_stp.mod.o
  CC      net/bridge/netfilter/ebt_vlan.mod.o
  CC      net/bridge/netfilter/ebtable_broute.mod.o
  CC      net/bridge/netfilter/ebtable_filter.mod.o
  CC      net/bridge/netfilter/ebtable_nat.mod.o
  CC      net/bridge/netfilter/ebtables.mod.o
  CC      net/bridge/netfilter/nf_log_bridge.mod.o
  CC      net/bridge/netfilter/nf_tables_bridge.mod.o
  CC      net/bridge/netfilter/nft_meta_bridge.mod.o
  CC      net/bridge/netfilter/nft_reject_bridge.mod.o
  CC      net/caif/caif.mod.o
  CC      net/caif/caif_socket.mod.o
  CC      net/caif/caif_usb.mod.o
  CC      net/caif/chnl_net.mod.o
  CC      net/can/can-bcm.mod.o
  CC      net/can/can-gw.mod.o
  CC      net/can/can-raw.mod.o
  CC      net/can/can.mod.o
  CC      net/ceph/libceph.mod.o
  CC      net/core/devlink.mod.o
  CC      net/core/drop_monitor.mod.o
  CC      net/core/pktgen.mod.o
  CC      net/dccp/dccp.mod.o
  CC      net/dccp/dccp_diag.mod.o
  CC      net/dccp/dccp_ipv4.mod.o
  CC      net/dccp/dccp_ipv6.mod.o
  CC      net/dccp/dccp_probe.mod.o
  CC      net/dns_resolver/dns_resolver.mod.o
  CC      net/dsa/dsa_core.mod.o
  CC      net/hsr/hsr.mod.o
  CC      net/ieee802154/6lowpan/ieee802154_6lowpan.mod.o
  CC      net/ieee802154/ieee802154.mod.o
  CC      net/ieee802154/ieee802154_socket.mod.o
  CC      net/ipv4/ah4.mod.o
  CC      net/ipv4/esp4.mod.o
  CC      net/ipv4/fou.mod.o
  CC      net/ipv4/gre.mod.o
  CC      net/ipv4/inet_diag.mod.o
  CC      net/ipv4/ip_gre.mod.o
  CC      net/ipv4/ip_tunnel.mod.o
  CC      net/ipv4/ip_vti.mod.o
  CC      net/ipv4/ipcomp.mod.o
  CC      net/ipv4/ipip.mod.o
  CC      net/ipv4/netfilter/arp_tables.mod.o
  CC      net/ipv4/netfilter/arpt_mangle.mod.o
  CC      net/ipv4/netfilter/arptable_filter.mod.o
  CC      net/ipv4/netfilter/ip_tables.mod.o
  CC      net/ipv4/netfilter/ipt_CLUSTERIP.mod.o
  CC      net/ipv4/netfilter/ipt_ECN.mod.o
  CC      net/ipv4/netfilter/ipt_MASQUERADE.mod.o
  CC      net/ipv4/netfilter/ipt_REJECT.mod.o
  CC      net/ipv4/netfilter/ipt_SYNPROXY.mod.o
  CC      net/ipv4/netfilter/ipt_ah.mod.o
  CC      net/ipv4/netfilter/ipt_rpfilter.mod.o
  CC      net/ipv4/netfilter/iptable_filter.mod.o
  CC      net/ipv4/netfilter/iptable_mangle.mod.o
  CC      net/ipv4/netfilter/iptable_nat.mod.o
  CC      net/ipv4/netfilter/iptable_raw.mod.o
  CC      net/ipv4/netfilter/iptable_security.mod.o
  CC      net/ipv4/netfilter/nf_conntrack_ipv4.mod.o
  CC      net/ipv4/netfilter/nf_defrag_ipv4.mod.o
  CC      net/ipv4/netfilter/nf_dup_ipv4.mod.o
  CC      net/ipv4/netfilter/nf_log_arp.mod.o
  CC      net/ipv4/netfilter/nf_log_ipv4.mod.o
  CC      net/ipv4/netfilter/nf_nat_h323.mod.o
  CC      net/ipv4/netfilter/nf_nat_ipv4.mod.o
  CC      net/ipv4/netfilter/nf_nat_masquerade_ipv4.mod.o
  CC      net/ipv4/netfilter/nf_nat_pptp.mod.o
  CC      net/ipv4/netfilter/nf_nat_proto_gre.mod.o
  CC      net/ipv4/netfilter/nf_nat_snmp_basic.mod.o
  CC      net/ipv4/netfilter/nf_reject_ipv4.mod.o
  CC      net/ipv4/netfilter/nf_tables_arp.mod.o
  CC      net/ipv4/netfilter/nf_tables_ipv4.mod.o
  CC      net/ipv4/netfilter/nft_chain_nat_ipv4.mod.o
  CC      net/ipv4/netfilter/nft_chain_route_ipv4.mod.o
  CC      net/ipv4/netfilter/nft_dup_ipv4.mod.o
  CC      net/ipv4/netfilter/nft_masq_ipv4.mod.o
  CC      net/ipv4/netfilter/nft_redir_ipv4.mod.o
  CC      net/ipv4/netfilter/nft_reject_ipv4.mod.o
  CC      net/ipv4/tcp_bic.mod.o
  CC      net/ipv4/tcp_cdg.mod.o
  CC      net/ipv4/tcp_dctcp.mod.o
  CC      net/ipv4/tcp_diag.mod.o
  CC      net/ipv4/tcp_highspeed.mod.o
  CC      net/ipv4/tcp_htcp.mod.o
  CC      net/ipv4/tcp_hybla.mod.o
  CC      net/ipv4/tcp_illinois.mod.o
  CC      net/ipv4/tcp_lp.mod.o
  CC      net/ipv4/tcp_nv.mod.o
  CC      net/ipv4/tcp_probe.mod.o
  CC      net/ipv4/tcp_scalable.mod.o
  CC      net/ipv4/tcp_vegas.mod.o
  CC      net/ipv4/tcp_veno.mod.o
  CC      net/ipv4/tcp_westwood.mod.o
  CC      net/ipv4/tcp_yeah.mod.o
  CC      net/ipv4/tunnel4.mod.o
  CC      net/ipv4/udp_diag.mod.o
  CC      net/ipv4/udp_tunnel.mod.o
  CC      net/ipv4/xfrm4_mode_beet.mod.o
  CC      net/ipv4/xfrm4_mode_transport.mod.o
  CC      net/ipv4/xfrm4_mode_tunnel.mod.o
  CC      net/ipv4/xfrm4_tunnel.mod.o
  CC      net/ipv6/ah6.mod.o
  CC      net/ipv6/esp6.mod.o
  CC      net/ipv6/fou6.mod.o
  CC      net/ipv6/ila/ila.mod.o
  CC      net/ipv6/ip6_gre.mod.o
  CC      net/ipv6/ip6_tunnel.mod.o
  CC      net/ipv6/ip6_udp_tunnel.mod.o
  CC      net/ipv6/ip6_vti.mod.o
  CC      net/ipv6/ipcomp6.mod.o
  CC      net/ipv6/mip6.mod.o
  CC      net/ipv6/netfilter/ip6_tables.mod.o
  CC      net/ipv6/netfilter/ip6t_MASQUERADE.mod.o
  CC      net/ipv6/netfilter/ip6t_NPT.mod.o
  CC      net/ipv6/netfilter/ip6t_REJECT.mod.o
  CC      net/ipv6/netfilter/ip6t_SYNPROXY.mod.o
  CC      net/ipv6/netfilter/ip6t_ah.mod.o
  CC      net/ipv6/netfilter/ip6t_eui64.mod.o
  CC      net/ipv6/netfilter/ip6t_frag.mod.o
  CC      net/ipv6/netfilter/ip6t_hbh.mod.o
  CC      net/ipv6/netfilter/ip6t_ipv6header.mod.o
  CC      net/ipv6/netfilter/ip6t_mh.mod.o
  CC      net/ipv6/netfilter/ip6t_rpfilter.mod.o
  CC      net/ipv6/netfilter/ip6t_rt.mod.o
  CC      net/ipv6/netfilter/ip6table_filter.mod.o
  CC      net/ipv6/netfilter/ip6table_mangle.mod.o
  CC      net/ipv6/netfilter/ip6table_nat.mod.o
  CC      net/ipv6/netfilter/ip6table_raw.mod.o
  CC      net/ipv6/netfilter/ip6table_security.mod.o
  CC      net/ipv6/netfilter/nf_conntrack_ipv6.mod.o
  CC      net/ipv6/netfilter/nf_defrag_ipv6.mod.o
  CC      net/ipv6/netfilter/nf_dup_ipv6.mod.o
  CC      net/ipv6/netfilter/nf_log_ipv6.mod.o
  CC      net/ipv6/netfilter/nf_nat_ipv6.mod.o
  CC      net/ipv6/netfilter/nf_nat_masquerade_ipv6.mod.o
  CC      net/ipv6/netfilter/nf_reject_ipv6.mod.o
  CC      net/ipv6/netfilter/nf_tables_ipv6.mod.o
  CC      net/ipv6/netfilter/nft_chain_nat_ipv6.mod.o
  CC      net/ipv6/netfilter/nft_chain_route_ipv6.mod.o
  CC      net/ipv6/netfilter/nft_dup_ipv6.mod.o
  CC      net/ipv6/netfilter/nft_masq_ipv6.mod.o
  CC      net/ipv6/netfilter/nft_redir_ipv6.mod.o
  CC      net/ipv6/netfilter/nft_reject_ipv6.mod.o
  CC      net/ipv6/sit.mod.o
  CC      net/ipv6/tunnel6.mod.o
  CC      net/ipv6/xfrm6_mode_beet.mod.o
  CC      net/ipv6/xfrm6_mode_ro.mod.o
  CC      net/ipv6/xfrm6_mode_transport.mod.o
  CC      net/ipv6/xfrm6_mode_tunnel.mod.o
  CC      net/ipv6/xfrm6_tunnel.mod.o
  CC      net/irda/ircomm/ircomm-tty.mod.o
  CC      net/irda/ircomm/ircomm.mod.o
  CC      net/irda/irda.mod.o
  CC      net/irda/irlan/irlan.mod.o
  CC      net/irda/irnet/irnet.mod.o
  CC      net/kcm/kcm.mod.o
  CC      net/key/af_key.mod.o
  CC      net/l2tp/l2tp_core.mod.o
  CC      net/l2tp/l2tp_eth.mod.o
  CC      net/l2tp/l2tp_ip.mod.o
  CC      net/l2tp/l2tp_ip6.mod.o
  CC      net/l2tp/l2tp_netlink.mod.o
  CC      net/l2tp/l2tp_ppp.mod.o
  CC      net/llc/llc.mod.o
  CC      net/llc/llc2.mod.o
  CC      net/mac80211/mac80211.mod.o
  CC      net/mac802154/mac802154.mod.o
  CC      net/mpls/mpls_gso.mod.o
  CC      net/mpls/mpls_iptunnel.mod.o
  CC      net/mpls/mpls_router.mod.o
  CC      net/netfilter/ipset/ip_set.mod.o
  CC      net/netfilter/ipset/ip_set_bitmap_ip.mod.o
  CC      net/netfilter/ipset/ip_set_bitmap_ipmac.mod.o
  CC      net/netfilter/ipset/ip_set_bitmap_port.mod.o
  CC      net/netfilter/ipset/ip_set_hash_ip.mod.o
  CC      net/netfilter/ipset/ip_set_hash_ipmark.mod.o
  CC      net/netfilter/ipset/ip_set_hash_ipport.mod.o
  CC      net/netfilter/ipset/ip_set_hash_ipportip.mod.o
  CC      net/netfilter/ipset/ip_set_hash_ipportnet.mod.o
  CC      net/netfilter/ipset/ip_set_hash_mac.mod.o
  CC      net/netfilter/ipset/ip_set_hash_net.mod.o
  CC      net/netfilter/ipset/ip_set_hash_netiface.mod.o
  CC      net/netfilter/ipset/ip_set_hash_netnet.mod.o
  CC      net/netfilter/ipset/ip_set_hash_netport.mod.o
  CC      net/netfilter/ipset/ip_set_hash_netportnet.mod.o
  CC      net/netfilter/ipset/ip_set_list_set.mod.o
  CC      net/netfilter/ipvs/ip_vs.mod.o
  CC      net/netfilter/ipvs/ip_vs_dh.mod.o
  CC      net/netfilter/ipvs/ip_vs_fo.mod.o
  CC      net/netfilter/ipvs/ip_vs_ftp.mod.o
  CC      net/netfilter/ipvs/ip_vs_lblc.mod.o
  CC      net/netfilter/ipvs/ip_vs_lblcr.mod.o
  CC      net/netfilter/ipvs/ip_vs_lc.mod.o
  CC      net/netfilter/ipvs/ip_vs_nq.mod.o
  CC      net/netfilter/ipvs/ip_vs_ovf.mod.o
  CC      net/netfilter/ipvs/ip_vs_pe_sip.mod.o
  CC      net/netfilter/ipvs/ip_vs_rr.mod.o
  CC      net/netfilter/ipvs/ip_vs_sed.mod.o
  CC      net/netfilter/ipvs/ip_vs_sh.mod.o
  CC      net/netfilter/ipvs/ip_vs_wlc.mod.o
  CC      net/netfilter/ipvs/ip_vs_wrr.mod.o
  CC      net/netfilter/nf_conntrack.mod.o
  CC      net/netfilter/nf_conntrack_amanda.mod.o
  CC      net/netfilter/nf_conntrack_broadcast.mod.o
  CC      net/netfilter/nf_conntrack_ftp.mod.o
  CC      net/netfilter/nf_conntrack_h323.mod.o
  CC      net/netfilter/nf_conntrack_irc.mod.o
  CC      net/netfilter/nf_conntrack_netbios_ns.mod.o
  CC      net/netfilter/nf_conntrack_netlink.mod.o
  CC      net/netfilter/nf_conntrack_pptp.mod.o
  CC      net/netfilter/nf_conntrack_proto_gre.mod.o
  CC      net/netfilter/nf_conntrack_sane.mod.o
  CC      net/netfilter/nf_conntrack_sip.mod.o
  CC      net/netfilter/nf_conntrack_snmp.mod.o
  CC      net/netfilter/nf_conntrack_tftp.mod.o
  CC      net/netfilter/nf_dup_netdev.mod.o
  CC      net/netfilter/nf_log_common.mod.o
  CC      net/netfilter/nf_nat.mod.o
  CC      net/netfilter/nf_nat_amanda.mod.o
  CC      net/netfilter/nf_nat_ftp.mod.o
  CC      net/netfilter/nf_nat_irc.mod.o
  CC      net/netfilter/nf_nat_redirect.mod.o
  CC      net/netfilter/nf_nat_sip.mod.o
  CC      net/netfilter/nf_nat_tftp.mod.o
  CC      net/netfilter/nf_synproxy_core.mod.o
  CC      net/netfilter/nf_tables.mod.o
  CC      net/netfilter/nf_tables_inet.mod.o
  CC      net/netfilter/nf_tables_netdev.mod.o
  CC      net/netfilter/nfnetlink.mod.o
  CC      net/netfilter/nfnetlink_acct.mod.o
  CC      net/netfilter/nfnetlink_cthelper.mod.o
  CC      net/netfilter/nfnetlink_cttimeout.mod.o
  CC      net/netfilter/nfnetlink_log.mod.o
  CC      net/netfilter/nfnetlink_queue.mod.o
  CC      net/netfilter/nft_compat.mod.o
  CC      net/netfilter/nft_counter.mod.o
  CC      net/netfilter/nft_ct.mod.o
  CC      net/netfilter/nft_dup_netdev.mod.o
  CC      net/netfilter/nft_exthdr.mod.o
  CC      net/netfilter/nft_fwd_netdev.mod.o
  CC      net/netfilter/nft_hash.mod.o
  CC      net/netfilter/nft_limit.mod.o
  CC      net/netfilter/nft_log.mod.o
  CC      net/netfilter/nft_masq.mod.o
  CC      net/netfilter/nft_meta.mod.o
  CC      net/netfilter/nft_nat.mod.o
  CC      net/netfilter/nft_queue.mod.o
  CC      net/netfilter/nft_redir.mod.o
  CC      net/netfilter/nft_reject.mod.o
  CC      net/netfilter/nft_reject_inet.mod.o
  CC      net/netfilter/x_tables.mod.o
  CC      net/netfilter/xt_CHECKSUM.mod.o
  CC      net/netfilter/xt_CLASSIFY.mod.o
  CC      net/netfilter/xt_CONNSECMARK.mod.o
  CC      net/netfilter/xt_CT.mod.o
  CC      net/netfilter/xt_DSCP.mod.o
  CC      net/netfilter/xt_HL.mod.o
  CC      net/netfilter/xt_HMARK.mod.o
  CC      net/netfilter/xt_IDLETIMER.mod.o
  CC      net/netfilter/xt_LED.mod.o
  CC      net/netfilter/xt_LOG.mod.o
  CC      net/netfilter/xt_NETMAP.mod.o
  CC      net/netfilter/xt_NFLOG.mod.o
  CC      net/netfilter/xt_NFQUEUE.mod.o
  CC      net/netfilter/xt_RATEEST.mod.o
  CC      net/netfilter/xt_REDIRECT.mod.o
  CC      net/netfilter/xt_SECMARK.mod.o
  CC      net/netfilter/xt_TCPMSS.mod.o
  CC      net/netfilter/xt_TCPOPTSTRIP.mod.o
  CC      net/netfilter/xt_TEE.mod.o
  CC      net/netfilter/xt_TPROXY.mod.o
  CC      net/netfilter/xt_TRACE.mod.o
  CC      net/netfilter/xt_addrtype.mod.o
  CC      net/netfilter/xt_bpf.mod.o
  CC      net/netfilter/xt_cgroup.mod.o
  CC      net/netfilter/xt_cluster.mod.o
  CC      net/netfilter/xt_comment.mod.o
  CC      net/netfilter/xt_connbytes.mod.o
  CC      net/netfilter/xt_connlabel.mod.o
  CC      net/netfilter/xt_connlimit.mod.o
  CC      net/netfilter/xt_connmark.mod.o
  CC      net/netfilter/xt_conntrack.mod.o
  CC      net/netfilter/xt_cpu.mod.o
  CC      net/netfilter/xt_dccp.mod.o
  CC      net/netfilter/xt_devgroup.mod.o
  CC      net/netfilter/xt_dscp.mod.o
  CC      net/netfilter/xt_ecn.mod.o
  CC      net/netfilter/xt_esp.mod.o
  CC      net/netfilter/xt_hashlimit.mod.o
  CC      net/netfilter/xt_helper.mod.o
  CC      net/netfilter/xt_hl.mod.o
  CC      net/netfilter/xt_ipcomp.mod.o
  CC      net/netfilter/xt_iprange.mod.o
  CC      net/netfilter/xt_ipvs.mod.o
  CC      net/netfilter/xt_l2tp.mod.o
  CC      net/netfilter/xt_length.mod.o
  CC      net/netfilter/xt_limit.mod.o
  CC      net/netfilter/xt_mac.mod.o
  CC      net/netfilter/xt_mark.mod.o
  CC      net/netfilter/xt_multiport.mod.o
  CC      net/netfilter/xt_nat.mod.o
  CC      net/netfilter/xt_nfacct.mod.o
  CC      net/netfilter/xt_osf.mod.o
  CC      net/netfilter/xt_owner.mod.o
  CC      net/netfilter/xt_physdev.mod.o
  CC      net/netfilter/xt_pkttype.mod.o
  CC      net/netfilter/xt_policy.mod.o
  CC      net/netfilter/xt_quota.mod.o
  CC      net/netfilter/xt_rateest.mod.o
  CC      net/netfilter/xt_realm.mod.o
  CC      net/netfilter/xt_recent.mod.o
  CC      net/netfilter/xt_sctp.mod.o
  CC      net/netfilter/xt_set.mod.o
  CC      net/netfilter/xt_state.mod.o
  CC      net/netfilter/xt_statistic.mod.o
  CC      net/netfilter/xt_string.mod.o
  CC      net/netfilter/xt_tcpmss.mod.o
  CC      net/netfilter/xt_tcpudp.mod.o
  CC      net/netfilter/xt_time.mod.o
  CC      net/netfilter/xt_u32.mod.o
  CC      net/netlink/netlink_diag.mod.o
  CC      net/netrom/netrom.mod.o
  CC      net/nfc/hci/hci.mod.o
  CC      net/nfc/nci/nci.mod.o
  CC      net/nfc/nfc.mod.o
  CC      net/nfc/nfc_digital.mod.o
  CC      net/openvswitch/openvswitch.mod.o
  CC      net/openvswitch/vport-geneve.mod.o
  CC      net/openvswitch/vport-gre.mod.o
  CC      net/openvswitch/vport-vxlan.mod.o
  CC      net/packet/af_packet_diag.mod.o
  CC      net/phonet/phonet.mod.o
  CC      net/phonet/pn_pep.mod.o
  CC      net/rfkill/rfkill-gpio.mod.o
  CC      net/rfkill/rfkill.mod.o
  CC      net/rose/rose.mod.o
  CC      net/rxrpc/af-rxrpc.mod.o
  CC      net/sched/act_bpf.mod.o
  CC      net/sched/act_connmark.mod.o
  CC      net/sched/act_csum.mod.o
  CC      net/sched/act_gact.mod.o
  CC      net/sched/act_ife.mod.o
  CC      net/sched/act_ipt.mod.o
  CC      net/sched/act_meta_mark.mod.o
  CC      net/sched/act_meta_skbprio.mod.o
  CC      net/sched/act_mirred.mod.o
  CC      net/sched/act_nat.mod.o
  CC      net/sched/act_pedit.mod.o
  CC      net/sched/act_police.mod.o
  CC      net/sched/act_simple.mod.o
  CC      net/sched/act_skbedit.mod.o
  CC      net/sched/act_vlan.mod.o
  CC      net/sched/cls_basic.mod.o
  CC      net/sched/cls_bpf.mod.o
  CC      net/sched/cls_cgroup.mod.o
  CC      net/sched/cls_flow.mod.o
  CC      net/sched/cls_flower.mod.o
  CC      net/sched/cls_fw.mod.o
  CC      net/sched/cls_matchall.mod.o
  CC      net/sched/cls_route.mod.o
  CC      net/sched/cls_rsvp.mod.o
  CC      net/sched/cls_rsvp6.mod.o
  CC      net/sched/cls_tcindex.mod.o
  CC      net/sched/cls_u32.mod.o
  CC      net/sched/sch_atm.mod.o
  CC      net/sched/sch_cbq.mod.o
  CC      net/sched/sch_choke.mod.o
  CC      net/sched/sch_codel.mod.o
  CC      net/sched/sch_drr.mod.o
  CC      net/sched/sch_dsmark.mod.o
  CC      net/sched/sch_fq.mod.o
  CC      net/sched/sch_fq_codel.mod.o
  CC      net/sched/sch_gred.mod.o
  CC      net/sched/sch_hfsc.mod.o
  CC      net/sched/sch_hhf.mod.o
  CC      net/sched/sch_htb.mod.o
  CC      net/sched/sch_ingress.mod.o
  CC      net/sched/sch_mqprio.mod.o
  CC      net/sched/sch_multiq.mod.o
  CC      net/sched/sch_netem.mod.o
  CC      net/sched/sch_pie.mod.o
  CC      net/sched/sch_plug.mod.o
  CC      net/sched/sch_prio.mod.o
  CC      net/sched/sch_qfq.mod.o
  CC      net/sched/sch_red.mod.o
  CC      net/sched/sch_sfb.mod.o
  CC      net/sched/sch_sfq.mod.o
  CC      net/sched/sch_tbf.mod.o
  CC      net/sched/sch_teql.mod.o
  CC      net/sctp/sctp.mod.o
  CC      net/sctp/sctp_diag.mod.o
  CC      net/sctp/sctp_probe.mod.o
  CC      net/strparser/strparser.mod.o
  CC      net/sunrpc/auth_gss/auth_rpcgss.mod.o
  CC      net/sunrpc/auth_gss/rpcsec_gss_krb5.mod.o
  CC      net/sunrpc/sunrpc.mod.o
  CC      net/sunrpc/xprtrdma/rpcrdma.mod.o
  CC      net/unix/unix_diag.mod.o
  CC      net/vmw_vsock/vmw_vsock_virtio_transport.mod.o
  CC      net/vmw_vsock/vmw_vsock_virtio_transport_common.mod.o
  CC      net/vmw_vsock/vmw_vsock_vmci_transport.mod.o
  CC      net/vmw_vsock/vsock.mod.o
  CC      net/wimax/wimax.mod.o
  CC      net/wireless/cfg80211.mod.o
  CC      net/wireless/lib80211.mod.o
  CC      net/wireless/lib80211_crypt_ccmp.mod.o
  CC      net/wireless/lib80211_crypt_tkip.mod.o
  CC      net/wireless/lib80211_crypt_wep.mod.o
  CC      net/xfrm/xfrm_algo.mod.o
  CC      net/xfrm/xfrm_ipcomp.mod.o
  CC      net/xfrm/xfrm_user.mod.o
  CC      security/keys/encrypted-keys/encrypted-keys.mod.o
  CC      security/keys/trusted.mod.o
  CC      sound/ac97_bus.mod.o
  CC      sound/core/oss/snd-mixer-oss.mod.o
  CC      sound/core/oss/snd-pcm-oss.mod.o
  CC      sound/core/seq/oss/snd-seq-oss.mod.o
  CC      sound/core/seq/snd-seq-device.mod.o
  CC      sound/core/seq/snd-seq-dummy.mod.o
  CC      sound/core/seq/snd-seq-midi-emul.mod.o
  CC      sound/core/seq/snd-seq-midi-event.mod.o
  CC      sound/core/seq/snd-seq-midi.mod.o
  CC      sound/core/seq/snd-seq-virmidi.mod.o
  CC      sound/core/seq/snd-seq.mod.o
  CC      sound/core/snd-compress.mod.o
  CC      sound/core/snd-hrtimer.mod.o
  CC      sound/core/snd-hwdep.mod.o
  CC      sound/core/snd-pcm-dmaengine.mod.o
  CC      sound/core/snd-pcm.mod.o
  CC      sound/core/snd-rawmidi.mod.o
  CC      sound/core/snd-timer.mod.o
  CC      sound/core/snd.mod.o
  CC      sound/drivers/mpu401/snd-mpu401-uart.mod.o
  CC      sound/drivers/mpu401/snd-mpu401.mod.o
  CC      sound/drivers/opl3/snd-opl3-lib.mod.o
  CC      sound/drivers/opl3/snd-opl3-synth.mod.o
  CC      sound/drivers/snd-aloop.mod.o
  CC      sound/drivers/snd-dummy.mod.o
  CC      sound/drivers/snd-mtpav.mod.o
  CC      sound/drivers/snd-mts64.mod.o
  CC      sound/drivers/snd-portman2x4.mod.o
  CC      sound/drivers/snd-serial-u16550.mod.o
  CC      sound/drivers/snd-virmidi.mod.o
  CC      sound/drivers/vx/snd-vx-lib.mod.o
  CC      sound/firewire/bebob/snd-bebob.mod.o
  CC      sound/firewire/dice/snd-dice.mod.o
  CC      sound/firewire/digi00x/snd-firewire-digi00x.mod.o
  CC      sound/firewire/fireworks/snd-fireworks.mod.o
  CC      sound/firewire/oxfw/snd-oxfw.mod.o
  CC      sound/firewire/snd-firewire-lib.mod.o
  CC      sound/firewire/snd-isight.mod.o
  CC      sound/firewire/tascam/snd-firewire-tascam.mod.o
  CC      sound/hda/ext/snd-hda-ext-core.mod.o
  CC      sound/hda/snd-hda-core.mod.o
  CC      sound/i2c/other/snd-ak4113.mod.o
  CC      sound/i2c/other/snd-ak4114.mod.o
  CC      sound/i2c/other/snd-ak4117.mod.o
  CC      sound/i2c/other/snd-ak4xxx-adda.mod.o
  CC      sound/i2c/other/snd-pt2258.mod.o
  CC      sound/i2c/snd-cs8427.mod.o
  CC      sound/i2c/snd-i2c.mod.o
  CC      sound/isa/sb/snd-sb-common.mod.o
  CC      sound/pci/ac97/snd-ac97-codec.mod.o
  CC      sound/pci/ali5451/snd-ali5451.mod.o
  CC      sound/pci/asihpi/snd-asihpi.mod.o
  CC      sound/pci/au88x0/snd-au8810.mod.o
  CC      sound/pci/au88x0/snd-au8820.mod.o
  CC      sound/pci/au88x0/snd-au8830.mod.o
  CC      sound/pci/aw2/snd-aw2.mod.o
  CC      sound/pci/ca0106/snd-ca0106.mod.o
  CC      sound/pci/cs46xx/snd-cs46xx.mod.o
  CC      sound/pci/ctxfi/snd-ctxfi.mod.o
  CC      sound/pci/echoaudio/snd-darla20.mod.o
  CC      sound/pci/echoaudio/snd-darla24.mod.o
  CC      sound/pci/echoaudio/snd-echo3g.mod.o
  CC      sound/pci/echoaudio/snd-gina20.mod.o
  CC      sound/pci/echoaudio/snd-gina24.mod.o
  CC      sound/pci/echoaudio/snd-indigo.mod.o
  CC      sound/pci/echoaudio/snd-indigodj.mod.o
  CC      sound/pci/echoaudio/snd-indigodjx.mod.o
  CC      sound/pci/echoaudio/snd-indigoio.mod.o
  CC      sound/pci/echoaudio/snd-indigoiox.mod.o
  CC      sound/pci/echoaudio/snd-layla20.mod.o
  CC      sound/pci/echoaudio/snd-layla24.mod.o
  CC      sound/pci/echoaudio/snd-mia.mod.o
  CC      sound/pci/echoaudio/snd-mona.mod.o
  CC      sound/pci/emu10k1/snd-emu10k1-synth.mod.o
  CC      sound/pci/emu10k1/snd-emu10k1.mod.o
  CC      sound/pci/emu10k1/snd-emu10k1x.mod.o
  CC      sound/pci/hda/snd-hda-codec-analog.mod.o
  CC      sound/pci/hda/snd-hda-codec-ca0110.mod.o
  CC      sound/pci/hda/snd-hda-codec-ca0132.mod.o
  CC      sound/pci/hda/snd-hda-codec-cirrus.mod.o
  CC      sound/pci/hda/snd-hda-codec-cmedia.mod.o
  CC      sound/pci/hda/snd-hda-codec-conexant.mod.o
  CC      sound/pci/hda/snd-hda-codec-generic.mod.o
  CC      sound/pci/hda/snd-hda-codec-hdmi.mod.o
  CC      sound/pci/hda/snd-hda-codec-idt.mod.o
  CC      sound/pci/hda/snd-hda-codec-realtek.mod.o
  CC      sound/pci/hda/snd-hda-codec-si3054.mod.o
  CC      sound/pci/hda/snd-hda-codec-via.mod.o
  CC      sound/pci/hda/snd-hda-codec.mod.o
  CC      sound/pci/hda/snd-hda-intel.mod.o
  CC      sound/pci/ice1712/snd-ice1712.mod.o
  CC      sound/pci/ice1712/snd-ice1724.mod.o
  CC      sound/pci/ice1712/snd-ice17xx-ak4xxx.mod.o
  CC      sound/pci/korg1212/snd-korg1212.mod.o
  CC      sound/pci/lola/snd-lola.mod.o
  CC      sound/pci/lx6464es/snd-lx6464es.mod.o
  CC      sound/pci/mixart/snd-mixart.mod.o
  CC      sound/pci/nm256/snd-nm256.mod.o
  CC      sound/pci/oxygen/snd-oxygen-lib.mod.o
  CC      sound/pci/oxygen/snd-oxygen.mod.o
  CC      sound/pci/oxygen/snd-virtuoso.mod.o
  CC      sound/pci/pcxhr/snd-pcxhr.mod.o
  CC      sound/pci/riptide/snd-riptide.mod.o
  CC      sound/pci/rme9652/snd-hdsp.mod.o
  CC      sound/pci/rme9652/snd-hdspm.mod.o
  CC      sound/pci/rme9652/snd-rme9652.mod.o
  CC      sound/pci/snd-ad1889.mod.o
  CC      sound/pci/snd-als300.mod.o
  CC      sound/pci/snd-als4000.mod.o
  CC      sound/pci/snd-atiixp-modem.mod.o
  CC      sound/pci/snd-atiixp.mod.o
  CC      sound/pci/snd-azt3328.mod.o
  CC      sound/pci/snd-bt87x.mod.o
  CC      sound/pci/snd-cmipci.mod.o
  CC      sound/pci/snd-cs4281.mod.o
  CC      sound/pci/snd-ens1370.mod.o
  CC      sound/pci/snd-ens1371.mod.o
  CC      sound/pci/snd-es1938.mod.o
  CC      sound/pci/snd-es1968.mod.o
  CC      sound/pci/snd-fm801.mod.o
  CC      sound/pci/snd-intel8x0.mod.o
  CC      sound/pci/snd-intel8x0m.mod.o
  CC      sound/pci/snd-maestro3.mod.o
  CC      sound/pci/snd-rme32.mod.o
  CC      sound/pci/snd-rme96.mod.o
  CC      sound/pci/snd-sonicvibes.mod.o
  CC      sound/pci/snd-via82xx-modem.mod.o
  CC      sound/pci/snd-via82xx.mod.o
  CC      sound/pci/trident/snd-trident.mod.o
  CC      sound/pci/vx222/snd-vx222.mod.o
  CC      sound/pci/ymfpci/snd-ymfpci.mod.o
  CC      sound/pcmcia/pdaudiocf/snd-pdaudiocf.mod.o
  CC      sound/pcmcia/vx/snd-vxpocket.mod.o
  CC      sound/soc/amd/snd-soc-acp-pcm.mod.o
  CC      sound/soc/codecs/snd-soc-ac97.mod.o
  CC      sound/soc/codecs/snd-soc-da7219.mod.o
  CC      sound/soc/codecs/snd-soc-dmic.mod.o
  CC      sound/soc/codecs/snd-soc-hdac-hdmi.mod.o
  CC      sound/soc/codecs/snd-soc-hdmi-codec.mod.o
  CC      sound/soc/codecs/snd-soc-max98090.mod.o
  CC      sound/soc/codecs/snd-soc-max98357a.mod.o
  CC      sound/soc/codecs/snd-soc-nau8825.mod.o
  CC      sound/soc/codecs/snd-soc-rl6231.mod.o
  CC      sound/soc/codecs/snd-soc-rl6347a.mod.o
  CC      sound/soc/codecs/snd-soc-rt286.mod.o
  CC      sound/soc/codecs/snd-soc-rt298.mod.o
  CC      sound/soc/codecs/snd-soc-rt5640.mod.o
  CC      sound/soc/codecs/snd-soc-rt5645.mod.o
  CC      sound/soc/codecs/snd-soc-rt5651.mod.o
  CC      sound/soc/codecs/snd-soc-rt5670.mod.o
  CC      sound/soc/codecs/snd-soc-si476x.mod.o
  CC      sound/soc/codecs/snd-soc-spdif-rx.mod.o
  CC      sound/soc/codecs/snd-soc-spdif-tx.mod.o
  CC      sound/soc/codecs/snd-soc-ssm4567.mod.o
  CC      sound/soc/codecs/snd-soc-ts3a227e.mod.o
  CC      sound/soc/dwc/designware_i2s.mod.o
  CC      sound/soc/dwc/designware_pcm.mod.o
  CC      sound/soc/generic/snd-soc-simple-card-utils.mod.o
  CC      sound/soc/generic/snd-soc-simple-card.mod.o
  CC      sound/soc/intel/atom/snd-soc-sst-mfld-platform.mod.o
  CC      sound/soc/intel/atom/sst/snd-intel-sst-acpi.mod.o
  CC      sound/soc/intel/atom/sst/snd-intel-sst-core.mod.o
  CC      sound/soc/intel/boards/snd-skl_nau88l25_max98357a.mod.o
  CC      sound/soc/intel/boards/snd-soc-skl_nau88l25_ssm4567.mod.o
  CC      sound/soc/intel/boards/snd-soc-skl_rt286.mod.o
  CC      sound/soc/intel/boards/snd-soc-sst-broadwell.mod.o
  CC      sound/soc/intel/boards/snd-soc-sst-bxt-da7219_max98357a.mod.o
  CC      sound/soc/intel/boards/snd-soc-sst-bxt-rt298.mod.o
  CC      sound/soc/intel/boards/snd-soc-sst-bytcr-rt5640.mod.o
  CC      sound/soc/intel/boards/snd-soc-sst-bytcr-rt5651.mod.o
  CC      sound/soc/intel/boards/snd-soc-sst-cht-bsw-max98090_ti.mod.o
  CC      sound/soc/intel/boards/snd-soc-sst-cht-bsw-rt5645.mod.o
  CC      sound/soc/intel/boards/snd-soc-sst-cht-bsw-rt5672.mod.o
  CC      sound/soc/intel/boards/snd-soc-sst-haswell.mod.o
  CC      sound/soc/intel/common/snd-soc-sst-acpi.mod.o
  CC      sound/soc/intel/common/snd-soc-sst-dsp.mod.o
  CC      sound/soc/intel/common/snd-soc-sst-firmware.mod.o
  CC      sound/soc/intel/common/snd-soc-sst-ipc.mod.o
  CC      sound/soc/intel/common/snd-soc-sst-match.mod.o
  CC      sound/soc/intel/haswell/snd-soc-sst-haswell-pcm.mod.o
  CC      sound/soc/intel/skylake/snd-soc-skl-ipc.mod.o
  CC      sound/soc/intel/skylake/snd-soc-skl.mod.o
  CC      sound/soc/snd-soc-core.mod.o
  CC      sound/soundcore.mod.o
  CC      sound/synth/emux/snd-emux-synth.mod.o
  CC      sound/synth/snd-util-mem.mod.o
  CC      sound/usb/6fire/snd-usb-6fire.mod.o
  CC      sound/usb/bcd2000/snd-bcd2000.mod.o
  CC      sound/usb/caiaq/snd-usb-caiaq.mod.o
  CC      sound/usb/hiface/snd-usb-hiface.mod.o
  CC      sound/usb/line6/snd-usb-line6.mod.o
  CC      sound/usb/line6/snd-usb-pod.mod.o
  CC      sound/usb/line6/snd-usb-podhd.mod.o
  CC      sound/usb/line6/snd-usb-toneport.mod.o
  CC      sound/usb/line6/snd-usb-variax.mod.o
  CC      sound/usb/misc/snd-ua101.mod.o
  CC      sound/usb/snd-usb-audio.mod.o
  CC      sound/usb/snd-usbmidi-lib.mod.o
  CC      sound/usb/usx2y/snd-usb-us122l.mod.o
  CC      sound/usb/usx2y/snd-usb-usx2y.mod.o
  CC      virt/lib/irqbypass.mod.o
  LD [M]  arch/x86/crypto/aes-x86_64.ko
  LD [M]  arch/x86/crypto/aesni-intel.ko
  LD [M]  arch/x86/crypto/blowfish-x86_64.ko
  LD [M]  arch/x86/crypto/camellia-aesni-avx-x86_64.ko
  LD [M]  arch/x86/crypto/camellia-aesni-avx2.ko
  LD [M]  arch/x86/crypto/camellia-x86_64.ko
  LD [M]  arch/x86/crypto/cast5-avx-x86_64.ko
  LD [M]  arch/x86/crypto/cast6-avx-x86_64.ko
  LD [M]  arch/x86/crypto/chacha20-x86_64.ko
  LD [M]  arch/x86/crypto/crc32-pclmul.ko
  LD [M]  arch/x86/crypto/crc32c-intel.ko
  LD [M]  arch/x86/crypto/crct10dif-pclmul.ko
  LD [M]  arch/x86/crypto/des3_ede-x86_64.ko
  LD [M]  arch/x86/crypto/ghash-clmulni-intel.ko
  LD [M]  arch/x86/crypto/glue_helper.ko
  LD [M]  arch/x86/crypto/poly1305-x86_64.ko
  LD [M]  arch/x86/crypto/salsa20-x86_64.ko
  LD [M]  arch/x86/crypto/serpent-avx-x86_64.ko
  LD [M]  arch/x86/crypto/serpent-avx2.ko
  LD [M]  arch/x86/crypto/serpent-sse2-x86_64.ko
  LD [M]  arch/x86/crypto/sha1-mb/sha1-mb.ko
  LD [M]  arch/x86/crypto/sha1-ssse3.ko
  LD [M]  arch/x86/crypto/sha256-mb/sha256-mb.ko
  LD [M]  arch/x86/crypto/sha256-ssse3.ko
  LD [M]  arch/x86/crypto/sha512-mb/sha512-mb.ko
  LD [M]  arch/x86/crypto/sha512-ssse3.ko
  LD [M]  arch/x86/crypto/twofish-avx-x86_64.ko
  LD [M]  arch/x86/crypto/twofish-x86_64-3way.ko
  LD [M]  arch/x86/crypto/twofish-x86_64.ko
  LD [M]  arch/x86/events/amd/power.ko
  LD [M]  arch/x86/events/intel/intel-cstate.ko
  LD [M]  arch/x86/events/intel/intel-rapl-perf.ko
  LD [M]  arch/x86/kernel/cpuid.ko
  LD [M]  arch/x86/kernel/msr.ko
  LD [M]  arch/x86/kvm/kvm-amd.ko
  LD [M]  arch/x86/kvm/kvm-intel.ko
  LD [M]  arch/x86/kvm/kvm.ko
  LD [M]  arch/x86/oprofile/oprofile.ko
  LD [M]  crypto/842.ko
  LD [M]  crypto/ablk_helper.ko
  LD [M]  crypto/af_alg.ko
  LD [M]  crypto/algif_aead.ko
  LD [M]  crypto/algif_hash.ko
  LD [M]  crypto/algif_rng.ko
  LD [M]  crypto/algif_skcipher.ko
  LD [M]  crypto/ansi_cprng.ko
  LD [M]  crypto/arc4.ko
  LD [M]  crypto/anubis.ko
  LD [M]  crypto/asymmetric_keys/pkcs7_message.ko
  LD [M]  crypto/asymmetric_keys/public_key.ko
  LD [M]  crypto/asymmetric_keys/x509_key_parser.ko
  LD [M]  crypto/async_tx/async_memcpy.ko
  LD [M]  crypto/async_tx/async_pq.ko
  LD [M]  crypto/async_tx/async_raid6_recov.ko
  LD [M]  crypto/async_tx/async_tx.ko
  LD [M]  crypto/async_tx/async_xor.ko
  LD [M]  crypto/async_tx/raid6test.ko
  LD [M]  crypto/authenc.ko
  LD [M]  crypto/blowfish_common.ko
  LD [M]  crypto/authencesn.ko
  LD [M]  crypto/camellia_generic.ko
  LD [M]  crypto/blowfish_generic.ko
  LD [M]  crypto/cast5_generic.ko
  LD [M]  crypto/cast_common.ko
  LD [M]  crypto/cast6_generic.ko
  LD [M]  crypto/cbc.ko
  LD [M]  crypto/ccm.ko
  LD [M]  crypto/chacha20_generic.ko
  LD [M]  crypto/chacha20poly1305.ko
  LD [M]  crypto/cmac.ko
  LD [M]  crypto/crc32_generic.ko
  LD [M]  crypto/crc32c_generic.ko
  LD [M]  crypto/cryptd.ko
  LD [M]  crypto/crypto_simd.ko
  LD [M]  crypto/crypto_user.ko
  LD [M]  crypto/ctr.ko
  LD [M]  crypto/cts.ko
  LD [M]  crypto/deflate.ko
  LD [M]  crypto/dh_generic.ko
  LD [M]  crypto/des_generic.ko
  LD [M]  crypto/drbg.ko
  LD [M]  crypto/ecdh_generic.ko
  LD [M]  crypto/echainiv.ko
  LD [M]  crypto/fcrypt.ko
  LD [M]  crypto/gcm.ko
  LD [M]  crypto/gf128mul.ko
  LD [M]  crypto/ghash-generic.ko
  LD [M]  crypto/hmac.ko
  LD [M]  crypto/jitterentropy_rng.ko
  LD [M]  crypto/keywrap.ko
  LD [M]  crypto/khazad.ko
  LD [M]  crypto/lrw.ko
  LD [M]  crypto/lz4.ko
  LD [M]  crypto/lz4hc.ko
  LD [M]  crypto/mcryptd.ko
  LD [M]  crypto/md4.ko
  LD [M]  crypto/michael_mic.ko
  LD [M]  crypto/pcbc.ko
  LD [M]  crypto/pcrypt.ko
  LD [M]  crypto/poly1305_generic.ko
  LD [M]  crypto/rmd128.ko
  LD [M]  crypto/rmd160.ko
  LD [M]  crypto/rmd256.ko
  LD [M]  crypto/rmd320.ko
  LD [M]  crypto/rsa_generic.ko
  LD [M]  crypto/salsa20_generic.ko
  LD [M]  crypto/seed.ko
  LD [M]  crypto/seqiv.ko
  LD [M]  crypto/serpent_generic.ko
  LD [M]  crypto/sha1_generic.ko
  LD [M]  crypto/sha256_generic.ko
  LD [M]  crypto/sha3_generic.ko
  LD [M]  crypto/sha512_generic.ko
  LD [M]  crypto/tcrypt.ko
  LD [M]  crypto/tea.ko
  LD [M]  crypto/tgr192.ko
  LD [M]  crypto/twofish_common.ko
  LD [M]  crypto/vmac.ko
  LD [M]  crypto/twofish_generic.ko
  LD [M]  crypto/wp512.ko
  LD [M]  crypto/xcbc.ko
  LD [M]  crypto/xor.ko
  LD [M]  crypto/xts.ko
  LD [M]  drivers/acpi/ac.ko
  LD [M]  drivers/acpi/acpi_configfs.ko
  LD [M]  drivers/acpi/acpi_extlog.ko
  LD [M]  drivers/acpi/acpi_ipmi.ko
  LD [M]  drivers/acpi/acpi_pad.ko
  LD [M]  drivers/acpi/apei/einj.ko
  LD [M]  drivers/acpi/apei/erst-dbg.ko
  LD [M]  drivers/acpi/battery.ko
  LD [M]  drivers/acpi/button.ko
  LD [M]  drivers/acpi/custom_method.ko
  LD [M]  drivers/acpi/dptf/dptf_power.ko
  LD [M]  drivers/acpi/fan.ko
  LD [M]  drivers/acpi/nfit/nfit.ko
  LD [M]  drivers/acpi/ec_sys.ko
  LD [M]  drivers/acpi/sbs.ko
  LD [M]  drivers/acpi/sbshc.ko
  LD [M]  drivers/acpi/thermal.ko
  LD [M]  drivers/acpi/video.ko
  LD [M]  drivers/ata/acard-ahci.ko
  LD [M]  drivers/ata/ahci.ko
  LD [M]  drivers/ata/ahci_platform.ko
  LD [M]  drivers/ata/ata_generic.ko
  LD [M]  drivers/ata/ata_piix.ko
  LD [M]  drivers/ata/libahci.ko
  LD [M]  drivers/ata/libahci_platform.ko
  LD [M]  drivers/ata/libata.ko
  LD [M]  drivers/ata/pata_acpi.ko
  LD [M]  drivers/ata/pata_ali.ko
  LD [M]  drivers/ata/pata_amd.ko
  LD [M]  drivers/ata/pata_artop.ko
  LD [M]  drivers/ata/pata_atiixp.ko
  LD [M]  drivers/ata/pata_atp867x.ko
  LD [M]  drivers/ata/pata_cmd640.ko
  LD [M]  drivers/ata/pata_cmd64x.ko
  LD [M]  drivers/ata/pata_cypress.ko
  LD [M]  drivers/ata/pata_efar.ko
  LD [M]  drivers/ata/pata_hpt366.ko
  LD [M]  drivers/ata/pata_hpt3x2n.ko
  LD [M]  drivers/ata/pata_hpt3x3.ko
  LD [M]  drivers/ata/pata_hpt37x.ko
  LD [M]  drivers/ata/pata_it8213.ko
  LD [M]  drivers/ata/pata_it821x.ko
  LD [M]  drivers/ata/pata_jmicron.ko
  LD [M]  drivers/ata/pata_legacy.ko
  LD [M]  drivers/ata/pata_marvell.ko
  LD [M]  drivers/ata/pata_mpiix.ko
  LD [M]  drivers/ata/pata_ninja32.ko
  LD [M]  drivers/ata/pata_netcell.ko
  LD [M]  drivers/ata/pata_ns87410.ko
  LD [M]  drivers/ata/pata_ns87415.ko
  LD [M]  drivers/ata/pata_oldpiix.ko
  LD [M]  drivers/ata/pata_opti.ko
  LD [M]  drivers/ata/pata_optidma.ko
  LD [M]  drivers/ata/pata_pcmcia.ko
  LD [M]  drivers/ata/pata_pdc2027x.ko
  LD [M]  drivers/ata/pata_pdc202xx_old.ko
  LD [M]  drivers/ata/pata_piccolo.ko
  LD [M]  drivers/ata/pata_radisys.ko
  LD [M]  drivers/ata/pata_rdc.ko
  LD [M]  drivers/ata/pata_rz1000.ko
  LD [M]  drivers/ata/pata_sch.ko
  LD [M]  drivers/ata/pata_serverworks.ko
  LD [M]  drivers/ata/pata_sil680.ko
  LD [M]  drivers/ata/pata_sl82c105.ko
  LD [M]  drivers/ata/pata_sis.ko
  LD [M]  drivers/ata/pata_via.ko
  LD [M]  drivers/ata/pdc_adma.ko
  LD [M]  drivers/ata/pata_triflex.ko
  LD [M]  drivers/ata/sata_dwc_460ex.ko
  LD [M]  drivers/ata/sata_inic162x.ko
  LD [M]  drivers/ata/sata_mv.ko
  LD [M]  drivers/ata/sata_promise.ko
  LD [M]  drivers/ata/sata_qstor.ko
  LD [M]  drivers/ata/sata_nv.ko
  LD [M]  drivers/ata/sata_sil.ko
  LD [M]  drivers/ata/sata_sil24.ko
  LD [M]  drivers/ata/sata_sis.ko
  LD [M]  drivers/ata/sata_sx4.ko
  LD [M]  drivers/ata/sata_svw.ko
  LD [M]  drivers/ata/sata_uli.ko
  LD [M]  drivers/ata/sata_via.ko
  LD [M]  drivers/ata/sata_vsc.ko
  LD [M]  drivers/atm/ambassador.ko
  LD [M]  drivers/atm/atmtcp.ko
  LD [M]  drivers/atm/eni.ko
  LD [M]  drivers/atm/firestream.ko
  LD [M]  drivers/atm/fore_200e.ko
  LD [M]  drivers/atm/he.ko
  LD [M]  drivers/atm/horizon.ko
  LD [M]  drivers/atm/idt77252.ko
  LD [M]  drivers/atm/iphase.ko
  LD [M]  drivers/atm/lanai.ko
  LD [M]  drivers/atm/nicstar.ko
  LD [M]  drivers/atm/solos-pci.ko
  LD [M]  drivers/atm/suni.ko
  LD [M]  drivers/atm/uPD98402.ko
  LD [M]  drivers/atm/zatm.ko
  LD [M]  drivers/auxdisplay/cfag12864b.ko
  LD [M]  drivers/auxdisplay/cfag12864bfb.ko
  LD [M]  drivers/auxdisplay/ks0108.ko
  LD [M]  drivers/bcma/bcma.ko
  LD [M]  drivers/block/DAC960.ko
  LD [M]  drivers/block/aoe/aoe.ko
  LD [M]  drivers/block/brd.ko
  LD [M]  drivers/block/cciss.ko
  LD [M]  drivers/block/cryptoloop.ko
  LD [M]  drivers/block/drbd/drbd.ko
  LD [M]  drivers/block/floppy.ko
  LD [M]  drivers/block/loop.ko
  LD [M]  drivers/block/mtip32xx/mtip32xx.ko
  LD [M]  drivers/block/nbd.ko
  LD [M]  drivers/block/osdblk.ko
  LD [M]  drivers/block/pktcdvd.ko
  LD [M]  drivers/block/rbd.ko
  LD [M]  drivers/block/rsxx/rsxx.ko
  LD [M]  drivers/block/skd.ko
  LD [M]  drivers/block/sx8.ko
  LD [M]  drivers/block/virtio_blk.ko
  LD [M]  drivers/block/xen-blkback/xen-blkback.ko
  LD [M]  drivers/block/xen-blkfront.ko
  LD [M]  drivers/bluetooth/ath3k.ko
  LD [M]  drivers/block/zram/zram.ko
  LD [M]  drivers/bluetooth/bcm203x.ko
  LD [M]  drivers/bluetooth/bfusb.ko
  LD [M]  drivers/bluetooth/bluecard_cs.ko
  LD [M]  drivers/bluetooth/bpa10x.ko
  LD [M]  drivers/bluetooth/bt3c_cs.ko
  LD [M]  drivers/bluetooth/btbcm.ko
  LD [M]  drivers/bluetooth/btintel.ko
  LD [M]  drivers/bluetooth/btmrvl.ko
  LD [M]  drivers/bluetooth/btqca.ko
  LD [M]  drivers/bluetooth/btmrvl_sdio.ko
  LD [M]  drivers/bluetooth/btrtl.ko
  LD [M]  drivers/bluetooth/btsdio.ko
  LD [M]  drivers/bluetooth/btuart_cs.ko
  LD [M]  drivers/bluetooth/btusb.ko
  LD [M]  drivers/bluetooth/btwilink.ko
  LD [M]  drivers/bluetooth/dtl1_cs.ko
  LD [M]  drivers/bluetooth/hci_uart.ko
  LD [M]  drivers/bluetooth/hci_vhci.ko
  LD [M]  drivers/cdrom/cdrom.ko
  LD [M]  drivers/char/agp/amd64-agp.ko
  LD [M]  drivers/char/agp/intel-agp.ko
  LD [M]  drivers/char/agp/intel-gtt.ko
  LD [M]  drivers/char/agp/sis-agp.ko
  LD [M]  drivers/char/agp/via-agp.ko
  LD [M]  drivers/char/applicom.ko
  LD [M]  drivers/char/hangcheck-timer.ko
  LD [M]  drivers/char/hw_random/intel-rng.ko
  LD [M]  drivers/char/hw_random/amd-rng.ko
  LD [M]  drivers/char/hw_random/rng-core.ko
  LD [M]  drivers/char/hw_random/timeriomem-rng.ko
  LD [M]  drivers/char/hw_random/tpm-rng.ko
  LD [M]  drivers/char/hw_random/via-rng.ko
  LD [M]  drivers/char/hw_random/virtio-rng.ko
  LD [M]  drivers/char/ipmi/ipmi_devintf.ko
  LD [M]  drivers/char/ipmi/ipmi_poweroff.ko
  LD [M]  drivers/char/ipmi/ipmi_msghandler.ko
  LD [M]  drivers/char/ipmi/ipmi_si.ko
  LD [M]  drivers/char/ipmi/ipmi_ssif.ko
  LD [M]  drivers/char/ipmi/ipmi_watchdog.ko
  LD [M]  drivers/char/lp.ko
  LD [M]  drivers/char/mwave/mwave.ko
  LD [M]  drivers/char/nvram.ko
  LD [M]  drivers/char/pcmcia/cm4000_cs.ko
  LD [M]  drivers/char/pcmcia/cm4040_cs.ko
  LD [M]  drivers/char/pcmcia/synclink_cs.ko
  LD [M]  drivers/char/raw.ko
  LD [M]  drivers/char/ppdev.ko
  LD [M]  drivers/char/tlclk.ko
  LD [M]  drivers/char/tpm/tpm.ko
  LD [M]  drivers/char/tpm/tpm_atmel.ko
  LD [M]  drivers/char/tpm/tpm_crb.ko
  LD [M]  drivers/char/tpm/tpm_i2c_atmel.ko
  LD [M]  drivers/char/tpm/tpm_i2c_infineon.ko
  LD [M]  drivers/char/tpm/tpm_i2c_nuvoton.ko
  LD [M]  drivers/char/tpm/tpm_infineon.ko
  LD [M]  drivers/char/tpm/tpm_nsc.ko
  LD [M]  drivers/char/tpm/tpm_tis.ko
  LD [M]  drivers/char/tpm/tpm_tis_core.ko
  LD [M]  drivers/char/tpm/xen-tpmfront.ko
  LD [M]  drivers/char/virtio_console.ko
  LD [M]  drivers/cpufreq/acpi-cpufreq.ko
  LD [M]  drivers/cpufreq/amd_freq_sensitivity.ko
  LD [M]  drivers/cpufreq/cpufreq_conservative.ko
  LD [M]  drivers/cpufreq/cpufreq_powersave.ko
  LD [M]  drivers/cpufreq/cpufreq_userspace.ko
  LD [M]  drivers/cpufreq/p4-clockmod.ko
  LD [M]  drivers/cpufreq/pcc-cpufreq.ko
  LD [M]  drivers/cpufreq/powernow-k8.ko
  LD [M]  drivers/cpufreq/speedstep-lib.ko
  LD [M]  drivers/crypto/ccp/ccp-crypto.ko
  LD [M]  drivers/crypto/ccp/ccp.ko
  LD [M]  drivers/crypto/padlock-aes.ko
  LD [M]  drivers/crypto/qat/qat_c3xxx/qat_c3xxx.ko
  LD [M]  drivers/crypto/padlock-sha.ko
  LD [M]  drivers/crypto/qat/qat_c3xxxvf/qat_c3xxxvf.ko
  LD [M]  drivers/crypto/qat/qat_c62x/qat_c62x.ko
  LD [M]  drivers/crypto/qat/qat_c62xvf/qat_c62xvf.ko
  LD [M]  drivers/crypto/qat/qat_common/intel_qat.ko
  LD [M]  drivers/crypto/qat/qat_dh895xcc/qat_dh895xcc.ko
  LD [M]  drivers/crypto/qat/qat_dh895xccvf/qat_dh895xccvf.ko
  LD [M]  drivers/dax/dax.ko
  LD [M]  drivers/crypto/virtio/virtio_crypto.ko
  LD [M]  drivers/dax/dax_pmem.ko
  LD [M]  drivers/dca/dca.ko
  LD [M]  drivers/devfreq/governor_passive.ko
  LD [M]  drivers/devfreq/governor_performance.ko
  LD [M]  drivers/devfreq/governor_powersave.ko
  LD [M]  drivers/devfreq/governor_simpleondemand.ko
  LD [M]  drivers/dma/idma64.ko
  LD [M]  drivers/devfreq/governor_userspace.ko
  LD [M]  drivers/dma/ioat/ioatdma.ko
  LD [M]  drivers/dma/mic_x100_dma.ko
  LD [M]  drivers/edac/amd64_edac_mod.ko
  LD [M]  drivers/edac/e752x_edac.ko
  LD [M]  drivers/edac/edac_core.ko
  LD [M]  drivers/edac/edac_mce_amd.ko
  LD [M]  drivers/edac/i3000_edac.ko
  LD [M]  drivers/edac/i3200_edac.ko
  LD [M]  drivers/edac/i5000_edac.ko
  LD [M]  drivers/edac/i5100_edac.ko
  LD [M]  drivers/edac/i5400_edac.ko
  LD [M]  drivers/edac/i7300_edac.ko
  LD [M]  drivers/edac/i7core_edac.ko
  LD [M]  drivers/edac/i82975x_edac.ko
  LD [M]  drivers/edac/sb_edac.ko
  LD [M]  drivers/edac/skx_edac.ko
  LD [M]  drivers/edac/x38_edac.ko
  LD [M]  drivers/extcon/extcon-core.ko
  LD [M]  drivers/extcon/extcon-gpio.ko
  LD [M]  drivers/edac/ie31200_edac.ko
  LD [M]  drivers/extcon/extcon-sm5502.ko
  LD [M]  drivers/firewire/firewire-core.ko
  LD [M]  drivers/firewire/firewire-net.ko
  LD [M]  drivers/firewire/firewire-ohci.ko
  LD [M]  drivers/firewire/firewire-sbp2.ko
  LD [M]  drivers/firewire/nosy.ko
  LD [M]  drivers/firmware/dcdbas.ko
  LD [M]  drivers/firmware/dell_rbu.ko
  LD [M]  drivers/firmware/dmi-sysfs.ko
  LD [M]  drivers/firmware/edd.ko
  LD [M]  drivers/firmware/efi/capsule-loader.ko
  LD [M]  drivers/firmware/iscsi_ibft.ko
  LD [M]  drivers/firmware/qemu_fw_cfg.ko
  LD [M]  drivers/fmc/fmc-fakedev.ko
  LD [M]  drivers/fmc/fmc-chardev.ko
  LD [M]  drivers/fmc/fmc-write-eeprom.ko
  LD [M]  drivers/fmc/fmc-trivial.ko
  LD [M]  drivers/gpio/gpio-amd8111.ko
  LD [M]  drivers/fmc/fmc.ko
  LD [M]  drivers/gpio/gpio-ich.ko
  LD [M]  drivers/gpio/gpio-sch.ko
  LD [M]  drivers/gpio/gpio-sch311x.ko
  LD [M]  drivers/gpio/gpio-viperboard.ko
  LD [M]  drivers/gpu/drm/amd/amdgpu/amdgpu.ko
  LD [M]  drivers/gpu/drm/amd/amdkfd/amdkfd.ko
  LD [M]  drivers/gpu/drm/ast/ast.ko
  LD [M]  drivers/gpu/drm/bochs/bochs-drm.ko
  LD [M]  drivers/gpu/drm/bridge/analogix-anx78xx.ko
  LD [M]  drivers/gpu/drm/drm.ko
  LD [M]  drivers/gpu/drm/cirrus/cirrus.ko
  LD [M]  drivers/gpu/drm/drm_kms_helper.ko
  LD [M]  drivers/gpu/drm/gma500/gma500_gfx.ko
  LD [M]  drivers/gpu/drm/i2c/ch7006.ko
  LD [M]  drivers/gpu/drm/i2c/sil164.ko
  LD [M]  drivers/gpu/drm/i2c/tda998x.ko
  LD [M]  drivers/gpu/drm/i915/i915.ko
  LD [M]  drivers/gpu/drm/mgag200/mgag200.ko
  LD [M]  drivers/gpu/drm/nouveau/nouveau.ko
  LD [M]  drivers/gpu/drm/qxl/qxl.ko
  LD [M]  drivers/gpu/drm/radeon/radeon.ko
  LD [M]  drivers/gpu/drm/ttm/ttm.ko
  LD [M]  drivers/gpu/drm/udl/udl.ko
  LD [M]  drivers/gpu/drm/vgem/vgem.ko
  LD [M]  drivers/gpu/drm/virtio/virtio-gpu.ko
  LD [M]  drivers/gpu/drm/vmwgfx/vmwgfx.ko
  LD [M]  drivers/hid/hid-a4tech.ko
  LD [M]  drivers/hid/hid-alps.ko
  LD [M]  drivers/hid/hid-apple.ko
  LD [M]  drivers/hid/hid-appleir.ko
  LD [M]  drivers/hid/hid-asus.ko
  LD [M]  drivers/hid/hid-aureal.ko
  LD [M]  drivers/hid/hid-axff.ko
  LD [M]  drivers/hid/hid-belkin.ko
  LD [M]  drivers/hid/hid-cherry.ko
  LD [M]  drivers/hid/hid-betopff.ko
  LD [M]  drivers/hid/hid-chicony.ko
  LD [M]  drivers/hid/hid-cmedia.ko
  LD [M]  drivers/hid/hid-corsair.ko
  LD [M]  drivers/hid/hid-cp2112.ko
  LD [M]  drivers/hid/hid-cypress.ko
  LD [M]  drivers/hid/hid-dr.ko
  LD [M]  drivers/hid/hid-elecom.ko
  LD [M]  drivers/hid/hid-elo.ko
  LD [M]  drivers/hid/hid-emsff.ko
  LD [M]  drivers/hid/hid-ezkey.ko
  LD [M]  drivers/hid/hid-gaff.ko
  LD [M]  drivers/hid/hid-gembird.ko
  LD [M]  drivers/hid/hid-gfrm.ko
  LD [M]  drivers/hid/hid-gt683r.ko
  LD [M]  drivers/hid/hid-holtek-kbd.ko
  LD [M]  drivers/hid/hid-gyration.ko
  LD [M]  drivers/hid/hid-generic.ko
  LD [M]  drivers/hid/hid-holtek-mouse.ko
  LD [M]  drivers/hid/hid-holtekff.ko
  LD [M]  drivers/hid/hid-hyperv.ko
  LD [M]  drivers/hid/hid-icade.ko
  LD [M]  drivers/hid/hid-keytouch.ko
  LD [M]  drivers/hid/hid-kensington.ko
  LD [M]  drivers/hid/hid-kye.ko
  LD [M]  drivers/hid/hid-lcpower.ko
  LD [M]  drivers/hid/hid-led.ko
  LD [M]  drivers/hid/hid-lenovo.ko
  LD [M]  drivers/hid/hid-logitech-dj.ko
  LD [M]  drivers/hid/hid-logitech-hidpp.ko
  LD [M]  drivers/hid/hid-logitech.ko
  LD [M]  drivers/hid/hid-magicmouse.ko
  LD [M]  drivers/hid/hid-microsoft.ko
  LD [M]  drivers/hid/hid-monterey.ko
  LD [M]  drivers/hid/hid-multitouch.ko
  LD [M]  drivers/hid/hid-ntrig.ko
  LD [M]  drivers/hid/hid-ortek.ko
  LD [M]  drivers/hid/hid-penmount.ko
  LD [M]  drivers/hid/hid-petalynx.ko
  LD [M]  drivers/hid/hid-picolcd.ko
  LD [M]  drivers/hid/hid-pl.ko
  LD [M]  drivers/hid/hid-primax.ko
  LD [M]  drivers/hid/hid-plantronics.ko
  LD [M]  drivers/hid/hid-rmi.ko
  LD [M]  drivers/hid/hid-roccat-arvo.ko
  LD [M]  drivers/hid/hid-prodikeys.ko
  LD [M]  drivers/hid/hid-roccat-isku.ko
  LD [M]  drivers/hid/hid-roccat-common.ko
  LD [M]  drivers/hid/hid-roccat-kone.ko
  LD [M]  drivers/hid/hid-roccat-koneplus.ko
  LD [M]  drivers/hid/hid-roccat-konepure.ko
  LD [M]  drivers/hid/hid-roccat-lua.ko
  LD [M]  drivers/hid/hid-roccat-pyra.ko
  LD [M]  drivers/hid/hid-roccat-kovaplus.ko
  LD [M]  drivers/hid/hid-roccat-ryos.ko
  LD [M]  drivers/hid/hid-roccat-savu.ko
  LD [M]  drivers/hid/hid-saitek.ko
  LD [M]  drivers/hid/hid-roccat.ko
  LD [M]  drivers/hid/hid-samsung.ko
  LD [M]  drivers/hid/hid-sensor-hub.ko
  LD [M]  drivers/hid/hid-sjoy.ko
  LD [M]  drivers/hid/hid-sony.ko
  LD [M]  drivers/hid/hid-speedlink.ko
  LD [M]  drivers/hid/hid-steelseries.ko
  LD [M]  drivers/hid/hid-sunplus.ko
  LD [M]  drivers/hid/hid-tivo.ko
  LD [M]  drivers/hid/hid-tmff.ko
  LD [M]  drivers/hid/hid-topseed.ko
  LD [M]  drivers/hid/hid-twinhan.ko
  LD [M]  drivers/hid/hid-uclogic.ko
  LD [M]  drivers/hid/hid-waltop.ko
  LD [M]  drivers/hid/hid-wiimote.ko
  LD [M]  drivers/hid/hid-xinmo.ko
  LD [M]  drivers/hid/hid-zpff.ko
  LD [M]  drivers/hid/hid-zydacron.ko
  LD [M]  drivers/hid/hid.ko
  LD [M]  drivers/hid/i2c-hid/i2c-hid.ko
  LD [M]  drivers/hid/uhid.ko
  LD [M]  drivers/hid/usbhid/usbhid.ko
  LD [M]  drivers/hid/wacom.ko
  LD [M]  drivers/hv/hv_balloon.ko
  LD [M]  drivers/hv/hv_utils.ko
  LD [M]  drivers/hv/hv_vmbus.ko
  LD [M]  drivers/hwmon/abituguru.ko
  LD [M]  drivers/hwmon/abituguru3.ko
  LD [M]  drivers/hwmon/acpi_power_meter.ko
  LD [M]  drivers/hwmon/ad7314.ko
  LD [M]  drivers/hwmon/ad7414.ko
  LD [M]  drivers/hwmon/ad7418.ko
  LD [M]  drivers/hwmon/adc128d818.ko
  LD [M]  drivers/hwmon/adcxx.ko
  LD [M]  drivers/hwmon/adm1021.ko
  LD [M]  drivers/hwmon/adm1025.ko
  LD [M]  drivers/hwmon/adm1026.ko
  LD [M]  drivers/hwmon/adm1029.ko
  LD [M]  drivers/hwmon/adm1031.ko
  LD [M]  drivers/hwmon/adm9240.ko
  LD [M]  drivers/hwmon/ads1015.ko
  LD [M]  drivers/hwmon/ads7828.ko
  LD [M]  drivers/hwmon/ads7871.ko
  LD [M]  drivers/hwmon/adt7310.ko
  LD [M]  drivers/hwmon/adt7410.ko
  LD [M]  drivers/hwmon/adt7411.ko
  LD [M]  drivers/hwmon/adt7462.ko
  LD [M]  drivers/hwmon/adt7475.ko
  LD [M]  drivers/hwmon/adt7470.ko
  LD [M]  drivers/hwmon/adt7x10.ko
  LD [M]  drivers/hwmon/applesmc.ko
  LD [M]  drivers/hwmon/amc6821.ko
  LD [M]  drivers/hwmon/asb100.ko
  LD [M]  drivers/hwmon/asc7621.ko
  LD [M]  drivers/hwmon/asus_atk0110.ko
  LD [M]  drivers/hwmon/atxp1.ko
  LD [M]  drivers/hwmon/coretemp.ko
  LD [M]  drivers/hwmon/dell-smm-hwmon.ko
  LD [M]  drivers/hwmon/dme1737.ko
  LD [M]  drivers/hwmon/ds620.ko
  LD [M]  drivers/hwmon/ds1621.ko
  LD [M]  drivers/hwmon/emc1403.ko
  LD [M]  drivers/hwmon/emc2103.ko
  LD [M]  drivers/hwmon/emc6w201.ko
  LD [M]  drivers/hwmon/f71805f.ko
  LD [M]  drivers/hwmon/f75375s.ko
  LD [M]  drivers/hwmon/f71882fg.ko
  LD [M]  drivers/hwmon/fam15h_power.ko
  LD [M]  drivers/hwmon/g760a.ko
  LD [M]  drivers/hwmon/fschmd.ko
  LD [M]  drivers/hwmon/ftsteutates.ko
  LD [M]  drivers/hwmon/g762.ko
  LD [M]  drivers/hwmon/gl518sm.ko
  LD [M]  drivers/hwmon/gl520sm.ko
  LD [M]  drivers/hwmon/gpio-fan.ko
  LD [M]  drivers/hwmon/hih6130.ko
  LD [M]  drivers/hwmon/i5500_temp.ko
  LD [M]  drivers/hwmon/i5k_amb.ko
  LD [M]  drivers/hwmon/ibmaem.ko
  LD [M]  drivers/hwmon/hwmon-vid.ko
  LD [M]  drivers/hwmon/ibmpex.ko
  LD [M]  drivers/hwmon/ina209.ko
  LD [M]  drivers/hwmon/ina2xx.ko
  LD [M]  drivers/hwmon/it87.ko
  LD [M]  drivers/hwmon/ina3221.ko
  LD [M]  drivers/hwmon/jc42.ko
  LD [M]  drivers/hwmon/k10temp.ko
  LD [M]  drivers/hwmon/k8temp.ko
  LD [M]  drivers/hwmon/lineage-pem.ko
  LD [M]  drivers/hwmon/lm63.ko
  LD [M]  drivers/hwmon/lm70.ko
  LD [M]  drivers/hwmon/lm73.ko
  LD [M]  drivers/hwmon/lm75.ko
  LD [M]  drivers/hwmon/lm77.ko
  LD [M]  drivers/hwmon/lm80.ko
  LD [M]  drivers/hwmon/lm78.ko
  LD [M]  drivers/hwmon/lm83.ko
  LD [M]  drivers/hwmon/lm85.ko
  LD [M]  drivers/hwmon/lm90.ko
  LD [M]  drivers/hwmon/lm92.ko
  LD [M]  drivers/hwmon/lm93.ko
  LD [M]  drivers/hwmon/lm95234.ko
  LD [M]  drivers/hwmon/lm87.ko
  LD [M]  drivers/hwmon/lm95245.ko
  LD [M]  drivers/hwmon/lm95241.ko
  LD [M]  drivers/hwmon/ltc2945.ko
  LD [M]  drivers/hwmon/ltc2990.ko
  LD [M]  drivers/hwmon/ltc4151.ko
  LD [M]  drivers/hwmon/ltc4215.ko
  LD [M]  drivers/hwmon/ltc4222.ko
  LD [M]  drivers/hwmon/ltc4245.ko
  LD [M]  drivers/hwmon/ltc4260.ko
  LD [M]  drivers/hwmon/max1111.ko
  LD [M]  drivers/hwmon/max16065.ko
  LD [M]  drivers/hwmon/max1619.ko
  LD [M]  drivers/hwmon/ltc4261.ko
  LD [M]  drivers/hwmon/max1668.ko
  LD [M]  drivers/hwmon/max31722.ko
  LD [M]  drivers/hwmon/max197.ko
  LD [M]  drivers/hwmon/max31790.ko
  LD [M]  drivers/hwmon/max6642.ko
  LD [M]  drivers/hwmon/max6639.ko
  LD [M]  drivers/hwmon/max6650.ko
  LD [M]  drivers/hwmon/max6697.ko
  LD [M]  drivers/hwmon/mc13783-adc.ko
  LD [M]  drivers/hwmon/mcp3021.ko
  LD [M]  drivers/hwmon/nct6683.ko
  LD [M]  drivers/hwmon/nct6775.ko
  LD [M]  drivers/hwmon/nct7802.ko
  LD [M]  drivers/hwmon/nct7904.ko
  LD [M]  drivers/hwmon/ntc_thermistor.ko
  LD [M]  drivers/hwmon/pcf8591.ko
  LD [M]  drivers/hwmon/pmbus/lm25066.ko
  LD [M]  drivers/hwmon/pc87360.ko
  LD [M]  drivers/hwmon/pmbus/adm1275.ko
  LD [M]  drivers/hwmon/pc87427.ko
  LD [M]  drivers/hwmon/pmbus/ltc2978.ko
  LD [M]  drivers/hwmon/pmbus/ltc3815.ko
  LD [M]  drivers/hwmon/pmbus/max16064.ko
  LD [M]  drivers/hwmon/pmbus/max20751.ko
  LD [M]  drivers/hwmon/pmbus/max34440.ko
  LD [M]  drivers/hwmon/pmbus/max8688.ko
  LD [M]  drivers/hwmon/pmbus/pmbus.ko
  LD [M]  drivers/hwmon/pmbus/pmbus_core.ko
  LD [M]  drivers/hwmon/pmbus/tps40422.ko
  LD [M]  drivers/hwmon/pmbus/ucd9000.ko
  LD [M]  drivers/hwmon/pmbus/ucd9200.ko
  LD [M]  drivers/hwmon/pmbus/zl6100.ko
  LD [M]  drivers/hwmon/powr1220.ko
  LD [M]  drivers/hwmon/sch5627.ko
  LD [M]  drivers/hwmon/sch5636.ko
  LD [M]  drivers/hwmon/sch56xx-common.ko
  LD [M]  drivers/hwmon/sht15.ko
  LD [M]  drivers/hwmon/sht21.ko
  LD [M]  drivers/hwmon/sht3x.ko
  LD [M]  drivers/hwmon/sis5595.ko
  LD [M]  drivers/hwmon/shtc1.ko
  LD [M]  drivers/hwmon/smm665.ko
  LD [M]  drivers/hwmon/smsc47b397.ko
  LD [M]  drivers/hwmon/smsc47m192.ko
  LD [M]  drivers/hwmon/thmc50.ko
  LD [M]  drivers/hwmon/smsc47m1.ko
  LD [M]  drivers/hwmon/tmp102.ko
  LD [M]  drivers/hwmon/tc74.ko
  LD [M]  drivers/hwmon/tmp103.ko
  LD [M]  drivers/hwmon/tmp401.ko
  LD [M]  drivers/hwmon/tmp421.ko
  LD [M]  drivers/hwmon/via-cputemp.ko
  LD [M]  drivers/hwmon/vt1211.ko
  LD [M]  drivers/hwmon/via686a.ko
  LD [M]  drivers/hwmon/vt8231.ko
  LD [M]  drivers/hwmon/w83627hf.ko
  LD [M]  drivers/hwmon/w83627ehf.ko
  LD [M]  drivers/hwmon/w83781d.ko
  LD [M]  drivers/hwmon/w83791d.ko
  LD [M]  drivers/hwmon/w83792d.ko
  LD [M]  drivers/hwmon/w83793.ko
  LD [M]  drivers/hwmon/w83795.ko
  LD [M]  drivers/hwmon/w83l785ts.ko
  LD [M]  drivers/hwmon/w83l786ng.ko
  LD [M]  drivers/i2c/algos/i2c-algo-bit.ko
  LD [M]  drivers/i2c/busses/i2c-ali1563.ko
  LD [M]  drivers/i2c/busses/i2c-ali1535.ko
  LD [M]  drivers/i2c/busses/i2c-ali15x3.ko
  LD [M]  drivers/i2c/busses/i2c-amd756-s4882.ko
  LD [M]  drivers/i2c/algos/i2c-algo-pca.ko
  LD [M]  drivers/i2c/busses/i2c-amd8111.ko
  LD [M]  drivers/i2c/busses/i2c-designware-core.ko
  LD [M]  drivers/i2c/busses/i2c-amd756.ko
  LD [M]  drivers/i2c/busses/i2c-designware-pci.ko
  LD [M]  drivers/i2c/busses/i2c-designware-platform.ko
  LD [M]  drivers/i2c/busses/i2c-diolan-u2c.ko
  LD [M]  drivers/i2c/busses/i2c-i801.ko
  LD [M]  drivers/i2c/busses/i2c-isch.ko
  LD [M]  drivers/i2c/busses/i2c-ismt.ko
  LD [M]  drivers/i2c/busses/i2c-nforce2-s4985.ko
  LD [M]  drivers/i2c/busses/i2c-ocores.ko
  LD [M]  drivers/i2c/busses/i2c-parport-light.ko
  LD [M]  drivers/i2c/busses/i2c-nforce2.ko
  LD [M]  drivers/i2c/busses/i2c-parport.ko
  LD [M]  drivers/i2c/busses/i2c-pca-platform.ko
  LD [M]  drivers/i2c/busses/i2c-piix4.ko
  LD [M]  drivers/i2c/busses/i2c-robotfuzz-osif.ko
  LD [M]  drivers/i2c/busses/i2c-scmi.ko
  LD [M]  drivers/i2c/busses/i2c-simtec.ko
  LD [M]  drivers/i2c/busses/i2c-sis5595.ko
  LD [M]  drivers/i2c/busses/i2c-sis630.ko
  LD [M]  drivers/i2c/busses/i2c-sis96x.ko
  LD [M]  drivers/i2c/busses/i2c-taos-evm.ko
  LD [M]  drivers/i2c/busses/i2c-viapro.ko
  LD [M]  drivers/i2c/busses/i2c-via.ko
  LD [M]  drivers/i2c/busses/i2c-tiny-usb.ko
  LD [M]  drivers/i2c/busses/i2c-viperboard.ko
  LD [M]  drivers/i2c/busses/i2c-xiic.ko
  LD [M]  drivers/i2c/i2c-dev.ko
  LD [M]  drivers/i2c/i2c-mux.ko
  LD [M]  drivers/i2c/i2c-slave-eeprom.ko
  LD [M]  drivers/i2c/i2c-smbus.ko
  LD [M]  drivers/i2c/muxes/i2c-mux-pca9541.ko
  LD [M]  drivers/i2c/muxes/i2c-mux-pca954x.ko
  LD [M]  drivers/iio/accel/hid-sensor-accel-3d.ko
  LD [M]  drivers/iio/accel/kxcjk-1013.ko
  LD [M]  drivers/iio/accel/st_accel.ko
  LD [M]  drivers/iio/accel/mma7660.ko
  LD [M]  drivers/iio/accel/st_accel_i2c.ko
  LD [M]  drivers/iio/accel/st_accel_spi.ko
  LD [M]  drivers/iio/buffer/industrialio-buffer-cb.ko
  LD [M]  drivers/iio/buffer/industrialio-triggered-buffer.ko
  LD [M]  drivers/iio/buffer/kfifo_buf.ko
  LD [M]  drivers/iio/common/hid-sensors/hid-sensor-iio-common.ko
  LD [M]  drivers/iio/common/hid-sensors/hid-sensor-trigger.ko
  LD [M]  drivers/iio/common/st_sensors/st_sensors_i2c.ko
  LD [M]  drivers/iio/common/st_sensors/st_sensors.ko
  LD [M]  drivers/iio/common/st_sensors/st_sensors_spi.ko
  LD [M]  drivers/iio/gyro/hid-sensor-gyro-3d.ko
  LD [M]  drivers/iio/gyro/st_gyro_i2c.ko
  LD [M]  drivers/iio/gyro/st_gyro.ko
  LD [M]  drivers/iio/gyro/st_gyro_spi.ko
  LD [M]  drivers/iio/health/max30100.ko
  LD [M]  drivers/iio/industrialio-configfs.ko
  LD [M]  drivers/iio/industrialio-sw-device.ko
  LD [M]  drivers/iio/industrialio-sw-trigger.ko
  LD [M]  drivers/iio/industrialio.ko
  LD [M]  drivers/iio/light/acpi-als.ko
  LD [M]  drivers/iio/light/bh1750.ko
  LD [M]  drivers/iio/light/hid-sensor-als.ko
  LD [M]  drivers/iio/light/bh1780.ko
  LD [M]  drivers/iio/light/opt3001.ko
  LD [M]  drivers/iio/light/pa12203001.ko
  LD [M]  drivers/iio/light/rpr0521.ko
  LD [M]  drivers/iio/light/stk3310.ko
  LD [M]  drivers/iio/magnetometer/hid-sensor-magn-3d.ko
  LD [M]  drivers/iio/magnetometer/hmc5843_core.ko
  LD [M]  drivers/iio/magnetometer/hmc5843_i2c.ko
  LD [M]  drivers/iio/magnetometer/hmc5843_spi.ko
  LD [M]  drivers/iio/magnetometer/st_magn_i2c.ko
  LD [M]  drivers/iio/magnetometer/st_magn.ko
  LD [M]  drivers/iio/magnetometer/st_magn_spi.ko
  LD [M]  drivers/iio/orientation/hid-sensor-incl-3d.ko
  LD [M]  drivers/iio/trigger/iio-trig-interrupt.ko
  LD [M]  drivers/iio/orientation/hid-sensor-rotation.ko
  LD [M]  drivers/iio/trigger/iio-trig-loop.ko
  LD [M]  drivers/infiniband/core/ib_cm.ko
  LD [M]  drivers/infiniband/core/ib_core.ko
  LD [M]  drivers/infiniband/core/ib_ucm.ko
  LD [M]  drivers/infiniband/core/ib_umad.ko
  LD [M]  drivers/infiniband/core/ib_uverbs.ko
  LD [M]  drivers/infiniband/core/iw_cm.ko
  LD [M]  drivers/infiniband/core/rdma_cm.ko
  LD [M]  drivers/infiniband/core/rdma_ucm.ko
  LD [M]  drivers/infiniband/hw/cxgb3/iw_cxgb3.ko
  LD [M]  drivers/infiniband/hw/cxgb4/iw_cxgb4.ko
  LD [M]  drivers/infiniband/hw/hfi1/hfi1.ko
  LD [M]  drivers/infiniband/hw/i40iw/i40iw.ko
  LD [M]  drivers/infiniband/hw/mlx4/mlx4_ib.ko
  LD [M]  drivers/infiniband/hw/mlx5/mlx5_ib.ko
  LD [M]  drivers/infiniband/hw/mthca/ib_mthca.ko
  LD [M]  drivers/infiniband/hw/nes/iw_nes.ko
  LD [M]  drivers/infiniband/hw/ocrdma/ocrdma.ko
  LD [M]  drivers/infiniband/hw/qib/ib_qib.ko
  LD [M]  drivers/infiniband/hw/usnic/usnic_verbs.ko
  LD [M]  drivers/infiniband/sw/rdmavt/rdmavt.ko
  LD [M]  drivers/infiniband/sw/rxe/rdma_rxe.ko
  LD [M]  drivers/infiniband/ulp/ipoib/ib_ipoib.ko
  LD [M]  drivers/infiniband/ulp/iser/ib_iser.ko
  LD [M]  drivers/infiniband/ulp/isert/ib_isert.ko
  LD [M]  drivers/infiniband/ulp/srp/ib_srp.ko
  LD [M]  drivers/infiniband/ulp/srpt/ib_srpt.ko
  LD [M]  drivers/input/evdev.ko
  LD [M]  drivers/input/ff-memless.ko
  LD [M]  drivers/input/gameport/emu10k1-gp.ko
  LD [M]  drivers/input/gameport/fm801-gp.ko
  LD [M]  drivers/input/gameport/gameport.ko
  LD [M]  drivers/input/gameport/lightning.ko
  LD [M]  drivers/input/gameport/ns558.ko
  LD [M]  drivers/input/input-leds.ko
  LD [M]  drivers/input/input-polldev.ko
  LD [M]  drivers/input/joydev.ko
  LD [M]  drivers/input/joystick/a3d.ko
  LD [M]  drivers/input/joystick/adi.ko
  LD [M]  drivers/input/joystick/analog.ko
  LD [M]  drivers/input/joystick/as5011.ko
  LD [M]  drivers/input/joystick/cobra.ko
  LD [M]  drivers/input/joystick/db9.ko
  LD [M]  drivers/input/joystick/gamecon.ko
  LD [M]  drivers/input/joystick/gf2k.ko
  LD [M]  drivers/input/joystick/grip.ko
  LD [M]  drivers/input/joystick/grip_mp.ko
  LD [M]  drivers/input/joystick/guillemot.ko
  LD [M]  drivers/input/joystick/iforce/iforce.ko
  LD [M]  drivers/input/joystick/joydump.ko
  LD [M]  drivers/input/joystick/interact.ko
  LD [M]  drivers/input/joystick/magellan.ko
  LD [M]  drivers/input/joystick/sidewinder.ko
  LD [M]  drivers/input/joystick/spaceball.ko
  LD [M]  drivers/input/joystick/spaceorb.ko
  LD [M]  drivers/input/joystick/stinger.ko
  LD [M]  drivers/input/joystick/tmdc.ko
  LD [M]  drivers/input/joystick/turbografx.ko
  LD [M]  drivers/input/joystick/twidjoy.ko
  LD [M]  drivers/input/joystick/warrior.ko
  LD [M]  drivers/input/joystick/walkera0701.ko
  LD [M]  drivers/input/joystick/xpad.ko
  LD [M]  drivers/input/keyboard/adp5588-keys.ko
  LD [M]  drivers/input/joystick/zhenhua.ko
  LD [M]  drivers/input/keyboard/adp5589-keys.ko
  LD [M]  drivers/input/keyboard/atkbd.ko
  LD [M]  drivers/input/keyboard/gpio_keys.ko
  LD [M]  drivers/input/keyboard/lm8333.ko
  LD [M]  drivers/input/keyboard/mcs_touchkey.ko
  LD [M]  drivers/input/keyboard/matrix_keypad.ko
  LD [M]  drivers/input/keyboard/mpr121_touchkey.ko
  LD [M]  drivers/input/keyboard/qt1070.ko
  LD [M]  drivers/input/keyboard/qt2160.ko
  LD [M]  drivers/input/keyboard/tca8418_keypad.ko
  LD [M]  drivers/input/matrix-keymap.ko
  LD [M]  drivers/input/misc/ad714x-i2c.ko
  LD [M]  drivers/input/keyboard/tca6416-keypad.ko
  LD [M]  drivers/input/misc/ad714x-spi.ko
  LD [M]  drivers/input/misc/ad714x.ko
  LD [M]  drivers/input/misc/adxl34x-i2c.ko
  LD [M]  drivers/input/misc/adxl34x-spi.ko
  LD [M]  drivers/input/misc/adxl34x.ko
  LD [M]  drivers/input/misc/ati_remote2.ko
  LD [M]  drivers/input/misc/apanel.ko
  LD [M]  drivers/input/misc/atlas_btns.ko
  LD [M]  drivers/input/misc/bma150.ko
  LD [M]  drivers/input/misc/cm109.ko
  LD [M]  drivers/input/misc/cma3000_d0x.ko
  LD [M]  drivers/input/misc/cma3000_d0x_i2c.ko
  LD [M]  drivers/input/misc/e3x0-button.ko
  LD [M]  drivers/input/misc/gp2ap002a00f.ko
  LD [M]  drivers/input/misc/ideapad_slidebar.ko
  LD [M]  drivers/input/misc/keyspan_remote.ko
  LD [M]  drivers/input/misc/kxtj9.ko
  LD [M]  drivers/input/misc/mc13783-pwrbutton.ko
  LD [M]  drivers/input/misc/mpu3050.ko
  LD [M]  drivers/input/misc/mma8450.ko
  LD [M]  drivers/input/misc/pcf50633-input.ko
  LD [M]  drivers/input/misc/pcf8574_keypad.ko
  LD [M]  drivers/input/misc/pcspkr.ko
  LD [M]  drivers/input/misc/powermate.ko
  LD [M]  drivers/input/misc/retu-pwrbutton.ko
  LD [M]  drivers/input/misc/rotary_encoder.ko
  LD [M]  drivers/input/misc/soc_button_array.ko
  LD [M]  drivers/input/misc/tps65218-pwrbutton.ko
  LD [M]  drivers/input/misc/uinput.ko
  LD [M]  drivers/input/misc/xen-kbdfront.ko
  LD [M]  drivers/input/misc/yealink.ko
  LD [M]  drivers/input/mouse/appletouch.ko
  LD [M]  drivers/input/mouse/bcm5974.ko
  LD [M]  drivers/input/mouse/cyapatp.ko
  LD [M]  drivers/input/mouse/elan_i2c.ko
  LD [M]  drivers/input/mouse/psmouse.ko
  LD [M]  drivers/input/mouse/sermouse.ko
  LD [M]  drivers/input/mouse/synaptics_i2c.ko
  LD [M]  drivers/input/mouse/synaptics_usb.ko
  LD [M]  drivers/input/mouse/vsxxxaa.ko
  LD [M]  drivers/input/mousedev.ko
  LD [M]  drivers/input/rmi4/rmi_core.ko
  LD [M]  drivers/input/rmi4/rmi_i2c.ko
  LD [M]  drivers/input/rmi4/rmi_spi.ko
  LD [M]  drivers/input/serio/altera_ps2.ko
  LD [M]  drivers/input/serio/arc_ps2.ko
  LD [M]  drivers/input/serio/ct82c710.ko
  LD [M]  drivers/input/serio/hyperv-keyboard.ko
  LD [M]  drivers/input/serio/i8042.ko
  LD [M]  drivers/input/serio/libps2.ko
  LD [M]  drivers/input/serio/parkbd.ko
  LD [M]  drivers/input/serio/pcips2.ko
  LD [M]  drivers/input/serio/ps2mult.ko
  LD [M]  drivers/input/serio/serio.ko
  LD [M]  drivers/input/serio/serio_raw.ko
  LD [M]  drivers/input/serio/serport.ko
  LD [M]  drivers/input/sparse-keymap.ko
  LD [M]  drivers/input/tablet/acecad.ko
  LD [M]  drivers/input/tablet/aiptek.ko
  LD [M]  drivers/input/tablet/gtco.ko
  LD [M]  drivers/input/tablet/hanwang.ko
  LD [M]  drivers/input/tablet/kbtab.ko
  LD [M]  drivers/input/tablet/pegasus_notetaker.ko
  LD [M]  drivers/input/tablet/wacom_serial4.ko
  LD [M]  drivers/input/touchscreen/ad7879-i2c.ko
  LD [M]  drivers/input/touchscreen/ad7879.ko
  LD [M]  drivers/input/touchscreen/atmel_mxt_ts.ko
  LD [M]  drivers/input/touchscreen/auo-pixcir-ts.ko
  LD [M]  drivers/input/touchscreen/bu21013_ts.ko
  LD [M]  drivers/input/touchscreen/cy8ctmg110_ts.ko
  LD [M]  drivers/input/touchscreen/cyttsp4_core.ko
  LD [M]  drivers/input/touchscreen/cyttsp4_i2c.ko
  LD [M]  drivers/input/touchscreen/cyttsp4_spi.ko
  LD [M]  drivers/input/touchscreen/cyttsp_i2c.ko
  LD [M]  drivers/input/touchscreen/cyttsp_core.ko
  LD [M]  drivers/input/touchscreen/cyttsp_i2c_common.ko
  LD [M]  drivers/input/touchscreen/dynapro.ko
  LD [M]  drivers/input/touchscreen/edt-ft5x06.ko
  LD [M]  drivers/input/touchscreen/eeti_ts.ko
  LD [M]  drivers/input/touchscreen/egalax_ts_serial.ko
  LD [M]  drivers/input/touchscreen/elants_i2c.ko
  LD [M]  drivers/input/touchscreen/elo.ko
  LD [M]  drivers/input/touchscreen/goodix.ko
  LD [M]  drivers/input/touchscreen/gunze.ko
  LD [M]  drivers/input/touchscreen/fujitsu_ts.ko
  LD [M]  drivers/input/touchscreen/ili210x.ko
  LD [M]  drivers/input/touchscreen/hampshire.ko
  LD [M]  drivers/input/touchscreen/max11801_ts.ko
  LD [M]  drivers/input/touchscreen/inexio.ko
  LD [M]  drivers/input/touchscreen/mc13783_ts.ko
  LD [M]  drivers/input/touchscreen/mcs5000_ts.ko
  LD [M]  drivers/input/touchscreen/melfas_mip4.ko
  LD [M]  drivers/input/touchscreen/mk712.ko
  LD [M]  drivers/input/touchscreen/mms114.ko
  LD [M]  drivers/input/touchscreen/mtouch.ko
  LD [M]  drivers/input/touchscreen/penmount.ko
  LD [M]  drivers/input/touchscreen/pixcir_i2c_ts.ko
  LD [M]  drivers/input/touchscreen/raydium_i2c_ts.ko
  LD [M]  drivers/input/touchscreen/rohm_bu21023.ko
  LD [M]  drivers/input/touchscreen/silead.ko
  LD [M]  drivers/input/touchscreen/sis_i2c.ko
  LD [M]  drivers/input/touchscreen/st1232.ko
  LD [M]  drivers/input/touchscreen/sur40.ko
  LD [M]  drivers/input/touchscreen/surface3_spi.ko
  LD [M]  drivers/input/touchscreen/ti_am335x_tsc.ko
  LD [M]  drivers/input/touchscreen/touchwin.ko
  LD [M]  drivers/input/touchscreen/touchit213.ko
  LD [M]  drivers/input/touchscreen/tps6507x-ts.ko
  LD [M]  drivers/input/touchscreen/touchright.ko
  LD [M]  drivers/input/touchscreen/tsc2004.ko
  LD [M]  drivers/input/touchscreen/tsc2007.ko
  LD [M]  drivers/input/touchscreen/tsc200x-core.ko
  LD [M]  drivers/input/touchscreen/tsc40.ko
  LD [M]  drivers/input/touchscreen/ucb1400_ts.ko
  LD [M]  drivers/input/touchscreen/usbtouchscreen.ko
  LD [M]  drivers/input/touchscreen/wacom_i2c.ko
  LD [M]  drivers/input/touchscreen/wacom_w8001.ko
  LD [M]  drivers/input/touchscreen/wdt87xx_i2c.ko
  LD [M]  drivers/input/touchscreen/wm97xx-ts.ko
  LD [M]  drivers/input/touchscreen/zforce_ts.ko
  LD [M]  drivers/iommu/amd_iommu_v2.ko
  LD [M]  drivers/ipack/carriers/tpci200.ko
  LD [M]  drivers/ipack/devices/ipoctal.ko
  LD [M]  drivers/ipack/ipack.ko
  LD [M]  drivers/isdn/capi/capidrv.ko
  LD [M]  drivers/isdn/capi/capi.ko
  LD [M]  drivers/isdn/capi/kernelcapi.ko
  LD [M]  drivers/isdn/divert/dss1_divert.ko
  LD [M]  drivers/isdn/gigaset/bas_gigaset.ko
  LD [M]  drivers/isdn/gigaset/gigaset.ko
  LD [M]  drivers/isdn/gigaset/ser_gigaset.ko
  LD [M]  drivers/isdn/gigaset/usb_gigaset.ko
  LD [M]  drivers/isdn/hardware/avm/avm_cs.ko
  LD [M]  drivers/isdn/hardware/avm/b1.ko
  LD [M]  drivers/isdn/hardware/avm/b1dma.ko
  LD [M]  drivers/isdn/hardware/avm/b1pci.ko
  LD [M]  drivers/isdn/hardware/avm/b1pcmcia.ko
  LD [M]  drivers/isdn/hardware/avm/c4.ko
  LD [M]  drivers/isdn/hardware/eicon/diva_idi.ko
  LD [M]  drivers/isdn/hardware/eicon/diva_mnt.ko
  LD [M]  drivers/isdn/hardware/avm/t1pci.ko
  LD [M]  drivers/isdn/hardware/eicon/divacapi.ko
  LD [M]  drivers/isdn/hardware/eicon/divadidd.ko
  LD [M]  drivers/isdn/hardware/eicon/divas.ko
  LD [M]  drivers/isdn/hardware/mISDN/avmfritz.ko
  LD [M]  drivers/isdn/hardware/mISDN/hfcmulti.ko
  LD [M]  drivers/isdn/hardware/mISDN/hfcpci.ko
  LD [M]  drivers/isdn/hardware/mISDN/hfcsusb.ko
  LD [M]  drivers/isdn/hardware/mISDN/mISDNinfineon.ko
  LD [M]  drivers/isdn/hardware/mISDN/mISDNipac.ko
  LD [M]  drivers/isdn/hardware/mISDN/mISDNisar.ko
  LD [M]  drivers/isdn/hardware/mISDN/netjet.ko
  LD [M]  drivers/isdn/hardware/mISDN/speedfax.ko
  LD [M]  drivers/isdn/hardware/mISDN/w6692.ko
  LD [M]  drivers/isdn/hisax/avma1_cs.ko
  LD [M]  drivers/isdn/hisax/elsa_cs.ko
  LD [M]  drivers/isdn/hisax/hfc4s8s_l1.ko
  LD [M]  drivers/isdn/hisax/hfc_usb.ko
  LD [M]  drivers/isdn/hisax/hisax_fcpcipnp.ko
  LD [M]  drivers/isdn/hisax/hisax.ko
  LD [M]  drivers/isdn/hisax/hisax_isac.ko
  LD [M]  drivers/isdn/hisax/hisax_st5481.ko
  LD [M]  drivers/isdn/hisax/sedlbauer_cs.ko
  LD [M]  drivers/isdn/i4l/isdn.ko
  LD [M]  drivers/isdn/hisax/teles_cs.ko
  LD [M]  drivers/isdn/hysdn/hysdn.ko
  LD [M]  drivers/isdn/i4l/isdn_bsdcomp.ko
  LD [M]  drivers/isdn/i4l/isdnhdlc.ko
  LD [M]  drivers/isdn/mISDN/l1oip.ko
  LD [M]  drivers/isdn/mISDN/mISDN_core.ko
  LD [M]  drivers/isdn/mISDN/mISDN_dsp.ko
  LD [M]  drivers/leds/dell-led.ko
  LD [M]  drivers/leds/led-class-flash.ko
  LD [M]  drivers/leds/led-class.ko
  LD [M]  drivers/leds/leds-bd2802.ko
  LD [M]  drivers/leds/leds-blinkm.ko
  LD [M]  drivers/leds/leds-clevo-mail.ko
  LD [M]  drivers/leds/leds-gpio.ko
  LD [M]  drivers/leds/leds-dac124s085.ko
  LD [M]  drivers/leds/leds-lm3530.ko
  LD [M]  drivers/leds/leds-lm355x.ko
  LD [M]  drivers/leds/leds-lm3533.ko
  LD [M]  drivers/leds/leds-lp3944.ko
  LD [M]  drivers/leds/leds-lm3642.ko
  LD [M]  drivers/leds/leds-lp3952.ko
  LD [M]  drivers/leds/leds-lp8860.ko
  LD [M]  drivers/leds/leds-mc13783.ko
  LD [M]  drivers/leds/leds-pca9532.ko
  LD [M]  drivers/leds/leds-lt3593.ko
  LD [M]  drivers/leds/leds-pca955x.ko
  LD [M]  drivers/leds/leds-pca963x.ko
  LD [M]  drivers/leds/leds-ss4200.ko
  LD [M]  drivers/leds/leds-tca6507.ko
  LD [M]  drivers/leds/leds-tlc591xx.ko
  LD [M]  drivers/leds/trigger/ledtrig-backlight.ko
  LD [M]  drivers/leds/trigger/ledtrig-camera.ko
  LD [M]  drivers/leds/trigger/ledtrig-default-on.ko
  LD [M]  drivers/leds/trigger/ledtrig-gpio.ko
  LD [M]  drivers/leds/trigger/ledtrig-heartbeat.ko
  LD [M]  drivers/leds/trigger/ledtrig-timer.ko
  LD [M]  drivers/leds/trigger/ledtrig-transient.ko
  LD [M]  drivers/leds/trigger/ledtrig-oneshot.ko
  LD [M]  drivers/macintosh/mac_hid.ko
  LD [M]  drivers/md/bcache/bcache.ko
  LD [M]  drivers/md/dm-bufio.ko
  LD [M]  drivers/md/dm-bio-prison.ko
  LD [M]  drivers/md/dm-cache-cleaner.ko
  LD [M]  drivers/md/dm-cache-smq.ko
  LD [M]  drivers/md/dm-cache.ko
  LD [M]  drivers/md/dm-crypt.ko
  LD [M]  drivers/md/dm-delay.ko
  LD [M]  drivers/md/dm-era.ko
  LD [M]  drivers/md/dm-flakey.ko
  LD [M]  drivers/md/dm-log-userspace.ko
  LD [M]  drivers/md/dm-log-writes.ko
  LD [M]  drivers/md/dm-log.ko
  LD [M]  drivers/md/dm-mirror.ko
  LD [M]  drivers/md/dm-mod.ko
  LD [M]  drivers/md/dm-multipath.ko
  LD [M]  drivers/md/dm-raid.ko
  LD [M]  drivers/md/dm-queue-length.ko
  LD [M]  drivers/md/dm-round-robin.ko
  LD [M]  drivers/md/dm-region-hash.ko
  LD [M]  drivers/md/dm-service-time.ko
  LD [M]  drivers/md/dm-snapshot.ko
  LD [M]  drivers/md/dm-switch.ko
  LD [M]  drivers/md/dm-verity.ko
  LD [M]  drivers/md/dm-zero.ko
  LD [M]  drivers/md/dm-thin-pool.ko
  LD [M]  drivers/md/faulty.ko
  LD [M]  drivers/md/linear.ko
  LD [M]  drivers/md/md-mod.ko
  LD [M]  drivers/md/multipath.ko
  LD [M]  drivers/md/persistent-data/dm-persistent-data.ko
  LD [M]  drivers/md/raid0.ko
  LD [M]  drivers/md/raid1.ko
  LD [M]  drivers/md/raid10.ko
  LD [M]  drivers/md/raid456.ko
  LD [M]  drivers/media/cec-edid.ko
  LD [M]  drivers/media/common/b2c2/b2c2-flexcop.ko
  LD [M]  drivers/media/common/cx2341x.ko
  LD [M]  drivers/media/common/cypress_firmware.ko
  LD [M]  drivers/media/common/saa7146/saa7146.ko
  LD [M]  drivers/media/common/saa7146/saa7146_vv.ko
  LD [M]  drivers/media/common/siano/smsdvb.ko
  LD [M]  drivers/media/common/siano/smsmdtv.ko
  LD [M]  drivers/media/common/tveeprom.ko
  LD [M]  drivers/media/dvb-core/dvb-core.ko
  LD [M]  drivers/media/dvb-frontends/a8293.ko
  LD [M]  drivers/media/dvb-frontends/af9013.ko
  LD [M]  drivers/media/dvb-frontends/af9033.ko
  LD [M]  drivers/media/dvb-frontends/as102_fe.ko
  LD [M]  drivers/media/dvb-frontends/ascot2e.ko
  LD [M]  drivers/media/dvb-frontends/atbm8830.ko
  LD [M]  drivers/media/dvb-frontends/au8522_common.ko
  LD [M]  drivers/media/dvb-frontends/au8522_decoder.ko
  LD [M]  drivers/media/dvb-frontends/au8522_dig.ko
  LD [M]  drivers/media/dvb-frontends/bcm3510.ko
  LD [M]  drivers/media/dvb-frontends/cx22700.ko
  LD [M]  drivers/media/dvb-frontends/cx22702.ko
  LD [M]  drivers/media/dvb-frontends/cx24110.ko
  LD [M]  drivers/media/dvb-frontends/cx24113.ko
  LD [M]  drivers/media/dvb-frontends/cx24117.ko
  LD [M]  drivers/media/dvb-frontends/cx24116.ko
  LD [M]  drivers/media/dvb-frontends/cx24120.ko
  LD [M]  drivers/media/dvb-frontends/cx24123.ko
  LD [M]  drivers/media/dvb-frontends/cxd2820r.ko
  LD [M]  drivers/media/dvb-frontends/cxd2841er.ko
  LD [M]  drivers/media/dvb-frontends/dib0070.ko
  LD [M]  drivers/media/dvb-frontends/dib0090.ko
  LD [M]  drivers/media/dvb-frontends/dib3000mc.ko
  LD [M]  drivers/media/dvb-frontends/dib3000mb.ko
  LD [M]  drivers/media/dvb-frontends/dib7000m.ko
  LD [M]  drivers/media/dvb-frontends/dib7000p.ko
  LD [M]  drivers/media/dvb-frontends/dib8000.ko
  LD [M]  drivers/media/dvb-frontends/dibx000_common.ko
  LD [M]  drivers/media/dvb-frontends/drx39xyj/drx39xyj.ko
  LD [M]  drivers/media/dvb-frontends/drxd.ko
  LD [M]  drivers/media/dvb-frontends/drxk.ko
  LD [M]  drivers/media/dvb-frontends/ds3000.ko
  LD [M]  drivers/media/dvb-frontends/dvb-pll.ko
  LD [M]  drivers/media/dvb-frontends/ec100.ko
  LD [M]  drivers/media/dvb-frontends/gp8psk-fe.ko
  LD [M]  drivers/media/dvb-frontends/helene.ko
  LD [M]  drivers/media/dvb-frontends/horus3a.ko
  LD [M]  drivers/media/dvb-frontends/isl6405.ko
  LD [M]  drivers/media/dvb-frontends/isl6421.ko
  LD [M]  drivers/media/dvb-frontends/isl6423.ko
  LD [M]  drivers/media/dvb-frontends/itd1000.ko
  LD [M]  drivers/media/dvb-frontends/ix2505v.ko
  LD [M]  drivers/media/dvb-frontends/l64781.ko
  LD [M]  drivers/media/dvb-frontends/lg2160.ko
  LD [M]  drivers/media/dvb-frontends/lgdt3305.ko
  LD [M]  drivers/media/dvb-frontends/lgdt3306a.ko
  LD [M]  drivers/media/dvb-frontends/lgdt330x.ko
  LD [M]  drivers/media/dvb-frontends/lgs8gxx.ko
  LD [M]  drivers/media/dvb-frontends/lnbh25.ko
  LD [M]  drivers/media/dvb-frontends/lnbp21.ko
  LD [M]  drivers/media/dvb-frontends/lnbp22.ko
  LD [M]  drivers/media/dvb-frontends/m88ds3103.ko
  LD [M]  drivers/media/dvb-frontends/m88rs2000.ko
  LD [M]  drivers/media/dvb-frontends/mb86a16.ko
  LD [M]  drivers/media/dvb-frontends/mb86a20s.ko
  LD [M]  drivers/media/dvb-frontends/mn88472.ko
  LD [M]  drivers/media/dvb-frontends/mn88473.ko
  LD [M]  drivers/media/dvb-frontends/mt312.ko
  LD [M]  drivers/media/dvb-frontends/mt352.ko
  LD [M]  drivers/media/dvb-frontends/nxt200x.ko
  LD [M]  drivers/media/dvb-frontends/nxt6000.ko
  LD [M]  drivers/media/dvb-frontends/or51132.ko
  LD [M]  drivers/media/dvb-frontends/or51211.ko
  LD [M]  drivers/media/dvb-frontends/rtl2830.ko
  LD [M]  drivers/media/dvb-frontends/rtl2832.ko
  LD [M]  drivers/media/dvb-frontends/rtl2832_sdr.ko
  LD [M]  drivers/media/dvb-frontends/s5h1409.ko
  LD [M]  drivers/media/dvb-frontends/s5h1411.ko
  LD [M]  drivers/media/dvb-frontends/s5h1420.ko
  LD [M]  drivers/media/dvb-frontends/s921.ko
  LD [M]  drivers/media/dvb-frontends/si2165.ko
  LD [M]  drivers/media/dvb-frontends/si2168.ko
  LD [M]  drivers/media/dvb-frontends/si21xx.ko
  LD [M]  drivers/media/dvb-frontends/sp8870.ko
  LD [M]  drivers/media/dvb-frontends/sp2.ko
  LD [M]  drivers/media/dvb-frontends/sp887x.ko
  LD [M]  drivers/media/dvb-frontends/stb0899.ko
  LD [M]  drivers/media/dvb-frontends/stb6000.ko
  LD [M]  drivers/media/dvb-frontends/stb6100.ko
  LD [M]  drivers/media/dvb-frontends/stv0288.ko
  LD [M]  drivers/media/dvb-frontends/stv0297.ko
  LD [M]  drivers/media/dvb-frontends/stv0367.ko
  LD [M]  drivers/media/dvb-frontends/stv0900.ko
  LD [M]  drivers/media/dvb-frontends/stv0299.ko
  LD [M]  drivers/media/dvb-frontends/stv090x.ko
  LD [M]  drivers/media/dvb-frontends/stv6110.ko
  LD [M]  drivers/media/dvb-frontends/stv6110x.ko
  LD [M]  drivers/media/dvb-frontends/tc90522.ko
  LD [M]  drivers/media/dvb-frontends/tda10021.ko
  LD [M]  drivers/media/dvb-frontends/tda10023.ko
  LD [M]  drivers/media/dvb-frontends/tda10048.ko
  LD [M]  drivers/media/dvb-frontends/tda1004x.ko
  LD [M]  drivers/media/dvb-frontends/tda10071.ko
  LD [M]  drivers/media/dvb-frontends/tda10086.ko
  LD [M]  drivers/media/dvb-frontends/tda18271c2dd.ko
  LD [M]  drivers/media/dvb-frontends/tda8083.ko
  LD [M]  drivers/media/dvb-frontends/tda665x.ko
  LD [M]  drivers/media/dvb-frontends/ts2020.ko
  LD [M]  drivers/media/dvb-frontends/tda826x.ko
  LD [M]  drivers/media/dvb-frontends/tda8261.ko
  LD [M]  drivers/media/dvb-frontends/tua6100.ko
  LD [M]  drivers/media/dvb-frontends/ves1820.ko
  LD [M]  drivers/media/dvb-frontends/ves1x93.ko
  LD [M]  drivers/media/dvb-frontends/zl10036.ko
  LD [M]  drivers/media/dvb-frontends/zl10039.ko
  LD [M]  drivers/media/dvb-frontends/zl10353.ko
  LD [M]  drivers/media/firewire/firedtv.ko
  LD [M]  drivers/media/i2c/adv7170.ko
  LD [M]  drivers/media/i2c/adv7175.ko
  LD [M]  drivers/media/i2c/adv7511.ko
  LD [M]  drivers/media/i2c/adv7604.ko
  LD [M]  drivers/media/i2c/adv7842.ko
  LD [M]  drivers/media/i2c/bt819.ko
  LD [M]  drivers/media/i2c/bt856.ko
  LD [M]  drivers/media/i2c/bt866.ko
  LD [M]  drivers/media/i2c/cs3308.ko
  LD [M]  drivers/media/i2c/cs5345.ko
  LD [M]  drivers/media/i2c/cs53l32a.ko
  LD [M]  drivers/media/i2c/cx25840/cx25840.ko
  LD [M]  drivers/media/i2c/ir-kbd-i2c.ko
  LD [M]  drivers/media/i2c/ks0127.ko
  LD [M]  drivers/media/i2c/m52790.ko
  LD [M]  drivers/media/i2c/msp3400.ko
  LD [M]  drivers/media/i2c/mt9v011.ko
  LD [M]  drivers/media/i2c/ov7640.ko
  LD [M]  drivers/media/i2c/saa6588.ko
  LD [M]  drivers/media/i2c/saa6752hs.ko
  LD [M]  drivers/media/i2c/saa7110.ko
  LD [M]  drivers/media/i2c/saa7115.ko
  LD [M]  drivers/media/i2c/saa7127.ko
  LD [M]  drivers/media/i2c/saa717x.ko
  LD [M]  drivers/media/i2c/saa7185.ko
  LD [M]  drivers/media/i2c/sony-btf-mpx.ko
  LD [M]  drivers/media/i2c/tda7432.ko
  LD [M]  drivers/media/i2c/tda9840.ko
  LD [M]  drivers/media/i2c/tea6415c.ko
  LD [M]  drivers/media/i2c/tea6420.ko
  LD [M]  drivers/media/i2c/tvaudio.ko
  LD [M]  drivers/media/i2c/tvp5150.ko
  LD [M]  drivers/media/i2c/tw2804.ko
  LD [M]  drivers/media/i2c/tw9903.ko
  LD [M]  drivers/media/i2c/uda1342.ko
  LD [M]  drivers/media/i2c/tw9906.ko
  LD [M]  drivers/media/i2c/upd64031a.ko
  LD [M]  drivers/media/i2c/vp27smpx.ko
  LD [M]  drivers/media/i2c/upd64083.ko
  LD [M]  drivers/media/i2c/vpx3220.ko
  LD [M]  drivers/media/i2c/wm8739.ko
  LD [M]  drivers/media/i2c/wm8775.ko
  LD [M]  drivers/media/media.ko
  LD [M]  drivers/media/mmc/siano/smssdio.ko
  LD [M]  drivers/media/pci/b2c2/b2c2-flexcop-pci.ko
  LD [M]  drivers/media/pci/bt8xx/bttv.ko
  LD [M]  drivers/media/pci/bt8xx/bt878.ko
  LD [M]  drivers/media/pci/bt8xx/dst.ko
  LD [M]  drivers/media/pci/bt8xx/dst_ca.ko
  LD [M]  drivers/media/pci/bt8xx/dvb-bt8xx.ko
  LD [M]  drivers/media/pci/cobalt/cobalt.ko
  LD [M]  drivers/media/pci/cx18/cx18-alsa.ko
  LD [M]  drivers/media/pci/cx18/cx18.ko
  LD [M]  drivers/media/pci/cx23885/altera-ci.ko
  LD [M]  drivers/media/pci/cx23885/cx23885.ko
  LD [M]  drivers/media/pci/cx25821/cx25821-alsa.ko
  LD [M]  drivers/media/pci/cx25821/cx25821.ko
  LD [M]  drivers/media/pci/cx88/cx88-alsa.ko
  LD [M]  drivers/media/pci/cx88/cx88-blackbird.ko
  LD [M]  drivers/media/pci/cx88/cx88-dvb.ko
  LD [M]  drivers/media/pci/cx88/cx88-vp3054-i2c.ko
  LD [M]  drivers/media/pci/cx88/cx8800.ko
  LD [M]  drivers/media/pci/cx88/cx8802.ko
  LD [M]  drivers/media/pci/cx88/cx88xx.ko
  LD [M]  drivers/media/pci/ddbridge/ddbridge.ko
  LD [M]  drivers/media/pci/dm1105/dm1105.ko
  LD [M]  drivers/media/pci/dt3155/dt3155.ko
  LD [M]  drivers/media/pci/ivtv/ivtv-alsa.ko
  LD [M]  drivers/media/pci/ivtv/ivtv.ko
  LD [M]  drivers/media/pci/ivtv/ivtvfb.ko
  LD [M]  drivers/media/pci/mantis/hopper.ko
  LD [M]  drivers/media/pci/mantis/mantis.ko
  LD [M]  drivers/media/pci/meye/meye.ko
  LD [M]  drivers/media/pci/mantis/mantis_core.ko
  LD [M]  drivers/media/pci/netup_unidvb/netup-unidvb.ko
  LD [M]  drivers/media/pci/ngene/ngene.ko
  LD [M]  drivers/media/pci/pluto2/pluto2.ko
  LD [M]  drivers/media/pci/pt1/earth-pt1.ko
  LD [M]  drivers/media/pci/pt3/earth-pt3.ko
  LD [M]  drivers/media/pci/saa7134/saa7134-alsa.ko
  LD [M]  drivers/media/pci/saa7134/saa7134-dvb.ko
  LD [M]  drivers/media/pci/saa7134/saa7134-empress.ko
  LD [M]  drivers/media/pci/saa7134/saa7134-go7007.ko
  LD [M]  drivers/media/pci/saa7134/saa7134.ko
  LD [M]  drivers/media/pci/saa7146/hexium_gemini.ko
  LD [M]  drivers/media/pci/saa7146/hexium_orion.ko
  LD [M]  drivers/media/pci/saa7146/mxb.ko
  LD [M]  drivers/media/pci/saa7164/saa7164.ko
  LD [M]  drivers/media/pci/smipcie/smipcie.ko
  LD [M]  drivers/media/pci/solo6x10/solo6x10.ko
  LD [M]  drivers/media/pci/ttpci/budget-av.ko
  LD [M]  drivers/media/pci/ttpci/budget-ci.ko
  LD [M]  drivers/media/pci/ttpci/budget-core.ko
  LD [M]  drivers/media/pci/ttpci/budget-patch.ko
  LD [M]  drivers/media/pci/ttpci/budget.ko
  LD [M]  drivers/media/pci/ttpci/dvb-ttpci.ko
  LD [M]  drivers/media/pci/ttpci/ttpci-eeprom.ko
  LD [M]  drivers/media/pci/tw686x/tw686x.ko
  LD [M]  drivers/media/pci/zoran/videocodec.ko
  LD [M]  drivers/media/pci/tw68/tw68.ko
  LD [M]  drivers/media/pci/zoran/zr36016.ko
  LD [M]  drivers/media/pci/zoran/zr36050.ko
  LD [M]  drivers/media/pci/zoran/zr36060.ko
  LD [M]  drivers/media/pci/zoran/zr36067.ko
  LD [M]  drivers/media/platform/m2m-deinterlace.ko
  LD [M]  drivers/media/platform/sh_veu.ko
  LD [M]  drivers/media/radio/dsbr100.ko
  LD [M]  drivers/media/radio/radio-keene.ko
  LD [M]  drivers/media/radio/radio-ma901.ko
  LD [M]  drivers/media/radio/radio-mr800.ko
  LD [M]  drivers/media/radio/radio-maxiradio.ko
  LD [M]  drivers/media/radio/radio-raremono.ko
  LD [M]  drivers/media/radio/radio-shark.ko
  LD [M]  drivers/media/radio/radio-si476x.ko
  LD [M]  drivers/media/radio/radio-wl1273.ko
  LD [M]  drivers/media/radio/saa7706h.ko
  LD [M]  drivers/media/radio/shark2.ko
  LD [M]  drivers/media/radio/radio-tea5764.ko
  LD [M]  drivers/media/radio/si470x/radio-i2c-si470x.ko
  LD [M]  drivers/media/radio/si470x/radio-usb-si470x.ko
  LD [M]  drivers/media/radio/si4713/radio-usb-si4713.ko
  LD [M]  drivers/media/radio/si4713/radio-platform-si4713.ko
  LD [M]  drivers/media/radio/si4713/si4713.ko
  LD [M]  drivers/media/radio/tef6862.ko
  LD [M]  drivers/media/radio/tea575x.ko
  LD [M]  drivers/media/radio/wl128x/fm_drv.ko
  LD [M]  drivers/media/rc/ati_remote.ko
  LD [M]  drivers/media/rc/ene_ir.ko
  LD [M]  drivers/media/rc/fintek-cir.ko
  LD [M]  drivers/media/rc/gpio-ir-recv.ko
  LD [M]  drivers/media/rc/igorplugusb.ko
  LD [M]  drivers/media/rc/iguanair.ko
  LD [M]  drivers/media/rc/imon.ko
  LD [M]  drivers/media/rc/ir-hix5hd2.ko
  LD [M]  drivers/media/rc/ir-jvc-decoder.ko
  LD [M]  drivers/media/rc/ir-lirc-codec.ko
  LD [M]  drivers/media/rc/ir-mce_kbd-decoder.ko
  LD [M]  drivers/media/rc/ir-rc6-decoder.ko
  LD [M]  drivers/media/rc/ir-sanyo-decoder.ko
  LD [M]  drivers/media/rc/ir-rc5-decoder.ko
  LD [M]  drivers/media/rc/ir-nec-decoder.ko
  LD [M]  drivers/media/rc/ir-sharp-decoder.ko
  LD [M]  drivers/media/rc/ir-sony-decoder.ko
  LD [M]  drivers/media/rc/ir-xmp-decoder.ko
  LD [M]  drivers/media/rc/ite-cir.ko
  LD [M]  drivers/media/rc/keymaps/rc-alink-dtu-m.ko
  LD [M]  drivers/media/rc/keymaps/rc-adstech-dvb-t-pci.ko
  LD [M]  drivers/media/rc/keymaps/rc-apac-viewcomp.ko
  LD [M]  drivers/media/rc/keymaps/rc-asus-pc39.ko
  LD [M]  drivers/media/rc/keymaps/rc-anysee.ko
  LD [M]  drivers/media/rc/keymaps/rc-asus-ps3-100.ko
  LD [M]  drivers/media/rc/keymaps/rc-ati-tv-wonder-hd-600.ko
  LD [M]  drivers/media/rc/keymaps/rc-ati-x10.ko
  LD [M]  drivers/media/rc/keymaps/rc-avermedia-a16d.ko
  LD [M]  drivers/media/rc/keymaps/rc-avermedia-cardbus.ko
  LD [M]  drivers/media/rc/keymaps/rc-avermedia-dvbt.ko
  LD [M]  drivers/media/rc/keymaps/rc-avermedia-m135a.ko
  LD [M]  drivers/media/rc/keymaps/rc-avermedia-m733a-rm-k6.ko
  LD [M]  drivers/media/rc/keymaps/rc-avermedia-rm-ks.ko
  LD [M]  drivers/media/rc/keymaps/rc-avermedia.ko
  LD [M]  drivers/media/rc/keymaps/rc-avertv-303.ko
  LD [M]  drivers/media/rc/keymaps/rc-azurewave-ad-tu700.ko
  LD [M]  drivers/media/rc/keymaps/rc-behold-columbus.ko
  LD [M]  drivers/media/rc/keymaps/rc-behold.ko
  LD [M]  drivers/media/rc/keymaps/rc-budget-ci-old.ko
  LD [M]  drivers/media/rc/keymaps/rc-cec.ko
  LD [M]  drivers/media/rc/keymaps/rc-cinergy-1400.ko
  LD [M]  drivers/media/rc/keymaps/rc-delock-61959.ko
  LD [M]  drivers/media/rc/keymaps/rc-cinergy.ko
  LD [M]  drivers/media/rc/keymaps/rc-dib0700-nec.ko
  LD [M]  drivers/media/rc/keymaps/rc-digitalnow-tinytwin.ko
  LD [M]  drivers/media/rc/keymaps/rc-digittrade.ko
  LD [M]  drivers/media/rc/keymaps/rc-dib0700-rc5.ko
  LD [M]  drivers/media/rc/keymaps/rc-dm1105-nec.ko
  LD [M]  drivers/media/rc/keymaps/rc-dntv-live-dvb-t.ko
  LD [M]  drivers/media/rc/keymaps/rc-dntv-live-dvbt-pro.ko
  LD [M]  drivers/media/rc/keymaps/rc-dtt200u.ko
  LD [M]  drivers/media/rc/keymaps/rc-em-terratec.ko
  LD [M]  drivers/media/rc/keymaps/rc-dvbsky.ko
  LD [M]  drivers/media/rc/keymaps/rc-encore-enltv-fm53.ko
  LD [M]  drivers/media/rc/keymaps/rc-encore-enltv2.ko
  LD [M]  drivers/media/rc/keymaps/rc-encore-enltv.ko
  LD [M]  drivers/media/rc/keymaps/rc-evga-indtube.ko
  LD [M]  drivers/media/rc/keymaps/rc-eztv.ko
  LD [M]  drivers/media/rc/keymaps/rc-flydvb.ko
  LD [M]  drivers/media/rc/keymaps/rc-flyvideo.ko
  LD [M]  drivers/media/rc/keymaps/rc-gotview7135.ko
  LD [M]  drivers/media/rc/keymaps/rc-hauppauge.ko
  LD [M]  drivers/media/rc/keymaps/rc-gadmei-rm008z.ko
  LD [M]  drivers/media/rc/keymaps/rc-fusionhdtv-mce.ko
  LD [M]  drivers/media/rc/keymaps/rc-genius-tvgo-a11mce.ko
  LD [M]  drivers/media/rc/keymaps/rc-imon-mce.ko
  LD [M]  drivers/media/rc/keymaps/rc-iodata-bctv7e.ko
  LD [M]  drivers/media/rc/keymaps/rc-imon-pad.ko
  LD [M]  drivers/media/rc/keymaps/rc-it913x-v1.ko
  LD [M]  drivers/media/rc/keymaps/rc-it913x-v2.ko
  LD [M]  drivers/media/rc/keymaps/rc-kaiomy.ko
  LD [M]  drivers/media/rc/keymaps/rc-kworld-315u.ko
  LD [M]  drivers/media/rc/keymaps/rc-kworld-pc150u.ko
  LD [M]  drivers/media/rc/keymaps/rc-kworld-plus-tv-analog.ko
  LD [M]  drivers/media/rc/keymaps/rc-leadtek-y04g0051.ko
  LD [M]  drivers/media/rc/keymaps/rc-lirc.ko
  LD [M]  drivers/media/rc/keymaps/rc-lme2510.ko
  LD [M]  drivers/media/rc/keymaps/rc-manli.ko
  LD [M]  drivers/media/rc/keymaps/rc-medion-x10-or2x.ko
  LD [M]  drivers/media/rc/keymaps/rc-medion-x10-digitainer.ko
  LD [M]  drivers/media/rc/keymaps/rc-medion-x10.ko
  LD [M]  drivers/media/rc/keymaps/rc-msi-digivox-ii.ko
  LD [M]  drivers/media/rc/keymaps/rc-msi-digivox-iii.ko
  LD [M]  drivers/media/rc/keymaps/rc-msi-tvanywhere-plus.ko
  LD [M]  drivers/media/rc/keymaps/rc-nebula.ko
  LD [M]  drivers/media/rc/keymaps/rc-msi-tvanywhere.ko
  LD [M]  drivers/media/rc/keymaps/rc-nec-terratec-cinergy-xs.ko
  LD [M]  drivers/media/rc/keymaps/rc-norwood.ko
  LD [M]  drivers/media/rc/keymaps/rc-npgtech.ko
  LD [M]  drivers/media/rc/keymaps/rc-pctv-sedna.ko
  LD [M]  drivers/media/rc/keymaps/rc-pinnacle-color.ko
  LD [M]  drivers/media/rc/keymaps/rc-pinnacle-grey.ko
  LD [M]  drivers/media/rc/keymaps/rc-pixelview-002t.ko
  LD [M]  drivers/media/rc/keymaps/rc-pinnacle-pctv-hd.ko
  LD [M]  drivers/media/rc/keymaps/rc-pixelview-mk12.ko
  LD [M]  drivers/media/rc/keymaps/rc-pixelview-new.ko
  LD [M]  drivers/media/rc/keymaps/rc-pixelview.ko
  LD [M]  drivers/media/rc/keymaps/rc-proteus-2309.ko
  LD [M]  drivers/media/rc/keymaps/rc-powercolor-real-angel.ko
  LD [M]  drivers/media/rc/keymaps/rc-purpletv.ko
  LD [M]  drivers/media/rc/keymaps/rc-pv951.ko
  LD [M]  drivers/media/rc/keymaps/rc-rc6-mce.ko
  LD [M]  drivers/media/rc/keymaps/rc-real-audio-220-32-keys.ko
  LD [M]  drivers/media/rc/keymaps/rc-snapstream-firefly.ko
  LD [M]  drivers/media/rc/keymaps/rc-reddo.ko
  LD [M]  drivers/media/rc/keymaps/rc-streamzap.ko
  LD [M]  drivers/media/rc/keymaps/rc-su3000.ko
  LD [M]  drivers/media/rc/keymaps/rc-tbs-nec.ko
  LD [M]  drivers/media/rc/keymaps/rc-technisat-ts35.ko
  LD [M]  drivers/media/rc/keymaps/rc-technisat-usb2.ko
  LD [M]  drivers/media/rc/keymaps/rc-terratec-cinergy-c-pci.ko
  LD [M]  drivers/media/rc/keymaps/rc-terratec-cinergy-s2-hd.ko
  LD [M]  drivers/media/rc/keymaps/rc-terratec-cinergy-xs.ko
  LD [M]  drivers/media/rc/keymaps/rc-terratec-slim-2.ko
  LD [M]  drivers/media/rc/keymaps/rc-terratec-slim.ko
  LD [M]  drivers/media/rc/keymaps/rc-tivo.ko
  LD [M]  drivers/media/rc/keymaps/rc-tevii-nec.ko
  LD [M]  drivers/media/rc/keymaps/rc-total-media-in-hand.ko
  LD [M]  drivers/media/rc/keymaps/rc-total-media-in-hand-02.ko
  LD [M]  drivers/media/rc/keymaps/rc-trekstor.ko
  LD [M]  drivers/media/rc/keymaps/rc-tt-1500.ko
  LD [M]  drivers/media/rc/keymaps/rc-twinhan-dtv-cab-ci.ko
  LD [M]  drivers/media/rc/keymaps/rc-twinhan1027.ko
  LD [M]  drivers/media/rc/keymaps/rc-videomate-tv-pvr.ko
  LD [M]  drivers/media/rc/keymaps/rc-videomate-m1f.ko
  LD [M]  drivers/media/rc/keymaps/rc-videomate-s350.ko
  LD [M]  drivers/media/rc/keymaps/rc-winfast-usbii-deluxe.ko
  LD [M]  drivers/media/rc/keymaps/rc-winfast.ko
  LD [M]  drivers/media/rc/mceusb.ko
  LD [M]  drivers/media/rc/nuvoton-cir.ko
  LD [M]  drivers/media/rc/lirc_dev.ko
  LD [M]  drivers/media/rc/rc-core.ko
  LD [M]  drivers/media/rc/rc-loopback.ko
  LD [M]  drivers/media/rc/redrat3.ko
  LD [M]  drivers/media/rc/streamzap.ko
  LD [M]  drivers/media/rc/ttusbir.ko
  LD [M]  drivers/media/rc/winbond-cir.ko
  LD [M]  drivers/media/tuners/e4000.ko
  LD [M]  drivers/media/tuners/fc0011.ko
  LD [M]  drivers/media/tuners/fc0012.ko
  LD [M]  drivers/media/tuners/fc0013.ko
  LD [M]  drivers/media/tuners/fc2580.ko
  LD [M]  drivers/media/tuners/it913x.ko
  LD [M]  drivers/media/tuners/m88rs6000t.ko
  LD [M]  drivers/media/tuners/max2165.ko
  LD [M]  drivers/media/tuners/mc44s803.ko
  LD [M]  drivers/media/tuners/msi001.ko
  LD [M]  drivers/media/tuners/mt2060.ko
  LD [M]  drivers/media/tuners/mt2063.ko
  LD [M]  drivers/media/tuners/mt20xx.ko
  LD [M]  drivers/media/tuners/mt2131.ko
  LD [M]  drivers/media/tuners/mt2266.ko
  LD [M]  drivers/media/tuners/mxl301rf.ko
  LD [M]  drivers/media/tuners/mxl5005s.ko
  LD [M]  drivers/media/tuners/mxl5007t.ko
  LD [M]  drivers/media/tuners/qm1d1c0042.ko
  LD [M]  drivers/media/tuners/r820t.ko
  LD [M]  drivers/media/tuners/si2157.ko
  LD [M]  drivers/media/tuners/qt1010.ko
  LD [M]  drivers/media/tuners/tda18212.ko
  LD [M]  drivers/media/tuners/tda18218.ko
  LD [M]  drivers/media/tuners/tda18271.ko
  LD [M]  drivers/media/tuners/tda827x.ko
  LD [M]  drivers/media/tuners/tda8290.ko
  LD [M]  drivers/media/tuners/tda9887.ko
  LD [M]  drivers/media/tuners/tea5761.ko
  LD [M]  drivers/media/tuners/tea5767.ko
  LD [M]  drivers/media/tuners/tua9001.ko
  LD [M]  drivers/media/tuners/tuner-types.ko
  LD [M]  drivers/media/tuners/tuner-simple.ko
  LD [M]  drivers/media/tuners/tuner-xc2028.ko
  LD [M]  drivers/media/tuners/xc4000.ko
  LD [M]  drivers/media/tuners/xc5000.ko
  LD [M]  drivers/media/usb/airspy/airspy.ko
  LD [M]  drivers/media/usb/as102/dvb-as102.ko
  LD [M]  drivers/media/usb/au0828/au0828.ko
  LD [M]  drivers/media/usb/b2c2/b2c2-flexcop-usb.ko
  LD [M]  drivers/media/usb/cpia2/cpia2.ko
  LD [M]  drivers/media/usb/cx231xx/cx231xx-alsa.ko
  LD [M]  drivers/media/usb/cx231xx/cx231xx-dvb.ko
  LD [M]  drivers/media/usb/cx231xx/cx231xx.ko
  LD [M]  drivers/media/usb/dvb-usb-v2/dvb-usb-af9015.ko
  LD [M]  drivers/media/usb/dvb-usb-v2/dvb-usb-af9035.ko
  LD [M]  drivers/media/usb/dvb-usb-v2/dvb-usb-anysee.ko
  LD [M]  drivers/media/usb/dvb-usb-v2/dvb-usb-au6610.ko
  LD [M]  drivers/media/usb/dvb-usb-v2/dvb-usb-az6007.ko
  LD [M]  drivers/media/usb/dvb-usb-v2/dvb-usb-ce6230.ko
  LD [M]  drivers/media/usb/dvb-usb-v2/dvb-usb-dvbsky.ko
  LD [M]  drivers/media/usb/dvb-usb-v2/dvb-usb-ec168.ko
  LD [M]  drivers/media/usb/dvb-usb-v2/dvb-usb-gl861.ko
  LD [M]  drivers/media/usb/dvb-usb-v2/dvb-usb-lmedm04.ko
  LD [M]  drivers/media/usb/dvb-usb-v2/dvb-usb-rtl28xxu.ko
  LD [M]  drivers/media/usb/dvb-usb-v2/dvb_usb_v2.ko
  LD [M]  drivers/media/usb/dvb-usb-v2/dvb-usb-mxl111sf.ko
  LD [M]  drivers/media/usb/dvb-usb-v2/mxl111sf-tuner.ko
  LD [M]  drivers/media/usb/dvb-usb-v2/mxl111sf-demod.ko
  LD [M]  drivers/media/usb/dvb-usb/dvb-usb-a800.ko
  LD [M]  drivers/media/usb/dvb-usb/dvb-usb-af9005.ko
  LD [M]  drivers/media/usb/dvb-usb/dvb-usb-af9005-remote.ko
  LD [M]  drivers/media/usb/dvb-usb/dvb-usb-cinergyT2.ko
  LD [M]  drivers/media/usb/dvb-usb/dvb-usb-az6027.ko
  LD [M]  drivers/media/usb/dvb-usb/dvb-usb-cxusb.ko
  LD [M]  drivers/media/usb/dvb-usb/dvb-usb-dib0700.ko
  LD [M]  drivers/media/usb/dvb-usb/dvb-usb-dibusb-common.ko
  LD [M]  drivers/media/usb/dvb-usb/dvb-usb-dibusb-mc-common.ko
  LD [M]  drivers/media/usb/dvb-usb/dvb-usb-dibusb-mb.ko
  LD [M]  drivers/media/usb/dvb-usb/dvb-usb-dibusb-mc.ko
  LD [M]  drivers/media/usb/dvb-usb/dvb-usb-digitv.ko
  LD [M]  drivers/media/usb/dvb-usb/dvb-usb-dtv5100.ko
  LD [M]  drivers/media/usb/dvb-usb/dvb-usb-dtt200u.ko
  LD [M]  drivers/media/usb/dvb-usb/dvb-usb-dw2102.ko
  LD [M]  drivers/media/usb/dvb-usb/dvb-usb-friio.ko
  LD [M]  drivers/media/usb/dvb-usb/dvb-usb-gp8psk.ko
  LD [M]  drivers/media/usb/dvb-usb/dvb-usb-m920x.ko
  LD [M]  drivers/media/usb/dvb-usb/dvb-usb-nova-t-usb2.ko
  LD [M]  drivers/media/usb/dvb-usb/dvb-usb-opera.ko
  LD [M]  drivers/media/usb/dvb-usb/dvb-usb-pctv452e.ko
  LD [M]  drivers/media/usb/dvb-usb/dvb-usb-technisat-usb2.ko
  LD [M]  drivers/media/usb/dvb-usb/dvb-usb-ttusb2.ko
  LD [M]  drivers/media/usb/dvb-usb/dvb-usb-umt-010.ko
  LD [M]  drivers/media/usb/dvb-usb/dvb-usb-vp702x.ko
  LD [M]  drivers/media/usb/dvb-usb/dvb-usb-vp7045.ko
  LD [M]  drivers/media/usb/dvb-usb/dvb-usb.ko
  LD [M]  drivers/media/usb/em28xx/em28xx-alsa.ko
  LD [M]  drivers/media/usb/em28xx/em28xx-dvb.ko
  LD [M]  drivers/media/usb/em28xx/em28xx-rc.ko
  LD [M]  drivers/media/usb/em28xx/em28xx-v4l.ko
  LD [M]  drivers/media/usb/em28xx/em28xx.ko
  LD [M]  drivers/media/usb/go7007/go7007-usb.ko
  LD [M]  drivers/media/usb/go7007/go7007.ko
  LD [M]  drivers/media/usb/go7007/go7007-loader.ko
  LD [M]  drivers/media/usb/gspca/gl860/gspca_gl860.ko
  LD [M]  drivers/media/usb/gspca/gspca_benq.ko
  LD [M]  drivers/media/usb/gspca/gspca_conex.ko
  LD [M]  drivers/media/usb/gspca/gspca_cpia1.ko
  LD [M]  drivers/media/usb/gspca/gspca_dtcs033.ko
  LD [M]  drivers/media/usb/gspca/gspca_etoms.ko
  LD [M]  drivers/media/usb/gspca/gspca_finepix.ko
  LD [M]  drivers/media/usb/gspca/gspca_jeilinj.ko
  LD [M]  drivers/media/usb/gspca/gspca_jl2005bcd.ko
  LD [M]  drivers/media/usb/gspca/gspca_konica.ko
  LD [M]  drivers/media/usb/gspca/gspca_main.ko
  LD [M]  drivers/media/usb/gspca/gspca_mars.ko
  LD [M]  drivers/media/usb/gspca/gspca_kinect.ko
  LD [M]  drivers/media/usb/gspca/gspca_mr97310a.ko
  LD [M]  drivers/media/usb/gspca/gspca_nw80x.ko
  LD [M]  drivers/media/usb/gspca/gspca_ov519.ko
  LD [M]  drivers/media/usb/gspca/gspca_ov534.ko
  LD [M]  drivers/media/usb/gspca/gspca_ov534_9.ko
  LD [M]  drivers/media/usb/gspca/gspca_pac207.ko
  LD [M]  drivers/media/usb/gspca/gspca_pac7302.ko
  LD [M]  drivers/media/usb/gspca/gspca_pac7311.ko
  LD [M]  drivers/media/usb/gspca/gspca_se401.ko
  LD [M]  drivers/media/usb/gspca/gspca_sn9c20x.ko
  LD [M]  drivers/media/usb/gspca/gspca_sn9c2028.ko
  LD [M]  drivers/media/usb/gspca/gspca_sonixb.ko
  LD [M]  drivers/media/usb/gspca/gspca_spca1528.ko
  LD [M]  drivers/media/usb/gspca/gspca_spca500.ko
  LD [M]  drivers/media/usb/gspca/gspca_sonixj.ko
  LD [M]  drivers/media/usb/gspca/gspca_spca501.ko
  LD [M]  drivers/media/usb/gspca/gspca_spca505.ko
  LD [M]  drivers/media/usb/gspca/gspca_spca506.ko
  LD [M]  drivers/media/usb/gspca/gspca_spca508.ko
  LD [M]  drivers/media/usb/gspca/gspca_spca561.ko
  LD [M]  drivers/media/usb/gspca/gspca_sq905.ko
  LD [M]  drivers/media/usb/gspca/gspca_sq905c.ko
  LD [M]  drivers/media/usb/gspca/gspca_sq930x.ko
  LD [M]  drivers/media/usb/gspca/gspca_stk014.ko
  LD [M]  drivers/media/usb/gspca/gspca_stk1135.ko
  LD [M]  drivers/media/usb/gspca/gspca_sunplus.ko
  LD [M]  drivers/media/usb/gspca/gspca_stv0680.ko
  LD [M]  drivers/media/usb/gspca/gspca_t613.ko
  LD [M]  drivers/media/usb/gspca/gspca_topro.ko
  LD [M]  drivers/media/usb/gspca/gspca_touptek.ko
  LD [M]  drivers/media/usb/gspca/gspca_tv8532.ko
  LD [M]  drivers/media/usb/gspca/gspca_vc032x.ko
  LD [M]  drivers/media/usb/gspca/gspca_vicam.ko
  LD [M]  drivers/media/usb/gspca/gspca_xirlink_cit.ko
  LD [M]  drivers/media/usb/gspca/gspca_zc3xx.ko
  LD [M]  drivers/media/usb/gspca/stv06xx/gspca_stv06xx.ko
  LD [M]  drivers/media/usb/gspca/m5602/gspca_m5602.ko
  LD [M]  drivers/media/usb/hackrf/hackrf.ko
  LD [M]  drivers/media/usb/hdpvr/hdpvr.ko
  LD [M]  drivers/media/usb/msi2500/msi2500.ko
  LD [M]  drivers/media/usb/pvrusb2/pvrusb2.ko
  LD [M]  drivers/media/usb/s2255/s2255drv.ko
  LD [M]  drivers/media/usb/pwc/pwc.ko
  LD [M]  drivers/media/usb/siano/smsusb.ko
  LD [M]  drivers/media/usb/stk1160/stk1160.ko
  LD [M]  drivers/media/usb/stkwebcam/stkwebcam.ko
  LD [M]  drivers/media/usb/tm6000/tm6000-alsa.ko
  LD [M]  drivers/media/usb/tm6000/tm6000-dvb.ko
  LD [M]  drivers/media/usb/tm6000/tm6000.ko
  LD [M]  drivers/media/usb/ttusb-budget/dvb-ttusb-budget.ko
  LD [M]  drivers/media/usb/ttusb-dec/ttusbdecfe.ko
  LD [M]  drivers/media/usb/ttusb-dec/ttusb_dec.ko
  LD [M]  drivers/media/usb/usbtv/usbtv.ko
  LD [M]  drivers/media/usb/uvc/uvcvideo.ko
  LD [M]  drivers/media/usb/usbvision/usbvision.ko
  LD [M]  drivers/media/usb/zr364xx/zr364xx.ko
  LD [M]  drivers/media/v4l2-core/tuner.ko
  LD [M]  drivers/media/v4l2-core/v4l2-common.ko
  LD [M]  drivers/media/v4l2-core/v4l2-dv-timings.ko
  LD [M]  drivers/media/v4l2-core/v4l2-mem2mem.ko
  LD [M]  drivers/media/v4l2-core/videobuf-core.ko
  LD [M]  drivers/media/v4l2-core/videobuf-dma-sg.ko
  LD [M]  drivers/media/v4l2-core/videobuf-dvb.ko
  LD [M]  drivers/media/v4l2-core/videobuf-vmalloc.ko
  LD [M]  drivers/media/v4l2-core/videobuf2-dma-contig.ko
  LD [M]  drivers/media/v4l2-core/videobuf2-core.ko
  LD [M]  drivers/media/v4l2-core/videobuf2-dma-sg.ko
  LD [M]  drivers/media/v4l2-core/videobuf2-memops.ko
  LD [M]  drivers/media/v4l2-core/videobuf2-dvb.ko
  LD [M]  drivers/media/v4l2-core/videobuf2-v4l2.ko
  LD [M]  drivers/media/v4l2-core/videobuf2-vmalloc.ko
  LD [M]  drivers/media/v4l2-core/videodev.ko
  LD [M]  drivers/memstick/core/memstick.ko
  LD [M]  drivers/memstick/core/ms_block.ko
  LD [M]  drivers/memstick/core/mspro_block.ko
  LD [M]  drivers/memstick/host/jmb38x_ms.ko
  LD [M]  drivers/memstick/host/r592.ko
  LD [M]  drivers/memstick/host/rtsx_pci_ms.ko
  LD [M]  drivers/memstick/host/tifm_ms.ko
  LD [M]  drivers/memstick/host/rtsx_usb_ms.ko
  LD [M]  drivers/message/fusion/mptbase.ko
  LD [M]  drivers/message/fusion/mptctl.ko
  LD [M]  drivers/message/fusion/mptfc.ko
  LD [M]  drivers/message/fusion/mptsas.ko
  LD [M]  drivers/message/fusion/mptspi.ko
  LD [M]  drivers/message/fusion/mptscsih.ko
  LD [M]  drivers/mfd/arizona-i2c.ko
  LD [M]  drivers/mfd/bcm590xx.ko
  LD [M]  drivers/mfd/cros_ec.ko
  LD [M]  drivers/mfd/cros_ec_i2c.ko
  LD [M]  drivers/mfd/intel-lpss-acpi.ko
  LD [M]  drivers/mfd/htc-pasic3.ko
  LD [M]  drivers/mfd/intel-lpss-pci.ko
  LD [M]  drivers/mfd/intel-lpss.ko
  LD [M]  drivers/mfd/lm3533-core.ko
  LD [M]  drivers/mfd/lm3533-ctrlbank.ko
  LD [M]  drivers/mfd/lp3943.ko
  LD [M]  drivers/mfd/lpc_ich.ko
  LD [M]  drivers/mfd/lpc_sch.ko
  LD [M]  drivers/mfd/mc13xxx-core.ko
  LD [M]  drivers/mfd/mc13xxx-i2c.ko
  LD [M]  drivers/mfd/pcf50633-adc.ko
  LD [M]  drivers/mfd/pcf50633-gpio.ko
  LD [M]  drivers/mfd/pcf50633.ko
  LD [M]  drivers/mfd/rdc321x-southbridge.ko
  LD [M]  drivers/mfd/retu-mfd.ko
  LD [M]  drivers/mfd/rt5033.ko
  LD [M]  drivers/mfd/rtsx_pci.ko
  LD [M]  drivers/mfd/rtsx_usb.ko
  LD [M]  drivers/mfd/si476x-core.ko
  LD [M]  drivers/mfd/sm501.ko
  LD [M]  drivers/mfd/ti_am335x_tscadc.ko
  LD [M]  drivers/mfd/tps65010.ko
  LD [M]  drivers/mfd/tps65217.ko
  LD [M]  drivers/mfd/tps65218.ko
  LD [M]  drivers/mfd/tps6507x.ko
  LD [M]  drivers/mfd/ucb1400_core.ko
  LD [M]  drivers/mfd/viperboard.ko
  LD [M]  drivers/mfd/vx855.ko
  LD [M]  drivers/mfd/wl1273-core.ko
  LD [M]  drivers/misc/ad525x_dpot-i2c.ko
  LD [M]  drivers/misc/ad525x_dpot.ko
  LD [M]  drivers/misc/altera-stapl/altera-stapl.ko
  LD [M]  drivers/misc/apds990x.ko
  LD [M]  drivers/misc/apds9802als.ko
  LD [M]  drivers/misc/bh1770glc.ko
  LD [M]  drivers/misc/c2port/c2port-duramar2150.ko
  LD [M]  drivers/misc/c2port/core.ko
  LD [M]  drivers/misc/cb710/cb710.ko
  LD [M]  drivers/misc/echo/echo.ko
  LD [M]  drivers/misc/eeprom/at24.ko
  LD [M]  drivers/misc/ds1682.ko
  LD [M]  drivers/misc/eeprom/eeprom.ko
  LD [M]  drivers/misc/eeprom/eeprom_93cx6.ko
  LD [M]  drivers/misc/eeprom/max6875.ko
  LD [M]  drivers/misc/enclosure.ko
  LD [M]  drivers/misc/fsa9480.ko
  LD [M]  drivers/misc/genwqe/genwqe_card.ko
  LD [M]  drivers/misc/hmc6352.ko
  LD [M]  drivers/misc/hpilo.ko
  LD [M]  drivers/misc/ics932s401.ko
  LD [M]  drivers/misc/ioc4.ko
  LD [M]  drivers/misc/isl29003.ko
  LD [M]  drivers/misc/isl29020.ko
  LD [M]  drivers/misc/lis3lv02d/lis3lv02d.ko
  LD [M]  drivers/misc/lis3lv02d/lis3lv02d_i2c.ko
  LD [M]  drivers/misc/lkdtm.ko
  LD [M]  drivers/misc/mei/mei-me.ko
  LD [M]  drivers/misc/mei/mei-txe.ko
  LD [M]  drivers/misc/mei/mei.ko
  LD [M]  drivers/misc/mic/bus/cosm_bus.ko
  LD [M]  drivers/misc/mic/bus/mic_bus.ko
  LD [M]  drivers/misc/mic/bus/scif_bus.ko
  LD [M]  drivers/misc/mic/bus/vop_bus.ko
  LD [M]  drivers/misc/mic/card/mic_card.ko
  LD [M]  drivers/misc/mic/cosm/mic_cosm.ko
  LD [M]  drivers/misc/mic/cosm_client/cosm_client.ko
  LD [M]  drivers/misc/mic/host/mic_host.ko
  LD [M]  drivers/misc/mic/scif/scif.ko
  LD [M]  drivers/misc/mic/vop/vop.ko
  LD [M]  drivers/misc/ti-st/st_drv.ko
  LD [M]  drivers/misc/phantom.ko
  LD [M]  drivers/misc/tifm_7xx1.ko
  LD [M]  drivers/misc/tifm_core.ko
  LD [M]  drivers/misc/tsl2550.ko
  LD [M]  drivers/misc/vmw_balloon.ko
  LD [M]  drivers/misc/vmw_vmci/vmw_vmci.ko
  LD [M]  drivers/mmc/core/mmc_block.ko
  LD [M]  drivers/mmc/core/sdio_uart.ko
  LD [M]  drivers/mmc/core/mmc_core.ko
  LD [M]  drivers/mmc/host/cb710-mmc.ko
  LD [M]  drivers/mmc/host/mmc_spi.ko
  LD [M]  drivers/mmc/host/mtk-sd.ko
  LD [M]  drivers/mmc/host/rtsx_pci_sdmmc.ko
  LD [M]  drivers/mmc/host/rtsx_usb_sdmmc.ko
  LD [M]  drivers/mmc/host/sdhci-acpi.ko
  LD [M]  drivers/mmc/host/sdhci-pci.ko
  LD [M]  drivers/mmc/host/sdhci-pltfm.ko
  LD [M]  drivers/mmc/host/sdricoh_cs.ko
  LD [M]  drivers/mmc/host/sdhci.ko
  LD [M]  drivers/mmc/host/tifm_sd.ko
  LD [M]  drivers/mmc/host/toshsd.ko
  LD [M]  drivers/mmc/host/usdhi6rol0.ko
  LD [M]  drivers/mmc/host/ushc.ko
  LD [M]  drivers/mmc/host/via-sdmmc.ko
  LD [M]  drivers/mmc/host/vub300.ko
  LD [M]  drivers/mmc/host/wbsd.ko
  LD [M]  drivers/mtd/ar7part.ko
  LD [M]  drivers/mtd/chips/cfi_cmdset_0001.ko
  LD [M]  drivers/mtd/chips/cfi_cmdset_0002.ko
  LD [M]  drivers/mtd/chips/cfi_cmdset_0020.ko
  LD [M]  drivers/mtd/chips/cfi_probe.ko
  LD [M]  drivers/mtd/chips/cfi_util.ko
  LD [M]  drivers/mtd/chips/chipreg.ko
  LD [M]  drivers/mtd/chips/gen_probe.ko
  LD [M]  drivers/mtd/chips/jedec_probe.ko
  LD [M]  drivers/mtd/chips/map_absent.ko
  LD [M]  drivers/mtd/chips/map_ram.ko
  LD [M]  drivers/mtd/cmdlinepart.ko
  LD [M]  drivers/mtd/chips/map_rom.ko
  LD [M]  drivers/mtd/devices/block2mtd.ko
  LD [M]  drivers/mtd/devices/mtdram.ko
  LD [M]  drivers/mtd/devices/phram.ko
  LD [M]  drivers/mtd/devices/pmc551.ko
  LD [M]  drivers/mtd/devices/slram.ko
  LD [M]  drivers/mtd/ftl.ko
  LD [M]  drivers/mtd/inftl.ko
  LD [M]  drivers/mtd/lpddr/lpddr_cmds.ko
  LD [M]  drivers/mtd/lpddr/qinfo_probe.ko
  LD [M]  drivers/mtd/maps/map_funcs.ko
  LD [M]  drivers/mtd/maps/pci.ko
  LD [M]  drivers/mtd/maps/pcmciamtd.ko
  LD [M]  drivers/mtd/maps/plat-ram.ko
  LD [M]  drivers/mtd/mtd.ko
  LD [M]  drivers/mtd/maps/scb2_flash.ko
  LD [M]  drivers/mtd/mtd_blkdevs.ko
  LD [M]  drivers/mtd/mtdblock.ko
  LD [M]  drivers/mtd/mtdblock_ro.ko
  LD [M]  drivers/mtd/mtdoops.ko
  LD [M]  drivers/mtd/mtdswap.ko
  LD [M]  drivers/mtd/nftl.ko
  LD [M]  drivers/mtd/redboot.ko
  LD [M]  drivers/mtd/rfd_ftl.ko
  LD [M]  drivers/mtd/tests/mtd_nandbiterrs.ko
  LD [M]  drivers/mtd/ssfdc.ko
  LD [M]  drivers/mtd/tests/mtd_nandecctest.ko
  LD [M]  drivers/mtd/tests/mtd_pagetest.ko
  LD [M]  drivers/mtd/tests/mtd_readtest.ko
  LD [M]  drivers/mtd/tests/mtd_oobtest.ko
  LD [M]  drivers/mtd/tests/mtd_speedtest.ko
  LD [M]  drivers/mtd/tests/mtd_stresstest.ko
  LD [M]  drivers/mtd/tests/mtd_subpagetest.ko
  LD [M]  drivers/mtd/ubi/ubi.ko
  LD [M]  drivers/net/bonding/bonding.ko
  LD [M]  drivers/mtd/tests/mtd_torturetest.ko
  LD [M]  drivers/net/caif/caif_hsi.ko
  LD [M]  drivers/net/caif/caif_serial.ko
  LD [M]  drivers/net/caif/caif_virtio.ko
  LD [M]  drivers/net/caif/cfspi_slave.ko
  LD [M]  drivers/net/can/c_can/c_can_pci.ko
  LD [M]  drivers/net/can/c_can/c_can_platform.ko
  LD [M]  drivers/net/can/can-dev.ko
  LD [M]  drivers/net/can/c_can/c_can.ko
  LD [M]  drivers/net/can/cc770/cc770.ko
  LD [M]  drivers/net/can/cc770/cc770_platform.ko
  LD [M]  drivers/net/can/ifi_canfd/ifi_canfd.ko
  LD [M]  drivers/net/can/m_can/m_can.ko
  LD [M]  drivers/net/can/sja1000/ems_pci.ko
  LD [M]  drivers/net/can/sja1000/peak_pci.ko
  LD [M]  drivers/net/can/sja1000/kvaser_pci.ko
  LD [M]  drivers/net/can/sja1000/plx_pci.ko
  LD [M]  drivers/net/can/sja1000/sja1000.ko
  LD [M]  drivers/net/can/sja1000/sja1000_platform.ko
  LD [M]  drivers/net/can/softing/softing.ko
  LD [M]  drivers/net/can/slcan.ko
  LD [M]  drivers/net/can/usb/ems_usb.ko
  LD [M]  drivers/net/can/usb/esd_usb2.ko
  LD [M]  drivers/net/can/usb/gs_usb.ko
  LD [M]  drivers/net/can/usb/kvaser_usb.ko
  LD [M]  drivers/net/can/usb/peak_usb/peak_usb.ko
  LD [M]  drivers/net/can/usb/usb_8dev.ko
  LD [M]  drivers/net/can/vcan.ko
  LD [M]  drivers/net/dsa/b53/b53_mdio.ko
  LD [M]  drivers/net/dsa/b53/b53_common.ko
  LD [M]  drivers/net/dsa/b53/b53_spi.ko
  LD [M]  drivers/net/dsa/b53/b53_mmap.ko
  LD [M]  drivers/net/dsa/b53/b53_srab.ko
  LD [M]  drivers/net/dsa/bcm_sf2.ko
  LD [M]  drivers/net/dsa/mv88e6060.ko
  LD [M]  drivers/net/dummy.ko
  LD [M]  drivers/net/dsa/mv88e6xxx/mv88e6xxx.ko
  LD [M]  drivers/net/eql.ko
  LD [M]  drivers/net/ethernet/3com/3c574_cs.ko
  LD [M]  drivers/net/ethernet/3com/3c589_cs.ko
  LD [M]  drivers/net/ethernet/3com/3c59x.ko
  LD [M]  drivers/net/ethernet/8390/8390.ko
  LD [M]  drivers/net/ethernet/8390/axnet_cs.ko
  LD [M]  drivers/net/ethernet/3com/typhoon.ko
  LD [M]  drivers/net/ethernet/8390/ne2k-pci.ko
  LD [M]  drivers/net/ethernet/8390/pcnet_cs.ko
  LD [M]  drivers/net/ethernet/adaptec/starfire.ko
  LD [M]  drivers/net/ethernet/agere/et131x.ko
  LD [M]  drivers/net/ethernet/alacritech/slicoss.ko
  LD [M]  drivers/net/ethernet/alteon/acenic.ko
  LD [M]  drivers/net/ethernet/amd/amd8111e.ko
  LD [M]  drivers/net/ethernet/altera/altera_tse.ko
  LD [M]  drivers/net/ethernet/amd/nmclan_cs.ko
  LD [M]  drivers/net/ethernet/atheros/alx/alx.ko
  LD [M]  drivers/net/ethernet/atheros/atl1c/atl1c.ko
  LD [M]  drivers/net/ethernet/amd/pcnet32.ko
  LD [M]  drivers/net/ethernet/atheros/atl1e/atl1e.ko
  LD [M]  drivers/net/ethernet/atheros/atlx/atl1.ko
  LD [M]  drivers/net/ethernet/atheros/atlx/atl2.ko
  LD [M]  drivers/net/ethernet/aurora/nb8800.ko
  LD [M]  drivers/net/ethernet/broadcom/b44.ko
  LD [M]  drivers/net/ethernet/broadcom/bnx2.ko
  LD [M]  drivers/net/ethernet/broadcom/bnx2x/bnx2x.ko
  LD [M]  drivers/net/ethernet/broadcom/bnxt/bnxt_en.ko
  LD [M]  drivers/net/ethernet/broadcom/cnic.ko
  LD [M]  drivers/net/ethernet/broadcom/genet/genet.ko
  LD [M]  drivers/net/ethernet/broadcom/tg3.ko
  LD [M]  drivers/net/ethernet/brocade/bna/bna.ko
  LD [M]  drivers/net/ethernet/cadence/macb.ko
  LD [M]  drivers/net/ethernet/chelsio/cxgb/cxgb.ko
  LD [M]  drivers/net/ethernet/chelsio/cxgb3/cxgb3.ko
  LD [M]  drivers/net/ethernet/chelsio/cxgb4/cxgb4.ko
  LD [M]  drivers/net/ethernet/chelsio/cxgb4vf/cxgb4vf.ko
  LD [M]  drivers/net/ethernet/chelsio/libcxgb/libcxgb.ko
  LD [M]  drivers/net/ethernet/cisco/enic/enic.ko
  LD [M]  drivers/net/ethernet/dec/tulip/de2104x.ko
  LD [M]  drivers/net/ethernet/dec/tulip/de4x5.ko
  LD [M]  drivers/net/ethernet/dec/tulip/dmfe.ko
  LD [M]  drivers/net/ethernet/dec/tulip/tulip.ko
  LD [M]  drivers/net/ethernet/dec/tulip/uli526x.ko
  LD [M]  drivers/net/ethernet/dec/tulip/winbond-840.ko
  LD [M]  drivers/net/ethernet/dlink/dl2k.ko
  LD [M]  drivers/net/ethernet/dlink/sundance.ko
  LD [M]  drivers/net/ethernet/dnet.ko
  LD [M]  drivers/net/ethernet/ec_bhf.ko
  LD [M]  drivers/net/ethernet/dec/tulip/xircom_cb.ko
  LD [M]  drivers/net/ethernet/emulex/benet/be2net.ko
  LD [M]  drivers/net/ethernet/ethoc.ko
  LD [M]  drivers/net/ethernet/fealnx.ko
  LD [M]  drivers/net/ethernet/fujitsu/fmvj18x_cs.ko
  LD [M]  drivers/net/ethernet/hp/hp100.ko
  LD [M]  drivers/net/ethernet/intel/e100.ko
  LD [M]  drivers/net/ethernet/intel/e1000/e1000.ko
  LD [M]  drivers/net/ethernet/intel/e1000e/e1000e.ko
  LD [M]  drivers/net/ethernet/intel/fm10k/fm10k.ko
  LD [M]  drivers/net/ethernet/intel/i40evf/i40evf.ko
  LD [M]  drivers/net/ethernet/intel/igb/igb.ko
  LD [M]  drivers/net/ethernet/intel/igbvf/igbvf.ko
  LD [M]  drivers/net/ethernet/intel/i40e/i40e.ko
  LD [M]  drivers/net/ethernet/intel/ixgb/ixgb.ko
  LD [M]  drivers/net/ethernet/intel/ixgbe/ixgbe.ko
  LD [M]  drivers/net/ethernet/intel/ixgbevf/ixgbevf.ko
  LD [M]  drivers/net/ethernet/jme.ko
  LD [M]  drivers/net/ethernet/marvell/mvmdio.ko
  LD [M]  drivers/net/ethernet/marvell/skge.ko
  LD [M]  drivers/net/ethernet/marvell/sky2.ko
  LD [M]  drivers/net/ethernet/mellanox/mlx4/mlx4_core.ko
  LD [M]  drivers/net/ethernet/mellanox/mlx4/mlx4_en.ko
  LD [M]  drivers/net/ethernet/mellanox/mlxsw/mlxsw_core.ko
  LD [M]  drivers/net/ethernet/mellanox/mlxsw/mlxsw_i2c.ko
  LD [M]  drivers/net/ethernet/mellanox/mlx5/core/mlx5_core.ko
  LD [M]  drivers/net/ethernet/mellanox/mlxsw/mlxsw_minimal.ko
  LD [M]  drivers/net/ethernet/mellanox/mlxsw/mlxsw_pci.ko
  LD [M]  drivers/net/ethernet/mellanox/mlxsw/mlxsw_spectrum.ko
  LD [M]  drivers/net/ethernet/mellanox/mlxsw/mlxsw_switchib.ko
  LD [M]  drivers/net/ethernet/mellanox/mlxsw/mlxsw_switchx2.ko
  LD [M]  drivers/net/ethernet/micrel/ks8842.ko
  LD [M]  drivers/net/ethernet/micrel/ks8851.ko
  LD [M]  drivers/net/ethernet/micrel/ks8851_mll.ko
  LD [M]  drivers/net/ethernet/microchip/enc28j60.ko
  LD [M]  drivers/net/ethernet/micrel/ksz884x.ko
  LD [M]  drivers/net/ethernet/microchip/encx24j600-regmap.ko
  LD [M]  drivers/net/ethernet/microchip/encx24j600.ko
  LD [M]  drivers/net/ethernet/myricom/myri10ge/myri10ge.ko
  LD [M]  drivers/net/ethernet/natsemi/ns83820.ko
  LD [M]  drivers/net/ethernet/natsemi/natsemi.ko
  LD [M]  drivers/net/ethernet/neterion/s2io.ko
  LD [M]  drivers/net/ethernet/neterion/vxge/vxge.ko
  LD [M]  drivers/net/ethernet/netronome/nfp/nfp_netvf.ko
  LD [M]  drivers/net/ethernet/nvidia/forcedeth.ko
  LD [M]  drivers/net/ethernet/packetengines/hamachi.ko
  LD [M]  drivers/net/ethernet/packetengines/yellowfin.ko
  LD [M]  drivers/net/ethernet/qlogic/netxen/netxen_nic.ko
  LD [M]  drivers/net/ethernet/qlogic/qed/qed.ko
  LD [M]  drivers/net/ethernet/qlogic/qede/qede.ko
  LD [M]  drivers/net/ethernet/qlogic/qla3xxx.ko
  LD [M]  drivers/net/ethernet/qlogic/qlge/qlge.ko
  LD [M]  drivers/net/ethernet/qlogic/qlcnic/qlcnic.ko
  LD [M]  drivers/net/ethernet/rdc/r6040.ko
  LD [M]  drivers/net/ethernet/realtek/8139cp.ko
  LD [M]  drivers/net/ethernet/realtek/8139too.ko
  LD [M]  drivers/net/ethernet/realtek/r8169.ko
  LD [M]  drivers/net/ethernet/rocker/rocker.ko
  LD [M]  drivers/net/ethernet/realtek/atp.ko
  LD [M]  drivers/net/ethernet/samsung/sxgbe/samsung-sxgbe.ko
  LD [M]  drivers/net/ethernet/sfc/sfc.ko
  LD [M]  drivers/net/ethernet/sis/sis190.ko
  LD [M]  drivers/net/ethernet/silan/sc92031.ko
  LD [M]  drivers/net/ethernet/sis/sis900.ko
  LD [M]  drivers/net/ethernet/smsc/epic100.ko
  LD [M]  drivers/net/ethernet/smsc/smc91c92_cs.ko
  LD [M]  drivers/net/ethernet/smsc/smsc9420.ko
  LD [M]  drivers/net/ethernet/smsc/smsc911x.ko
  LD [M]  drivers/net/ethernet/stmicro/stmmac/stmmac-pci.ko
  LD [M]  drivers/net/ethernet/stmicro/stmmac/stmmac.ko
  LD [M]  drivers/net/ethernet/sun/cassini.ko
  LD [M]  drivers/net/ethernet/sun/sungem.ko
  LD [M]  drivers/net/ethernet/sun/niu.ko
  LD [M]  drivers/net/ethernet/sun/sunhme.ko
  LD [M]  drivers/net/ethernet/tehuti/tehuti.ko
  LD [M]  drivers/net/ethernet/ti/cpsw_ale.ko
  LD [M]  drivers/net/ethernet/ti/tlan.ko
  LD [M]  drivers/net/ethernet/via/via-velocity.ko
  LD [M]  drivers/net/ethernet/via/via-rhine.ko
  LD [M]  drivers/net/ethernet/wiznet/w5100-spi.ko
  LD [M]  drivers/net/ethernet/wiznet/w5100.ko
  LD [M]  drivers/net/ethernet/wiznet/w5300.ko
  LD [M]  drivers/net/ethernet/xircom/xirc2ps_cs.ko
  LD [M]  drivers/net/fjes/fjes.ko
  LD [M]  drivers/net/geneve.ko
  LD [M]  drivers/net/gtp.ko
  LD [M]  drivers/net/hamradio/6pack.ko
  LD [M]  drivers/net/hamradio/baycom_par.ko
  LD [M]  drivers/net/hamradio/baycom_ser_hdx.ko
  LD [M]  drivers/net/hamradio/bpqether.ko
  LD [M]  drivers/net/hamradio/baycom_ser_fdx.ko
  LD [M]  drivers/net/hamradio/hdlcdrv.ko
  LD [M]  drivers/net/hamradio/mkiss.ko
  LD [M]  drivers/net/hamradio/yam.ko
  LD [M]  drivers/net/hyperv/hv_netvsc.ko
  LD [M]  drivers/net/ieee802154/at86rf230.ko
  LD [M]  drivers/net/ieee802154/fakelb.ko
  LD [M]  drivers/net/ieee802154/atusb.ko
  LD [M]  drivers/net/ipvlan/ipvlan.ko
  LD [M]  drivers/net/ifb.ko
  LD [M]  drivers/net/irda/actisys-sir.ko
  LD [M]  drivers/net/irda/act200l-sir.ko
  LD [M]  drivers/net/irda/ali-ircc.ko
  LD [M]  drivers/net/irda/esi-sir.ko
  LD [M]  drivers/net/irda/girbil-sir.ko
  LD [M]  drivers/net/irda/irda-usb.ko
  LD [M]  drivers/net/irda/kingsun-sir.ko
  LD [M]  drivers/net/irda/irtty-sir.ko
  LD [M]  drivers/net/irda/ks959-sir.ko
  LD [M]  drivers/net/irda/ksdazzle-sir.ko
  LD [M]  drivers/net/irda/litelink-sir.ko
  LD [M]  drivers/net/irda/ma600-sir.ko
  LD [M]  drivers/net/irda/mcp2120-sir.ko
  LD [M]  drivers/net/irda/mcs7780.ko
  LD [M]  drivers/net/irda/nsc-ircc.ko
  LD [M]  drivers/net/irda/sir-dev.ko
  LD [M]  drivers/net/irda/old_belkin-sir.ko
  LD [M]  drivers/net/irda/smsc-ircc2.ko
  LD [M]  drivers/net/irda/stir4200.ko
  LD [M]  drivers/net/irda/tekram-sir.ko
  LD [M]  drivers/net/irda/toim3232-sir.ko
  LD [M]  drivers/net/irda/via-ircc.ko
  LD [M]  drivers/net/irda/vlsi_ir.ko
  LD [M]  drivers/net/irda/w83977af_ir.ko
  LD [M]  drivers/net/macsec.ko
  LD [M]  drivers/net/macvlan.ko
  LD [M]  drivers/net/macvtap.ko
  LD [M]  drivers/net/mdio.ko
  LD [M]  drivers/net/mii.ko
  LD [M]  drivers/net/nlmon.ko
  LD [M]  drivers/net/netconsole.ko
  LD [M]  drivers/net/phy/amd.ko
  LD [M]  drivers/net/phy/at803x.ko
  LD [M]  drivers/net/phy/aquantia.ko
  LD [M]  drivers/net/phy/bcm-phy-lib.ko
  LD [M]  drivers/net/phy/bcm7xxx.ko
  LD [M]  drivers/net/phy/bcm87xx.ko
  LD [M]  drivers/net/phy/broadcom.ko
  LD [M]  drivers/net/phy/cicada.ko
  LD [M]  drivers/net/phy/davicom.ko
  LD [M]  drivers/net/phy/dp83640.ko
  LD [M]  drivers/net/phy/dp83848.ko
  LD [M]  drivers/net/phy/dp83867.ko
  LD [M]  drivers/net/phy/et1011c.ko
  LD [M]  drivers/net/phy/fixed_phy.ko
  LD [M]  drivers/net/phy/intel-xway.ko
  LD [M]  drivers/net/phy/icplus.ko
  LD [M]  drivers/net/phy/libphy.ko
  LD [M]  drivers/net/phy/lxt.ko
  LD [M]  drivers/net/phy/marvell.ko
  LD [M]  drivers/net/phy/mdio-bcm-unimac.ko
  LD [M]  drivers/net/phy/mdio-bitbang.ko
  LD [M]  drivers/net/phy/mdio-cavium.ko
  LD [M]  drivers/net/phy/mdio-octeon.ko
  LD [M]  drivers/net/phy/micrel.ko
  LD [M]  drivers/net/phy/microchip.ko
  LD [M]  drivers/net/phy/qsemi.ko
  LD [M]  drivers/net/phy/national.ko
  LD [M]  drivers/net/phy/realtek.ko
  LD [M]  drivers/net/phy/smsc.ko
  LD [M]  drivers/net/phy/ste10Xp.ko
  LD [M]  drivers/net/phy/teranetics.ko
  LD [M]  drivers/net/phy/vitesse.ko
  LD [M]  drivers/net/plip/plip.ko
  LD [M]  drivers/net/ppp/ppp_async.ko
  LD [M]  drivers/net/ppp/bsd_comp.ko
  LD [M]  drivers/net/ppp/ppp_generic.ko
  LD [M]  drivers/net/ppp/ppp_deflate.ko
  LD [M]  drivers/net/ppp/ppp_mppe.ko
  LD [M]  drivers/net/ppp/ppp_synctty.ko
  LD [M]  drivers/net/ppp/pppoe.ko
  LD [M]  drivers/net/ppp/pppox.ko
  LD [M]  drivers/net/sb1000.ko
  LD [M]  drivers/net/slip/slhc.ko
  LD [M]  drivers/net/slip/slip.ko
  LD [M]  drivers/net/ppp/pptp.ko
  LD [M]  drivers/net/sungem_phy.ko
  LD [M]  drivers/net/team/team.ko
  LD [M]  drivers/net/team/team_mode_activebackup.ko
  LD [M]  drivers/net/team/team_mode_broadcast.ko
  LD [M]  drivers/net/team/team_mode_loadbalance.ko
  LD [M]  drivers/net/team/team_mode_random.ko
  LD [M]  drivers/net/tun.ko
  LD [M]  drivers/net/team/team_mode_roundrobin.ko
  LD [M]  drivers/net/usb/asix.ko
  LD [M]  drivers/net/usb/ax88179_178a.ko
  LD [M]  drivers/net/usb/catc.ko
  LD [M]  drivers/net/usb/cdc-phonet.ko
  LD [M]  drivers/net/usb/cdc_eem.ko
  LD [M]  drivers/net/usb/cdc_ether.ko
  LD [M]  drivers/net/usb/cdc_mbim.ko
  LD [M]  drivers/net/usb/cdc_ncm.ko
  LD [M]  drivers/net/usb/cdc_subset.ko
  LD [M]  drivers/net/usb/cx82310_eth.ko
  LD [M]  drivers/net/usb/ch9200.ko
  LD [M]  drivers/net/usb/dm9601.ko
  LD [M]  drivers/net/usb/gl620a.ko
  LD [M]  drivers/net/usb/hso.ko
  LD [M]  drivers/net/usb/huawei_cdc_ncm.ko
  LD [M]  drivers/net/usb/int51x1.ko
  LD [M]  drivers/net/usb/kalmia.ko
  LD [M]  drivers/net/usb/ipheth.ko
  LD [M]  drivers/net/usb/kaweth.ko
  LD [M]  drivers/net/usb/lan78xx.ko
  LD [M]  drivers/net/usb/lg-vl600.ko
  LD [M]  drivers/net/usb/net1080.ko
  LD [M]  drivers/net/usb/mcs7830.ko
  LD [M]  drivers/net/usb/plusb.ko
  LD [M]  drivers/net/usb/pegasus.ko
  LD [M]  drivers/net/usb/qmi_wwan.ko
  LD [M]  drivers/net/usb/r8152.ko
  LD [M]  drivers/net/usb/rndis_host.ko
  LD [M]  drivers/net/usb/rtl8150.ko
  LD [M]  drivers/net/usb/sierra_net.ko
  LD [M]  drivers/net/usb/smsc75xx.ko
  LD [M]  drivers/net/usb/smsc95xx.ko
  LD [M]  drivers/net/usb/sr9800.ko
  LD [M]  drivers/net/usb/usbnet.ko
  LD [M]  drivers/net/usb/sr9700.ko
  LD [M]  drivers/net/usb/zaurus.ko
  LD [M]  drivers/net/veth.ko
  LD [M]  drivers/net/virtio_net.ko
  LD [M]  drivers/net/vmxnet3/vmxnet3.ko
  LD [M]  drivers/net/vrf.ko
  LD [M]  drivers/net/vxlan.ko
  LD [M]  drivers/net/wimax/i2400m/i2400m-usb.ko
  LD [M]  drivers/net/wimax/i2400m/i2400m.ko
  LD [M]  drivers/net/wireless/admtek/adm8211.ko
  LD [M]  drivers/net/wireless/ath/ar5523/ar5523.ko
  LD [M]  drivers/net/wireless/ath/ath.ko
  LD [M]  drivers/net/wireless/ath/ath10k/ath10k_core.ko
  LD [M]  drivers/net/wireless/ath/ath10k/ath10k_pci.ko
  LD [M]  drivers/net/wireless/ath/ath5k/ath5k.ko
  LD [M]  drivers/net/wireless/ath/ath6kl/ath6kl_core.ko
  LD [M]  drivers/net/wireless/ath/ath6kl/ath6kl_sdio.ko
  LD [M]  drivers/net/wireless/ath/ath6kl/ath6kl_usb.ko
  LD [M]  drivers/net/wireless/ath/ath9k/ath9k.ko
  LD [M]  drivers/net/wireless/ath/ath9k/ath9k_common.ko
  LD [M]  drivers/net/wireless/ath/ath9k/ath9k_htc.ko
  LD [M]  drivers/net/wireless/ath/ath9k/ath9k_hw.ko
  LD [M]  drivers/net/wireless/ath/carl9170/carl9170.ko
  LD [M]  drivers/net/wireless/ath/wcn36xx/wcn36xx.ko
  LD [M]  drivers/net/wireless/ath/wil6210/wil6210.ko
  LD [M]  drivers/net/wireless/atmel/at76c50x-usb.ko
  LD [M]  drivers/net/wireless/atmel/atmel.ko
  LD [M]  drivers/net/wireless/atmel/atmel_cs.ko
  LD [M]  drivers/net/wireless/atmel/atmel_pci.ko
  LD [M]  drivers/net/wireless/broadcom/b43/b43.ko
  LD [M]  drivers/net/wireless/broadcom/b43legacy/b43legacy.ko
  LD [M]  drivers/net/wireless/broadcom/brcm80211/brcmfmac/brcmfmac.ko
  LD [M]  drivers/net/wireless/broadcom/brcm80211/brcmutil/brcmutil.ko
  LD [M]  drivers/net/wireless/broadcom/brcm80211/brcmsmac/brcmsmac.ko
  LD [M]  drivers/net/wireless/cisco/airo.ko
  LD [M]  drivers/net/wireless/cisco/airo_cs.ko
  LD [M]  drivers/net/wireless/intel/ipw2x00/ipw2100.ko
  LD [M]  drivers/net/wireless/intel/ipw2x00/ipw2200.ko
  LD [M]  drivers/net/wireless/intel/ipw2x00/libipw.ko
  LD [M]  drivers/net/wireless/intel/iwlegacy/iwl3945.ko
  LD [M]  drivers/net/wireless/intel/iwlegacy/iwl4965.ko
  LD [M]  drivers/net/wireless/intel/iwlwifi/dvm/iwldvm.ko
  LD [M]  drivers/net/wireless/intel/iwlegacy/iwlegacy.ko
  LD [M]  drivers/net/wireless/intel/iwlwifi/iwlwifi.ko
  LD [M]  drivers/net/wireless/intel/iwlwifi/mvm/iwlmvm.ko
  LD [M]  drivers/net/wireless/intersil/hostap/hostap.ko
  LD [M]  drivers/net/wireless/intersil/hostap/hostap_cs.ko
  LD [M]  drivers/net/wireless/intersil/hostap/hostap_pci.ko
  LD [M]  drivers/net/wireless/intersil/hostap/hostap_plx.ko
  LD [M]  drivers/net/wireless/intersil/orinoco/orinoco.ko
  LD [M]  drivers/net/wireless/intersil/orinoco/orinoco_cs.ko
  LD [M]  drivers/net/wireless/intersil/orinoco/orinoco_nortel.ko
  LD [M]  drivers/net/wireless/intersil/orinoco/orinoco_pci.ko
  LD [M]  drivers/net/wireless/intersil/orinoco/orinoco_plx.ko
  LD [M]  drivers/net/wireless/intersil/orinoco/orinoco_tmd.ko
  LD [M]  drivers/net/wireless/intersil/orinoco/orinoco_usb.ko
  LD [M]  drivers/net/wireless/intersil/orinoco/spectrum_cs.ko
  LD [M]  drivers/net/wireless/intersil/p54/p54common.ko
  LD [M]  drivers/net/wireless/intersil/p54/p54pci.ko
  LD [M]  drivers/net/wireless/intersil/p54/p54usb.ko
  LD [M]  drivers/net/wireless/intersil/p54/p54spi.ko
  LD [M]  drivers/net/wireless/intersil/prism54/prism54.ko
  LD [M]  drivers/net/wireless/marvell/libertas/libertas.ko
  LD [M]  drivers/net/wireless/marvell/libertas/libertas_cs.ko
  LD [M]  drivers/net/wireless/marvell/libertas/libertas_sdio.ko
  LD [M]  drivers/net/wireless/marvell/libertas/libertas_spi.ko
  LD [M]  drivers/net/wireless/marvell/libertas/usb8xxx.ko
  LD [M]  drivers/net/wireless/marvell/libertas_tf/libertas_tf_usb.ko
  LD [M]  drivers/net/wireless/marvell/libertas_tf/libertas_tf.ko
  LD [M]  drivers/net/wireless/marvell/mwifiex/mwifiex.ko
  LD [M]  drivers/net/wireless/marvell/mwifiex/mwifiex_sdio.ko
  LD [M]  drivers/net/wireless/marvell/mwifiex/mwifiex_pcie.ko
  LD [M]  drivers/net/wireless/marvell/mwifiex/mwifiex_usb.ko
  LD [M]  drivers/net/wireless/marvell/mwl8k.ko
  LD [M]  drivers/net/wireless/mediatek/mt7601u/mt7601u.ko
  LD [M]  drivers/net/wireless/ralink/rt2x00/rt2400pci.ko
  LD [M]  drivers/net/wireless/ralink/rt2x00/rt2500pci.ko
  LD [M]  drivers/net/wireless/ralink/rt2x00/rt2500usb.ko
  LD [M]  drivers/net/wireless/ralink/rt2x00/rt2800lib.ko
  LD [M]  drivers/net/wireless/ralink/rt2x00/rt2800mmio.ko
  LD [M]  drivers/net/wireless/ralink/rt2x00/rt2800usb.ko
  LD [M]  drivers/net/wireless/ralink/rt2x00/rt2800pci.ko
  LD [M]  drivers/net/wireless/ralink/rt2x00/rt2x00mmio.ko
  LD [M]  drivers/net/wireless/ralink/rt2x00/rt2x00pci.ko
  LD [M]  drivers/net/wireless/ralink/rt2x00/rt2x00usb.ko
  LD [M]  drivers/net/wireless/ralink/rt2x00/rt2x00lib.ko
  LD [M]  drivers/net/wireless/ralink/rt2x00/rt73usb.ko
  LD [M]  drivers/net/wireless/ralink/rt2x00/rt61pci.ko
  LD [M]  drivers/net/wireless/ray_cs.ko
  LD [M]  drivers/net/wireless/realtek/rtl818x/rtl8180/rtl818x_pci.ko
  LD [M]  drivers/net/wireless/realtek/rtl818x/rtl8187/rtl8187.ko
  LD [M]  drivers/net/wireless/realtek/rtl8xxxu/rtl8xxxu.ko
  LD [M]  drivers/net/wireless/realtek/rtlwifi/btcoexist/btcoexist.ko
  LD [M]  drivers/net/wireless/realtek/rtlwifi/rtl8188ee/rtl8188ee.ko
  LD [M]  drivers/net/wireless/realtek/rtlwifi/rtl8192c/rtl8192c-common.ko
  LD [M]  drivers/net/wireless/realtek/rtlwifi/rtl8192ce/rtl8192ce.ko
  LD [M]  drivers/net/wireless/realtek/rtlwifi/rtl8192cu/rtl8192cu.ko
  LD [M]  drivers/net/wireless/realtek/rtlwifi/rtl8192de/rtl8192de.ko
  LD [M]  drivers/net/wireless/realtek/rtlwifi/rtl8192ee/rtl8192ee.ko
  LD [M]  drivers/net/wireless/realtek/rtlwifi/rtl8192se/rtl8192se.ko
  LD [M]  drivers/net/wireless/realtek/rtlwifi/rtl8723ae/rtl8723ae.ko
  LD [M]  drivers/net/wireless/realtek/rtlwifi/rtl8723be/rtl8723be.ko
  LD [M]  drivers/net/wireless/realtek/rtlwifi/rtl8723com/rtl8723-common.ko
  LD [M]  drivers/net/wireless/realtek/rtlwifi/rtl8821ae/rtl8821ae.ko
  LD [M]  drivers/net/wireless/realtek/rtlwifi/rtl_pci.ko
  LD [M]  drivers/net/wireless/realtek/rtlwifi/rtl_usb.ko
  LD [M]  drivers/net/wireless/realtek/rtlwifi/rtlwifi.ko
  LD [M]  drivers/net/wireless/rndis_wlan.ko
  LD [M]  drivers/net/wireless/rsi/rsi_91x.ko
  LD [M]  drivers/net/wireless/rsi/rsi_sdio.ko
  LD [M]  drivers/net/wireless/rsi/rsi_usb.ko
  LD [M]  drivers/net/wireless/st/cw1200/cw1200_core.ko
  LD [M]  drivers/net/wireless/st/cw1200/cw1200_wlan_sdio.ko
  LD [M]  drivers/net/wireless/st/cw1200/cw1200_wlan_spi.ko
  LD [M]  drivers/net/wireless/ti/wl1251/wl1251.ko
  LD [M]  drivers/net/wireless/ti/wl1251/wl1251_sdio.ko
  LD [M]  drivers/net/wireless/ti/wl12xx/wl12xx.ko
  LD [M]  drivers/net/wireless/ti/wl18xx/wl18xx.ko
  LD [M]  drivers/net/wireless/ti/wlcore/wlcore.ko
  LD [M]  drivers/net/wireless/ti/wlcore/wlcore_sdio.ko
  LD [M]  drivers/net/wireless/wl3501_cs.ko
  LD [M]  drivers/net/wireless/zydas/zd1201.ko
  LD [M]  drivers/net/wireless/zydas/zd1211rw/zd1211rw.ko
  LD [M]  drivers/net/xen-netback/xen-netback.ko
  LD [M]  drivers/net/xen-netfront.ko
  LD [M]  drivers/nfc/fdp/fdp.ko
  LD [M]  drivers/nfc/fdp/fdp_i2c.ko
  LD [M]  drivers/nfc/mei_phy.ko
  LD [M]  drivers/nfc/microread/microread.ko
  LD [M]  drivers/nfc/microread/microread_mei.ko
  LD [M]  drivers/nfc/nfcmrvl/nfcmrvl.ko
  LD [M]  drivers/nfc/nfcmrvl/nfcmrvl_i2c.ko
  LD [M]  drivers/nfc/nfcmrvl/nfcmrvl_usb.ko
  LD [M]  drivers/nfc/nfcsim.ko
  LD [M]  drivers/nfc/pn533/pn533.ko
  LD [M]  drivers/nfc/nfcwilink.ko
  LD [M]  drivers/nfc/pn533/pn533_i2c.ko
  LD [M]  drivers/nfc/pn533/pn533_usb.ko
  LD [M]  drivers/nfc/pn544/pn544.ko
  LD [M]  drivers/nfc/pn544/pn544_mei.ko
  LD [M]  drivers/nfc/port100.ko
  LD [M]  drivers/nfc/st-nci/st-nci.ko
  LD [M]  drivers/nfc/st-nci/st-nci_i2c.ko
  LD [M]  drivers/nfc/trf7970a.ko
  LD [M]  drivers/nvdimm/nd_blk.ko
  LD [M]  drivers/nvdimm/nd_btt.ko
  LD [M]  drivers/nvdimm/nd_pmem.ko
  LD [M]  drivers/nvme/host/nvme-core.ko
  LD [M]  drivers/nvme/host/nvme-fabrics.ko
  LD [M]  drivers/nvme/host/nvme-rdma.ko
  LD [M]  drivers/nvme/target/nvme-loop.ko
  LD [M]  drivers/nvme/host/nvme.ko
  LD [M]  drivers/nvme/target/nvmet-rdma.ko
  LD [M]  drivers/nvme/target/nvmet.ko
  LD [M]  drivers/nvmem/nvmem_core.ko
  LD [M]  drivers/parport/parport.ko
  LD [M]  drivers/parport/parport_cs.ko
  LD [M]  drivers/parport/parport_ax88796.ko
  LD [M]  drivers/parport/parport_pc.ko
  LD [M]  drivers/pci/host/pci-hyperv.ko
  LD [M]  drivers/parport/parport_serial.ko
  LD [M]  drivers/pci/host/vmd.ko
  LD [M]  drivers/pci/hotplug/acpiphp_ibm.ko
  LD [M]  drivers/pci/hotplug/cpcihp_generic.ko
  LD [M]  drivers/pci/hotplug/cpcihp_zt5550.ko
  LD [M]  drivers/pci/xen-pcifront.ko
  LD [M]  drivers/pci/pci-stub.ko
  LD [M]  drivers/pcmcia/i82092.ko
  LD [M]  drivers/pci/hotplug/shpchp.ko
  LD [M]  drivers/pcmcia/pcmcia.ko
  LD [M]  drivers/pcmcia/pcmcia_core.ko
  LD [M]  drivers/pcmcia/pcmcia_rsrc.ko
  LD [M]  drivers/pcmcia/pd6729.ko
  LD [M]  drivers/pcmcia/yenta_socket.ko
  LD [M]  drivers/phy/phy-bcm-kona-usb2.ko
  LD [M]  drivers/platform/chrome/chromeos_laptop.ko
  LD [M]  drivers/platform/chrome/chromeos_pstore.ko
  LD [M]  drivers/platform/chrome/cros_ec_devs.ko
  LD [M]  drivers/platform/chrome/cros_ec_lpc.ko
  LD [M]  drivers/platform/chrome/cros_kbd_led_backlight.ko
  LD [M]  drivers/platform/x86/acer-wmi.ko
  LD [M]  drivers/platform/x86/acerhdf.ko
  LD [M]  drivers/platform/x86/alienware-wmi.ko
  LD [M]  drivers/platform/x86/amilo-rfkill.ko
  LD [M]  drivers/platform/x86/apple-gmux.ko
  LD [M]  drivers/platform/x86/asus-laptop.ko
  LD [M]  drivers/platform/x86/asus-nb-wmi.ko
  LD [M]  drivers/platform/x86/asus-wmi.ko
  LD [M]  drivers/platform/x86/asus-wireless.ko
  LD [M]  drivers/platform/x86/classmate-laptop.ko
  LD [M]  drivers/platform/x86/compal-laptop.ko
  LD [M]  drivers/platform/x86/dell-laptop.ko
  LD [M]  drivers/platform/x86/dell-rbtn.ko
  LD [M]  drivers/platform/x86/dell-smbios.ko
  LD [M]  drivers/platform/x86/dell-smo8800.ko
  LD [M]  drivers/platform/x86/dell-wmi-aio.ko
  LD [M]  drivers/platform/x86/eeepc-laptop.ko
  LD [M]  drivers/platform/x86/dell-wmi.ko
  LD [M]  drivers/platform/x86/eeepc-wmi.ko
  LD [M]  drivers/platform/x86/fujitsu-laptop.ko
  LD [M]  drivers/platform/x86/fujitsu-tablet.ko
  LD [M]  drivers/platform/x86/hdaps.ko
  LD [M]  drivers/platform/x86/hp-wireless.ko
  LD [M]  drivers/platform/x86/hp-wmi.ko
  LD [M]  drivers/platform/x86/ibm_rtl.ko
  LD [M]  drivers/platform/x86/ideapad-laptop.ko
  LD [M]  drivers/platform/x86/intel-hid.ko
  LD [M]  drivers/platform/x86/intel-rst.ko
  LD [M]  drivers/platform/x86/hp_accel.ko
  LD [M]  drivers/platform/x86/intel-smartconnect.ko
  LD [M]  drivers/platform/x86/intel-vbtn.ko
  LD [M]  drivers/platform/x86/intel_ips.ko
  LD [M]  drivers/platform/x86/intel_menlow.ko
  LD [M]  drivers/platform/x86/intel_oaktrail.ko
  LD [M]  drivers/platform/x86/intel_pmc_ipc.ko
  LD [M]  drivers/platform/x86/intel_punit_ipc.ko
  LD [M]  drivers/platform/x86/intel_telemetry_core.ko
  LD [M]  drivers/platform/x86/intel_telemetry_debugfs.ko
  LD [M]  drivers/platform/x86/intel_telemetry_pltdrv.ko
  LD [M]  drivers/platform/x86/msi-laptop.ko
  LD [M]  drivers/platform/x86/msi-wmi.ko
  LD [M]  drivers/platform/x86/mxm-wmi.ko
  LD [M]  drivers/platform/x86/panasonic-laptop.ko
  LD [M]  drivers/platform/x86/pvpanic.ko
  LD [M]  drivers/platform/x86/samsung-laptop.ko
  LD [M]  drivers/platform/x86/samsung-q10.ko
  LD [M]  drivers/platform/x86/sony-laptop.ko
  LD [M]  drivers/platform/x86/surfacepro3_button.ko
  LD [M]  drivers/platform/x86/thinkpad_acpi.ko
  LD [M]  drivers/platform/x86/topstar-laptop.ko
  LD [M]  drivers/platform/x86/toshiba-wmi.ko
  LD [M]  drivers/platform/x86/toshiba_acpi.ko
  LD [M]  drivers/platform/x86/toshiba_bluetooth.ko
  LD [M]  drivers/platform/x86/toshiba_haps.ko
  LD [M]  drivers/platform/x86/wmi.ko
  LD [M]  drivers/power/supply/bq24735-charger.ko
  LD [M]  drivers/power/supply/pda_power.ko
  LD [M]  drivers/power/supply/test_power.ko
  LD [M]  drivers/powercap/intel_rapl.ko
  LD [M]  drivers/pps/clients/pps-gpio.ko
  LD [M]  drivers/pps/clients/pps-ktimer.ko
  LD [M]  drivers/pps/clients/pps-ldisc.ko
  LD [M]  drivers/pps/clients/pps_parport.ko
  LD [M]  drivers/pps/pps_core.ko
  LD [M]  drivers/ptp/ptp.ko
  LD [M]  drivers/remoteproc/remoteproc.ko
  LD [M]  drivers/rtc/rtc-abx80x.ko
  LD [M]  drivers/rtc/rtc-bq32k.ko
  LD [M]  drivers/rtc/rtc-bq4802.ko
  LD [M]  drivers/rtc/rtc-ds1286.ko
  LD [M]  drivers/rtc/rtc-ds1307.ko
  LD [M]  drivers/rtc/rtc-ds1374.ko
  LD [M]  drivers/rtc/rtc-ds1511.ko
  LD [M]  drivers/rtc/rtc-ds1553.ko
  LD [M]  drivers/rtc/rtc-ds1672.ko
  LD [M]  drivers/rtc/rtc-ds1742.ko
  LD [M]  drivers/rtc/rtc-ds2404.ko
  LD [M]  drivers/rtc/rtc-ds3232.ko
  LD [M]  drivers/rtc/rtc-ds1685.ko
  LD [M]  drivers/rtc/rtc-em3027.ko
  LD [M]  drivers/rtc/rtc-fm3130.ko
  LD [M]  drivers/rtc/rtc-isl12022.ko
  LD [M]  drivers/rtc/rtc-isl1208.ko
  LD [M]  drivers/rtc/rtc-m41t80.ko
  LD [M]  drivers/rtc/rtc-m48t35.ko
  LD [M]  drivers/rtc/rtc-m48t59.ko
  LD [M]  drivers/rtc/rtc-m48t86.ko
  LD [M]  drivers/rtc/rtc-max6900.ko
  LD [M]  drivers/rtc/rtc-max6916.ko
  LD [M]  drivers/rtc/rtc-mc13xxx.ko
  LD [M]  drivers/rtc/rtc-msm6242.ko
  LD [M]  drivers/rtc/rtc-pcf50633.ko
  LD [M]  drivers/rtc/rtc-pcf85063.ko
  LD [M]  drivers/rtc/rtc-pcf2127.ko
  LD [M]  drivers/rtc/rtc-pcf8523.ko
  LD [M]  drivers/rtc/rtc-pcf8563.ko
  LD [M]  drivers/rtc/rtc-pcf8583.ko
  LD [M]  drivers/rtc/rtc-rp5c01.ko
  LD [M]  drivers/rtc/rtc-rv3029c2.ko
  LD [M]  drivers/rtc/rtc-rs5c372.ko
  LD [M]  drivers/rtc/rtc-rx8010.ko
  LD [M]  drivers/rtc/rtc-rx8025.ko
  LD [M]  drivers/rtc/rtc-rx8581.ko
  LD [M]  drivers/rtc/rtc-s35390a.ko
  LD [M]  drivers/rtc/rtc-stk17ta8.ko
  LD [M]  drivers/rtc/rtc-test.ko
  LD [M]  drivers/rtc/rtc-v3020.ko
  LD [M]  drivers/rtc/rtc-x1205.ko
  LD [M]  drivers/scsi/3w-9xxx.ko
  LD [M]  drivers/scsi/3w-sas.ko
  LD [M]  drivers/scsi/3w-xxxx.ko
  LD [M]  drivers/scsi/a100u2w.ko
  LD [M]  drivers/scsi/BusLogic.ko
  LD [M]  drivers/scsi/aacraid/aacraid.ko
  LD [M]  drivers/scsi/advansys.ko
  LD [M]  drivers/scsi/aic7xxx/aic79xx.ko
  LD [M]  drivers/scsi/aic7xxx/aic7xxx.ko
  LD [M]  drivers/scsi/aic94xx/aic94xx.ko
  LD [M]  drivers/scsi/am53c974.ko
  LD [M]  drivers/scsi/arcmsr/arcmsr.ko
  LD [M]  drivers/scsi/atp870u.ko
  LD [M]  drivers/scsi/be2iscsi/be2iscsi.ko
  LD [M]  drivers/scsi/bfa/bfa.ko
  LD [M]  drivers/scsi/bnx2fc/bnx2fc.ko
  LD [M]  drivers/scsi/ch.ko
  LD [M]  drivers/scsi/bnx2i/bnx2i.ko
  LD [M]  drivers/scsi/cxgbi/cxgb3i/cxgb3i.ko
  LD [M]  drivers/scsi/csiostor/csiostor.ko
  LD [M]  drivers/scsi/cxgbi/cxgb4i/cxgb4i.ko
  LD [M]  drivers/scsi/cxgbi/libcxgbi.ko
  LD [M]  drivers/scsi/dc395x.ko
  LD [M]  drivers/scsi/device_handler/scsi_dh_alua.ko
  LD [M]  drivers/scsi/device_handler/scsi_dh_emc.ko
  LD [M]  drivers/scsi/device_handler/scsi_dh_hp_sw.ko
  LD [M]  drivers/scsi/dmx3191d.ko
  LD [M]  drivers/scsi/device_handler/scsi_dh_rdac.ko
  LD [M]  drivers/scsi/dpt_i2o.ko
  LD [M]  drivers/scsi/eata.ko
  LD [M]  drivers/scsi/esas2r/esas2r.ko
  LD [M]  drivers/scsi/esp_scsi.ko
  LD [M]  drivers/scsi/fcoe/fcoe.ko
  LD [M]  drivers/scsi/fcoe/libfcoe.ko
  LD [M]  drivers/scsi/fdomain.ko
  LD [M]  drivers/scsi/fnic/fnic.ko
  LD [M]  drivers/scsi/gdth.ko
  LD [M]  drivers/scsi/hpsa.ko
  LD [M]  drivers/scsi/hptiop.ko
  LD [M]  drivers/scsi/hv_storvsc.ko
  LD [M]  drivers/scsi/initio.ko
  LD [M]  drivers/scsi/imm.ko
  LD [M]  drivers/scsi/ipr.ko
  LD [M]  drivers/scsi/ips.ko
  LD [M]  drivers/scsi/isci/isci.ko
  LD [M]  drivers/scsi/iscsi_boot_sysfs.ko
  LD [M]  drivers/scsi/iscsi_tcp.ko
  LD [M]  drivers/scsi/libfc/libfc.ko
  LD [M]  drivers/scsi/libiscsi.ko
  LD [M]  drivers/scsi/libiscsi_tcp.ko
  LD [M]  drivers/scsi/libsas/libsas.ko
  LD [M]  drivers/scsi/lpfc/lpfc.ko
  LD [M]  drivers/scsi/megaraid.ko
  LD [M]  drivers/scsi/megaraid/megaraid_mbox.ko
  LD [M]  drivers/scsi/megaraid/megaraid_mm.ko
  LD [M]  drivers/scsi/megaraid/megaraid_sas.ko
  LD [M]  drivers/scsi/mpt3sas/mpt3sas.ko
  LD [M]  drivers/scsi/mvsas/mvsas.ko
  LD [M]  drivers/scsi/osd/libosd.ko
  LD [M]  drivers/scsi/mvumi.ko
  LD [M]  drivers/scsi/osd/osd.ko
  LD [M]  drivers/scsi/osst.ko
  LD [M]  drivers/scsi/pcmcia/aha152x_cs.ko
  LD [M]  drivers/scsi/pcmcia/fdomain_cs.ko
  LD [M]  drivers/scsi/pcmcia/qlogic_cs.ko
  LD [M]  drivers/scsi/pcmcia/sym53c500_cs.ko
  LD [M]  drivers/scsi/pm8001/pm80xx.ko
  LD [M]  drivers/scsi/pmcraid.ko
  LD [M]  drivers/scsi/ppa.ko
  LD [M]  drivers/scsi/qla1280.ko
  LD [M]  drivers/scsi/qla2xxx/qla2xxx.ko
  LD [M]  drivers/scsi/qla2xxx/tcm_qla2xxx.ko
  LD [M]  drivers/scsi/qla4xxx/qla4xxx.ko
  LD [M]  drivers/scsi/qlogicfas408.ko
  LD [M]  drivers/scsi/raid_class.ko
  LD [M]  drivers/scsi/scsi_mod.ko
  LD [M]  drivers/scsi/scsi_transport_fc.ko
  LD [M]  drivers/scsi/scsi_transport_iscsi.ko
  LD [M]  drivers/scsi/scsi_transport_sas.ko
  LD [M]  drivers/scsi/scsi_transport_spi.ko
  LD [M]  drivers/scsi/scsi_transport_srp.ko
  LD [M]  drivers/scsi/sd_mod.ko
  LD [M]  drivers/scsi/ses.ko
  LD [M]  drivers/scsi/sg.ko
  LD [M]  drivers/scsi/snic/snic.ko
  LD [M]  drivers/scsi/sr_mod.ko
  LD [M]  drivers/scsi/stex.ko
  LD [M]  drivers/scsi/st.ko
  LD [M]  drivers/scsi/sym53c8xx_2/sym53c8xx.ko
  LD [M]  drivers/scsi/ufs/ufshcd-pci.ko
  LD [M]  drivers/scsi/virtio_scsi.ko
  LD [M]  drivers/scsi/ufs/ufshcd.ko
  LD [M]  drivers/scsi/ufs/ufshcd-pltfrm.ko
  LD [M]  drivers/scsi/vmw_pvscsi.ko
  LD [M]  drivers/scsi/wd719x.ko
  LD [M]  drivers/spi/spi-altera.ko
  LD [M]  drivers/spi/spi-bitbang.ko
  LD [M]  drivers/spi/spi-butterfly.ko
  LD [M]  drivers/spi/spi-dw-midpci.ko
  LD [M]  drivers/spi/spi-dw-mmio.ko
  LD [M]  drivers/spi/spi-dw.ko
  LD [M]  drivers/spi/spi-gpio.ko
  LD [M]  drivers/spi/spi-lm70llp.ko
  LD [M]  drivers/spi/spi-oc-tiny.ko
  LD [M]  drivers/spi/spi-pxa2xx-pci.ko
  LD [M]  drivers/spi/spi-pxa2xx-platform.ko
  LD [M]  drivers/spi/spi-rockchip.ko
  LD [M]  drivers/spi/spi-sc18is602.ko
  LD [M]  drivers/spi/spi-tle62x0.ko
  LD [M]  drivers/spi/spi-xcomm.ko
  LD [M]  drivers/spi/spi-xilinx.ko
  LD [M]  drivers/spi/spidev.ko
  LD [M]  drivers/spmi/spmi.ko
  LD [M]  drivers/spi/spi-zynqmp-gqspi.ko
  LD [M]  drivers/ssb/ssb.ko
  LD [M]  drivers/staging/comedi/comedi.ko
  LD [M]  drivers/staging/comedi/comedi_pci.ko
  LD [M]  drivers/staging/comedi/comedi_pcmcia.ko
  LD [M]  drivers/staging/comedi/comedi_usb.ko
  LD [M]  drivers/staging/comedi/drivers/8255.ko
  LD [M]  drivers/staging/comedi/drivers/8255_pci.ko
  LD [M]  drivers/staging/comedi/drivers/addi_apci_1500.ko
  LD [M]  drivers/staging/comedi/drivers/addi_apci_1032.ko
  LD [M]  drivers/staging/comedi/drivers/addi_apci_1516.ko
  LD [M]  drivers/staging/comedi/drivers/addi_apci_1564.ko
  LD [M]  drivers/staging/comedi/drivers/addi_apci_2032.ko
  LD [M]  drivers/staging/comedi/drivers/addi_apci_16xx.ko
  LD [M]  drivers/staging/comedi/drivers/addi_apci_3120.ko
  LD [M]  drivers/staging/comedi/drivers/addi_apci_2200.ko
  LD [M]  drivers/staging/comedi/drivers/addi_watchdog.ko
  LD [M]  drivers/staging/comedi/drivers/addi_apci_3xxx.ko
  LD [M]  drivers/staging/comedi/drivers/adl_pci6208.ko
  LD [M]  drivers/staging/comedi/drivers/adl_pci7x3x.ko
  LD [M]  drivers/staging/comedi/drivers/addi_apci_3501.ko
  LD [M]  drivers/staging/comedi/drivers/adl_pci8164.ko
  LD [M]  drivers/staging/comedi/drivers/adl_pci9111.ko
  LD [M]  drivers/staging/comedi/drivers/adl_pci9118.ko
  LD [M]  drivers/staging/comedi/drivers/adv_pci1710.ko
  LD [M]  drivers/staging/comedi/drivers/adv_pci1720.ko
  LD [M]  drivers/staging/comedi/drivers/adv_pci1724.ko
  LD [M]  drivers/staging/comedi/drivers/adv_pci1723.ko
  LD [M]  drivers/staging/comedi/drivers/adv_pci1760.ko
  LD [M]  drivers/staging/comedi/drivers/adv_pci_dio.ko
  LD [M]  drivers/staging/comedi/drivers/amplc_dio200_common.ko
  LD [M]  drivers/staging/comedi/drivers/amplc_pc236_common.ko
  LD [M]  drivers/staging/comedi/drivers/amplc_pci224.ko
  LD [M]  drivers/staging/comedi/drivers/amplc_pci230.ko
  LD [M]  drivers/staging/comedi/drivers/amplc_pci236.ko
  LD [M]  drivers/staging/comedi/drivers/amplc_dio200_pci.ko
  LD [M]  drivers/staging/comedi/drivers/amplc_pci263.ko
  LD [M]  drivers/staging/comedi/drivers/cb_das16_cs.ko
  LD [M]  drivers/staging/comedi/drivers/cb_pcidas.ko
  LD [M]  drivers/staging/comedi/drivers/cb_pcidda.ko
  LD [M]  drivers/staging/comedi/drivers/cb_pcimdas.ko
  LD [M]  drivers/staging/comedi/drivers/cb_pcidas64.ko
  LD [M]  drivers/staging/comedi/drivers/cb_pcimdda.ko
  LD [M]  drivers/staging/comedi/drivers/comedi_8254.ko
  LD [M]  drivers/staging/comedi/drivers/comedi_8255.ko
  LD [M]  drivers/staging/comedi/drivers/comedi_bond.ko
  LD [M]  drivers/staging/comedi/drivers/comedi_parport.ko
  LD [M]  drivers/staging/comedi/drivers/comedi_test.ko
  LD [M]  drivers/staging/comedi/drivers/contec_pci_dio.ko
  LD [M]  drivers/staging/comedi/drivers/daqboard2000.ko
  LD [M]  drivers/staging/comedi/drivers/das08.ko
  LD [M]  drivers/staging/comedi/drivers/das08_cs.ko
  LD [M]  drivers/staging/comedi/drivers/das08_pci.ko
  LD [M]  drivers/staging/comedi/drivers/dt3000.ko
  LD [M]  drivers/staging/comedi/drivers/dyna_pci10xx.ko
  LD [M]  drivers/staging/comedi/drivers/gsc_hpdi.ko
  LD [M]  drivers/staging/comedi/drivers/dt9812.ko
  LD [M]  drivers/staging/comedi/drivers/icp_multi.ko
  LD [M]  drivers/staging/comedi/drivers/jr3_pci.ko
  LD [M]  drivers/staging/comedi/drivers/ke_counter.ko
  LD [M]  drivers/staging/comedi/drivers/me_daq.ko
  LD [M]  drivers/staging/comedi/drivers/me4000.ko
  LD [M]  drivers/staging/comedi/drivers/mf6x4.ko
  LD [M]  drivers/staging/comedi/drivers/mite.ko
  LD [M]  drivers/staging/comedi/drivers/ni_6527.ko
  LD [M]  drivers/staging/comedi/drivers/ni_65xx.ko
  LD [M]  drivers/staging/comedi/drivers/ni_660x.ko
  LD [M]  drivers/staging/comedi/drivers/ni_670x.ko
  LD [M]  drivers/staging/comedi/drivers/ni_daq_dio24.ko
  LD [M]  drivers/staging/comedi/drivers/ni_daq_700.ko
  LD [M]  drivers/staging/comedi/drivers/ni_labpc_common.ko
  LD [M]  drivers/staging/comedi/drivers/ni_labpc_cs.ko
  LD [M]  drivers/staging/comedi/drivers/ni_labpc_pci.ko
  LD [M]  drivers/staging/comedi/drivers/ni_mio_cs.ko
  LD [M]  drivers/staging/comedi/drivers/ni_pcimio.ko
  LD [M]  drivers/staging/comedi/drivers/ni_pcidio.ko
  LD [M]  drivers/staging/comedi/drivers/ni_tio.ko
  LD [M]  drivers/staging/comedi/drivers/ni_tiocmd.ko
  LD [M]  drivers/staging/comedi/drivers/ni_usb6501.ko
  LD [M]  drivers/staging/comedi/drivers/quatech_daqp_cs.ko
  LD [M]  drivers/staging/comedi/drivers/rtd520.ko
  LD [M]  drivers/staging/comedi/drivers/s626.ko
  LD [M]  drivers/staging/comedi/drivers/serial2002.ko
  LD [M]  drivers/staging/comedi/drivers/usbdux.ko
  LD [M]  drivers/staging/comedi/drivers/usbduxfast.ko
  LD [M]  drivers/staging/comedi/drivers/usbduxsigma.ko
  LD [M]  drivers/staging/comedi/drivers/vmk80xx.ko
  LD [M]  drivers/staging/comedi/kcomedilib/kcomedilib.ko
  LD [M]  drivers/staging/dgnc/dgnc.ko
  LD [M]  drivers/staging/fwserial/firewire-serial.ko
  LD [M]  drivers/staging/gdm724x/gdmtty.ko
  LD [M]  drivers/staging/gdm724x/gdmulte.ko
  LD [M]  drivers/staging/lustre/lnet/klnds/socklnd/ksocklnd.ko
  LD [M]  drivers/staging/gs_fpgaboot/gs_fpga.ko
  LD [M]  drivers/staging/lustre/lnet/libcfs/libcfs.ko
  LD [M]  drivers/staging/lustre/lnet/selftest/lnet_selftest.ko
  LD [M]  drivers/staging/lustre/lustre/fid/fid.ko
  LD [M]  drivers/staging/lustre/lnet/lnet/lnet.ko
  LD [M]  drivers/staging/lustre/lustre/fld/fld.ko
  LD [M]  drivers/staging/lustre/lustre/llite/lustre.ko
  LD [M]  drivers/staging/lustre/lustre/lmv/lmv.ko
  LD [M]  drivers/staging/lustre/lustre/lov/lov.ko
  LD [M]  drivers/staging/lustre/lustre/mdc/mdc.ko
  LD [M]  drivers/staging/lustre/lustre/mgc/mgc.ko
  LD [M]  drivers/staging/lustre/lustre/obdclass/obdclass.ko
  LD [M]  drivers/staging/lustre/lustre/obdecho/obdecho.ko
  LD [M]  drivers/staging/lustre/lustre/osc/osc.ko
  LD [M]  drivers/staging/lustre/lustre/ptlrpc/ptlrpc.ko
  LD [M]  drivers/staging/media/bcm2048/radio-bcm2048.ko
  LD [M]  drivers/staging/media/cxd2099/cxd2099.ko
  LD [M]  drivers/staging/media/lirc/lirc_bt829.ko
  LD [M]  drivers/staging/media/lirc/lirc_imon.ko
  LD [M]  drivers/staging/media/lirc/lirc_parallel.ko
  LD [M]  drivers/staging/media/lirc/lirc_sasem.ko
  LD [M]  drivers/staging/media/lirc/lirc_sir.ko
  LD [M]  drivers/staging/media/lirc/lirc_zilog.ko
  LD [M]  drivers/staging/rtl8188eu/r8188eu.ko
  LD [M]  drivers/staging/rtl8192e/rtl8192e/r8192e_pci.ko
  LD [M]  drivers/staging/rtl8192e/rtllib.ko
  LD [M]  drivers/staging/rtl8192e/rtllib_crypt_ccmp.ko
  LD [M]  drivers/staging/rtl8192e/rtllib_crypt_tkip.ko
  LD [M]  drivers/staging/rtl8192e/rtllib_crypt_wep.ko
  LD [M]  drivers/staging/rtl8192u/r8192u_usb.ko
  LD [M]  drivers/staging/rtl8712/r8712u.ko
  LD [M]  drivers/staging/rts5208/rts5208.ko
  LD [M]  drivers/staging/speakup/speakup.ko
  LD [M]  drivers/staging/speakup/speakup_acntsa.ko
  LD [M]  drivers/staging/speakup/speakup_apollo.ko
  LD [M]  drivers/staging/speakup/speakup_audptr.ko
  LD [M]  drivers/staging/speakup/speakup_bns.ko
  LD [M]  drivers/staging/speakup/speakup_decext.ko
  LD [M]  drivers/staging/speakup/speakup_dectlk.ko
  LD [M]  drivers/staging/speakup/speakup_dummy.ko
  LD [M]  drivers/staging/speakup/speakup_ltlk.ko
  LD [M]  drivers/staging/speakup/speakup_soft.ko
  LD [M]  drivers/staging/speakup/speakup_spkout.ko
  LD [M]  drivers/staging/speakup/speakup_txprt.ko
  LD [M]  drivers/staging/vt6655/vt6655_stage.ko
  LD [M]  drivers/staging/vt6656/vt6656_stage.ko
  LD [M]  drivers/staging/wlan-ng/prism2_usb.ko
  LD [M]  drivers/staging/xgifb/xgifb.ko
  LD [M]  drivers/target/iscsi/cxgbit/cxgbit.ko
  LD [M]  drivers/target/iscsi/iscsi_target_mod.ko
  LD [M]  drivers/target/loopback/tcm_loop.ko
  LD [M]  drivers/target/sbp/sbp_target.ko
  LD [M]  drivers/target/target_core_file.ko
  LD [M]  drivers/target/target_core_iblock.ko
  LD [M]  drivers/target/target_core_mod.ko
  LD [M]  drivers/target/target_core_pscsi.ko
  LD [M]  drivers/target/tcm_fc/tcm_fc.ko
  LD [M]  drivers/target/target_core_user.ko
  LD [M]  drivers/thermal/int340x_thermal/acpi_thermal_rel.ko
  LD [M]  drivers/thermal/int340x_thermal/int3400_thermal.ko
  LD [M]  drivers/thermal/int340x_thermal/int3402_thermal.ko
  LD [M]  drivers/thermal/int340x_thermal/int3403_thermal.ko
  LD [M]  drivers/thermal/int340x_thermal/int3406_thermal.ko
  LD [M]  drivers/thermal/int340x_thermal/int340x_thermal_zone.ko
  LD [M]  drivers/thermal/int340x_thermal/processor_thermal_device.ko
  LD [M]  drivers/thermal/intel_pch_thermal.ko
  LD [M]  drivers/thermal/intel_powerclamp.ko
  LD [M]  drivers/thermal/intel_soc_dts_thermal.ko
  LD [M]  drivers/thermal/thermal-generic-adc.ko
  LD [M]  drivers/thermal/intel_soc_dts_iosf.ko
  LD [M]  drivers/thermal/x86_pkg_temp_thermal.ko
  LD [M]  drivers/thunderbolt/thunderbolt.ko
  LD [M]  drivers/tty/cyclades.ko
  LD [M]  drivers/tty/n_gsm.ko
  LD [M]  drivers/tty/n_hdlc.ko
  LD [M]  drivers/tty/ipwireless/ipwireless.ko
  LD [M]  drivers/tty/n_r3964.ko
  LD [M]  drivers/tty/n_tracerouter.ko
  LD [M]  drivers/tty/n_tracesink.ko
  LD [M]  drivers/tty/rocket.ko
  LD [M]  drivers/tty/nozomi.ko
  LD [M]  drivers/tty/serial/8250/8250_dw.ko
  LD [M]  drivers/tty/serial/8250/8250_moxa.ko
  LD [M]  drivers/tty/serial/8250/serial_cs.ko
  LD [M]  drivers/tty/serial/altera_jtaguart.ko
  LD [M]  drivers/tty/serial/altera_uart.ko
  LD [M]  drivers/tty/serial/arc_uart.ko
  LD [M]  drivers/tty/serial/fsl_lpuart.ko
  LD [M]  drivers/tty/serial/jsm/jsm.ko
  LD [M]  drivers/tty/serial/sc16is7xx.ko
  LD [M]  drivers/tty/serial/rp2.ko
  LD [M]  drivers/tty/serial/sccnxp.ko
  LD [M]  drivers/tty/synclinkmp.ko
  LD [M]  drivers/tty/synclink.ko
  LD [M]  drivers/uio/uio.ko
  LD [M]  drivers/uio/uio_aec.ko
  LD [M]  drivers/uio/uio_cif.ko
  LD [M]  drivers/uio/uio_netx.ko
  LD [M]  drivers/uio/uio_pci_generic.ko
  LD [M]  drivers/uio/uio_pdrv_genirq.ko
  LD [M]  drivers/uio/uio_pruss.ko
  LD [M]  drivers/usb/atm/cxacru.ko
  LD [M]  drivers/uio/uio_sercos3.ko
  LD [M]  drivers/usb/atm/speedtch.ko
  LD [M]  drivers/usb/atm/ueagle-atm.ko
  LD [M]  drivers/usb/atm/usbatm.ko
  LD [M]  drivers/usb/atm/xusbatm.ko
  LD [M]  drivers/usb/c67x00/c67x00.ko
  LD [M]  drivers/usb/class/cdc-acm.ko
  LD [M]  drivers/usb/class/cdc-wdm.ko
  LD [M]  drivers/usb/class/usblp.ko
  LD [M]  drivers/usb/class/usbtmc.ko
  LD [M]  drivers/usb/common/usb-common.ko
  LD [M]  drivers/usb/core/usbcore.ko
  LD [M]  drivers/usb/gadget/function/u_ether.ko
  LD [M]  drivers/usb/gadget/function/u_serial.ko
  LD [M]  drivers/usb/gadget/function/usb_f_acm.ko
  LD [M]  drivers/usb/gadget/function/usb_f_ecm.ko
  LD [M]  drivers/usb/gadget/function/usb_f_ecm_subset.ko
  LD [M]  drivers/usb/gadget/function/usb_f_fs.ko
  LD [M]  drivers/usb/gadget/function/usb_f_hid.ko
  LD [M]  drivers/usb/gadget/function/usb_f_mass_storage.ko
  LD [M]  drivers/usb/gadget/function/usb_f_midi.ko
  LD [M]  drivers/usb/gadget/function/usb_f_ncm.ko
  LD [M]  drivers/usb/gadget/function/usb_f_printer.ko
  LD [M]  drivers/usb/gadget/function/usb_f_obex.ko
  LD [M]  drivers/usb/gadget/function/usb_f_rndis.ko
  LD [M]  drivers/usb/gadget/function/usb_f_serial.ko
  LD [M]  drivers/usb/gadget/function/usb_f_tcm.ko
  LD [M]  drivers/usb/gadget/function/usb_f_uac2.ko
  LD [M]  drivers/usb/gadget/function/usb_f_uvc.ko
  LD [M]  drivers/usb/gadget/legacy/g_audio.ko
  LD [M]  drivers/usb/gadget/legacy/g_dbgp.ko
  LD [M]  drivers/usb/gadget/legacy/g_ether.ko
  LD [M]  drivers/usb/gadget/legacy/g_hid.ko
  LD [M]  drivers/usb/gadget/legacy/g_mass_storage.ko
  LD [M]  drivers/usb/gadget/legacy/g_ffs.ko
  LD [M]  drivers/usb/gadget/legacy/g_ncm.ko
  LD [M]  drivers/usb/gadget/legacy/g_midi.ko
  LD [M]  drivers/usb/gadget/legacy/g_printer.ko
  LD [M]  drivers/usb/gadget/legacy/g_serial.ko
  LD [M]  drivers/usb/gadget/legacy/g_webcam.ko
  LD [M]  drivers/usb/gadget/legacy/gadgetfs.ko
  LD [M]  drivers/usb/gadget/legacy/tcm_usb_gadget.ko
  LD [M]  drivers/usb/gadget/udc/amd5536udc.ko
  LD [M]  drivers/usb/gadget/udc/bdc/bdc.ko
  LD [M]  drivers/usb/gadget/libcomposite.ko
  LD [M]  drivers/usb/gadget/udc/bdc/bdc_pci.ko
  LD [M]  drivers/usb/gadget/udc/dummy_hcd.ko
  LD [M]  drivers/usb/gadget/udc/goku_udc.ko
  LD [M]  drivers/usb/gadget/udc/gr_udc.ko
  LD [M]  drivers/usb/gadget/udc/m66592-udc.ko
  LD [M]  drivers/usb/gadget/udc/mv_u3d_core.ko
  LD [M]  drivers/usb/gadget/udc/mv_udc.ko
  LD [M]  drivers/usb/gadget/udc/net2272.ko
  LD [M]  drivers/usb/gadget/udc/net2280.ko
  LD [M]  drivers/usb/gadget/udc/pch_udc.ko
  LD [M]  drivers/usb/gadget/udc/pxa27x_udc.ko
  LD [M]  drivers/usb/gadget/udc/r8a66597-udc.ko
  LD [M]  drivers/usb/gadget/udc/udc-core.ko
  LD [M]  drivers/usb/host/ehci-hcd.ko
  LD [M]  drivers/usb/host/ehci-pci.ko
  LD [M]  drivers/usb/host/hwa-hc.ko
  LD [M]  drivers/usb/host/isp116x-hcd.ko
  LD [M]  drivers/usb/host/max3421-hcd.ko
  LD [M]  drivers/usb/host/isp1362-hcd.ko
  LD [M]  drivers/usb/host/ohci-pci.ko
  LD [M]  drivers/usb/host/ohci-hcd.ko
  LD [M]  drivers/usb/host/r8a66597-hcd.ko
  LD [M]  drivers/usb/host/oxu210hp-hcd.ko
  LD [M]  drivers/usb/host/sl811-hcd.ko
  LD [M]  drivers/usb/host/sl811_cs.ko
  LD [M]  drivers/usb/host/u132-hcd.ko
  LD [M]  drivers/usb/host/uhci-hcd.ko
  LD [M]  drivers/usb/host/whci/whci-hcd.ko
  LD [M]  drivers/usb/host/xhci-hcd.ko
  LD [M]  drivers/usb/host/xhci-pci.ko
  LD [M]  drivers/usb/image/mdc800.ko
  LD [M]  drivers/usb/image/microtek.ko
  LD [M]  drivers/usb/misc/adutux.ko
  LD [M]  drivers/usb/misc/appledisplay.ko
  LD [M]  drivers/usb/misc/cypress_cy7c63.ko
  LD [M]  drivers/usb/misc/chaoskey.ko
  LD [M]  drivers/usb/misc/cytherm.ko
  LD [M]  drivers/usb/misc/emi26.ko
  LD [M]  drivers/usb/misc/emi62.ko
  LD [M]  drivers/usb/misc/ftdi-elan.ko
  LD [M]  drivers/usb/misc/idmouse.ko
  LD [M]  drivers/usb/misc/ezusb.ko
  LD [M]  drivers/usb/misc/iowarrior.ko
  LD [M]  drivers/usb/misc/isight_firmware.ko
  LD [M]  drivers/usb/misc/ldusb.ko
  LD [M]  drivers/usb/misc/legousbtower.ko
  LD [M]  drivers/usb/misc/lvstest.ko
  LD [M]  drivers/usb/misc/rio500.ko
  LD [M]  drivers/usb/misc/sisusbvga/sisusbvga.ko
  LD [M]  drivers/usb/misc/ucsi.ko
  LD [M]  drivers/usb/misc/usb3503.ko
  LD [M]  drivers/usb/misc/trancevibrator.ko
  LD [M]  drivers/usb/misc/usblcd.ko
  LD [M]  drivers/usb/misc/usbsevseg.ko
  LD [M]  drivers/usb/misc/usbtest.ko
  LD [M]  drivers/usb/misc/uss720.ko
  LD [M]  drivers/usb/misc/yurex.ko
  LD [M]  drivers/usb/mon/usbmon.ko
  LD [M]  drivers/usb/musb/musb_hdrc.ko
  LD [M]  drivers/usb/phy/phy-generic.ko
  LD [M]  drivers/usb/phy/phy-tahvo.ko
  LD [M]  drivers/usb/serial/aircable.ko
  LD [M]  drivers/usb/phy/phy-isp1301.ko
  LD [M]  drivers/usb/serial/ark3116.ko
  LD [M]  drivers/usb/serial/belkin_sa.ko
  LD [M]  drivers/usb/serial/ch341.ko
  LD [M]  drivers/usb/serial/cp210x.ko
  LD [M]  drivers/usb/serial/cyberjack.ko
  LD [M]  drivers/usb/serial/cypress_m8.ko
  LD [M]  drivers/usb/serial/digi_acceleport.ko
  LD [M]  drivers/usb/serial/empeg.ko
  LD [M]  drivers/usb/serial/f81232.ko
  LD [M]  drivers/usb/serial/ftdi_sio.ko
  LD [M]  drivers/usb/serial/garmin_gps.ko
  LD [M]  drivers/usb/serial/io_edgeport.ko
  LD [M]  drivers/usb/serial/io_ti.ko
  LD [M]  drivers/usb/serial/ipaq.ko
  LD [M]  drivers/usb/serial/ipw.ko
  LD [M]  drivers/usb/serial/ir-usb.ko
  LD [M]  drivers/usb/serial/iuu_phoenix.ko
  LD [M]  drivers/usb/serial/keyspan.ko
  LD [M]  drivers/usb/serial/kl5kusb105.ko
  LD [M]  drivers/usb/serial/keyspan_pda.ko
  LD [M]  drivers/usb/serial/kobil_sct.ko
  LD [M]  drivers/usb/serial/mct_u232.ko
  LD [M]  drivers/usb/serial/metro-usb.ko
  LD [M]  drivers/usb/serial/mos7720.ko
  LD [M]  drivers/usb/serial/mxuport.ko
  LD [M]  drivers/usb/serial/mos7840.ko
  LD [M]  drivers/usb/serial/navman.ko
  LD [M]  drivers/usb/serial/omninet.ko
  LD [M]  drivers/usb/serial/opticon.ko
  LD [M]  drivers/usb/serial/option.ko
  LD [M]  drivers/usb/serial/oti6858.ko
  LD [M]  drivers/usb/serial/pl2303.ko
  LD [M]  drivers/usb/serial/qcaux.ko
  LD [M]  drivers/usb/serial/qcserial.ko
  LD [M]  drivers/usb/serial/quatech2.ko
  LD [M]  drivers/usb/serial/safe_serial.ko
  LD [M]  drivers/usb/serial/sierra.ko
  LD [M]  drivers/usb/serial/spcp8x5.ko
  LD [M]  drivers/usb/serial/ssu100.ko
  LD [M]  drivers/usb/serial/symbolserial.ko
  LD [M]  drivers/usb/serial/usb-serial-simple.ko
  LD [M]  drivers/usb/serial/ti_usb_3410_5052.ko
  LD [M]  drivers/usb/serial/usb_wwan.ko
  LD [M]  drivers/usb/serial/usbserial.ko
  LD [M]  drivers/usb/serial/visor.ko
  LD [M]  drivers/usb/serial/whiteheat.ko
  LD [M]  drivers/usb/serial/wishbone-serial.ko
  LD [M]  drivers/usb/serial/xsens_mt.ko
  LD [M]  drivers/usb/storage/uas.ko
  LD [M]  drivers/usb/storage/ums-alauda.ko
  LD [M]  drivers/usb/storage/ums-cypress.ko
  LD [M]  drivers/usb/storage/ums-datafab.ko
  LD [M]  drivers/usb/storage/ums-eneub6250.ko
  LD [M]  drivers/usb/storage/ums-freecom.ko
  LD [M]  drivers/usb/storage/ums-isd200.ko
  LD [M]  drivers/usb/storage/ums-jumpshot.ko
  LD [M]  drivers/usb/storage/ums-karma.ko
  LD [M]  drivers/usb/storage/ums-onetouch.ko
  LD [M]  drivers/usb/storage/ums-realtek.ko
  LD [M]  drivers/usb/storage/ums-sddr09.ko
  LD [M]  drivers/usb/storage/ums-sddr55.ko
  LD [M]  drivers/usb/storage/ums-usbat.ko
  LD [M]  drivers/usb/storage/usb-storage.ko
  LD [M]  drivers/usb/usbip/usbip-core.ko
  LD [M]  drivers/usb/usbip/usbip-host.ko
  LD [M]  drivers/usb/usbip/usbip-vudc.ko
  LD [M]  drivers/usb/usbip/vhci-hcd.ko
  LD [M]  drivers/usb/wusbcore/wusb-cbaf.ko
  LD [M]  drivers/usb/wusbcore/wusb-wa.ko
  LD [M]  drivers/usb/wusbcore/wusbcore.ko
  LD [M]  drivers/uwb/hwa-rc.ko
  LD [M]  drivers/uwb/i1480/dfu/i1480-dfu-usb.ko
  LD [M]  drivers/uwb/i1480/i1480-est.ko
  LD [M]  drivers/uwb/umc.ko
  LD [M]  drivers/uwb/uwb.ko
  LD [M]  drivers/uwb/whc-rc.ko
  LD [M]  drivers/vfio/pci/vfio-pci.ko
  LD [M]  drivers/uwb/whci.ko
  LD [M]  drivers/vfio/vfio.ko
  LD [M]  drivers/vfio/vfio_iommu_type1.ko
  LD [M]  drivers/vfio/vfio_virqfd.ko
  LD [M]  drivers/vhost/vhost.ko
  LD [M]  drivers/vhost/vhost_net.ko
  LD [M]  drivers/vhost/vhost_scsi.ko
  LD [M]  drivers/vhost/vhost_vsock.ko
  LD [M]  drivers/vhost/vringh.ko
  LD [M]  drivers/video/backlight/apple_bl.ko
  LD [M]  drivers/video/backlight/lcd.ko
  LD [M]  drivers/video/backlight/lm3533_bl.ko
  LD [M]  drivers/video/backlight/pcf50633-backlight.ko
  LD [M]  drivers/video/backlight/platform_lcd.ko
  LD [M]  drivers/video/fbdev/core/fb_sys_fops.ko
  LD [M]  drivers/video/fbdev/core/syscopyarea.ko
  LD [M]  drivers/video/fbdev/core/sysfillrect.ko
  LD [M]  drivers/video/fbdev/core/sysimgblt.ko
  LD [M]  drivers/video/fbdev/hyperv_fb.ko
  LD [M]  drivers/video/fbdev/sstfb.ko
  LD [M]  drivers/video/fbdev/udlfb.ko
  LD [M]  drivers/video/fbdev/ocfb.ko
  LD [M]  drivers/video/fbdev/uvesafb.ko
  LD [M]  drivers/video/fbdev/via/viafb.ko
  LD [M]  drivers/video/fbdev/vga16fb.ko
  LD [M]  drivers/video/fbdev/vfb.ko
  LD [M]  drivers/video/vgastate.ko
  LD [M]  drivers/video/fbdev/xen-fbfront.ko
  LD [M]  drivers/virtio/virtio.ko
  LD [M]  drivers/virtio/virtio_input.ko
  LD [M]  drivers/virtio/virtio_mmio.ko
  LD [M]  drivers/virtio/virtio_pci.ko
  LD [M]  drivers/virtio/virtio_balloon.ko
  LD [M]  drivers/virtio/virtio_ring.ko
  LD [M]  drivers/watchdog/acquirewdt.ko
  LD [M]  drivers/watchdog/advantechwdt.ko
  LD [M]  drivers/watchdog/alim7101_wdt.ko
  LD [M]  drivers/watchdog/cpu5wdt.ko
  LD [M]  drivers/watchdog/alim1535_wdt.ko
  LD [M]  drivers/watchdog/dw_wdt.ko
  LD [M]  drivers/watchdog/eurotechwdt.ko
  LD [M]  drivers/watchdog/f71808e_wdt.ko
  LD [M]  drivers/watchdog/hpwdt.ko
  LD [M]  drivers/watchdog/i6300esb.ko
  LD [M]  drivers/watchdog/iTCO_vendor_support.ko
  LD [M]  drivers/watchdog/iTCO_wdt.ko
  LD [M]  drivers/watchdog/ib700wdt.ko
  LD [M]  drivers/watchdog/ibmasr.ko
  LD [M]  drivers/watchdog/ie6xx_wdt.ko
  LD [M]  drivers/watchdog/it8712f_wdt.ko
  LD [M]  drivers/watchdog/it87_wdt.ko
  LD [M]  drivers/watchdog/machzwd.ko
  LD [M]  drivers/watchdog/mei_wdt.ko
  LD [M]  drivers/watchdog/ni903x_wdt.ko
  LD [M]  drivers/watchdog/mena21_wdt.ko
  LD [M]  drivers/watchdog/nv_tco.ko
  LD [M]  drivers/watchdog/of_xilinx_wdt.ko
  LD [M]  drivers/watchdog/pc87413_wdt.ko
  LD [M]  drivers/watchdog/pcwd_pci.ko
  LD [M]  drivers/watchdog/pcwd_usb.ko
  LD [M]  drivers/watchdog/retu_wdt.ko
  LD [M]  drivers/watchdog/sbc60xxwdt.ko
  LD [M]  drivers/watchdog/sbc_epx_c3.ko
  LD [M]  drivers/watchdog/sbc_fitpc2_wdt.ko
  LD [M]  drivers/watchdog/sch311x_wdt.ko
  LD [M]  drivers/watchdog/smsc37b787_wdt.ko
  LD [M]  drivers/watchdog/sc1200wdt.ko
  LD [M]  drivers/watchdog/softdog.ko
  LD [M]  drivers/watchdog/sp5100_tco.ko
  LD [M]  drivers/watchdog/via_wdt.ko
  LD [M]  drivers/watchdog/w83627hf_wdt.ko
  LD [M]  drivers/watchdog/w83877f_wdt.ko
  LD [M]  drivers/watchdog/w83977f_wdt.ko
  LD [M]  drivers/watchdog/wafer5823wdt.ko
  LD [M]  drivers/watchdog/wdt_pci.ko
  LD [M]  drivers/watchdog/xen_wdt.ko
  LD [M]  drivers/xen/tmem.ko
  LD [M]  drivers/watchdog/ziirave_wdt.ko
  LD [M]  drivers/xen/xen-acpi-processor.ko
  LD [M]  drivers/xen/xen-evtchn.ko
  LD [M]  drivers/xen/xen-gntalloc.ko
  LD [M]  drivers/xen/xen-gntdev.ko
  LD [M]  drivers/xen/xen-pciback/xen-pciback.ko
  LD [M]  drivers/xen/xen-privcmd.ko
  LD [M]  drivers/xen/xen-scsiback.ko
  LD [M]  drivers/xen/xenfs/xenfs.ko
  LD [M]  fs/9p/9p.ko
  LD [M]  fs/affs/affs.ko
  LD [M]  fs/afs/kafs.ko
  LD [M]  fs/befs/befs.ko
  LD [M]  fs/btrfs/btrfs.ko
  LD [M]  fs/cachefiles/cachefiles.ko
  LD [M]  fs/ceph/ceph.ko
  LD [M]  fs/cifs/cifs.ko
  LD [M]  fs/coda/coda.ko
  LD [M]  fs/cramfs/cramfs.ko
  LD [M]  fs/crypto/fscrypto.ko
  LD [M]  fs/dlm/dlm.ko
  LD [M]  fs/ecryptfs/ecryptfs.ko
  LD [M]  fs/exofs/exofs.ko
  LD [M]  fs/exofs/libore.ko
  LD [M]  fs/ext4/ext4.ko
  LD [M]  fs/f2fs/f2fs.ko
  LD [M]  fs/fat/fat.ko
  LD [M]  fs/fat/msdos.ko
  LD [M]  fs/fat/vfat.ko
  LD [M]  fs/fscache/fscache.ko
  LD [M]  fs/fuse/cuse.ko
  LD [M]  fs/fuse/fuse.ko
  LD [M]  fs/gfs2/gfs2.ko
  LD [M]  fs/hfs/hfs.ko
  LD [M]  fs/hfsplus/hfsplus.ko
  LD [M]  fs/isofs/isofs.ko
  LD [M]  fs/jbd2/jbd2.ko
  LD [M]  fs/jffs2/jffs2.ko
  LD [M]  fs/jfs/jfs.ko
  LD [M]  fs/lockd/lockd.ko
  LD [M]  fs/mbcache.ko
  LD [M]  fs/minix/minix.ko
  LD [M]  fs/ncpfs/ncpfs.ko
  LD [M]  fs/nfs/blocklayout/blocklayoutdriver.ko
  LD [M]  fs/nfs/filelayout/nfs_layout_nfsv41_files.ko
  LD [M]  fs/nfs/flexfilelayout/nfs_layout_flexfiles.ko
  LD [M]  fs/nfs/nfs.ko
  LD [M]  fs/nfs/nfsv2.ko
  LD [M]  fs/nfs/nfsv3.ko
  LD [M]  fs/nfs/nfsv4.ko
  LD [M]  fs/nfs/objlayout/objlayoutdriver.ko
  LD [M]  fs/nfs_common/grace.ko
  LD [M]  fs/nfs_common/nfs_acl.ko
  LD [M]  fs/nfsd/nfsd.ko
  LD [M]  fs/nilfs2/nilfs2.ko
  LD [M]  fs/nls/mac-celtic.ko
  LD [M]  fs/nls/mac-centeuro.ko
  LD [M]  fs/nls/mac-croatian.ko
  LD [M]  fs/nls/mac-cyrillic.ko
  LD [M]  fs/nls/mac-gaelic.ko
  LD [M]  fs/nls/mac-greek.ko
  LD [M]  fs/nls/mac-iceland.ko
  LD [M]  fs/nls/mac-inuit.ko
  LD [M]  fs/nls/mac-roman.ko
  LD [M]  fs/nls/mac-turkish.ko
  LD [M]  fs/nls/nls_ascii.ko
  LD [M]  fs/nls/mac-romanian.ko
  LD [M]  fs/nls/nls_cp1250.ko
  LD [M]  fs/nls/nls_cp1251.ko
  LD [M]  fs/nls/nls_cp1255.ko
  LD [M]  fs/nls/nls_cp437.ko
  LD [M]  fs/nls/nls_cp737.ko
  LD [M]  fs/nls/nls_cp775.ko
  LD [M]  fs/nls/nls_cp850.ko
  LD [M]  fs/nls/nls_cp852.ko
  LD [M]  fs/nls/nls_cp855.ko
  LD [M]  fs/nls/nls_cp857.ko
  LD [M]  fs/nls/nls_cp860.ko
  LD [M]  fs/nls/nls_cp861.ko
  LD [M]  fs/nls/nls_cp862.ko
  LD [M]  fs/nls/nls_cp863.ko
  LD [M]  fs/nls/nls_cp864.ko
  LD [M]  fs/nls/nls_cp865.ko
  LD [M]  fs/nls/nls_cp866.ko
  LD [M]  fs/nls/nls_cp869.ko
  LD [M]  fs/nls/nls_cp874.ko
  LD [M]  fs/nls/nls_cp932.ko
  LD [M]  fs/nls/nls_cp936.ko
  LD [M]  fs/nls/nls_cp949.ko
  LD [M]  fs/nls/nls_cp950.ko
  LD [M]  fs/nls/nls_euc-jp.ko
  LD [M]  fs/nls/nls_iso8859-1.ko
  LD [M]  fs/nls/nls_iso8859-13.ko
  LD [M]  fs/nls/nls_iso8859-14.ko
  LD [M]  fs/nls/nls_iso8859-15.ko
  LD [M]  fs/nls/nls_iso8859-2.ko
  LD [M]  fs/nls/nls_iso8859-3.ko
  LD [M]  fs/nls/nls_iso8859-4.ko
  LD [M]  fs/nls/nls_iso8859-5.ko
  LD [M]  fs/nls/nls_iso8859-6.ko
  LD [M]  fs/nls/nls_iso8859-7.ko
  LD [M]  fs/nls/nls_iso8859-9.ko
  LD [M]  fs/nls/nls_koi8-r.ko
  LD [M]  fs/nls/nls_koi8-ru.ko
  LD [M]  fs/nls/nls_koi8-u.ko
  LD [M]  fs/nls/nls_utf8.ko
  LD [M]  fs/ntfs/ntfs.ko
  LD [M]  fs/ocfs2/dlm/ocfs2_dlm.ko
  LD [M]  fs/ocfs2/cluster/ocfs2_nodemanager.ko
  LD [M]  fs/ocfs2/dlmfs/ocfs2_dlmfs.ko
  LD [M]  fs/ocfs2/ocfs2.ko
  LD [M]  fs/ocfs2/ocfs2_stack_user.ko
  LD [M]  fs/ocfs2/ocfs2_stack_o2cb.ko
  LD [M]  fs/ocfs2/ocfs2_stackglue.ko
  LD [M]  fs/omfs/omfs.ko
  LD [M]  fs/orangefs/orangefs.ko
  LD [M]  fs/overlayfs/overlay.ko
  LD [M]  fs/quota/quota_tree.ko
  LD [M]  fs/quota/quota_v1.ko
  LD [M]  fs/quota/quota_v2.ko
  LD [M]  fs/reiserfs/reiserfs.ko
  LD [M]  fs/romfs/romfs.ko
  LD [M]  fs/squashfs/squashfs.ko
  LD [M]  fs/ubifs/ubifs.ko
  LD [M]  fs/udf/udf.ko
  LD [M]  fs/ufs/ufs.ko
  LD [M]  fs/xfs/xfs.ko
  LD [M]  kernel/trace/ring_buffer_benchmark.ko
  LD [M]  lib/842/842_compress.ko
  LD [M]  lib/842/842_decompress.ko
  LD [M]  lib/asn1_decoder.ko
  LD [M]  lib/cordic.ko
  LD [M]  lib/crc-itu-t.ko
  LD [M]  lib/crc16.ko
  LD [M]  lib/crc7.ko
  LD [M]  lib/crc8.ko
  LD [M]  lib/libcrc32c.ko
  LD [M]  lib/lru_cache.ko
  LD [M]  lib/lz4/lz4_compress.ko
  LD [M]  lib/oid_registry.ko
  LD [M]  lib/lz4/lz4hc_compress.ko
  LD [M]  lib/percpu_test.ko
  LD [M]  lib/raid6/raid6_pq.ko
  LD [M]  lib/test-kstrtox.ko
  LD [M]  lib/ts_bm.ko
  LD [M]  lib/ts_fsm.ko
  LD [M]  lib/ts_kmp.ko
  LD [M]  mm/hwpoison-inject.ko
  LD [M]  net/6lowpan/6lowpan.ko
  LD [M]  net/6lowpan/nhc_dest.ko
  LD [M]  net/6lowpan/nhc_fragment.ko
  LD [M]  net/6lowpan/nhc_ghc_ext_dest.ko
  LD [M]  net/6lowpan/nhc_ghc_ext_frag.ko
  LD [M]  net/6lowpan/nhc_ghc_ext_hop.ko
  LD [M]  net/6lowpan/nhc_ghc_ext_route.ko
  LD [M]  net/6lowpan/nhc_ghc_icmpv6.ko
  LD [M]  net/6lowpan/nhc_hop.ko
  LD [M]  net/6lowpan/nhc_ghc_udp.ko
  LD [M]  net/6lowpan/nhc_ipv6.ko
  LD [M]  net/6lowpan/nhc_mobility.ko
  LD [M]  net/6lowpan/nhc_routing.ko
  LD [M]  net/6lowpan/nhc_udp.ko
  LD [M]  net/802/mrp.ko
  LD [M]  net/802/psnap.ko
  LD [M]  net/802/p8022.ko
  LD [M]  net/802/stp.ko
  LD [M]  net/8021q/8021q.ko
  LD [M]  net/9p/9pnet.ko
  LD [M]  net/9p/9pnet_virtio.ko
  LD [M]  net/atm/atm.ko
  LD [M]  net/atm/br2684.ko
  LD [M]  net/atm/lec.ko
  LD [M]  net/atm/clip.ko
  LD [M]  net/atm/mpoa.ko
  LD [M]  net/atm/pppoatm.ko
  LD [M]  net/ax25/ax25.ko
  LD [M]  net/batman-adv/batman-adv.ko
  LD [M]  net/bluetooth/bluetooth.ko
  LD [M]  net/bluetooth/bluetooth_6lowpan.ko
  LD [M]  net/bluetooth/bnep/bnep.ko
  LD [M]  net/bluetooth/cmtp/cmtp.ko
  LD [M]  net/bluetooth/hidp/hidp.ko
  LD [M]  net/bluetooth/rfcomm/rfcomm.ko
  LD [M]  net/bridge/br_netfilter.ko
  LD [M]  net/bridge/bridge.ko
  LD [M]  net/bridge/netfilter/ebt_802_3.ko
  LD [M]  net/bridge/netfilter/ebt_among.ko
  LD [M]  net/bridge/netfilter/ebt_arp.ko
  LD [M]  net/bridge/netfilter/ebt_arpreply.ko
  LD [M]  net/bridge/netfilter/ebt_dnat.ko
  LD [M]  net/bridge/netfilter/ebt_ip.ko
  LD [M]  net/bridge/netfilter/ebt_ip6.ko
  LD [M]  net/bridge/netfilter/ebt_limit.ko
  LD [M]  net/bridge/netfilter/ebt_log.ko
  LD [M]  net/bridge/netfilter/ebt_mark.ko
  LD [M]  net/bridge/netfilter/ebt_mark_m.ko
  LD [M]  net/bridge/netfilter/ebt_nflog.ko
  LD [M]  net/bridge/netfilter/ebt_pkttype.ko
  LD [M]  net/bridge/netfilter/ebt_redirect.ko
  LD [M]  net/bridge/netfilter/ebt_snat.ko
  LD [M]  net/bridge/netfilter/ebt_stp.ko
  LD [M]  net/bridge/netfilter/ebt_vlan.ko
  LD [M]  net/bridge/netfilter/ebtable_broute.ko
  LD [M]  net/bridge/netfilter/ebtable_nat.ko
  LD [M]  net/bridge/netfilter/ebtables.ko
  LD [M]  net/bridge/netfilter/ebtable_filter.ko
  LD [M]  net/bridge/netfilter/nf_log_bridge.ko
  LD [M]  net/bridge/netfilter/nf_tables_bridge.ko
  LD [M]  net/bridge/netfilter/nft_meta_bridge.ko
  LD [M]  net/bridge/netfilter/nft_reject_bridge.ko
  LD [M]  net/caif/caif.ko
  LD [M]  net/caif/caif_socket.ko
  LD [M]  net/caif/caif_usb.ko
  LD [M]  net/can/can-bcm.ko
  LD [M]  net/caif/chnl_net.ko
  LD [M]  net/can/can-gw.ko
  LD [M]  net/can/can-raw.ko
  LD [M]  net/can/can.ko
  LD [M]  net/ceph/libceph.ko
  LD [M]  net/core/devlink.ko
  LD [M]  net/core/drop_monitor.ko
  LD [M]  net/core/pktgen.ko
  LD [M]  net/dccp/dccp.ko
  LD [M]  net/dccp/dccp_diag.ko
  LD [M]  net/dccp/dccp_ipv4.ko
  LD [M]  net/dccp/dccp_ipv6.ko
  LD [M]  net/dccp/dccp_probe.ko
  LD [M]  net/dns_resolver/dns_resolver.ko
  LD [M]  net/dsa/dsa_core.ko
  LD [M]  net/hsr/hsr.ko
  LD [M]  net/ieee802154/6lowpan/ieee802154_6lowpan.ko
  LD [M]  net/ieee802154/ieee802154.ko
  LD [M]  net/ieee802154/ieee802154_socket.ko
  LD [M]  net/ipv4/ah4.ko
  LD [M]  net/ipv4/esp4.ko
  LD [M]  net/ipv4/fou.ko
  LD [M]  net/ipv4/gre.ko
  LD [M]  net/ipv4/inet_diag.ko
  LD [M]  net/ipv4/ip_gre.ko
  LD [M]  net/ipv4/ip_tunnel.ko
  LD [M]  net/ipv4/ip_vti.ko
  LD [M]  net/ipv4/ipcomp.ko
  LD [M]  net/ipv4/ipip.ko
  LD [M]  net/ipv4/netfilter/arp_tables.ko
  LD [M]  net/ipv4/netfilter/arptable_filter.ko
  LD [M]  net/ipv4/netfilter/ip_tables.ko
  LD [M]  net/ipv4/netfilter/ipt_CLUSTERIP.ko
  LD [M]  net/ipv4/netfilter/arpt_mangle.ko
  LD [M]  net/ipv4/netfilter/ipt_MASQUERADE.ko
  LD [M]  net/ipv4/netfilter/ipt_REJECT.ko
  LD [M]  net/ipv4/netfilter/ipt_ECN.ko
  LD [M]  net/ipv4/netfilter/ipt_ah.ko
  LD [M]  net/ipv4/netfilter/ipt_SYNPROXY.ko
  LD [M]  net/ipv4/netfilter/ipt_rpfilter.ko
  LD [M]  net/ipv4/netfilter/iptable_filter.ko
  LD [M]  net/ipv4/netfilter/iptable_nat.ko
  LD [M]  net/ipv4/netfilter/iptable_raw.ko
  LD [M]  net/ipv4/netfilter/iptable_mangle.ko
  LD [M]  net/ipv4/netfilter/iptable_security.ko
  LD [M]  net/ipv4/netfilter/nf_conntrack_ipv4.ko
  LD [M]  net/ipv4/netfilter/nf_dup_ipv4.ko
  LD [M]  net/ipv4/netfilter/nf_defrag_ipv4.ko
  LD [M]  net/ipv4/netfilter/nf_log_arp.ko
  LD [M]  net/ipv4/netfilter/nf_log_ipv4.ko
  LD [M]  net/ipv4/netfilter/nf_nat_h323.ko
  LD [M]  net/ipv4/netfilter/nf_nat_masquerade_ipv4.ko
  LD [M]  net/ipv4/netfilter/nf_nat_ipv4.ko
  LD [M]  net/ipv4/netfilter/nf_nat_pptp.ko
  LD [M]  net/ipv4/netfilter/nf_nat_proto_gre.ko
  LD [M]  net/ipv4/netfilter/nf_nat_snmp_basic.ko
  LD [M]  net/ipv4/netfilter/nf_reject_ipv4.ko
  LD [M]  net/ipv4/netfilter/nf_tables_arp.ko
  LD [M]  net/ipv4/netfilter/nft_chain_nat_ipv4.ko
  LD [M]  net/ipv4/netfilter/nf_tables_ipv4.ko
  LD [M]  net/ipv4/netfilter/nft_dup_ipv4.ko
  LD [M]  net/ipv4/netfilter/nft_chain_route_ipv4.ko
  LD [M]  net/ipv4/netfilter/nft_masq_ipv4.ko
  LD [M]  net/ipv4/netfilter/nft_redir_ipv4.ko
  LD [M]  net/ipv4/netfilter/nft_reject_ipv4.ko
  LD [M]  net/ipv4/tcp_bic.ko
  LD [M]  net/ipv4/tcp_dctcp.ko
  LD [M]  net/ipv4/tcp_diag.ko
  LD [M]  net/ipv4/tcp_cdg.ko
  LD [M]  net/ipv4/tcp_highspeed.ko
  LD [M]  net/ipv4/tcp_htcp.ko
  LD [M]  net/ipv4/tcp_hybla.ko
  LD [M]  net/ipv4/tcp_lp.ko
  LD [M]  net/ipv4/tcp_illinois.ko
  LD [M]  net/ipv4/tcp_nv.ko
  LD [M]  net/ipv4/tcp_scalable.ko
  LD [M]  net/ipv4/tcp_vegas.ko
  LD [M]  net/ipv4/tcp_probe.ko
  LD [M]  net/ipv4/tcp_westwood.ko
  LD [M]  net/ipv4/tcp_veno.ko
  LD [M]  net/ipv4/tcp_yeah.ko
  LD [M]  net/ipv4/tunnel4.ko
  LD [M]  net/ipv4/udp_diag.ko
  LD [M]  net/ipv4/udp_tunnel.ko
  LD [M]  net/ipv4/xfrm4_mode_transport.ko
  LD [M]  net/ipv4/xfrm4_mode_tunnel.ko
  LD [M]  net/ipv4/xfrm4_mode_beet.ko
  LD [M]  net/ipv4/xfrm4_tunnel.ko
  LD [M]  net/ipv6/ah6.ko
  LD [M]  net/ipv6/esp6.ko
  LD [M]  net/ipv6/fou6.ko
  LD [M]  net/ipv6/ila/ila.ko
  LD [M]  net/ipv6/ip6_gre.ko
  LD [M]  net/ipv6/ip6_tunnel.ko
  LD [M]  net/ipv6/ip6_udp_tunnel.ko
  LD [M]  net/ipv6/ip6_vti.ko
  LD [M]  net/ipv6/ipcomp6.ko
  LD [M]  net/ipv6/mip6.ko
  LD [M]  net/ipv6/netfilter/ip6_tables.ko
  LD [M]  net/ipv6/netfilter/ip6t_MASQUERADE.ko
  LD [M]  net/ipv6/netfilter/ip6t_NPT.ko
  LD [M]  net/ipv6/netfilter/ip6t_REJECT.ko
  LD [M]  net/ipv6/netfilter/ip6t_SYNPROXY.ko
  LD [M]  net/ipv6/netfilter/ip6t_ah.ko
  LD [M]  net/ipv6/netfilter/ip6t_eui64.ko
  LD [M]  net/ipv6/netfilter/ip6t_frag.ko
  LD [M]  net/ipv6/netfilter/ip6t_hbh.ko
  LD [M]  net/ipv6/netfilter/ip6t_ipv6header.ko
  LD [M]  net/ipv6/netfilter/ip6t_rpfilter.ko
  LD [M]  net/ipv6/netfilter/ip6t_mh.ko
  LD [M]  net/ipv6/netfilter/ip6t_rt.ko
  LD [M]  net/ipv6/netfilter/ip6table_filter.ko
  LD [M]  net/ipv6/netfilter/ip6table_mangle.ko
  LD [M]  net/ipv6/netfilter/ip6table_raw.ko
  LD [M]  net/ipv6/netfilter/ip6table_security.ko
  LD [M]  net/ipv6/netfilter/ip6table_nat.ko
  LD [M]  net/ipv6/netfilter/nf_conntrack_ipv6.ko
  LD [M]  net/ipv6/netfilter/nf_defrag_ipv6.ko
  LD [M]  net/ipv6/netfilter/nf_dup_ipv6.ko
  LD [M]  net/ipv6/netfilter/nf_log_ipv6.ko
  LD [M]  net/ipv6/netfilter/nf_nat_masquerade_ipv6.ko
  LD [M]  net/ipv6/netfilter/nf_nat_ipv6.ko
  LD [M]  net/ipv6/netfilter/nf_reject_ipv6.ko
  LD [M]  net/ipv6/netfilter/nf_tables_ipv6.ko
  LD [M]  net/ipv6/netfilter/nft_chain_nat_ipv6.ko
  LD [M]  net/ipv6/netfilter/nft_chain_route_ipv6.ko
  LD [M]  net/ipv6/netfilter/nft_dup_ipv6.ko
  LD [M]  net/ipv6/netfilter/nft_masq_ipv6.ko
  LD [M]  net/ipv6/netfilter/nft_reject_ipv6.ko
  LD [M]  net/ipv6/netfilter/nft_redir_ipv6.ko
  LD [M]  net/ipv6/sit.ko
  LD [M]  net/ipv6/xfrm6_mode_beet.ko
  LD [M]  net/ipv6/tunnel6.ko
  LD [M]  net/ipv6/xfrm6_mode_ro.ko
  LD [M]  net/ipv6/xfrm6_mode_transport.ko
  LD [M]  net/ipv6/xfrm6_mode_tunnel.ko
  LD [M]  net/ipv6/xfrm6_tunnel.ko
  LD [M]  net/irda/ircomm/ircomm-tty.ko
  LD [M]  net/irda/ircomm/ircomm.ko
  LD [M]  net/irda/irda.ko
  LD [M]  net/irda/irlan/irlan.ko
  LD [M]  net/irda/irnet/irnet.ko
  LD [M]  net/kcm/kcm.ko
  LD [M]  net/l2tp/l2tp_core.ko
  LD [M]  net/key/af_key.ko
  LD [M]  net/l2tp/l2tp_eth.ko
  LD [M]  net/l2tp/l2tp_ip.ko
  LD [M]  net/l2tp/l2tp_ip6.ko
  LD [M]  net/l2tp/l2tp_netlink.ko
  LD [M]  net/l2tp/l2tp_ppp.ko
  LD [M]  net/llc/llc.ko
  LD [M]  net/llc/llc2.ko
  LD [M]  net/mac80211/mac80211.ko
  LD [M]  net/mac802154/mac802154.ko
  LD [M]  net/mpls/mpls_gso.ko
  LD [M]  net/mpls/mpls_iptunnel.ko
  LD [M]  net/netfilter/ipset/ip_set.ko
  LD [M]  net/mpls/mpls_router.ko
  LD [M]  net/netfilter/ipset/ip_set_bitmap_ip.ko
  LD [M]  net/netfilter/ipset/ip_set_bitmap_ipmac.ko
  LD [M]  net/netfilter/ipset/ip_set_bitmap_port.ko
  LD [M]  net/netfilter/ipset/ip_set_hash_ip.ko
  LD [M]  net/netfilter/ipset/ip_set_hash_ipmark.ko
  LD [M]  net/netfilter/ipset/ip_set_hash_ipport.ko
  LD [M]  net/netfilter/ipset/ip_set_hash_ipportip.ko
  LD [M]  net/netfilter/ipset/ip_set_hash_ipportnet.ko
  LD [M]  net/netfilter/ipset/ip_set_hash_mac.ko
  LD [M]  net/netfilter/ipset/ip_set_hash_net.ko
  LD [M]  net/netfilter/ipset/ip_set_hash_netnet.ko
  LD [M]  net/netfilter/ipset/ip_set_hash_netiface.ko
  LD [M]  net/netfilter/ipset/ip_set_hash_netportnet.ko
  LD [M]  net/netfilter/ipset/ip_set_hash_netport.ko
  LD [M]  net/netfilter/ipset/ip_set_list_set.ko
  LD [M]  net/netfilter/ipvs/ip_vs.ko
  LD [M]  net/netfilter/ipvs/ip_vs_dh.ko
  LD [M]  net/netfilter/ipvs/ip_vs_fo.ko
  LD [M]  net/netfilter/ipvs/ip_vs_ftp.ko
  LD [M]  net/netfilter/ipvs/ip_vs_lblc.ko
  LD [M]  net/netfilter/ipvs/ip_vs_lc.ko
  LD [M]  net/netfilter/ipvs/ip_vs_lblcr.ko
  LD [M]  net/netfilter/ipvs/ip_vs_nq.ko
  LD [M]  net/netfilter/ipvs/ip_vs_ovf.ko
  LD [M]  net/netfilter/ipvs/ip_vs_pe_sip.ko
  LD [M]  net/netfilter/ipvs/ip_vs_rr.ko
  LD [M]  net/netfilter/ipvs/ip_vs_sed.ko
  LD [M]  net/netfilter/ipvs/ip_vs_sh.ko
  LD [M]  net/netfilter/ipvs/ip_vs_wlc.ko
  LD [M]  net/netfilter/nf_conntrack.ko
  LD [M]  net/netfilter/ipvs/ip_vs_wrr.ko
  LD [M]  net/netfilter/nf_conntrack_amanda.ko
  LD [M]  net/netfilter/nf_conntrack_broadcast.ko
  LD [M]  net/netfilter/nf_conntrack_ftp.ko
  LD [M]  net/netfilter/nf_conntrack_h323.ko
  LD [M]  net/netfilter/nf_conntrack_irc.ko
  LD [M]  net/netfilter/nf_conntrack_netbios_ns.ko
  LD [M]  net/netfilter/nf_conntrack_netlink.ko
  LD [M]  net/netfilter/nf_conntrack_pptp.ko
  LD [M]  net/netfilter/nf_conntrack_proto_gre.ko
  LD [M]  net/netfilter/nf_conntrack_sane.ko
  LD [M]  net/netfilter/nf_conntrack_sip.ko
  LD [M]  net/netfilter/nf_conntrack_snmp.ko
  LD [M]  net/netfilter/nf_conntrack_tftp.ko
  LD [M]  net/netfilter/nf_dup_netdev.ko
  LD [M]  net/netfilter/nf_nat.ko
  LD [M]  net/netfilter/nf_log_common.ko
  LD [M]  net/netfilter/nf_nat_amanda.ko
  LD [M]  net/netfilter/nf_nat_ftp.ko
  LD [M]  net/netfilter/nf_nat_irc.ko
  LD [M]  net/netfilter/nf_nat_sip.ko
  LD [M]  net/netfilter/nf_nat_redirect.ko
  LD [M]  net/netfilter/nf_nat_tftp.ko
  LD [M]  net/netfilter/nf_synproxy_core.ko
  LD [M]  net/netfilter/nf_tables.ko
  LD [M]  net/netfilter/nf_tables_netdev.ko
  LD [M]  net/netfilter/nfnetlink_acct.ko
  LD [M]  net/netfilter/nf_tables_inet.ko
  LD [M]  net/netfilter/nfnetlink.ko
  LD [M]  net/netfilter/nfnetlink_cttimeout.ko
  LD [M]  net/netfilter/nfnetlink_cthelper.ko
  LD [M]  net/netfilter/nfnetlink_log.ko
  LD [M]  net/netfilter/nfnetlink_queue.ko
  LD [M]  net/netfilter/nft_counter.ko
  LD [M]  net/netfilter/nft_compat.ko
  LD [M]  net/netfilter/nft_ct.ko
  LD [M]  net/netfilter/nft_dup_netdev.ko
  LD [M]  net/netfilter/nft_fwd_netdev.ko
  LD [M]  net/netfilter/nft_exthdr.ko
  LD [M]  net/netfilter/nft_limit.ko
  LD [M]  net/netfilter/nft_hash.ko
  LD [M]  net/netfilter/nft_masq.ko
  LD [M]  net/netfilter/nft_log.ko
  LD [M]  net/netfilter/nft_meta.ko
  LD [M]  net/netfilter/nft_nat.ko
  LD [M]  net/netfilter/nft_queue.ko
  LD [M]  net/netfilter/nft_reject.ko
  LD [M]  net/netfilter/nft_reject_inet.ko
  LD [M]  net/netfilter/x_tables.ko
  LD [M]  net/netfilter/nft_redir.ko
  LD [M]  net/netfilter/xt_CHECKSUM.ko
  LD [M]  net/netfilter/xt_CLASSIFY.ko
  LD [M]  net/netfilter/xt_CONNSECMARK.ko
  LD [M]  net/netfilter/xt_CT.ko
  LD [M]  net/netfilter/xt_DSCP.ko
  LD [M]  net/netfilter/xt_HL.ko
  LD [M]  net/netfilter/xt_HMARK.ko
  LD [M]  net/netfilter/xt_IDLETIMER.ko
  LD [M]  net/netfilter/xt_LED.ko
  LD [M]  net/netfilter/xt_LOG.ko
  LD [M]  net/netfilter/xt_NETMAP.ko
  LD [M]  net/netfilter/xt_NFQUEUE.ko
  LD [M]  net/netfilter/xt_RATEEST.ko
  LD [M]  net/netfilter/xt_NFLOG.ko
  LD [M]  net/netfilter/xt_SECMARK.ko
  LD [M]  net/netfilter/xt_TCPMSS.ko
  LD [M]  net/netfilter/xt_REDIRECT.ko
  LD [M]  net/netfilter/xt_TCPOPTSTRIP.ko
  LD [M]  net/netfilter/xt_TEE.ko
  LD [M]  net/netfilter/xt_TPROXY.ko
  LD [M]  net/netfilter/xt_addrtype.ko
  LD [M]  net/netfilter/xt_TRACE.ko
  LD [M]  net/netfilter/xt_bpf.ko
  LD [M]  net/netfilter/xt_cluster.ko
  LD [M]  net/netfilter/xt_cgroup.ko
  LD [M]  net/netfilter/xt_connbytes.ko
  LD [M]  net/netfilter/xt_comment.ko
  LD [M]  net/netfilter/xt_connlabel.ko
  LD [M]  net/netfilter/xt_connlimit.ko
  LD [M]  net/netfilter/xt_connmark.ko
  LD [M]  net/netfilter/xt_conntrack.ko
  LD [M]  net/netfilter/xt_cpu.ko
  LD [M]  net/netfilter/xt_dccp.ko
  LD [M]  net/netfilter/xt_devgroup.ko
  LD [M]  net/netfilter/xt_ecn.ko
  LD [M]  net/netfilter/xt_dscp.ko
  LD [M]  net/netfilter/xt_esp.ko
  LD [M]  net/netfilter/xt_hashlimit.ko
  LD [M]  net/netfilter/xt_hl.ko
  LD [M]  net/netfilter/xt_ipcomp.ko
  LD [M]  net/netfilter/xt_ipvs.ko
  LD [M]  net/netfilter/xt_helper.ko
  LD [M]  net/netfilter/xt_iprange.ko
  LD [M]  net/netfilter/xt_l2tp.ko
  LD [M]  net/netfilter/xt_length.ko
  LD [M]  net/netfilter/xt_limit.ko
  LD [M]  net/netfilter/xt_mac.ko
  LD [M]  net/netfilter/xt_mark.ko
  LD [M]  net/netfilter/xt_multiport.ko
  LD [M]  net/netfilter/xt_nat.ko
  LD [M]  net/netfilter/xt_nfacct.ko
  LD [M]  net/netfilter/xt_osf.ko
  LD [M]  net/netfilter/xt_physdev.ko
  LD [M]  net/netfilter/xt_pkttype.ko
  LD [M]  net/netfilter/xt_owner.ko
  LD [M]  net/netfilter/xt_policy.ko
  LD [M]  net/netfilter/xt_quota.ko
  LD [M]  net/netfilter/xt_rateest.ko
  LD [M]  net/netfilter/xt_recent.ko
  LD [M]  net/netfilter/xt_realm.ko
  LD [M]  net/netfilter/xt_set.ko
  LD [M]  net/netfilter/xt_sctp.ko
  LD [M]  net/netfilter/xt_state.ko
  LD [M]  net/netfilter/xt_string.ko
  LD [M]  net/netfilter/xt_tcpudp.ko
  LD [M]  net/netfilter/xt_tcpmss.ko
  LD [M]  net/netfilter/xt_time.ko
  LD [M]  net/netfilter/xt_statistic.ko
  LD [M]  net/netfilter/xt_u32.ko
  LD [M]  net/netrom/netrom.ko
  LD [M]  net/netlink/netlink_diag.ko
  LD [M]  net/nfc/hci/hci.ko
  LD [M]  net/nfc/nci/nci.ko
  LD [M]  net/nfc/nfc.ko
  LD [M]  net/nfc/nfc_digital.ko
  LD [M]  net/openvswitch/openvswitch.ko
  LD [M]  net/openvswitch/vport-geneve.ko
  LD [M]  net/openvswitch/vport-gre.ko
  LD [M]  net/openvswitch/vport-vxlan.ko
  LD [M]  net/packet/af_packet_diag.ko
  LD [M]  net/phonet/phonet.ko
  LD [M]  net/phonet/pn_pep.ko
  LD [M]  net/rfkill/rfkill-gpio.ko
  LD [M]  net/rfkill/rfkill.ko
  LD [M]  net/rose/rose.ko
  LD [M]  net/rxrpc/af-rxrpc.ko
  LD [M]  net/sched/act_bpf.ko
  LD [M]  net/sched/act_connmark.ko
  LD [M]  net/sched/act_csum.ko
  LD [M]  net/sched/act_gact.ko
  LD [M]  net/sched/act_ipt.ko
  LD [M]  net/sched/act_ife.ko
  LD [M]  net/sched/act_meta_mark.ko
  LD [M]  net/sched/act_meta_skbprio.ko
  LD [M]  net/sched/act_mirred.ko
  LD [M]  net/sched/act_nat.ko
  LD [M]  net/sched/act_pedit.ko
  LD [M]  net/sched/act_police.ko
  LD [M]  net/sched/act_simple.ko
  LD [M]  net/sched/act_skbedit.ko
  LD [M]  net/sched/act_vlan.ko
  LD [M]  net/sched/cls_basic.ko
  LD [M]  net/sched/cls_bpf.ko
  LD [M]  net/sched/cls_flower.ko
  LD [M]  net/sched/cls_flow.ko
  LD [M]  net/sched/cls_cgroup.ko
  LD [M]  net/sched/cls_fw.ko
  LD [M]  net/sched/cls_matchall.ko
  LD [M]  net/sched/cls_route.ko
  LD [M]  net/sched/cls_rsvp.ko
  LD [M]  net/sched/cls_rsvp6.ko
  LD [M]  net/sched/cls_tcindex.ko
  LD [M]  net/sched/cls_u32.ko
  LD [M]  net/sched/sch_atm.ko
  LD [M]  net/sched/sch_cbq.ko
  LD [M]  net/sched/sch_choke.ko
  LD [M]  net/sched/sch_codel.ko
  LD [M]  net/sched/sch_drr.ko
  LD [M]  net/sched/sch_dsmark.ko
  LD [M]  net/sched/sch_fq.ko
  LD [M]  net/sched/sch_fq_codel.ko
  LD [M]  net/sched/sch_hfsc.ko
  LD [M]  net/sched/sch_gred.ko
  LD [M]  net/sched/sch_hhf.ko
  LD [M]  net/sched/sch_htb.ko
  LD [M]  net/sched/sch_ingress.ko
  LD [M]  net/sched/sch_multiq.ko
  LD [M]  net/sched/sch_mqprio.ko
  LD [M]  net/sched/sch_netem.ko
  LD [M]  net/sched/sch_pie.ko
  LD [M]  net/sched/sch_plug.ko
  LD [M]  net/sched/sch_prio.ko
  LD [M]  net/sched/sch_qfq.ko
  LD [M]  net/sched/sch_red.ko
  LD [M]  net/sched/sch_sfb.ko
  LD [M]  net/sched/sch_sfq.ko
  LD [M]  net/sched/sch_tbf.ko
  LD [M]  net/sched/sch_teql.ko
  LD [M]  net/sctp/sctp.ko
  LD [M]  net/sctp/sctp_diag.ko
  LD [M]  net/sctp/sctp_probe.ko
  LD [M]  net/strparser/strparser.ko
  LD [M]  net/sunrpc/auth_gss/auth_rpcgss.ko
  LD [M]  net/sunrpc/sunrpc.ko
  LD [M]  net/sunrpc/auth_gss/rpcsec_gss_krb5.ko
  LD [M]  net/sunrpc/xprtrdma/rpcrdma.ko
  LD [M]  net/unix/unix_diag.ko
  LD [M]  net/vmw_vsock/vmw_vsock_virtio_transport.ko
  LD [M]  net/vmw_vsock/vmw_vsock_virtio_transport_common.ko
  LD [M]  net/vmw_vsock/vmw_vsock_vmci_transport.ko
  LD [M]  net/vmw_vsock/vsock.ko
  LD [M]  net/wimax/wimax.ko
  LD [M]  net/wireless/cfg80211.ko
  LD [M]  net/wireless/lib80211.ko
  LD [M]  net/wireless/lib80211_crypt_ccmp.ko
  LD [M]  net/wireless/lib80211_crypt_tkip.ko
  LD [M]  net/wireless/lib80211_crypt_wep.ko
  LD [M]  net/xfrm/xfrm_algo.ko
  LD [M]  net/xfrm/xfrm_ipcomp.ko
  LD [M]  net/xfrm/xfrm_user.ko
  LD [M]  security/keys/encrypted-keys/encrypted-keys.ko
  LD [M]  security/keys/trusted.ko
  LD [M]  sound/core/oss/snd-mixer-oss.ko
  LD [M]  sound/ac97_bus.ko
  LD [M]  sound/core/oss/snd-pcm-oss.ko
  LD [M]  sound/core/seq/snd-seq-device.ko
  LD [M]  sound/core/seq/oss/snd-seq-oss.ko
  LD [M]  sound/core/seq/snd-seq-dummy.ko
  LD [M]  sound/core/seq/snd-seq-midi-emul.ko
  LD [M]  sound/core/seq/snd-seq-midi-event.ko
  LD [M]  sound/core/seq/snd-seq-midi.ko
  LD [M]  sound/core/seq/snd-seq-virmidi.ko
  LD [M]  sound/core/snd-compress.ko
  LD [M]  sound/core/seq/snd-seq.ko
  LD [M]  sound/core/snd-hrtimer.ko
  LD [M]  sound/core/snd-hwdep.ko
  LD [M]  sound/core/snd-pcm-dmaengine.ko
  LD [M]  sound/core/snd-pcm.ko
  LD [M]  sound/core/snd-rawmidi.ko
  LD [M]  sound/core/snd-timer.ko
  LD [M]  sound/core/snd.ko
  LD [M]  sound/drivers/mpu401/snd-mpu401-uart.ko
  LD [M]  sound/drivers/mpu401/snd-mpu401.ko
  LD [M]  sound/drivers/opl3/snd-opl3-lib.ko
  LD [M]  sound/drivers/opl3/snd-opl3-synth.ko
  LD [M]  sound/drivers/snd-aloop.ko
  LD [M]  sound/drivers/snd-dummy.ko
  LD [M]  sound/drivers/snd-mtpav.ko
  LD [M]  sound/drivers/snd-mts64.ko
  LD [M]  sound/drivers/snd-serial-u16550.ko
  LD [M]  sound/drivers/snd-portman2x4.ko
  LD [M]  sound/drivers/snd-virmidi.ko
  LD [M]  sound/drivers/vx/snd-vx-lib.ko
  LD [M]  sound/firewire/dice/snd-dice.ko
  LD [M]  sound/firewire/bebob/snd-bebob.ko
  LD [M]  sound/firewire/digi00x/snd-firewire-digi00x.ko
  LD [M]  sound/firewire/fireworks/snd-fireworks.ko
  LD [M]  sound/firewire/oxfw/snd-oxfw.ko
  LD [M]  sound/firewire/snd-firewire-lib.ko
  LD [M]  sound/firewire/snd-isight.ko
  LD [M]  sound/firewire/tascam/snd-firewire-tascam.ko
  LD [M]  sound/hda/ext/snd-hda-ext-core.ko
  LD [M]  sound/i2c/other/snd-ak4113.ko
  LD [M]  sound/hda/snd-hda-core.ko
  LD [M]  sound/i2c/other/snd-ak4114.ko
  LD [M]  sound/i2c/other/snd-ak4117.ko
  LD [M]  sound/i2c/other/snd-ak4xxx-adda.ko
  LD [M]  sound/i2c/other/snd-pt2258.ko
  LD [M]  sound/i2c/snd-cs8427.ko
  LD [M]  sound/i2c/snd-i2c.ko
  LD [M]  sound/isa/sb/snd-sb-common.ko
  LD [M]  sound/pci/ac97/snd-ac97-codec.ko
  LD [M]  sound/pci/ali5451/snd-ali5451.ko
  LD [M]  sound/pci/asihpi/snd-asihpi.ko
  LD [M]  sound/pci/au88x0/snd-au8810.ko
  LD [M]  sound/pci/au88x0/snd-au8820.ko
  LD [M]  sound/pci/au88x0/snd-au8830.ko
  LD [M]  sound/pci/aw2/snd-aw2.ko
  LD [M]  sound/pci/ca0106/snd-ca0106.ko
  LD [M]  sound/pci/cs46xx/snd-cs46xx.ko
  LD [M]  sound/pci/echoaudio/snd-darla20.ko
  LD [M]  sound/pci/ctxfi/snd-ctxfi.ko
  LD [M]  sound/pci/echoaudio/snd-darla24.ko
  LD [M]  sound/pci/echoaudio/snd-echo3g.ko
  LD [M]  sound/pci/echoaudio/snd-gina20.ko
  LD [M]  sound/pci/echoaudio/snd-gina24.ko
  LD [M]  sound/pci/echoaudio/snd-indigo.ko
  LD [M]  sound/pci/echoaudio/snd-indigodj.ko
  LD [M]  sound/pci/echoaudio/snd-indigodjx.ko
  LD [M]  sound/pci/echoaudio/snd-indigoio.ko
  LD [M]  sound/pci/echoaudio/snd-indigoiox.ko
  LD [M]  sound/pci/echoaudio/snd-layla24.ko
  LD [M]  sound/pci/echoaudio/snd-layla20.ko
  LD [M]  sound/pci/echoaudio/snd-mia.ko
  LD [M]  sound/pci/echoaudio/snd-mona.ko
  LD [M]  sound/pci/emu10k1/snd-emu10k1-synth.ko
  LD [M]  sound/pci/emu10k1/snd-emu10k1.ko
  LD [M]  sound/pci/emu10k1/snd-emu10k1x.ko
  LD [M]  sound/pci/hda/snd-hda-codec-analog.ko
  LD [M]  sound/pci/hda/snd-hda-codec-ca0110.ko
  LD [M]  sound/pci/hda/snd-hda-codec-ca0132.ko
  LD [M]  sound/pci/hda/snd-hda-codec-cirrus.ko
  LD [M]  sound/pci/hda/snd-hda-codec-cmedia.ko
  LD [M]  sound/pci/hda/snd-hda-codec-conexant.ko
  LD [M]  sound/pci/hda/snd-hda-codec-generic.ko
  LD [M]  sound/pci/hda/snd-hda-codec-hdmi.ko
  LD [M]  sound/pci/hda/snd-hda-codec-realtek.ko
  LD [M]  sound/pci/hda/snd-hda-codec-idt.ko
  LD [M]  sound/pci/hda/snd-hda-codec-si3054.ko
  LD [M]  sound/pci/hda/snd-hda-codec-via.ko
  LD [M]  sound/pci/hda/snd-hda-codec.ko
  LD [M]  sound/pci/hda/snd-hda-intel.ko
  LD [M]  sound/pci/ice1712/snd-ice1712.ko
  LD [M]  sound/pci/ice1712/snd-ice1724.ko
  LD [M]  sound/pci/ice1712/snd-ice17xx-ak4xxx.ko
  LD [M]  sound/pci/korg1212/snd-korg1212.ko
  LD [M]  sound/pci/lola/snd-lola.ko
  LD [M]  sound/pci/lx6464es/snd-lx6464es.ko
  LD [M]  sound/pci/mixart/snd-mixart.ko
  LD [M]  sound/pci/nm256/snd-nm256.ko
  LD [M]  sound/pci/oxygen/snd-oxygen-lib.ko
  LD [M]  sound/pci/oxygen/snd-oxygen.ko
  LD [M]  sound/pci/oxygen/snd-virtuoso.ko
  LD [M]  sound/pci/pcxhr/snd-pcxhr.ko
  LD [M]  sound/pci/riptide/snd-riptide.ko
  LD [M]  sound/pci/rme9652/snd-hdsp.ko
  LD [M]  sound/pci/rme9652/snd-hdspm.ko
  LD [M]  sound/pci/snd-ad1889.ko
  LD [M]  sound/pci/snd-als300.ko
  LD [M]  sound/pci/snd-als4000.ko
  LD [M]  sound/pci/snd-atiixp-modem.ko
  LD [M]  sound/pci/rme9652/snd-rme9652.ko
  LD [M]  sound/pci/snd-atiixp.ko
  LD [M]  sound/pci/snd-azt3328.ko
  LD [M]  sound/pci/snd-bt87x.ko
  LD [M]  sound/pci/snd-cmipci.ko
  LD [M]  sound/pci/snd-cs4281.ko
  LD [M]  sound/pci/snd-ens1370.ko
  LD [M]  sound/pci/snd-ens1371.ko
  LD [M]  sound/pci/snd-es1938.ko
  LD [M]  sound/pci/snd-es1968.ko
  LD [M]  sound/pci/snd-fm801.ko
  LD [M]  sound/pci/snd-intel8x0.ko
  LD [M]  sound/pci/snd-intel8x0m.ko
  LD [M]  sound/pci/snd-maestro3.ko
  LD [M]  sound/pci/snd-rme32.ko
  LD [M]  sound/pci/snd-sonicvibes.ko
  LD [M]  sound/pci/snd-rme96.ko
  LD [M]  sound/pci/snd-via82xx.ko
  LD [M]  sound/pci/snd-via82xx-modem.ko
  LD [M]  sound/pci/trident/snd-trident.ko
  LD [M]  sound/pci/vx222/snd-vx222.ko
  LD [M]  sound/pci/ymfpci/snd-ymfpci.ko
  LD [M]  sound/pcmcia/pdaudiocf/snd-pdaudiocf.ko
  LD [M]  sound/soc/amd/snd-soc-acp-pcm.ko
  LD [M]  sound/pcmcia/vx/snd-vxpocket.ko
  LD [M]  sound/soc/codecs/snd-soc-ac97.ko
  LD [M]  sound/soc/codecs/snd-soc-da7219.ko
  LD [M]  sound/soc/codecs/snd-soc-dmic.ko
  LD [M]  sound/soc/codecs/snd-soc-hdac-hdmi.ko
  LD [M]  sound/soc/codecs/snd-soc-hdmi-codec.ko
  LD [M]  sound/soc/codecs/snd-soc-max98090.ko
  LD [M]  sound/soc/codecs/snd-soc-max98357a.ko
  LD [M]  sound/soc/codecs/snd-soc-rl6231.ko
  LD [M]  sound/soc/codecs/snd-soc-nau8825.ko
  LD [M]  sound/soc/codecs/snd-soc-rl6347a.ko
  LD [M]  sound/soc/codecs/snd-soc-rt286.ko
  LD [M]  sound/soc/codecs/snd-soc-rt298.ko
  LD [M]  sound/soc/codecs/snd-soc-rt5640.ko
  LD [M]  sound/soc/codecs/snd-soc-rt5645.ko
  LD [M]  sound/soc/codecs/snd-soc-rt5670.ko
  LD [M]  sound/soc/codecs/snd-soc-rt5651.ko
  LD [M]  sound/soc/codecs/snd-soc-si476x.ko
  LD [M]  sound/soc/codecs/snd-soc-spdif-tx.ko
  LD [M]  sound/soc/codecs/snd-soc-ssm4567.ko
  LD [M]  sound/soc/codecs/snd-soc-spdif-rx.ko
  LD [M]  sound/soc/codecs/snd-soc-ts3a227e.ko
  LD [M]  sound/soc/dwc/designware_i2s.ko
  LD [M]  sound/soc/generic/snd-soc-simple-card-utils.ko
  LD [M]  sound/soc/dwc/designware_pcm.ko
  LD [M]  sound/soc/generic/snd-soc-simple-card.ko
  LD [M]  sound/soc/intel/atom/sst/snd-intel-sst-acpi.ko
  LD [M]  sound/soc/intel/atom/snd-soc-sst-mfld-platform.ko
  LD [M]  sound/soc/intel/atom/sst/snd-intel-sst-core.ko
  LD [M]  sound/soc/intel/boards/snd-skl_nau88l25_max98357a.ko
  LD [M]  sound/soc/intel/boards/snd-soc-skl_nau88l25_ssm4567.ko
  LD [M]  sound/soc/intel/boards/snd-soc-sst-broadwell.ko
  LD [M]  sound/soc/intel/boards/snd-soc-skl_rt286.ko
  LD [M]  sound/soc/intel/boards/snd-soc-sst-bxt-da7219_max98357a.ko
  LD [M]  sound/soc/intel/boards/snd-soc-sst-bxt-rt298.ko
  LD [M]  sound/soc/intel/boards/snd-soc-sst-bytcr-rt5640.ko
  LD [M]  sound/soc/intel/boards/snd-soc-sst-bytcr-rt5651.ko
  LD [M]  sound/soc/intel/boards/snd-soc-sst-cht-bsw-max98090_ti.ko
  LD [M]  sound/soc/intel/boards/snd-soc-sst-cht-bsw-rt5645.ko
  LD [M]  sound/soc/intel/boards/snd-soc-sst-cht-bsw-rt5672.ko
  LD [M]  sound/soc/intel/boards/snd-soc-sst-haswell.ko
  LD [M]  sound/soc/intel/common/snd-soc-sst-acpi.ko
  LD [M]  sound/soc/intel/common/snd-soc-sst-dsp.ko
  LD [M]  sound/soc/intel/common/snd-soc-sst-firmware.ko
  LD [M]  sound/soc/intel/common/snd-soc-sst-ipc.ko
  LD [M]  sound/soc/intel/haswell/snd-soc-sst-haswell-pcm.ko
  LD [M]  sound/soc/intel/skylake/snd-soc-skl-ipc.ko
  LD [M]  sound/soc/intel/common/snd-soc-sst-match.ko
  LD [M]  sound/soc/intel/skylake/snd-soc-skl.ko
  LD [M]  sound/soc/snd-soc-core.ko
  LD [M]  sound/soundcore.ko
  LD [M]  sound/synth/emux/snd-emux-synth.ko
  LD [M]  sound/synth/snd-util-mem.ko
  LD [M]  sound/usb/6fire/snd-usb-6fire.ko
  LD [M]  sound/usb/bcd2000/snd-bcd2000.ko
  LD [M]  sound/usb/caiaq/snd-usb-caiaq.ko
  LD [M]  sound/usb/hiface/snd-usb-hiface.ko
  LD [M]  sound/usb/line6/snd-usb-line6.ko
  LD [M]  sound/usb/line6/snd-usb-pod.ko
  LD [M]  sound/usb/line6/snd-usb-toneport.ko
  LD [M]  sound/usb/line6/snd-usb-podhd.ko
  LD [M]  sound/usb/line6/snd-usb-variax.ko
  LD [M]  sound/usb/snd-usb-audio.ko
  LD [M]  sound/usb/snd-usbmidi-lib.ko
  LD [M]  sound/usb/misc/snd-ua101.ko
  LD [M]  sound/usb/usx2y/snd-usb-us122l.ko
  LD [M]  sound/usb/usx2y/snd-usb-usx2y.ko
  LD [M]  virt/lib/irqbypass.ko
  IHEX    firmware/acenic/tg1.bin
  IHEX    firmware/adaptec/starfire_rx.bin
  IHEX    firmware/acenic/tg2.bin
  IHEX    firmware/adaptec/starfire_tx.bin
  HOSTCC  firmware/ihex2fw
  IHEX    firmware/bnx2x/bnx2x-e1-6.2.9.0.fw
  IHEX    firmware/bnx2x/bnx2x-e1h-6.2.9.0.fw
  IHEX    firmware/bnx2x/bnx2x-e2-6.2.9.0.fw
  IHEX    firmware/bnx2/bnx2-mips-09-6.2.1a.fw
  IHEX    firmware/bnx2/bnx2-rv2p-09-6.0.17.fw
  IHEX    firmware/bnx2/bnx2-rv2p-09ax-6.0.17.fw
  IHEX    firmware/bnx2/bnx2-rv2p-06-6.0.15.fw
  IHEX    firmware/bnx2/bnx2-mips-06-6.2.1.fw
  IHEX    firmware/sun/cassini.bin
  IHEX    firmware/cxgb3/t3b_psram-1.1.0.bin
  IHEX    firmware/cxgb3/t3c_psram-1.1.0.bin
  IHEX    firmware/cxgb3/ael2005_opt_edc.bin
  IHEX    firmware/cxgb3/ael2005_twx_edc.bin
  IHEX    firmware/cxgb3/ael2020_twx_edc.bin
  IHEX    firmware/radeon/R100_cp.bin
  IHEX    firmware/radeon/R200_cp.bin
  IHEX    firmware/radeon/R300_cp.bin
  IHEX    firmware/radeon/R420_cp.bin
  IHEX    firmware/radeon/RS690_cp.bin
  IHEX    firmware/radeon/RS600_cp.bin
  IHEX    firmware/radeon/R600_pfp.bin
  IHEX    firmware/radeon/R520_cp.bin
  IHEX    firmware/radeon/R600_me.bin
  IHEX    firmware/radeon/RV610_me.bin
  IHEX    firmware/radeon/RV610_pfp.bin
  IHEX    firmware/radeon/RV630_pfp.bin
  IHEX    firmware/radeon/RV630_me.bin
  IHEX    firmware/radeon/RV620_pfp.bin
  IHEX    firmware/radeon/RV620_me.bin
  IHEX    firmware/radeon/RV635_pfp.bin
  IHEX    firmware/radeon/RV635_me.bin
  IHEX    firmware/radeon/RV670_pfp.bin
  IHEX    firmware/radeon/RV670_me.bin
  IHEX    firmware/radeon/RS780_pfp.bin
  IHEX    firmware/radeon/RV770_pfp.bin
  IHEX    firmware/radeon/RS780_me.bin
  IHEX    firmware/radeon/RV770_me.bin
  IHEX    firmware/radeon/RV730_me.bin
  IHEX    firmware/radeon/RV730_pfp.bin
  IHEX    firmware/radeon/RV710_pfp.bin
  IHEX    firmware/radeon/RV710_me.bin
  IHEX    firmware/av7110/bootcode.bin
  IHEX    firmware/ttusb-budget/dspbootcode.bin
  IHEX    firmware/e100/d101m_ucode.bin
  IHEX    firmware/e100/d101s_ucode.bin
  IHEX    firmware/e100/d102e_ucode.bin
  IHEX    firmware/cis/LA-PCM.cis
  IHEX    firmware/cis/DP83903.cis
  IHEX    firmware/cis/PCMLM28.cis
  IHEX    firmware/cis/NE2K.cis
  IHEX    firmware/cis/tamarack.cis
  IHEX    firmware/cis/PE520.cis
  IHEX    firmware/cis/PE-200.cis
  IHEX    firmware/cis/3CXEM556.cis
  IHEX    firmware/cis/3CCFEM556.cis
  IHEX    firmware/cis/RS-COM-2P.cis
  IHEX    firmware/cis/COMpad2.cis
  IHEX    firmware/cis/COMpad4.cis
  IHEX    firmware/cis/SW_555_SER.cis
  IHEX    firmware/cis/SW_7xx_SER.cis
  IHEX    firmware/cis/SW_8xx_SER.cis
  IHEX    firmware/ositech/Xilinx7OD.bin
  IHEX    firmware/cis/MT5634ZLX.cis
  IHEX    firmware/advansys/mcode.bin
  IHEX    firmware/advansys/38C1600.bin
  IHEX    firmware/advansys/3550.bin
  IHEX    firmware/qlogic/1040.bin
  IHEX    firmware/qlogic/1280.bin
  IHEX    firmware/advansys/38C0800.bin
  IHEX    firmware/qlogic/12160.bin
  IHEX    firmware/qlogic/sd7220.fw
  IHEX    firmware/korg/k1212.dsp
  IHEX    firmware/ess/maestro3_assp_minisrc.fw
  IHEX    firmware/ess/maestro3_assp_kernel.fw
  IHEX    firmware/yamaha/ds1_ctrl.fw
  IHEX    firmware/yamaha/ds1_dsp.fw
  IHEX    firmware/yamaha/ds1e_ctrl.fw
  IHEX    firmware/tigon/tg3.bin
  IHEX    firmware/tehuti/bdx.bin
  IHEX    firmware/tigon/tg3_tso.bin
  IHEX    firmware/tigon/tg3_tso5.bin
  IHEX    firmware/3com/typhoon.bin
  IHEX    firmware/kaweth/new_code.bin
  IHEX    firmware/kaweth/trigger_code.bin
  IHEX    firmware/kaweth/new_code_fix.bin
  IHEX    firmware/kaweth/trigger_code_fix.bin
  IHEX    firmware/ti_3410.fw
  IHEX    firmware/ti_5052.fw
  IHEX    firmware/mts_cdma.fw
  IHEX    firmware/mts_gsm.fw
  IHEX    firmware/mts_edge.fw
  IHEX    firmware/edgeport/down3.bin
  IHEX    firmware/cpia2/stv0672_vp4.bin
  IHEX    firmware/yam/1200.bin
  IHEX    firmware/yam/9600.bin
  IHEX2FW firmware/atmsar11.fw
  IHEX2FW firmware/emi26/loader.fw
  IHEX2FW firmware/emi26/bitstream.fw
  IHEX2FW firmware/emi62/loader.fw
  IHEX2FW firmware/emi26/firmware.fw
  IHEX2FW firmware/emi62/bitstream.fw
  IHEX2FW firmware/emi62/spdif.fw
  IHEX2FW firmware/emi62/midi.fw
  H16TOFW firmware/edgeport/boot.fw
  H16TOFW firmware/edgeport/boot2.fw
  H16TOFW firmware/edgeport/down.fw
  H16TOFW firmware/edgeport/down2.fw
  IHEX2FW firmware/whiteheat.fw
  IHEX2FW firmware/whiteheat_loader.fw
  IHEX2FW firmware/keyspan_pda/keyspan_pda.fw
  IHEX2FW firmware/keyspan_pda/xircom_pgs.fw
